 d2hackmap

 Timestamp is 6831cd14 (Sat May 24 21:43:48 2025)

 Preferred load address is 66000000

 Start         Length     Name                   Class
 0001:00000000 00068a08H .text                   CODE
 0001:00068a08 00000014H .text$yd                CODE
 0002:00000000 00000218H .idata$5                DATA
 0002:00000218 00000004H .CRT$XCA                DATA
 0002:0000021c 00000004H .CRT$XCZ                DATA
 0002:00000220 00000004H .CRT$XIA                DATA
 0002:00000224 00000014H .CRT$XIC                DATA
 0002:00000238 00000004H .CRT$XIZ                DATA
 0002:0000023c 00000004H .CRT$XPA                DATA
 0002:00000240 00000004H .CRT$XPX                DATA
 0002:00000244 00000004H .CRT$XPXA               DATA
 0002:00000248 00000004H .CRT$XPZ                DATA
 0002:0000024c 00000004H .CRT$XTA                DATA
 0002:00000250 00000004H .CRT$XTZ                DATA
 0002:00000260 00016bc0H .rdata                  DATA
 0002:00016e20 000000dcH .rdata$r                DATA
 0002:00016f00 0000000cH .rdata$sxdata           DATA
 0002:00016f0c 00000004H .rtc$IAA                DATA
 0002:00016f10 00000004H .rtc$IZZ                DATA
 0002:00016f14 00000004H .rtc$TAA                DATA
 0002:00016f18 00000004H .rtc$TZZ                DATA
 0002:00016f20 00000734H .xdata$x                DATA
 0002:00017654 0000003cH .idata$2                DATA
 0002:00017690 00000014H .idata$3                DATA
 0002:000176a4 00000218H .idata$4                DATA
 0002:000178bc 0000095eH .idata$6                DATA
 0002:00018220 000000c7H .edata                  DATA
 0003:00000000 0000a208H .data                   DATA
 0003:0000a220 002052e4H .bss                    DATA

  Address         Publics by Value              Rva+Base       Lib:Object

 0000:00000000       __except_list              00000000     <absolute>
 0000:00000003       ___safe_se_handler_count   00000003     <absolute>
 0000:00000000       ___ImageBase               66000000     <linker-defined>
 0001:00000000       ?bitstream_init@@YAXPAUbitstream@@PAX1@Z 66001000 f   bitstream.obj
 0001:00000040       ?bitstream_seek@@YAXPAUbitstream@@H@Z 66001040 f   bitstream.obj
 0001:00000080       ?bitstream_rbit@@YAHPAUbitstream@@H@Z 66001080 f   bitstream.obj
 0001:00000170       ?bitstream_wbit@@YAHPAUbitstream@@IH@Z 66001170 f   bitstream.obj
 0001:00000250       ?bitstream_wbit_done@@YAXPAUbitstream@@@Z 66001250 f   bitstream.obj
 0001:000002d0       ?compareConfigVar@@YAHPBX0@Z 660012d0 f   config.obj
 0001:000002f0       ?compareSymbol@@YAHPBX0@Z  660012f0 f   config.obj
 0001:00000310       ?findConfigVar@@YAPAUConfigVar@@PAD@Z 66001310 f   config.obj
 0001:00000400       ?addConfigVar@@YAXPAUConfigVar@@@Z 66001400 f   config.obj
 0001:00000470       ?FixValues@@YAXXZ          66001470 f   config.obj
 0001:000004b0       ?formatKey@@YAXPADH@Z      660014b0 f   config.obj
 0001:00000550       ?formatKeyW@@YAXPA_WH@Z    66001550 f   config.obj
 0001:00000680       ?setupKey@@YAXPAUToggleVar@@@Z 66001680 f   config.obj
 0001:000006d0       ?addExtraKey@@YAPAUToggleVar@@H@Z 660016d0 f   config.obj
 0001:00000730       ?InitKeyEvent@@YAXXZ       66001730 f   config.obj
 0001:00000ae0       ?AddWarningMessage@@YAXPADH@Z 66001ae0 f   config.obj
 0001:00000c20       ?ShowWarningMessage@@YAXXZ 66001c20 f   config.obj
 0001:00000c80       ?isquote@@YADD@Z           66001c80 f   config.obj
 0001:00000cb0       ?filterSpace@@YAXPAD@Z     66001cb0 f   config.obj
 0001:00000d70       ?splitLine@@YAXPADPAPAD1@Z 66001d70 f   config.obj
 0001:00000e40       ?strchr@@YAPADPADH@Z       66001e40 f i config.obj
 0001:00000e60       ?strrchr@@YAPADPADH@Z      66001e60 f i config.obj
 0001:00000e80       ?findSymbol@@YAPAUSymbol@@PAD@Z 66001e80 f   config.obj
 0001:00000f40       ?doneNameValues@@YAXXZ     66001f40 f   config.obj
 0001:00000ff0       ?addNameValue@@YAXPAD0@Z   66001ff0 f   config.obj
 0001:00001080       ?replaceSymbols@@YAPADPAD@Z 66002080 f   config.obj
 0001:00001420       ?ConvertToWString@@YAHPA_WPADH@Z 66002420 f   config.obj
 0001:00001450       ?ConvertToD2String@@YAXPA_WPADH@Z 66002450 f   config.obj
 0001:000015a0       ?StoreArrayConfig@@YAHPAUConfigVar@@HHPAD1HH@Z 660025a0 f   config.obj
 0001:00001ac0       ?StoreConfig@@YAXPAUConfigVar@@PAD1@Z 66002ac0 f   config.obj
 0001:00002f90       ?LoadConfigFile@@YAHPADH@Z 66003f90 f   config.obj
 0001:00003810       ?strstr@@YAPADPADPBD@Z     66004810 f i config.obj
 0001:00004670       ?ReleaseMem@@YAXXZ         66005670 f   DllMain.obj
 0001:00004690       _DllMain@12                66005690 f   DllMain.obj
 0001:00004860       _QueryInterface@0          66005860 f   DllMain.obj
 0001:00004880       _PatchClient               66005880 f   DllMain.obj
 0001:000048d0       _MainMenuFlushFramebuf@0   660058d0 f   DllMain.obj
 0001:000048f0       _PatchServer@4             660058f0 f   DllMain.obj
 0001:00004930       ?guessEnchantLevel@@YAHXZ  66005930 f   guess.obj
 0001:000049e0       ?guessBOLevel@@YAHH@Z      660059e0 f   guess.obj
 0001:00005210       ?Install_AddConfigVars@@YAXXZ 66006210 f   install.obj
 0001:00005250       ?Install_FixValues@@YAXXZ  66006250 f   install.obj
 0001:00005270       ?get_dll_addr@@YAPAUHINSTANCE__@@PAD@Z 66006270 f   install.obj
 0001:00005300       ?VirtualProtect@@YAKKKK@Z  66006300 f   install.obj
 0001:00005330       ?WriteLocalBYTES@@YAXKPAXH@Z 66006330 f   install.obj
 0001:00005380       ?FillLocalBYTES@@YAXKEH@Z  66006380 f   install.obj
 0001:000053e0       ?InterceptLocalCode2@@YAXEKKH@Z 660063e0 f   install.obj
 0001:00005460       ?InterceptLocalCode@@YAXEKKH@Z 66006460 f   install.obj
 0001:00005490       ?patchCall@@YAHPAD0HHHH0@Z 66006490 f   install.obj
 0001:000054e0       ?patchJmp@@YAHPAD0HHHH0@Z  660064e0 f   install.obj
 0001:00005530       ?patchFill@@YAHPAD0HHHH0@Z 66006530 f   install.obj
 0001:00005580       ?patchValue@@YAHPAD0HHHH0@Z 66006580 f   install.obj
 0001:000055d0       ?installPatch@@YAHP6AXHHH@ZPAD1HHHH1@Z 660065d0 f   install.obj
 0001:00005960       ?removePatches@@YAHPAPAUInstalledPatch@@@Z 66006960 f   install.obj
 0001:00005a00       ?init_d2_ptrs@@YAHH@Z      66006a00 f   install.obj
 0001:000092e0       ?init_d2_ptrs2@@YAHXZ      6600a2e0 f   install.obj
 0001:00009350       ?InstallPatchAfterLoad_ASM@@YAXXZ 6600a350 f   install.obj
 0001:00009640       ?setResolutionPatch@@YAXH@Z 6600a640 f   install.obj
 0001:00009690       ?MonitorPacket@@YAXXZ      6600a690 f   install.obj
 0001:0000b860       ?check_d2ptrs@@YAXXZ       6600c860 f   install.obj
 0001:00013140       ?Install@@YAHXZ            66014140 f   install.obj
 0001:000136f0       ?patchServer@@YAXXZ        660146f0 f   install.obj
 0001:00013750       @SetReloadFlag@8           66014750 f   install.obj
 0001:00013780       @SetBnetIp@4               66014780 f   install.obj
 0001:000137a0       ?unpatchServer@@YAXXZ      660147a0 f   install.obj
 0001:000137f0       ?Uninstall@@YAXXZ          660147f0 f   install.obj
 0001:00013a10       ?init_crypt_table@@YAXXZ   66014a10 f   mpq.obj
 0001:00013ab0       ?mpq_hashstring@@YAIPBDI@Z 66014ab0 f   mpq.obj
 0001:00013b30       ?saveMpqTable@@YAXXZ       66014b30 f   mpq.obj
 0001:00013be0       ?add_mpq_path@@YIHPAD@Z    66014be0 f   mpq.obj
 0001:00013d10       ?dump_mpq_path@@YIXH@Z     66014d10 f   mpq.obj
 0001:00013eb0       ?storm268_patch_ASM@@YAXXZ 66014eb0 f   mpq.obj
 0001:00013ee0       ?common_addConfigVars@@YAXXZ 66014ee0 f   common.obj
 0001:00013f20       ?UnicodeFix2@@YAXPA_W@Z    66014f20 f   common.obj
 0001:00013fb0       ?MyMultiByteToWideChar@@YAHIKPBDHPA_WH@Z 66014fb0 f   common.obj
 0001:00013ff0       ?GB2GBK@@YAXPAD@Z          66014ff0 f   common.obj
 0001:00014170       ?readFully@@YAHPAU_iobuf@@PADH@Z 66015170 f   common.obj
 0001:000141d0       ?getFileSize@@YAHPBD@Z     660151d0 f   common.obj
 0001:00014220       ?fileExist@@YAHPBD@Z       66015220 f   common.obj
 0001:00014240       ?openFile@@YAPAU_iobuf@@PAD0@Z 66015240 f   common.obj
 0001:00014350       ?heap_strdup@@YAPADPAXPAD@Z 66015350 f   common.obj
 0001:000143d0       ?loadFile@@YAPADPAXPAU_iobuf@@PAH@Z 660153d0 f   common.obj
 0001:00014520       ?gameMessage@@YAXPADZZ     66015520 f   common.obj
 0001:000146e0       ?partyMessage@@YAXPADZZ    660156e0 f   common.obj
 0001:000147a0       ?gameMessageW@@YAXPA_WZZ   660157a0 f   common.obj
 0001:000147f0       ?partyMessageW@@YAXPA_WZZ  660157f0 f   common.obj
 0001:00014840       ?partyMessageWcolor@@YAXHPA_WZZ 66015840 f   common.obj
 0001:000148a0       ?get_cpu_usage@@YAHPAH0@Z  660158a0 f   common.obj
 0001:00014980       ?getSkillClass@@YAHH@Z     66015980 f   common.obj
 0001:000149d0       ?getSkillType@@YAHHH@Z     660159d0 f   common.obj
 0001:00014a20       ?getSkillLevel@@YAHPAUUnitAny@@H@Z 66015a20 f   common.obj
 0001:00014b80       ?getUnitRawDistance2@@YAHPAUUnitAny@@0@Z 66015b80 f   common.obj
 0001:00014c90       ?getUnitYardDistance2@@YAMPAUUnitAny@@0@Z 66015c90 f   common.obj
 0001:00014cd0       ?saveDistanceMap@@YAXXZ    66015cd0 f   common.obj
 0001:00014d30       ?getDistanceM256@@YAHHH@Z  66015d30 f   common.obj
 0001:00014e60       ?getPlayerDistanceM256@@YAHPAUUnitAny@@@Z 66015e60 f   common.obj
 0001:00014ef0       ?getPlayerDistanceRaw@@YAMPAUUnitAny@@@Z 66015ef0 f   common.obj
 0001:00014f90       ?getPlayerDistanceYard@@YAMPAUUnitAny@@@Z 66015f90 f   common.obj
 0001:00014fc0       ?getRosterUnit@@YAPAURosterUnit@@H@Z 66015fc0 f   common.obj
 0001:00015000       ?getAreatileByTxt@@YAPAUUnitAny@@H@Z 66016000 f   common.obj
 0001:00015060       ?getPortalToArea@@YAPAUUnitAny@@HPAD@Z 66016060 f   common.obj
 0001:000151a0       ?getAreatileTxtToLevel@@YAHH@Z 660161a0 f   common.obj
 0001:00015200       ?getSinglePlayerWorld@@YAPAUWorld@@XZ 66016200 f   common.obj
 0001:00015230       ?encodeItem@@YAHPAUUnitAny@@PADH@Z 66016230 f   common.obj
 0001:00015270       ?hasSkill@@YAHH@Z          66016270 f   common.obj
 0001:000152f0       ?selectSkill@@YAXHH@Z      660162f0 f   common.obj
 0001:00015340       ?switchLeftSkill@@YAXH@Z   66016340 f   common.obj
 0001:00015360       ?switchRightSkill@@YAXH@Z  66016360 f   common.obj
 0001:00015380       ?getSinglePlayerUnit@@YAPAUUnitAny@@HH@Z 66016380 f   common.obj
 0001:00015450       ?SendPacket@@YAXPAEH@Z     66016450 f   common.obj
 0001:000154e0       ?LeftClickType@@YAHHPAUUnitAny@@HH@Z 660164e0 f   common.obj
 0001:000155c0       ?LeftClickPos@@YAHHH@Z     660165c0 f   common.obj
 0001:000155e0       ?LeftClickUnit@@YAHPAUUnitAny@@@Z 660165e0 f   common.obj
 0001:00015600       ?ShiftLeftClickUnit@@YAHPAUUnitAny@@@Z 66016600 f   common.obj
 0001:00015650       ?ShiftLeftClickPos@@YAHHH@Z 66016650 f   common.obj
 0001:000156a0       ?RightSkill@@YAHPAUUnitAny@@HH@Z 660166a0 f   common.obj
 0001:000156f0       ?RightSkillPos@@YAHHH@Z    660166f0 f   common.obj
 0001:00015710       ?RightSkillUnit@@YAHPAUUnitAny@@@Z 66016710 f   common.obj
 0001:00015740       ?canUseSkillNow@@YAHPAUUnitAny@@H@Z 66016740 f   common.obj
 0001:00015760       ?skillUnusableAsm@@YAHPAUUnitAny@@PAUSkill@@@Z 66016760 f   common.obj
 0001:00015780       ?skillUnusable@@YAHPAUUnitAny@@PAUSkill@@@Z 66016780 f   common.obj
 0001:000157c0       ?useBelt@@YAXHH@Z          660167c0 f   common.obj
 0001:00015840       ?GameControlStart@@YAHH@Z  66016840 f   common.obj
 0001:000158d0       ?GameControlEnd@@YAHH@Z    660168d0 f   common.obj
 0001:00015950       ?GameControl@@YAXH@Z       66016950 f   common.obj
 0001:00015970       ?getGameControlKey@@YAHH@Z 66016970 f   common.obj
 0001:000159c0       ?StandStillPatch_ASM@@YAXXZ 660169c0 f   common.obj
 0001:000159e0       ?SetBottomAlertMsg1@@YAXPA_WHHH@Z 660169e0 f   common.obj
 0001:00015a80       ?SetBottomAlertMsg2@@YAXPA_WHHH@Z 66016a80 f   common.obj
 0001:00015b20       ?SetBottomAlertMsg3@@YAXPA_WHHH@Z 66016b20 f   common.obj
 0001:00015bc0       ?DrawCenterAlertMsg@@YAXXZ 66016bc0 f   common.obj
 0001:00015dd0       ?sqrt@@YAMM@Z              66016dd0 f i common.obj
 0001:00015df0       _sqrtf                     66016df0 f i common.obj
 0001:00015e10       ?GetAreaLevel@@YAHXZ       66016e10 f   common.obj
 0001:00015e70       ?GetPetByType@@YAPAUPetUnit@@PAUUnitAny@@H@Z 66016e70 f   common.obj
 0001:00015ec0       ?GetUnitFromIdSafe@@YAPAUUnitAny@@KK@Z 66016ec0 f   common.obj
 0001:00015f30       ?GetUnitPet@@YAPAUUnitAny@@PAU1@@Z 66016f30 f   common.obj
 0001:00015f70       ?getPlayerClass@@YAHH@Z    66016f70 f   common.obj
 0001:00015fb0       ?GetUnitMagicStat@@YAKPAUUnitAny@@K@Z 66016fb0 f   common.obj
 0001:00016000       ?GetUnitResist@@YAHPAUUnitAny@@K@Z 66017000 f   common.obj
 0001:00016050       ?CheckUnitSelect@@YAHPAUUnitAny@@@Z 66017050 f   common.obj
 0001:00016180       ?GetItemILvlAfterCube@@YAHHHH@Z 66017180 f   common.obj
 0001:00016230       ?GetItemAlvl@@YAHHHH@Z     66017230 f   common.obj
 0001:000162b0       ?GetTextWidth@@YAKPA_W@Z   660172b0 f   common.obj
 0001:000162d0       ?DrawD2Text@@YAXKPA_WHHKK@Z 660172d0 f   common.obj
 0001:00016310       ?DrawCenterText@@YAXKPA_WHHKHK@Z 66017310 f   common.obj
 0001:00016360       ?drawBgText@@YAHPA_WHHHH@Z 66017360 f   common.obj
 0001:000163e0       ?drawBgTextMiddle@@YAHPA_WHHHH@Z 660173e0 f   common.obj
 0001:00016450       ?drawBgTextLeft@@YAHPA_WHHHH@Z 66017450 f   common.obj
 0001:000164b0       ?ExitGame@@YAXXZ           660174b0 f   common.obj
 0001:000164e0       ?GetGameLanguage@@YAHXZ    660174e0 f   common.obj
 0001:000165a0       ?getFcrFrame@@YAHHPAUUnitAny@@@Z 660175a0 f   common.obj
 0001:00016860       ?IsFullWindow@@YAHXZ       66017860 f   common.obj
 0001:00016920       ?getUnitOwnerId@@YAHPAUUnitAny@@@Z 66017920 f   common.obj
 0001:00016af0       ?testPvpFlag@@YAHH@Z       66017af0 f   common.obj
 0001:00016d00       ?sameParty@@YAHH@Z         66017d00 f   common.obj
 0001:00016d20       ?isInRect@@YA_NPAUAreaRectData@@HH@Z 66017d20 f   common.obj
 0001:00016d90       ?testPosition@@YAPAUAreaRectData@@PAU1@HH@Z 66017d90 f   common.obj
 0001:00016db0       ?portalToLevel@@YAHPAUWorld@@PAUUnitAny@@H@Z 66017db0 f   common.obj
 0001:00016f60       ?hasPortalInRect@@YAHPAUAreaRectData@@H@Z 66017f60 f   common.obj
 0001:00016fd0       ?hasPortalNearby@@YAHPAUAreaRectData@@H@Z 66017fd0 f   common.obj
 0001:00017040       ?hasPortalInLevel@@YAHPAUDrlgLevel@@H@Z 66018040 f   common.obj
 0001:000170a0       ?unitHasItem@@YAHPAUUnitAny@@H@Z 660180a0 f   common.obj
 0001:00017110       ?sendPacketToClient@@YAXPAUNetClient@@PADH@Z 66018110 f   common.obj
 0001:00017130       ?sendChatMessageToServer@@YAXPADZZ 66018130 f   common.obj
 0001:000171f0       ?sendMessageToClient@@YAXPAUNetClient@@HHPAD1@Z 660181f0 f   common.obj
 0001:00017390       ?getCharStatsTxt@@YAPAUCharStatsTxt@@H@Z 66018390 f   common.obj
 0001:000173a0       ?getStatMaxValue@@YAHH@Z   660183a0 f   common.obj
 0001:00017400       ?cpLocaleName@@YAHPA_W0H@Z 66018400 f   common.obj
 0001:000174a0       ?acpLocaleName@@YAHPADPA_WH@Z 660184a0 f   common.obj
 0001:00017550       ?d2client_SetAutomapParty@@YIXK@Z 66018550 f   d2callstub.obj
 0001:00017560       ?d2client_SetAutomapNames@@YIXK@Z 66018560 f   d2callstub.obj
 0001:00017570       ?d2client_ChatInput@@YIKPAUD2MSG@@@Z 66018570 f   d2callstub.obj
 0001:00017580       ?d2client_CheckUiStatus@@YIHH@Z 66018580 f   d2callstub.obj
 0001:00017590       ?d2client_InitAutomapLayer@@YIPAUAutomapLayer@@H@Z 66018590 f   d2callstub.obj
 0001:000175a0       ?d2common_GetUniqueItemTxt@@YIPAUUniqueItemTxt@@H@Z 660185a0 f   d2callstub.obj
 0001:000175d0       ?d2common_GetItemStatCostTxt@@YIPAUItemStatCostTxt@@H@Z 660185d0 f   d2callstub.obj
 0001:00017600       ?d2common_GetPropertiesTxt@@YIPAUPropertiesTxt@@H@Z 66018600 f   d2callstub.obj
 0001:00017630       ?d2common_GetSetItemTxt@@YIPAUSetItemTxt@@H@Z 66018630 f   d2callstub.obj
 0001:00017660       ?d2common_GetItemTypeTxt@@YIPAUItemTypeTxt@@H@Z 66018660 f   d2callstub.obj
 0001:00017690       ?d2common_GetRuneWordTxt@@YIPAURuneWordTxt@@H@Z 66018690 f   d2callstub.obj
 0001:000176c0       ?d2common_GetRuneWordTxtIndex@@YIHH@Z 660186c0 f   d2callstub.obj
 0001:00017700       ?d2client_LoadUiImage@@YIPAUCellFile@@PAD@Z 66018700 f   d2callstub.obj
 0001:00017710       ?SaveGame@@YAHXZ           66018710 f   dbg.obj
 0001:00017760       ?DoTest@@YAHXZ             66018760 f   dbg.obj
 0001:00017780       ?installAlwaysDebugPatches@@YAHXZ 66018780 f   dbg.obj
 0001:00017790       ?installDebugPatches@@YAHXZ 66018790 f   dbg.obj
 0001:00017980       ?loop_addConfigVars@@YAXXZ 66018980 f   loop.obj
 0001:000179c0       ?ToggleIMEInput@@YAXH@Z    660189c0 f   loop.obj
 0001:00017a10       ?GameLoopPatch@@YAXXZ      66018a10 f   loop.obj
 0001:000185e0       ?GameEndPatch@@YAXXZ       660195e0 f   loop.obj
 0001:000187e0       ?GameLoopPatch_ASM@@YAXXZ  660197e0 f   loop.obj
 0001:000187f0       ?GameEndPatch_ASM@@YAXXZ   660197f0 f   loop.obj
 0001:00018800       ?automap_addConfigVars@@YAXXZ 66019800 f   map.obj
 0001:00018840       ?automap_initConfigVars@@YAXXZ 66019840 f   map.obj
 0001:00018b50       ?automap_initKeyEvent@@YAXXZ 66019b50 f   map.obj
 0001:00018bd0       ?draw2map@@YAXPAUtagPOINT@@HH@Z 66019bd0 f   map.obj
 0001:00018c40       ?tile2map@@YAXPAUtagPOINT@@HH@Z 66019c40 f   map.obj
 0001:00018c90       ?addMapTarget@@YAXHHHPA_W0@Z 66019c90 f   map.obj
 0001:00018d70       ?automap_fixValues@@YAXXZ  66019d70 f   map.obj
 0001:00018dd0       ?AutoMapNewGame@@YAXXZ     66019dd0 f   map.obj
 0001:00018ec0       ?PrevMapTarget@@YAHXZ      66019ec0 f   map.obj
 0001:00019100       ?NextMapTarget@@YAHXZ      6601a100 f   map.obj
 0001:000191a0       ?AutoMapNewLevel@@YAXXZ    6601a1a0 f   map.obj
 0001:00019340       ?addMinimapTarget@@YAXPAUAreaRectInfo@@HHHHHH@Z 6601a340 f   map.obj
 0001:00019440       ?bitmap2dc6@@YAPAUCellFile@@PAEHH@Z 6601a440 f   map.obj
 0001:00019670       ?InitCellFiles@@YAXXZ      6601a670 f   map.obj
 0001:00019970       ?DeleteCellFiles@@YAXXZ    6601a970 f   map.obj
 0001:00019a80       ?InitAutomapLayer@@YAXH@Z  6601aa80 f   map.obj
 0001:00019aa0       ?mapReveal@@YAXPAUAreaRectInfo@@@Z 6601aaa0 f   map.obj
 0001:00019af0       ?mapHide@@YAXPAUAreaRectInfo@@@Z 6601aaf0 f   map.obj
 0001:00019b40       ?addSecretCowLevelCorners@@YAXPAUDrlgLevel@@@Z 6601ab40 f   map.obj
 0001:00019cf0       ?RevealAutomapLevel@@YAXPAUDrlgLevel@@H@Z 6601acf0 f   map.obj
 0001:0001a800       ?RevealLevelPlayerIn@@YAHXZ 6601b800 f   map.obj
 0001:0001a840       ?RevealCurAct@@YAHXZ       6601b840 f   map.obj
 0001:0001a9f0       ?RemoveMyAutomapNodes@@YAXXZ 6601b9f0 f   map.obj
 0001:0001aac0       ?DrawAutomapNodePatch@@YGXPAUCellContext@@HHPAUtagRECT@@H@Z 6601bac0 f   map.obj
 0001:0001af10       ?AddShrinePatch_ASM@@YAXXZ 6601bf10 f   map.obj
 0001:0001af40       ?OverrideShrinePatch@@YIXPAUAutomapNode@@0@Z 6601bf40 f   map.obj
 0001:0001afa0       ?OverrideShrinePatch_ASM@@YAXXZ 6601bfa0 f   map.obj
 0001:0001afc0       ?DrawAutomapNode@@YAXPAUCellFile@@HHD@Z 6601bfc0 f   map.obj
 0001:0001b140       ?DrawAutomapBlob@@YIXHHHPAUUnitAny@@@Z 6601c140 f   map.obj
 0001:0001b2c0       ?ForceDrawBlob_ASM@@YAXXZ  6601c2c0 f   map.obj
 0001:0001b2d0       ?DrawBlobPath_ASM@@YAXXZ   6601c2d0 f   map.obj
 0001:0001b2e0       ?DrawPartyPlayerBlobPatch_ASM@@YAXXZ 6601c2e0 f   map.obj
 0001:0001b2f0       ?HostilePlayerPatch@@YIEPAUUnitAny@@@Z 6601c2f0 f   map.obj
 0001:0001b330       ?HostilePlayerColor_ASM@@YAXXZ 6601c330 f   map.obj
 0001:0001b340       ?DrawPlayerTextPatch@@YIEPAUUnitAny@@@Z 6601c340 f   map.obj
 0001:0001b3a0       ?DrawPlayerTextPatch_ASM@@YAXXZ 6601c3a0 f   map.obj
 0001:0001b3c0       ?MonsterBlobDesc@@YIXPAUUnitAny@@@Z 6601c3c0 f   map.obj
 0001:0001b8b0       ?MonsterBlobDescPatch_ASM@@YAXXZ 6601c8b0 f   map.obj
 0001:0001b8d0       ?MonsterBlobCol@@YIEPAUUnitAny@@@Z 6601c8d0 f   map.obj
 0001:0001ba00       ?CorpseBlobCol@@YIEPAUUnitAny@@@Z 6601ca00 f   map.obj
 0001:0001bab0       ?ObjectBlobCol@@YIEPAUUnitAny@@@Z 6601cab0 f   map.obj
 0001:0001bc70       ?MissileBlobCol@@YIEPAUUnitAny@@@Z 6601cc70 f   map.obj
 0001:0001bd70       ?MixedBlobColPatch@@YIEPAUUnitAny@@@Z 6601cd70 f   map.obj
 0001:0001be20       ?MixedBlobColPatch_ASM@@YAXXZ 6601ce20 f   map.obj
 0001:0001be40       ?AddRectToMinimap@@YAHPAUAreaRectInfo@@H@Z 6601ce40 f   map.obj
 0001:0001ca90       ?drawActiveRectAreaOnMinimap@@YAXXZ 6601da90 f   map.obj
 0001:0001cbf0       ?drawScreenAreaOnMinimap@@YAXXZ 6601dbf0 f   map.obj
 0001:0001cd10       ?MinimapPatch@@YAXXZ       6601dd10 f   map.obj
 0001:0001cff0       ?MinimapPatch_ASM@@YAXXZ   6601dff0 f   map.obj
 0001:0001d000       ?InitScrollLock@@YAXH@Z    6601e000 f   map.obj
 0001:0001d030       ?SetScrollMapPos@@YAXHH@Z  6601e030 f   map.obj
 0001:0001d090       ?MiniMapScroll@@YAHH@Z     6601e090 f   map.obj
 0001:0001d0c0       ?CenterMap@@YAHXZ          6601e0c0 f   map.obj
 0001:0001d0e0       ?ShakeScreenPatch@@YGXPAH0@Z 6601e0e0 f   map.obj
 0001:0001d180       ?ScrollScreenEnd@@YAHH@Z   6601e180 f   map.obj
 0001:0001d1c0       ?ScrollScreenStart@@YAHH@Z 6601e1c0 f   map.obj
 0001:0001d290       ?DrawScrollOffset@@YAXPA_WH@Z 6601e290 f   map.obj
 0001:0001d2e0       ?packet_addConfigVars@@YAXXZ 6601e2e0 f   packet.obj
 0001:0001d320       ?packet_initConfigVars@@YAXXZ 6601e320 f   packet.obj
 0001:0001d350       ?packet_FixValues@@YAXXZ   6601e350 f   packet.obj
 0001:0001d390       ?ResetPacketHandlerTimer@@YAXXZ 6601e390 f   packet.obj
 0001:0001d3a0       ?PacketNewGame@@YAXXZ      6601e3a0 f   packet.obj
 0001:0001d3b0       ?FixSocketTimeOut_ASM@@YAXXZ 6601e3b0 f   packet.obj
 0001:0001d3c0       ?FixSocketErrRet_ASM@@YAXXZ 6601e3c0 f   packet.obj
 0001:0001d3e0       ?dump9c@@YAXPAEH@Z         6601e3e0 f   packet.obj
 0001:0001d540       ?GamePacketReceivedInterceptPatch_ASM@@YAXXZ 6601e540 f   packet.obj
 0001:0001d570       ?dumpRecvPacket@@YIXPAEH@Z 6601e570 f   packet.obj
 0001:0001e120       ?GamePacketSendInterceptPatch_ASM@@YAXXZ 6601f120 f   packet.obj
 0001:0001e180       ?dumpSendPacket@@YIXPAH@Z  6601f180 f   packet.obj
 0001:0001e830       ?showResetProtectMsg@@YAXXZ 6601f830 f   packet.obj
 0001:0001e8a0       ?ResetProtection@@YAHH@Z   6601f8a0 f   packet.obj
 0001:0001e910       ?ResetSkillPatch_ASM@@YAXXZ 6601f910 f   packet.obj
 0001:0001e930       ?packetDebug@@YAXXZ        6601f930 f   packet.obj
 0001:0001e940       ?blockSendPacket@@YIHPAH@Z 6601f940 f   packet.obj
 0001:0001efb0       ?initSendPacketCheckTable@@YAXXZ 6601ffb0 f   packet.obj
 0001:0001f040       ?autoroute_addConfigVars@@YAXXZ 66020040 f   route.obj
 0001:0001f080       ?autoroute_fixValues@@YAXXZ 66020080 f   route.obj
 0001:0001f0a0       ?AutoRouteNewGame@@YAXXZ   660200a0 f   route.obj
 0001:0001f0d0       ?AutoRouteLocateSource@@YAHH@Z 660200d0 f   route.obj
 0001:0001f270       ?minimapDebug@@YAXXZ       66020270 f   route.obj
 0001:0001f3c0       ?AutoRouteDrawScreenPath@@YAXXZ 660203c0 f   route.obj
 0001:0001f680       ?AutoRouteDrawMinimapPath@@YAXXZ 66020680 f   route.obj
 0001:0001fd20       ?markNextPathInvalid@@YAXH@Z 66020d20 f   route.obj
 0001:0001fd90       ?AutoTeleportGetTarget@@YAHPAUtagPOINT@@PAH11@Z 66020d90 f   route.obj
 0001:0001fef0       ?RerouteRectPath@@YAHXZ    66020ef0 f   route.obj
 0001:00020a50       ?AutoMapRoute@@YAXXZ       66021a50 f   route.obj
 0001:00020b40       ?waypoint_initConfigVars@@YAXXZ 66021b40 f   waypoint.obj
 0001:00020bc0       ?waypointExist@@YAHH@Z     66021bc0 f   waypoint.obj
 0001:00020c00       ?hasWaypoint@@YAHH@Z       66021c00 f   waypoint.obj
 0001:00020c60       ?WaypointNewGame@@YAXXZ    66021c60 f   waypoint.obj
 0001:00020c80       ?isWaypointTxt@@YAHH@Z     66021c80 f   waypoint.obj
 0001:00020e40       ?findWaypoint@@YAPAUUnitAny@@H@Z 66021e40 f   waypoint.obj
 0001:00021080       ?takeWaypointToLevel@@YAXPAUUnitAny@@H@Z 66022080 f   waypoint.obj
 0001:000210d0       ?takeWaypointToLvl@@YAHHH@Z 660220d0 f   waypoint.obj
 0001:00021110       ?RecvCommand_63_Patch_ASM@@YAXXZ 66022110 f   waypoint.obj
 0001:00021200       ?winmsg_addConfigVars@@YAXXZ 66022200 f   winmsg.obj
 0001:00021240       ?winmsg_initConfigVars@@YAXXZ 66022240 f   winmsg.obj
 0001:00021350       ?WinMessageFixValues@@YAXXZ 66022350 f   winmsg.obj
 0001:000213e0       ?WinMessage_initKeyEvent@@YAXXZ 660223e0 f   winmsg.obj
 0001:00021820       ?IsKeyDown@@YAHH@Z         66022820 f   winmsg.obj
 0001:00021840       ?LockMouse@@YAHXZ          66022840 f   winmsg.obj
 0001:00021a00       ?switchSkillStart@@YAHH@Z  66022a00 f   winmsg.obj
 0001:00021b80       ?switchSkillEnd@@YAHH@Z    66022b80 f   winmsg.obj
 0001:00021d00       ?GameSound@@YAHH@Z         66022d00 f   winmsg.obj
 0001:00021d40       ?FullScreen@@YAHXZ         66022d40 f   winmsg.obj
 0001:00021e30       ?AttractNPC@@YAHXZ         66022e30 f   winmsg.obj
 0001:00021ed0       ?SwitchWindow@@YAHH@Z      66022ed0 f   winmsg.obj
 0001:00021f30       ?WinMessageNewGame@@YAXXZ  66022f30 f   winmsg.obj
 0001:00022170       ?WinMessageEndGame@@YAXXZ  66023170 f   winmsg.obj
 0001:000221a0       ?refreshScreenSaver@@YAXXZ 660231a0 f   winmsg.obj
 0001:000221e0       ?refreshMenuScreenSaver@@YAXXZ 660231e0 f   winmsg.obj
 0001:00022220       ?winActiveMsg@@YAXH@Z      66023220 f   winmsg.obj
 0001:00022350       ?hasCTA@@YAHXZ             66023350 f   winmsg.obj
 0001:000223f0       ?WinMessageRunLoop@@YAXXZ  660233f0 f   winmsg.obj
 0001:000226c0       ?WinMessage@@YAHHHPAUHWND__@@HHH@Z 660236c0 f   winmsg.obj
 0001:00023520       ?WinMessagePatch_ASM@@YAXXZ 66024520 f   winmsg.obj
 0001:00023530       ?KeydownPatch_ASM@@YAXXZ   66024530 f   winmsg.obj
 0001:00023550       ?KeyupPatch_ASM@@YAXXZ     66024550 f   winmsg.obj
 0001:00023570       ?ReceiveSwapWeapon_ASM@@YAXXZ 66024570 f   winmsg.obj
 0001:000235b0       ?ShowVersion_Patch_ASM@@YAXXZ 660245b0 f   winmsg.obj
 0001:00023650       ?SetCursorPosPatch_ASM@@YAXXZ 66024650 f   winmsg.obj
 0001:00023670       ?DrawLeftBackImagePatch_ASM@@YAXXZ 66024670 f   winmsg.obj
 0001:00023690       ?DrawRightBackImagePatch_ASM@@YAXXZ 66024690 f   winmsg.obj
 0001:000236b0       ?DrawGroundAndUnitPatch_ASM@@YAXXZ 660246b0 f   winmsg.obj
 0001:00023710       ?DrawControlsPatch_ASM@@YAXXZ 66024710 f   winmsg.obj
 0001:00023800       ?SkipDrawUnitAndControlPatch_ASM@@YAXXZ 66024800 f   winmsg.obj
 0001:00023880       ?SkipAllDrawingPatch_ASM@@YAXXZ 66024880 f   winmsg.obj
 0001:00023920       ?SkipDrawMenuPatch2_ASM@@YAXXZ 66024920 f   winmsg.obj
 0001:000239a0       ?SkipDrawMenuPatch_ASM@@YAXXZ 660249a0 f   winmsg.obj
 0001:00023a60       ?NoHidePatch_ASM@@YAXXZ    66024a60 f   winmsg.obj
 0001:00023a90       ?env_addConfigVars@@YAXXZ  66024a90 f   env.obj
 0001:00023ad0       ?env_initConfigVars@@YAXXZ 66024ad0 f   env.obj
 0001:00023b20       ?ChangeVisualEffect@@YAHXZ 66024b20 f   env.obj
 0001:00023ba0       ?WeatherPatch_ASM@@YAXXZ   66024ba0 f   env.obj
 0001:00023bb0       ?LightingPatch_ASM@@YAXXZ  66024bb0 f   env.obj
 0001:00023be0       ?InfravisionPatch@@YIKPAUUnitAny@@@Z 66024be0 f   env.obj
 0001:00024050       ?InfravisionPatch_ASM@@YAXXZ 66025050 f   env.obj
 0001:00024070       ?drawMyGround@@YAXXZ       66025070 f   env.obj
 0001:00024210       ?SkipDrawGroundPatch_ASM@@YAXXZ 66025210 f   env.obj
 0001:00024230       ?gamemonitor_addConfigVars@@YAXXZ 66025230 f   GameMonitor.obj
 0001:00024270       ?gamemonitor_initConfigVars@@YAXXZ 66025270 f   GameMonitor.obj
 0001:000242b0       ?usePotion@@YAXH@Z         660252b0 f   GameMonitor.obj
 0001:00024390       ?updateCurStashPage@@YAXXZ 66025390 f   GameMonitor.obj
 0001:00024480       ?recheckSelfItems@@YAXXZ   66025480 f   GameMonitor.obj
 0001:00024c50       ?setKDCountDown@@YAXH@Z    66025c50 f   GameMonitor.obj
 0001:00024c70       ?setKBCountDown@@YAXHH@Z   66025c70 f   GameMonitor.obj
 0001:00024ca0       ?setCountDownEndTime@@YAXPAUCountDown@@@Z 66025ca0 f   GameMonitor.obj
 0001:00024d80       ?setupCountdown@@YAXPAUCountDown@@@Z 66025d80 f   GameMonitor.obj
 0001:00024dd0       ?onRightSkillMap@@YAXHH@Z  66025dd0 f   GameMonitor.obj
 0001:00024f80       ?onRightSkillUnit@@YAXHH@Z 66025f80 f   GameMonitor.obj
 0001:000250e0       ?GameMonitorNewGame@@YAXXZ 660260e0 f   GameMonitor.obj
 0001:00025190       ?GameMonitorEndGame@@YAXXZ 66026190 f   GameMonitor.obj
 0001:000251b0       ?ShowGameCount@@YAXXZ      660261b0 f   GameMonitor.obj
 0001:00025440       ?SetKills@@YIXK@Z          66026440 f   GameMonitor.obj
 0001:00025490       ?KillCountPatch_ASM@@YAXXZ 66026490 f   GameMonitor.obj
 0001:000254b0       ?UnitModeChangePatch_ASM@@YAXXZ 660264b0 f   GameMonitor.obj
 0001:000254f0       ?drawSimpleItemStackCount@@YAXXZ 660264f0 f   GameMonitor.obj
 0001:00025990       ?DrawMonitorInfo@@YAXXZ    66026990 f   GameMonitor.obj
 0001:00026f60       ?SetState@@YGXKH@Z         66027f60 f   GameMonitor.obj
 0001:00027290       ?RecvCommand_A7_Patch_ASM@@YAXXZ 66028290 f   GameMonitor.obj
 0001:00027410       ?RecvCommand_A8_Patch_ASM@@YAXXZ 66028410 f   GameMonitor.obj
 0001:00027460       ?RecvCommand_A9_Patch_ASM@@YAXXZ 66028460 f   GameMonitor.obj
 0001:000274b0       ?itemAction@@YAXPAUbitstream@@PAD@Z 660284b0 f   GameMonitor.obj
 0001:00027620       ?changeStashPage@@YAXH@Z   66028620 f   GameMonitor.obj
 0001:000276a0       ?itemAction9C@@YIXPAD@Z    660286a0 f   GameMonitor.obj
 0001:00027720       ?itemAction9D@@YIXPAD@Z    66028720 f   GameMonitor.obj
 0001:000277a0       ?updateItemSkill@@YIXPAD@Z 660287a0 f   GameMonitor.obj
 0001:00027830       ?RecvCommand_9C_Patch_ASM@@YAXXZ 66028830 f   GameMonitor.obj
 0001:00027840       ?RecvCommand_9D_Patch_ASM@@YAXXZ 66028840 f   GameMonitor.obj
 0001:00027850       ?RecvCommand_22_Patch_ASM@@YAXXZ 66028850 f   GameMonitor.obj
 0001:00027860       ?DrawSimpleItemStack_Patch_ASM@@YAXXZ 66028860 f   GameMonitor.obj
 0001:00027900       ?drawUnitsInfo@@YAXXZ      66028900 f   GameMonitor.obj
 0001:000282d0       ?info_AddConfigVars@@YAXXZ 660292d0 f   info.obj
 0001:00028310       ?infoNewGame@@YAXXZ        66029310 f   info.obj
 0001:00028330       ?wsprintfW2@@YAPA_WPA_WPADZZ 66029330 f   info.obj
 0001:00028390       ?DrawGameInfoPatch@@YIXH@Z 66029390 f   info.obj
 0001:00028650       ?DrawPetHeadPatch@@YIXHPAUUnitAny@@@Z 66029650 f   info.obj
 0001:000286d0       ?DrawPetHeadPatch_ASM@@YAXXZ 660296d0 f   info.obj
 0001:000286e0       ?getGameWinId@@YAHH@Z      660296e0 f   info.obj
 0001:00028740       ?DrawPartyHeadPatch@@YIXHPAURosterUnit@@@Z 66029740 f   info.obj
 0001:00028c40       ?StartDrawPartyHeadPatch_ASM@@YAXXZ 66029c40 f   info.obj
 0001:00028c60       ?DrawPartyHeadPatch_ASM@@YAXXZ 66029c60 f   info.obj
 0001:00028c80       ?DrawSkeletonHeadPatch@@YIXHH@Z 66029c80 f   info.obj
 0001:00028da0       ?DrawSkeletonHeadPatch_ASM@@YAXXZ 66029da0 f   info.obj
 0001:00028db0       ?UpdateExp@@YAXXZ          66029db0 f   info.obj
 0001:00028fd0       ?InitExp@@YAXXZ            66029fd0 f   info.obj
 0001:00029000       ?UpdateExp_ASM@@YAXXZ      6602a000 f   info.obj
 0001:00029020       ?info_FixValues@@YAXXZ     6602a020 f   info.obj
 0001:00029100       ?DrawClientPatch@@YAXXZ    6602a100 f   info.obj
 0001:00029280       ?DrawClientPatch_ASM@@YAXXZ 6602a280 f   info.obj
 0001:000292a0       ?ShowLifeWithMyPattern@@YGKKHH@Z 6602a2a0 f   info.obj
 0001:00029320       ?ShowManaWithMyPattern@@YGKKHH@Z 6602a320 f   info.obj
 0001:000293a0       ?ShowLifePatch_ASM@@YAXXZ  6602a3a0 f   info.obj
 0001:000293c0       ?ShowManaPatch_ASM@@YAXXZ  6602a3c0 f   info.obj
 0001:000293e0       ?SetLifeManaShow@@YAHXZ    6602a3e0 f   info.obj
 0001:00029420       ?GetViewEquUnit@@YAPAUUnitAny@@XZ 6602a420 f   info.obj
 0001:00029450       ?GetViewStatUnit@@YAPAUUnitAny@@XZ 6602a450 f   info.obj
 0001:00029480       ?SetViewUnit@@YAXXZ        6602a480 f   info.obj
 0001:00029570       ?ViewUnit@@YAHH@Z          6602a570 f   info.obj
 0001:00029610       ?GetViewingStatsPlayerPatch1_ASM@@YAXXZ 6602a610 f   info.obj
 0001:00029620       ?GetViewingStatsPlayerPatch2_ASM@@YAXXZ 6602a620 f   info.obj
 0001:00029630       ?GetUnitDrawEquipItemPatch_ASM@@YAXXZ 6602a630 f   info.obj
 0001:00029640       ?GetUnitDrawItemDescPath_ASM@@YAXXZ 6602a640 f   info.obj
 0001:00029650       ?GetUnitTestHasItem_ASM@@YAXXZ 6602a650 f   info.obj
 0001:00029670       ?GetUnitText@@YIPA_WPA_WPAUUnitAny@@@Z 6602a670 f   info.obj
 0001:00029710       ?ViewDrawInvItemPatch@@YAPAUUnitAny@@XZ 6602a710 f   info.obj
 0001:00029790       ?GetUnitDrawInvItemPatch_ASM@@YAXXZ 6602a790 f   info.obj
 0001:000297a0       ?GetUnitProtectClickEquipPatch_ASM@@YAXXZ 6602a7a0 f   info.obj
 0001:000297e0       ?GetUnitProtectClickInvPatch_ASM@@YAXXZ 6602a7e0 f   info.obj
 0001:00029810       ?DrawDefaultFontText@@YAXPA_WHHKHK@Z 6602a810 f   info.obj
 0001:00029840       ?SwitchStatPage@@YAHH@Z    6602a840 f   info.obj
 0001:00029890       ?DrawUnitStat@@YAXHHHHPAD00KHH@Z 6602a890 f   info.obj
 0001:00029970       ?ViewUnitStatPatch@@YIXPAUUnitAny@@@Z 6602a970 f   info.obj
 0001:00029d70       ?ViewUnitStatPatch_ASM@@YAXXZ 6602ad70 f   info.obj
 0001:00029d90       ?ViewPetStatPatch@@YIXPAUUnitAny@@@Z 6602ad90 f   info.obj
 0001:0002a000       ?ViewPetStatPatch_ASM@@YAXXZ 6602b000 f   info.obj
 0001:0002a020       ?messagelog_AddConfigVars@@YAXXZ 6602b020 f   MessageLog.obj
 0001:0002a060       ?OpenFileNew@@YAPAXPAD@Z   6602b060 f   MessageLog.obj
 0001:0002a090       ?OpenFileWrite@@YAPAXPAD@Z 6602b090 f   MessageLog.obj
 0001:0002a0c0       ?WriteFile@@YAKPAX0K@Z     6602b0c0 f   MessageLog.obj
 0001:0002a0f0       ?LogMessage@@YIXPA_W@Z     6602b0f0 f   MessageLog.obj
 0001:0002a590       ?MessageLogPatch1_ASM@@YAXXZ 6602b590 f   MessageLog.obj
 0001:0002a5b0       ?MessageLogPatch2_ASM@@YAXXZ 6602b5b0 f   MessageLog.obj
 0001:0002a5d0       ?MessageLogExitGame@@YAXXZ 6602b5d0 f   MessageLog.obj
 0001:0002a8c0       ?item_addConfigVars@@YAXXZ 6602b8c0 f   item.obj
 0001:0002a900       ?item_initConfigVars@@YAXXZ 6602b900 f   item.obj
 0001:0002a990       ?item_NewGame@@YAXXZ       6602b990 f   item.obj
 0001:0002a9b0       ?wcs_insert@@YAPA_WPA_W0@Z 6602b9b0 f   item.obj
 0001:0002aa80       ?GetItemIndex@@YAHH@Z      6602ba80 f   item.obj
 0001:0002aad0       ?CheckItemVisible@@YAHPAUUnitAny@@@Z 6602bad0 f   item.obj
 0001:0002abd0       ?GetItemColour@@YAEPAUUnitAny@@H@Z 6602bbd0 f   item.obj
 0001:0002ae70       ?SwitchItemMode@@YAHXZ     6602be70 f   item.obj
 0001:0002af20       ?trimspaces@@YAXPA_W@Z     6602bf20 f   item.obj
 0001:0002afe0       ?ColourD2String@@YIPA_WPA_WK@Z 6602bfe0 f   item.obj
 0001:0002b070       ?ItemHaveLevel@@YAHE@Z     6602c070 f   item.obj
 0001:0002b0d0       ?ItemNamePatch@@YIXPA_WPAUUnitAny@@PAUItemTxt@@@Z 6602c0d0 f   item.obj
 0001:0002bbd0       ?ItemNamePatch_ASM@@YAXXZ  6602cbd0 f   item.obj
 0001:0002bbf0       ?OpenCubeStringPatch@@YIPA_WPA_WK@Z 6602cbf0 f   item.obj
 0001:0002bc50       ?OpenCubeStringPatch_ASM@@YAXXZ 6602cc50 f   item.obj
 0001:0002bc60       ?PermShowItemsPatch1@@YAHXZ 6602cc60 f   item.obj
 0001:0002bc90       ?PermShowItemsPatch2@@YAHXZ 6602cc90 f   item.obj
 0001:0002bce0       ?PermShowItemsPatch3@@YAHXZ 6602cce0 f   item.obj
 0001:0002bd50       ?PermShowItemsPatch1_ASM@@YAXXZ 6602cd50 f   item.obj
 0001:0002bd60       ?PermShowItemsPatch2_ASM@@YAXXZ 6602cd60 f   item.obj
 0001:0002bd80       ?PermShowItemsPatch3_ASM@@YAXXZ 6602cd80 f   item.obj
 0001:0002bda0       ?PermShowItemsPatch4_ASM@@YAXXZ 6602cda0 f   item.obj
 0001:0002bdb0       ?ItemDescPath@@YIXPA_WHHHH@Z 6602cdb0 f   item.obj
 0001:0002beb0       ?SocketViewCallRoutine@@YIXPAUUnitAny@@KP6GX0K@Z@Z 6602ceb0 f   item.obj
 0001:0002bec0       ?ItemSocketViewPatch@@YGXP6GXPAUUnitAny@@K@Z0K@Z 6602cec0 f   item.obj
 0001:0002bf90       ?ItemSocketViewPatch_ASM@@YAXXZ 6602cf90 f   item.obj
 0001:0002bfa0       ?SocketItemStatViewPatch_ASM@@YAXXZ 6602cfa0 f   item.obj
 0001:0002bfc0       ?GetItemExtStatListPatch@@YGPAUStatList@@PAUUnitAny@@KK@Z 6602cfc0 f   item.obj
 0001:0002bff0       ?ItemBasicStatPatch_ASM@@YAXXZ 6602cff0 f   item.obj
 0001:0002c020       ?SetPropInfo@@YAXHHHPAUItemProp@@@Z 6602d020 f   item.obj
 0001:0002c4a0       ?GetStatRange@@YAPA_WPA_WKK@Z 6602d4a0 f   item.obj
 0001:0002c890       ?GetItemPropStringPatch@@YIKPA_WPAUStatEx@@K@Z 6602d890 f   item.obj
 0001:0002c960       ?GetItemPropStringPatch_ASM@@YAXXZ 6602d960 f   item.obj
 0001:0002c980       ?StrcatItemPropStringPatch@@YIXPA_W0K@Z 6602d980 f   item.obj
 0001:0002caa0       ?StrcatItemPropStringPatch_ASM@@YAXXZ 6602daa0 f   item.obj
 0001:0002cab0       ?StrcatSocketStringPatch@@YIPA_WPA_W@Z 6602dab0 f   item.obj
 0001:0002cae0       ?StrcatSocketStringPatch_ASM@@YAXXZ 6602dae0 f   item.obj
 0001:0002caf0       ?StrcatDefenseStringPatch@@YIPA_WPA_W@Z 6602daf0 f   item.obj
 0001:0002cd90       ?StrcatDefenseStringPatch_ASM@@YAXXZ 6602dd90 f   item.obj
 0001:0002cda0       ?StrcatDamageStringPatch@@YIPA_WPA_W@Z 6602dda0 f   item.obj
 0001:0002cfc0       ?StrcatDamageStringPatch_ASM1@@YAXXZ 6602dfc0 f   item.obj
 0001:0002cfd0       ?StrcatDamageStringPatch_ASM2@@YAXXZ 6602dfd0 f   item.obj
 0001:0002cff0       ?ShowSocketProtectInfo@@YAXXZ 6602dff0 f   item.obj
 0001:0002d060       ?SocketProtectPatch_ASM@@YAXXZ 6602e060 f   item.obj
 0001:0002d080       ?SocketProtectPatch1_ASM@@YAXXZ 6602e080 f   item.obj
 0001:0002d0c0       ?SocketProtectPatch2_ASM@@YAXXZ 6602e0c0 f   item.obj
 0001:0002d100       ?searchStat@@YAHPAUUnitAny@@HPAH@Z 6602e100 f   item.obj
 0001:0002d1d0       ?drawInvItemInfo@@YAXXZ    6602e1d0 f   item.obj
 0001:0002d910       ?DrawInvItemPatch_ASM@@YAXXZ 6602e910 f   item.obj
 0001:0002d9a0       ?ItemExtInfoNewGame@@YAXXZ 6602e9a0 f   ItemExtInfo.obj
 0001:0002d9b0       ?ConvertToColorString@@YAXPAEPADH@Z 6602e9b0 f   ItemExtInfo.obj
 0001:0002db50       ?LoadExtInfo@@YAHXZ        6602eb50 f   ItemExtInfo.obj
 0001:0002eb50       ?UnLoadExtInfo@@YAXXZ      6602fb50 f   ItemExtInfo.obj
 0001:0002ed30       ?SetExtInfoPos@@YAXHHHH@Z  6602fd30 f   ItemExtInfo.obj
 0001:0002ee20       ?ShowItemExtInfo@@YAXXZ    6602fe20 f   ItemExtInfo.obj
 0001:0002f140       ?DrawHoverPatch_ASM@@YAXXZ 66030140 f   ItemExtInfo.obj
 0001:0002f150       ?dangerous_addConfigVars@@YAXXZ 66030150 f   dangerous.obj
 0001:0002f190       ?dangerous_initConfigVars@@YAXXZ 66030190 f   dangerous.obj
 0001:0002f1b0       ?ProtectAction@@YAXPA_WHE@Z 660301b0 f   dangerous.obj
 0001:0002f350       ?ChickenLifeNewGame@@YAXXZ 66030350 f   dangerous.obj
 0001:0002f620       ?ChickenLifeLoop@@YAXXZ    66030620 f   dangerous.obj
 0001:0002fd50       ?isCowKing@@YAHPAUMonsterData@@@Z 66030d50 f   dangerous.obj
 0001:0002fe00       ?checkBossMonster@@YAXPAUUnitAny@@@Z 66030e00 f   dangerous.obj
 0001:0002fec0       ?CheckDangerousPlayer@@YAXPAUUnitAny@@@Z 66030ec0 f   dangerous.obj
 0001:0002ff70       ?TestMonsterOnScreen@@YAHPAUUnitAny@@0@Z 66030f70 f   dangerous.obj
 0001:00030000       ?CheckDangerousMonster@@YAXPAUUnitAny@@@Z 66031000 f   dangerous.obj
 0001:000300f0       ?quest_addConfigVars@@YAXXZ 660310f0 f   quest.obj
 0001:00030130       ?ReSetTimer@@YAHXZ         66031130 f   quest.obj
 0001:00030150       ?QuestNewAct@@YAXXZ        66031150 f   quest.obj
 0001:00030160       ?QuestNewLevel@@YAXXZ      66031160 f   quest.obj
 0001:00030910       ?quest_FixValues@@YAXXZ    66031910 f   quest.obj
 0001:000309e0       ?QuestNewGame@@YAXXZ       660319e0 f   quest.obj
 0001:00030b30       ?QuestRunLoop@@YAXXZ       66031b30 f   quest.obj
 0001:00030e90       ?BugKDProtect@@YIXK@Z      66031e90 f   quest.obj
 0001:000310f0       ?BugKBProtect@@YIXPAE@Z    660320f0 f   quest.obj
 0001:00031600       ?RecvCommand_89_Patch_ASM@@YAXXZ 66032600 f   quest.obj
 0001:00031620       ?RecvCommand_5D_Patch_ASM@@YAXXZ 66032620 f   quest.obj
 0001:00031630       ?CheckUnitKM@@YAXXZ        66032630 f   quest.obj
 0001:00031700       ?getMouseQuestId@@YAHHH@Z  66032700 f   quest.obj
 0001:000317e0       ?DrawQuestPagePatch@@YIXHH@Z 660327e0 f   quest.obj
 0001:00031cc0       ?DrawQuestPagePatch_ASM@@YAXXZ 66032cc0 f   quest.obj
 0001:00031cd0       ?PacketA4@@YIXPAD@Z        66032cd0 f   quest.obj
 0001:00031e50       ?Packet4D@@YIXPAD@Z        66032e50 f   quest.obj
 0001:00031e90       ?RecvCommand_A4_Patch_ASM@@YAXXZ 66032e90 f   quest.obj
 0001:00031ea0       ?RecvCommand_4D_Patch_ASM@@YAXXZ 66032ea0 f   quest.obj
 0001:00031eb0       ?UnicodeFix@@YAXPA_WPAK@Z  66032eb0 f   unicode.obj
 0001:000320a0       ?D2Lang_Unicode2WinPatch@@YIPBDPADPA_WH@Z 660330a0 f   unicode.obj
 0001:000320e0       ?D2Lang_Win2UnicodePatch@@YIPA_WPA_WPBDH@Z 660330e0 f   unicode.obj
 0001:00032110       ?EditDeleteSelect@@YAXPAUD2EditBox@@@Z 66033110 f   unicode.obj
 0001:00032240       ?ChannelEnterCharPatch@@YIKPAUD2EditBox@@E@Z 66033240 f   unicode.obj
 0001:00032570       ?UnicodeToUTF_8@@YAXPADPA_W@Z 66033570 f   unicode.obj
 0001:000325e0       ?MultiByteFix@@YGXPAD@Z    660335e0 f   unicode.obj
 0001:000327d0       ?MultiByteFixPatch_ASM@@YAXXZ 660337d0 f   unicode.obj
 0001:000327e0       ?IsPritableCharacterPatch_ASM@@YAXXZ 660337e0 f   unicode.obj
 0001:00032800       ?lifebar_addConfigVars@@YAXXZ 66033800 f   lifebar.obj
 0001:00032840       ?lifebar_initConfigVars@@YAXXZ 66033840 f   lifebar.obj
 0001:00032860       ?lifebarNewGame@@YAXXZ     66033860 f   lifebar.obj
 0001:00032880       ?MonsterNamePatch@@YIJPA_WJPAUUnitAny@@JJ@Z 66033880 f   lifebar.obj
 0001:00033390       ?MonsterNamePatch_ASM@@YAXXZ 66034390 f   lifebar.obj
 0001:000333b0       ?MonsterDescCommaPatch1_ASM@@YAXXZ 660343b0 f   lifebar.obj
 0001:000333c0       ?MonsterDescCommaPatch2_ASM@@YAXXZ 660343c0 f   lifebar.obj
 0001:000333d0       ?MonsterDescCommaPatch3@@YIXPA_WPAUMonsterTxt@@@Z 660343d0 f   lifebar.obj
 0001:00033460       ?MonsterDescCommaPatch3_ASM@@YAXXZ 66034460 f   lifebar.obj
 0001:00033470       ?LifeBarPatch_ASM@@YAXXZ   66034470 f   lifebar.obj
 0001:00033490       ?MonsterDeathPatch_ASM@@YAXXZ 66034490 f   lifebar.obj
 0001:000334b0       ?CalculateHighestTC@@YAXHG@Z 660344b0 f   lifebar.obj
 0001:000336f0       ?InitTCList@@YAXXZ         660346f0 f   lifebar.obj
 0001:00033770       ?GetTcLevel@@YAPAUMonTC@@GH@Z 66034770 f   lifebar.obj
 0001:00033800       ?GetPlayerHpPercent@@YAHPAUUnitAny@@@Z 66034800 f   lifebar.obj
 0001:00033840       ?PlayerNamePatch@@YIXPA_WPAUUnitAny@@@Z 66034840 f   lifebar.obj
 0001:000339b0       ?PlayerNamePatch_ASM@@YAXXZ 660349b0 f   lifebar.obj
 0001:000339d0       ?AutoWarCryNewGame@@YAXXZ  660349d0 f   bo.obj
 0001:00033a40       ?AutoWarCryRunLoop@@YAXXZ  66034a40 f   bo.obj
 0001:000341a0       ?d2s_init@@YAXPAUd2s_file@@@Z 660351a0 f   d2s.obj
 0001:00034400       ?d2s_write@@YAHPAUd2s_file@@PADH@Z 66035400 f   d2s.obj
 0001:00034520       ?d2s_checksum@@YAXPADH@Z   66035520 f   d2s.obj
 0001:000345a0       ?d2s_generate@@YAHPAU_iobuf@@PAUUnitAny@@1PAGPAD1@Z 660355a0 f   d2s.obj
 0001:000351c0       ?DropProtection_addConfigVars@@YAXXZ 660361c0 f   DropProtection.obj
 0001:00035200       ?DropProtection_initConfigVars@@YAXXZ 66036200 f   DropProtection.obj
 0001:00035280       ?DropProtection@@YAHPAUUnitAny@@@Z 66036280 f   DropProtection.obj
 0001:00035690       ?canHireMerc@@YAHXZ        66036690 f   DropProtection.obj
 0001:000357f0       ?DropProtectionPacketBlock@@YAHPAEH@Z 660367f0 f   DropProtection.obj
 0001:00035950       ?ClickHireMercMenuItemPatch_ASM@@YAXXZ 66036950 f   DropProtection.obj
 0001:00035970       ?unicode2win@@YAXPADPA_WH@Z 66036970 f   DropProtection.obj
 0001:000359d0       ?DeleteCharacter_Patch_ASM@@YAXXZ 660369d0 f   DropProtection.obj
 0001:00035a60       ?DeleteSelectedCharacter_Patch_ASM@@YAXXZ 66036a60 f   DropProtection.obj
 0001:00036030       ?ClickMenuItem_Patch_ASM@@YAXXZ 66037030 f   DropProtection.obj
 0001:00036150       ?playerHasRune@@YAHH@Z     66037150 f   DropProtection.obj
 0001:000361a0       ?isValidRuneword@@YIHPAUUnitAny@@@Z 660371a0 f   DropProtection.obj
 0001:00036b40       ?AutoEnchantNewGame@@YAXXZ 66037b40 f   enchant.obj
 0001:00036ba0       ?checkUnit@@YAHPAUUnitAny@@@Z 66037ba0 f   enchant.obj
 0001:00036ea0       ?AutoEnchantRunLoop@@YAXXZ 66037ea0 f   enchant.obj
 0001:00037210       ?AutoEnchantPlayerNeedHelp@@YAXH@Z 66038210 f   enchant.obj
 0001:00037250       ?check3bb@@YAXXZ           66038250 f   enchant.obj
 0001:00037510       ?GamePacketPlaySound@@YIXPAE@Z 66038510 f   enchant.obj
 0001:00037570       ?RecvCommand_2C_Patch_ASM@@YAXXZ 66038570 f   enchant.obj
 0001:00037580       ?GameChat_addConfigVars@@YAXXZ 66038580 f   chat.obj
 0001:000375c0       ?chat_initConfigVars@@YAXXZ 660385c0 f   chat.obj
 0001:000375d0       ?setClipboard@@YAHPAUHWND__@@PA_WH@Z 660385d0 f   chat.obj
 0001:000376a0       ?processChatPaste@@YAXXZ   660386a0 f   chat.obj
 0001:000377d0       ?sendQuickMessage@@YAHPAUMessageKey@@@Z 660387d0 f   chat.obj
 0001:00037880       ?addQuickMessage@@YAXHPA_WH@Z 66038880 f   chat.obj
 0001:00037990       ?SendChatMessageW@@YAXPA_W@Z 66038990 f   chat.obj
 0001:00037a50       ?SendChatMessage@@YAXPAD@Z 66038a50 f   chat.obj
 0001:00037b00       ?WisperPatch@@YAXXZ        66038b00 f   chat.obj
 0001:00037b20       ?WisperPatch_ASM@@YAXXZ    66038b20 f   chat.obj
 0001:00037b30       ?CheckD2WinEditBox@@YAXXZ  66038b30 f   chat.obj
 0001:00037b90       ?InputLinePatch@@YAHE@Z    66038b90 f   chat.obj
 0001:00037c30       ?InputLinePatch1_ASM@@YAXXZ 66038c30 f   chat.obj
 0001:00037c50       ?EditBoxCallBack@@YGHPAUD2EditBox@@HPAD@Z 66038c50 f   chat.obj
 0001:00037c50       ?Filterbox_InputHandler@@YGHPAUD2EditBox@@HPAD@Z 66038c50 f   mcp.obj
 0001:00037c60       ?InitD2EditBox@@YAHXZ      66038c60 f   chat.obj
 0001:00037d30       ?InputLinePatch2_ASM@@YAXXZ 66038d30 f   chat.obj
 0001:00037d50       ?SelectTextPatch1@@YGHPAD@Z 66038d50 f   chat.obj
 0001:00037e30       ?SelectTextPatch1_ASM@@YAXXZ 66038e30 f   chat.obj
 0001:00037e50       ?SelectTextPatch2@@YGHPAD@Z 66038e50 f   chat.obj
 0001:00037f00       ?SelectTextPatch2_ASM@@YAXXZ 66038f00 f   chat.obj
 0001:00037f20       ?ResetGameList@@YAXXZ      66038f20 f   mcp.obj
 0001:00037f40       ?gameFilter_addConfigVars@@YAXXZ 66038f40 f   mcp.obj
 0001:00037f80       ?D2MCPPacketHandler_05_Patch@@YIHPAEH@Z 66038f80 f   mcp.obj
 0001:00038210       ?D2MCPPacketHandler_05_Patch_ASM@@YAXXZ 66039210 f   mcp.obj
 0001:00038230       ?Filterbox_ReturnHandler@@YGHPA_W@Z 66039230 f   mcp.obj
 0001:000382a0       ?CreateFilterBox@@YAXXZ    660392a0 f   mcp.obj
 0001:00038320       ?CreateGameBoxPatch_ASM@@YAXXZ 66039320 f   mcp.obj
 0001:00038330       ?DestroyGamelistPatch@@YGXPAUD2EditBox@@@Z 66039330 f   mcp.obj
 0001:00038370       ?GameListRefreshTimePatch_ASM@@YAXXZ 66039370 f   mcp.obj
 0001:000383b0       ?DrawGameListPatch@@YAXXZ  660393b0 f   mcp.obj
 0001:00038540       ?DrawGameListPatch_ASM@@YAXXZ 66039540 f   mcp.obj
 0001:00038550       ?SortGameList_Patch_ASM@@YAXXZ 66039550 f   mcp.obj
 0001:000385e0       ?ShowGameListDifficulty_Patch_ASM@@YAXXZ 660395e0 f   mcp.obj
 0001:00038690       ?clearCharacterTag@@YAXXZ  66039690 f   login.obj
 0001:000386c0       ?addCharacterTag@@YAXPAD0@Z 660396c0 f   login.obj
 0001:00038810       ?getCharTag@@YAPADPAD@Z    66039810 f   login.obj
 0001:000388d0       ?doneCharacterTag@@YAXXZ   660398d0 f   login.obj
 0001:00038900       ?drawCharTags@@YAXXZ       66039900 f   login.obj
 0001:00038a30       ?login_initConfigVars@@YAXXZ 66039a30 f   login.obj
 0001:00038a40       ?addAccount@@YAXHPAD0@Z    66039a40 f   login.obj
 0001:00038b90       ?isLoginScreen@@YAPAUD2EditBox@@XZ 66039b90 f   login.obj
 0001:00038c40       ?getLastUser@@YAPADXZ      66039c40 f   login.obj
 0001:00038cb0       ?inputUserPassword@@YAHPAULoginInfo@@@Z 66039cb0 f   login.obj
 0001:00038e40       ?autoLogin@@YAXXZ          66039e40 f   login.obj
 0001:00038f10       ?LastBNet_Patch@@YGHPAD0H0H@Z 66039f10 f   login.obj
 0001:00038f60       ?SelectCharPatch_ASM@@YAXXZ 66039f60 f   login.obj
 0001:00039080       ?autoSelectChar@@YAXXZ     6603a080 f   login.obj
 0001:000391a0       ?saveCharMenu@@YAXXZ       6603a1a0 f   login.obj
 0001:00039570       ?OpenCharMenuPatch_ASM@@YAXXZ 6603a570 f   login.obj
 0001:00039580       ?misc_addConfigVars@@YAXXZ 6603a580 f   misc.obj
 0001:000395c0       ?ULCPatch_ASM@@YAXXZ       6603a5c0 f   misc.obj
 0001:000395e0       ?OutTownSelectPatch@@YIHPAUUnitAny@@@Z 6603a5e0 f   misc.obj
 0001:00039620       ?OutTownSelectPatch_ASM1@@YAXXZ 6603a620 f   misc.obj
 0001:00039650       ?CheckOutTownSelected@@YGHPAUUnitAny@@@Z 6603a650 f   misc.obj
 0001:000396b0       ?OutTownSelectPatch_ASM2@@YAXXZ 6603a6b0 f   misc.obj
 0001:000396d0       ?NPCMessageLoopPatch_ASM@@YAXXZ 6603a6d0 f   misc.obj
 0001:00039710       ?NPCQuestMessageStartPatch_ASM@@YAXXZ 6603a710 f   misc.obj
 0001:00039730       ?NPCQuestMessageEndPatch1_ASM@@YAXXZ 6603a730 f   misc.obj
 0001:00039750       ?NPCQuestMessageEndPatch2_ASM@@YAXXZ 6603a750 f   misc.obj
 0001:00039760       ?NsPassingActBugFixPatch_ASM@@YAXXZ 6603a760 f   misc.obj
 0001:00039770       ?SetGoldPatch@@YIHH@Z      6603a770 f   misc.obj
 0001:000397f0       ?SetGoldPatch_ASM@@YAXXZ   6603a7f0 f   misc.obj
 0001:00039800       ?SetDefaultGoldPatch_ASM@@YAXXZ 6603a800 f   misc.obj
 0001:00039810       ?multiclient_addConfigVars@@YAXXZ 6603a810 f   multi.obj
 0001:00039850       ?multiclient_initConfigVars@@YAXXZ 6603a850 f   multi.obj
 0001:00039880       ?multiclient_FixValues@@YAXXZ 6603a880 f   multi.obj
 0001:000398b0       ?MultiClientNewGame@@YAXXZ 6603a8b0 f   multi.obj
 0001:00039970       ?MultiClientEndGame@@YAXXZ 6603a970 f   multi.obj
 0001:00039990       ?makeRuntimeInfoPath@@YAHPADH@Z 6603a990 f   multi.obj
 0001:00039a60       ?saveRuntimeInfo@@YAHPAUHWND__@@@Z 6603aa60 f   multi.obj
 0001:00039c00       ?loadRuntimeInfo@@YAHPAUD2Window@@H@Z 6603ac00 f   multi.obj
 0001:0003a340       ?isLocalPlayer@@YAHH@Z     6603b340 f   multi.obj
 0001:0003a3b0       ?refresh_clients@@YAXXZ    6603b3b0 f   multi.obj
 0001:0003a570       ?multiclient_winactive@@YAXXZ 6603b570 f   multi.obj
 0001:0003a6b0       ?getGameWindowHwnd@@YAPAUHWND__@@H@Z 6603b6b0 f   multi.obj
 0001:0003a6f0       ?canRemoteControl@@YAHXZ   6603b6f0 f   multi.obj
 0001:0003a7e0       ?leader_click_object@@YAXHH@Z 6603b7e0 f   multi.obj
 0001:0003a8a0       ?multiclient_recv_info@@YAXH@Z 6603b8a0 f   multi.obj
 0001:0003ac40       ?multiclient_send_info@@YAXH@Z 6603bc40 f   multi.obj
 0001:0003ac90       ?follower_click_object@@YAXHH@Z 6603bc90 f   multi.obj
 0001:0003adf0       ?MultiClientLoop@@YAXXZ    6603bdf0 f   multi.obj
 0001:0003b860       ?follower_left_click_xy@@YAXHH@Z 6603c860 f   multi.obj
 0001:0003b8a0       ?follower_right_click_xy@@YAXHH@Z 6603c8a0 f   multi.obj
 0001:0003b8e0       ?follower_left_click_unit@@YAXHH@Z 6603c8e0 f   multi.obj
 0001:0003b920       ?follower_right_client_unit@@YAXHH@Z 6603c920 f   multi.obj
 0001:0003b960       ?refresh_followers@@YAXH@Z 6603c960 f   multi.obj
 0001:0003ba80       ?toggle_follower@@YAXH@Z   6603ca80 f   multi.obj
 0001:0003bb90       ?follower_stop_follow@@YAXXZ 6603cb90 f   multi.obj
 0001:0003bc30       ?findClosetPortal@@YAPAUUnitAny@@XZ 6603cc30 f   multi.obj
 0001:0003bdb0       ?talkToNpc@@YAXXZ          6603cdb0 f   multi.obj
 0001:0003bf40       ?follower_cmd@@YAXH@Z      6603cf40 f   multi.obj
 0001:0003c2e0       ?MultiClientStartFollow@@YAHH@Z 6603d2e0 f   multi.obj
 0001:0003c3c0       ?MultiClientStopFollow@@YAHXZ 6603d3c0 f   multi.obj
 0001:0003c460       ?MultiClientStartFollow1@@YAHXZ 6603d460 f   multi.obj
 0001:0003c480       ?MultiClientStartFollow2@@YAHXZ 6603d480 f   multi.obj
 0001:0003c4a0       ?MultiClientToggleFollow@@YAHXZ 6603d4a0 f   multi.obj
 0001:0003c4d0       ?MultiClientTalkToNpc@@YAHXZ 6603d4d0 f   multi.obj
 0001:0003c5a0       ?leader_back_to_town@@YAHXZ 6603d5a0 f   multi.obj
 0001:0003c650       ?MultiClientEnterDoor@@YAHXZ 6603d650 f   multi.obj
 0001:0003c7f0       ?MultiClientStartClick@@YAHH@Z 6603d7f0 f   multi.obj
 0001:0003c810       ?MultiClientStopClick@@YAHH@Z 6603d810 f   multi.obj
 0001:0003c830       ?MultiClientInitClick@@YAHXZ 6603d830 f   multi.obj
 0001:0003c890       ?transferClick@@YAHHPAUUnitAny@@HH@Z 6603d890 f   multi.obj
 0001:0003caa0       ?canTranferClick@@YAHXZ    6603daa0 f   multi.obj
 0001:0003cb00       ?shouldLeftClick@@YIHPAH@Z 6603db00 f   multi.obj
 0001:0003cde0       ?shouldRightClick@@YIHPAH@Z 6603dde0 f   multi.obj
 0001:0003cf20       ?LeftClick_Patch_ASM@@YAXXZ 6603df20 f   multi.obj
 0001:0003cf40       ?RightClick_Patch_ASM@@YAXXZ 6603df40 f   multi.obj
 0001:0003cf60       ?NpcTrade_AddConfigVars@@YAXXZ 6603df60 f   NpcTrade.obj
 0001:0003cfa0       ?NpcTradeNewGame@@YAXXZ    6603dfa0 f   NpcTrade.obj
 0001:0003cfb0       ?drawNpcTradeInfo@@YAXH@Z  6603dfb0 f   NpcTrade.obj
 0001:0003dac0       ?NpcTradeLoop@@YAXXZ       6603eac0 f   NpcTrade.obj
 0001:0003dd20       ?NpcTradePatch_ASM@@YAXXZ  6603ed20 f   NpcTrade.obj
 0001:0003dd50       ?PartyHelp_addConfigVars@@YAXXZ 6603ed50 f   party.obj
 0001:0003dd90       ?PartyHelpNewGame@@YAXXZ   6603ed90 f   party.obj
 0001:0003de90       ?PartyHelpEndGame@@YAXXZ   6603ee90 f   party.obj
 0001:0003dea0       ?ResponseInvite@@YAXXZ     6603eea0 f   party.obj
 0001:0003df40       ?CheckInvite@@YAHXZ        6603ef40 f   party.obj
 0001:0003df90       ?AutoParty@@YGXPAE@Z       6603ef90 f   party.obj
 0001:0003e070       ?RecvCommand_5A_Patch_ASM@@YAXXZ 6603f070 f   party.obj
 0001:0003e080       ?AutoInvite@@YIXPAE@Z      6603f080 f   party.obj
 0001:0003e140       ?RecvCommand_5B_Patch_ASM@@YAXXZ 6603f140 f   party.obj
 0001:0003e150       ?quick_addConfigVars@@YAXXZ 6603f150 f   quick.obj
 0001:0003e190       ?quick_NewGame@@YAXXZ      6603f190 f   quick.obj
 0001:0003e1b0       ?quick_EndGame@@YAXXZ      6603f1b0 f   quick.obj
 0001:0003e1c0       ?skillCount@@YAHH@Z        6603f1c0 f   quick.obj
 0001:0003e220       ?BackToTown@@YAHXZ         6603f220 f   quick.obj
 0001:0003e300       ?QuickToLevel@@YAHXZ       6603f300 f   quick.obj
 0001:0003e350       ?quickLoop@@YAXXZ          6603f350 f   quick.obj
 0001:0003e430       ?AutoBackToTown@@YIXPAE@Z  6603f430 f   quick.obj
 0001:0003e560       ?RecvCommand_60_Patch_ASM@@YAXXZ 6603f560 f   quick.obj
 0001:0003e570       ?SaveGameName@@YAXXZ       6603f570 f   quick.obj
 0001:0003e610       ?QuickExitGame@@YAHXZ      6603f610 f   quick.obj
 0001:0003e640       ?QuickNextGame@@YAHH@Z     6603f640 f   quick.obj
 0001:0003e890       ?NextGameNamePatch@@YIXPAUD2EditBox@@P6GH0HPAD@Z@Z 6603f890 f   quick.obj
 0001:0003e8d0       ?NextGamePasswordPatch@@YIXPAUD2EditBox@@P6GH0HPAD@Z@Z 6603f8d0 f   quick.obj
 0001:0003e910       ?NextGameDecriptionPatch@@YIXPAUD2EditBox@@P6GH0HPAD@Z@Z 6603f910 f   quick.obj
 0001:0003e950       ?SelectGamePatch@@YIPAXPAUD2EditBox@@PA_W@Z 6603f950 f   quick.obj
 0001:0003e9f0       ?quickswap_addConfigVars@@YAXXZ 6603f9f0 f   QuickSwapItem.obj
 0001:0003ea30       ?putIntoCubeIndirect@@YAHXZ 6603fa30 f   QuickSwapItem.obj
 0001:0003eb10       ?putItem@@YAHPAUInventoryBIN@@PADH@Z 6603fb10 f   QuickSwapItem.obj
 0001:0003ed00       ?putIntoInv@@YAHXZ         6603fd00 f   QuickSwapItem.obj
 0001:0003ed50       ?putIntoStash@@YAHXZ       6603fd50 f   QuickSwapItem.obj
 0001:0003edb0       ?MoveItem@@YAXPAUD2MSG@@@Z 6603fdb0 f   QuickSwapItem.obj
 0001:0003fbc0       ?RButtonUpHandlerPatch@@YGXPAUD2MSG@@@Z 66040bc0 f   QuickSwapItem.obj
 0001:0003fc00       ?RButtonUpHandlerPatch_ASM@@YAXXZ 66040c00 f   QuickSwapItem.obj
 0001:0003fc20       ?RButtonInTradePatch_ASM@@YAXXZ 66040c20 f   QuickSwapItem.obj
 0001:0003fc30       ?CtrlClickHandlerPatch_ASM@@YAXXZ 66040c30 f   QuickSwapItem.obj
 0001:0003fc60       ?clickCubeTransformButton@@YAXXZ 66040c60 f   QuickSwapItem.obj
 0001:0003fcc0       ?autoCubeTransform@@YAHXZ  66040cc0 f   QuickSwapItem.obj
 0001:000401e0       ?Resolution_AddConfigVars@@YAXXZ 660411e0 f   resolution.obj
 0001:00040220       ?changeResolution@@YAXH@Z  66041220 f   resolution.obj
 0001:00040230       ?resolution_init@@YAXXZ    66041230 f   resolution.obj
 0001:00040280       ?resolution_uninit@@YAXXZ  66041280 f   resolution.obj
 0001:000402d0       ?fitWindowToResolution@@YAXXZ 660412d0 f   resolution.obj
 0001:00040410       ?fitResolution@@YAXXZ      66041410 f   resolution.obj
 0001:000406f0       ?SetBitBlockWidthAndHeightPatch_ASM@@YAXXZ 660416f0 f   resolution.obj
 0001:00040700       ?SetCelDisplayLeftAndRightPatch_ASM@@YAXXZ 66041700 f   resolution.obj
 0001:00040720       ?IsNeedResizeWindowPatchH_ASM@@YAXXZ 66041720 f   resolution.obj
 0001:00040720       ?IsNeedRestoreDownWindowPatchH_ASM@@YAXXZ 66041720 f   resolution.obj
 0001:00040730       ?IsNeedRestoreDownWindowPatchW_ASM@@YAXXZ 66041730 f   resolution.obj
 0001:00040730       ?IsNeedResizeWindowPatchW_ASM@@YAXXZ 66041730 f   resolution.obj
 0001:00040740       ?SetDisplayWidthAndHeightPatch_ASM@@YAXXZ 66041740 f   resolution.obj
 0001:00040760       ?SetGeneralDisplayWidthAndHeightPatch_ASM@@YAXXZ 66041760 f   resolution.obj
 0001:00040780       ?GetGlobalBeltSlotPositionPatch_ASM@@YAXXZ 66041780 f   resolution.obj
 0001:00040830       ?GetGlobalBeltRecordPatch_ASM@@YAXXZ 66041830 f   resolution.obj
 0001:00040900       ?AdjustWindowRectExPatch_ASM@@YAXXZ 66041900 f   resolution.obj
 0001:00040a50       ?ClearFramebufPatch_ASM@@YAXXZ 66041a50 f   resolution.obj
 0001:00040a70       ?DrawLeftOrbImagePatch_ASM@@YAXXZ 66041a70 f   resolution.obj
 0001:00040aa0       ?DrawLeftOrbPatch_ASM@@YAXXZ 66041aa0 f   resolution.obj
 0001:00040ac0       ?DrawRightOrbImagePatch_ASM@@YAXXZ 66041ac0 f   resolution.obj
 0001:00040af0       ?DrawRightOrbPatch_ASM@@YAXXZ 66041af0 f   resolution.obj
 0001:00040b10       ?FillLeftOrbPatch_ASM@@YAXXZ 66041b10 f   resolution.obj
 0001:00040b30       ?FillRightOrbPatch_ASM@@YAXXZ 66041b30 f   resolution.obj
 0001:00040b50       ?DrawLeftSkillButtonPatch_ASM@@YAXXZ 66041b50 f   resolution.obj
 0001:00040b70       ?DrawRightSkillButtonPatch_ASM@@YAXXZ 66041b70 f   resolution.obj
 0001:00040b90       ?DisplayHPTextPatch_ASM@@YAXXZ 66041b90 f   resolution.obj
 0001:00040bb0       ?DisplayManaTextPatch_ASM@@YAXXZ 66041bb0 f   resolution.obj
 0001:00040bd0       ?DrawGroundHeightPatch_ASM@@YAXXZ 66041bd0 f   resolution.obj
 0001:00040c00       ?BottomBoundPatch_ASM@@YAXXZ 66041c00 f   resolution.obj
 0001:00040c20       ?installResolutionPatches@@YAHXZ 66041c20 f   resolution.obj
 0001:000410d0       ?autoskill_addConfigVars@@YAXXZ 660420d0 f   skill.obj
 0001:00041110       ?autoskill_initConfigVars@@YAXXZ 66042110 f   skill.obj
 0001:00041270       ?AutoSkillNewGame@@YAXXZ   66042270 f   skill.obj
 0001:000412e0       ?checkAutoSkill@@YAXXZ     660422e0 f   skill.obj
 0001:00041620       ?checkAutoSkillStatus@@YAXXZ 66042620 f   skill.obj
 0001:000416e0       ?stackThrowing@@YAXXZ      660426e0 f   skill.obj
 0001:000417a0       ?AutoSkillNow@@YAHXZ       660427a0 f   skill.obj
 0001:000417d0       ?AutoSkillRunLoop@@YAXXZ   660427d0 f   skill.obj
 0001:00042c20       ?autoSkillDimVision@@YIXPAD@Z 66043c20 f   skill.obj
 0001:00042c70       ?Snapshot_AddConfigVars@@YAXXZ 66043c70 f   Snapshot.obj
 0001:00042cb0       ?hex@@YAXPAU_iobuf@@HPAXH@Z 66043cb0 f   Snapshot.obj
 0001:00042e40       ?LoadLogNames@@YAXPAU_iobuf@@@Z 66043e40 f   Snapshot.obj
 0001:000434b0       ?getSnapshotPath@@YAXPAD00000D@Z 660444b0 f   Snapshot.obj
 0001:000439b0       ?openDbgFile@@YAPAU_iobuf@@PAD@Z 660449b0 f   Snapshot.obj
 0001:00043be0       ?SnapshotNewGame@@YAXXZ    66044be0 f   Snapshot.obj
 0001:00043dc0       ?SnapshotEndGame@@YAXXZ    66044dc0 f   Snapshot.obj
 0001:000440e0       ?dumpStat@@YAXPAU_iobuf@@HHPAH@Z 660450e0 f   Snapshot.obj
 0001:000445d0       ?countAllGemRunes@@YAXXZ   660455d0 f   Snapshot.obj
 0001:000449c0       ?dumpStatList@@YAHPAU_iobuf@@PAUStatList@@H@Z 660459c0 f   Snapshot.obj
 0001:00045000       ?loadWaypoints@@YAXPADH@Z  66046000 f   Snapshot.obj
 0001:000450b0       ?saveWaypoints@@YAXPADH@Z  660460b0 f   Snapshot.obj
 0001:000487c0       ?dumpUnit2@@YAXPAU_iobuf@@PAUUnitAny@@@Z 660497c0 f   Snapshot.obj
 0001:000489a0       ?dumpMap@@YAXXZ            660499a0 f   Snapshot.obj
 0001:00048f10       ?saveMercInfo@@YIXPAD@Z    66049f10 f   Snapshot.obj
 0001:00049050       ?RecvCommand_81_Patch_ASM@@YAXXZ 6604a050 f   Snapshot.obj
 0001:00049060       ?removeSnapshot@@YAXPAD00@Z 6604a060 f   Snapshot.obj
 0001:000492a0       ?dumpServerQuest@@YAXPAU_iobuf@@@Z 6604a2a0 f   Snapshot.obj
 0001:00049520       ?DoSnapshot@@YAHXZ         6604a520 f   Snapshot.obj
 0001:00049ae0       ?AutoSummonNewGame@@YAXXZ  6604aae0 f   summon.obj
 0001:00049bd0       ?checkSkeletonCount@@YAXXZ 6604abd0 f   summon.obj
 0001:00049da0       ?AutoSummonRunLoop@@YAXXZ  6604ada0 f   summon.obj
 0001:0004a5c0       ?addUnit@@YIXPAUUnitAny@@@Z 6604b5c0 f   summon.obj
 0001:0004a640       ?AddUnitPatch_ASM@@YAXXZ   6604b640 f   summon.obj
 0001:0004a660       ?RemoveUnitPatch1_ASM@@YAXXZ 6604b660 f   summon.obj
 0001:0004a680       ?RemoveUnitPatch2_ASM@@YAXXZ 6604b680 f   summon.obj
 0001:0004a6a0       ?RecvCommand_69_Patch_ASM@@YAXXZ 6604b6a0 f   summon.obj
 0001:0004a6d0       ?RecvCommand_7A_Patch_ASM@@YAXXZ 6604b6d0 f   summon.obj
 0001:0004a700       ?RecvCommand_21_Patch_ASM@@YAXXZ 6604b700 f   summon.obj
 0001:0004a720       ?autoteleport_addConfigVars@@YAXXZ 6604b720 f   teleport.obj
 0001:0004a760       ?autoteleport_initConfigVars@@YAXXZ 6604b760 f   teleport.obj
 0001:0004a780       ?autoteleport_fixValues@@YAXXZ 6604b780 f   teleport.obj
 0001:0004a7a0       ?AutoTeleportStart@@YAHXZ  6604b7a0 f   teleport.obj
 0001:0004a840       ?AutoTeleportEnd@@YAHXZ    6604b840 f   teleport.obj
 0001:0004a8c0       ?AutoTeleport@@YAHXZ       6604b8c0 f   teleport.obj
 0001:0004c630       ?abs@@YAJJ@Z               6604d630 f i teleport.obj
 0001:0004cc20       ?dumpRunewordTxt@@YAXXZ    6604dc20 f   txt.obj
 0001:0004cf90       ?dumpTxt@@YAXXZ            6604df90 f   txt.obj
 0001:0004d560       ?panel_addConfigVars@@YAXXZ 6604e560 f   panel.obj
 0001:0004d5a0       ?printPanelConf@@YAPADHPAD0@Z 6604e5a0 f   panel.obj
 0001:0004d6d0       ?panelNewGame@@YAXXZ       6604e6d0 f   panel.obj
 0001:0004d860       ?panelEndGame@@YAXXZ       6604e860 f   panel.obj
 0001:0004d890       ?modifyStashGrid@@YAXXZ    6604e890 f   panel.obj
 0001:0004dd90       ?MpqLoadPatch@@YIXPAD0@Z   6604ed90 f   panel.obj
 0001:0004de70       ?MqpLoadPathPatch_ASM@@YAXXZ 6604ee70 f   panel.obj
 0001:0004de90       ?ModifyStashImagePatch_ASM@@YAXXZ 6604ee90 f   panel.obj
 0001:0004dea0       ?ModifyCubeImagePatch_ASM@@YAXXZ 6604eea0 f   panel.obj
 0001:0004ded0       ?ModifyInvCharImagePatch_ASM@@YAXXZ 6604eed0 f   panel.obj
 0001:0004df10       ?ChooseInvCharImagePatch_ASM@@YAXXZ 6604ef10 f   panel.obj
 0001:0004df40       ?CalDrawOffsetPatch_ASM@@YAXXZ 6604ef40 f   panel.obj
 0001:0004dfd0       ?GetEquipmentSlotLayoutPatch_ASM@@YAXXZ 6604efd0 f   panel.obj
 0001:0004e170       ?GetInventoryGridLayoutPatch_ASM@@YAXXZ 6604f170 f   panel.obj
 0001:0004e220       ?GetInventoryPositionPatch_ASM@@YAXXZ 6604f220 f   panel.obj
 0001:0004e2d0       ?AddSkillPatch_ASM@@YAXXZ  6604f2d0 f   panel.obj
 0001:0004e350       ?RecvCommand_26_Patch_ASM@@YAXXZ 6604f350 f   panel.obj
 0001:0004e750       ?installPanelPatches@@YAHXZ 6604f750 f   panel.obj
 0001:0004e8f0       ?uninstallBigstashPatches@@YAHXZ 6604f8f0 f   panel.obj
 0001:0004e910       ?installBigstashPatches@@YAHXZ 6604f910 f   panel.obj
 0001:0004edd0       ?server_addConfigVars@@YAXXZ 6604fdd0 f   server.obj
 0001:0004ee10       ?client_unassign_stat@@YAHHH@Z 6604fe10 f   server.obj
 0001:0004eef0       ?client_mouse_stat@@YAHHH@Z 6604fef0 f   server.obj
 0001:0004efc0       ?getSkillDescTxt@@YAPAXH@Z 6604ffc0 f   server.obj
 0001:0004efd0       ?getSkillTreeButtonY@@YAHH@Z 6604ffd0 f   server.obj
 0001:0004efe0       ?getSkillTreeButtonX@@YAHH@Z 6604ffe0 f   server.obj
 0001:0004eff0       ?client_mouse_skillBtn@@YAHHH@Z 6604fff0 f   server.obj
 0001:0004f0f0       ?client_unassign_skill@@YAHHH@Z 660500f0 f   server.obj
 0001:0004f1d0       ?client_reset_quest@@YAHH@Z 660501d0 f   server.obj
 0001:0004f200       ?UndoStr@@YAXPAUUnitAny@@H@Z 66050200 f   server.obj
 0001:0004f2a0       ?UndoDex@@YAXPAUUnitAny@@H@Z 660502a0 f   server.obj
 0001:0004f340       ?UndoVit@@YAXPAUUnitAny@@H@Z 66050340 f   server.obj
 0001:0004f440       ?UndoEne@@YAXPAUUnitAny@@H@Z 66050440 f   server.obj
 0001:0004f510       ?getClient@@YAPAXPAUUnitAny@@@Z 66050510 f   server.obj
 0001:0004f540       ?UndoSkill@@YAXPAUUnitAny@@HH@Z 66050540 f   server.obj
 0001:0004f720       ?getQuest@@YAPAGPAUWorld@@PAUUnitAny@@@Z 66050720 f   server.obj
 0001:0004f760       ?serverUndo@@YAHPAUWorld@@PAUUnitAny@@PAD2@Z 66050760 f   server.obj
 0001:0004fe50       ?ModifyStashGridPatch_ASM@@YAXXZ 66050e50 f   server.obj
 0001:0004fe60       ?compileRunesTxt@@YGPAXHPADPAUTxtField@@PAHH@Z 66050e60 f   server.obj
 0001:0004fec0       ?NoMonsterDropPatch_ASM@@YAXXZ 66050ec0 f   server.obj
 0001:0004ff90       ?GameStartPatch_ASM@@YAXXZ 66050f90 f   server.obj
 0001:00050130       ?server_test@@YAXH@Z       66051130 f   server.obj
 0001:00050150       ?DoServerTest@@YAHXZ       66051150 f   server.obj
 0001:00050240       ?installServerPatches@@YAHXZ 66051240 f   server.obj
 0001:000506f0       ?RepeatAdminCmd@@YAHXZ     660516f0 f   admin.obj
 0001:00050760       ?ClientChatPatch_ASM@@YAXXZ 66051760 f   admin.obj
 0001:00050800       ?setCharLv@@YAXPAUWorld@@PAUUnitAny@@H@Z 66051800 f   admin.obj
 0001:000508a0       ?maxCharStat@@YAXPAUWorld@@PAUUnitAny@@@Z 660518a0 f   admin.obj
 0001:00050950       ?enableAllWaypoints@@YAXPAUUnitAny@@@Z 66051950 f   admin.obj
 0001:000509d0       ?passGame@@YAHPAUWorld@@PAUUnitAny@@H@Z 660519d0 f   admin.obj
 0001:00050bf0       ?itemIndex2txt@@YAHH@Z     66051bf0 f   admin.obj
 0001:00050c80       ?SelectUniquePatch_ASM@@YAXXZ 66051c80 f   admin.obj
 0001:00050d50       ?SelectSetPatch_ASM@@YAXXZ 66051d50 f   admin.obj
 0001:00050de0       ?getItemTxtByCode@@YAHH@Z  66051de0 f   admin.obj
 0001:00050e90       ?getRunewordTxt@@YAPAURuneWordTxt@@H@Z 66051e90 f   admin.obj
 0001:00050ed0       ?pickupItem@@YAXPAUWorld@@PAUUnitAny@@1H@Z 66051ed0 f   admin.obj
 0001:00050f30       ?invToHand@@YAXPAUWorld@@PAUUnitAny@@1@Z 66051f30 f   admin.obj
 0001:00050f70       ?handToBody@@YAXPAUWorld@@PAUUnitAny@@1H@Z 66051f70 f   admin.obj
 0001:00051000       ?putItemIntoSocket@@YAXPAUWorld@@PAUUnitAny@@11@Z 66052000 f   admin.obj
 0001:00051040       ?autoPortal@@YAHPAUWorld@@PAUUnitAny@@@Z 66052040 f   admin.obj
 0001:00051470       ?MonsterSleepPatch_ASM@@YAXXZ 66052470 f   admin.obj
 0001:00051490       ?skipServerPacket15@@YIHPAUWorld@@PAUUnitAny@@PADH@Z 66052490 f   admin.obj
 0001:00054120       ?ServerRecvPacket15Patch_ASM@@YAXXZ 66055120 f   admin.obj
 0001:00054150       ?uber_addConfigVars@@YAXXZ 66055150 f   uber.obj
 0001:00054190       ?resetUberQuest@@YAXXZ     66055190 f   uber.obj
 0001:00054200       ?openPandPortal@@YIHPAUWorld@@PAUUnitAny@@@Z 66055200 f   uber.obj
 0001:000542c0       ?openPandFinalPortal@@YIHPAUWorld@@PAUUnitAny@@@Z 660552c0 f   uber.obj
 0001:00054300       ?spawnSuperUnique@@YAHPAUWorld@@PAUAreaRectData@@HHHHHH@Z 66055300 f   uber.obj
 0001:00054330       ?monsterUseSkill@@YAXPAUWorld@@PAUUnitAny@@HH1HH@Z 66055330 f   uber.obj
 0001:00054370       ?spawnUber@@YGXPAUWorld@@PAUAreaRectData@@@Z 66055370 f   uber.obj
 0001:000545c0       ?GetNbMonsters@@YAHPAUDrlgLevel@@@Z 660555c0 f   uber.obj
 0001:00054650       ?GetNbMonstersRadius@@YAHPAUDrlgLevel@@UtagPOINT@@H@Z 66055650 f   uber.obj
 0001:00054710       ?CastSummonMonster@@YAHPAUWorld@@PAUUnitAny@@HHPAHHH@Z 66055710 f   uber.obj
 0001:00054840       ?randf@@YANXZ              66055840 f   uber.obj
 0001:00054860       ?RandInCircle@@YAXPAUtagPOINT@@H@Z 66055860 f   uber.obj
 0001:000548c0       ?uberMephAI@@YIXPAUWorld@@PAUUnitAny@@PAUAIParam@@@Z 660558c0 f   uber.obj
 0001:00054950       ?uberDiabloAI@@YIXPAUWorld@@PAUUnitAny@@PAUAIParam@@@Z 66055950 f   uber.obj
 0001:00054aa0       ?uberBaalAI@@YIXPAUWorld@@PAUUnitAny@@PAUAIParam@@@Z 66055aa0 f   uber.obj
 0001:00054c70       ?installUberQuestPatches@@YAHXZ 66055c70 f   uber.obj
 0001:00054d96       ??0_LocaleUpdate@@QAE@PAUlocaleinfo_struct@@@Z 66055d96 f i LIBCMT:stricmp.obj
 0001:00054e1d       ___ascii_stricmp           66055e1d f   LIBCMT:stricmp.obj
 0001:00054e56       __stricmp_l                66055e56 f   LIBCMT:stricmp.obj
 0001:00054f2b       __stricmp                  66055f2b f   LIBCMT:stricmp.obj
 0001:00054f7d       __flush                    66055f7d f   LIBCMT:fflush.obj
 0001:00054fe5       __fflush_nolock            66055fe5 f   LIBCMT:fflush.obj
 0001:00055107       _fflush                    66056107 f   LIBCMT:fflush.obj
 0001:0005515a       __flushall                 6605615a f   LIBCMT:fflush.obj
 0001:00055163       _fprintf                   66056163 f   LIBCMT:fprintf.obj
 0001:0005527f       _bsearch                   6605627f f   LIBCMT:bsearch.obj
 0001:00055341       @__security_check_cookie@4 66056341 f   LIBCMT:secchk.obj
 0001:00055350       _sprintf                   66056350 f   LIBCMT:sprintf.obj
 0001:000553d0       _memset                    660563d0 f   LIBCMT:memset.obj
 0001:0005544a       __fclose_nolock            6605644a f   LIBCMT:fclose.obj
 0001:000554c1       _fclose                    660564c1 f   LIBCMT:fclose.obj
 0001:0005553d       _fputs                     6605653d f   LIBCMT:fputs.obj
 0001:00055650       _strncpy                   66056650 f   LIBCMT:strncpy.obj
 0001:00055790       _strchr                    66056790 f   LIBCMT:strchr.obj
 0001:00055796       ___from_strstr_to_strchr   66056796     LIBCMT:strchr.obj
 0001:00055850       _strrchr                   66056850 f   LIBCMT:strrchr.obj
 0001:00055940       _qsort                     66056940 f   LIBCMT:qsort.obj
 0001:00055b8d       _realloc                   66056b8d f   LIBCMT:realloc.obj
 0001:00055db0       _memcpy                    66056db0 f   LIBCMT:memcpy.obj
 0001:00056115       __isalpha_l                66057115 f i LIBCMT:_ctype.obj
 0001:0005616b       _isalpha                   6605716b f i LIBCMT:_ctype.obj
 0001:0005619b       __isdigit_l                6605719b f i LIBCMT:_ctype.obj
 0001:000561ec       _isdigit                   660571ec f i LIBCMT:_ctype.obj
 0001:0005621a       __isspace_l                6605721a f i LIBCMT:_ctype.obj
 0001:0005626b       _isspace                   6605726b f i LIBCMT:_ctype.obj
 0001:00056299       __isalnum_l                66057299 f i LIBCMT:_ctype.obj
 0001:000562ef       _isalnum                   660572ef f i LIBCMT:_ctype.obj
 0001:0005654e       _strtol                    6605754e f   LIBCMT:strtol.obj
 0001:00056579       _strtoul                   66057579 f   LIBCMT:strtol.obj
 0001:000565a5       __toupper_l                660575a5 f   LIBCMT:toupper.obj
 0001:000566bb       _toupper                   660576bb f   LIBCMT:toupper.obj
 0001:000566e7       __memicmp_l                660576e7 f   LIBCMT:memicmp.obj
 0001:000567bc       __memicmp                  660577bc f   LIBCMT:memicmp.obj
 0001:0005681b       ___iob_func                6605781b f   LIBCMT:_file.obj
 0001:00056821       ___initstdio               66057821 f   LIBCMT:_file.obj
 0001:000568d2       ___endstdio                660578d2 f   LIBCMT:_file.obj
 0001:000568f2       __lock_file                660578f2 f   LIBCMT:_file.obj
 0001:00056933       __lock_file2               66057933 f   LIBCMT:_file.obj
 0001:00056965       __unlock_file              66057965 f   LIBCMT:_file.obj
 0001:000569a1       __unlock_file2             660579a1 f   LIBCMT:_file.obj
 0001:000569d0       __cfltcvt_init             660579d0 f   LIBCMT:_fpinit_.obj
 0001:00056a30       __fpmath                   66057a30 f   LIBCMT:_fpinit_.obj
 0001:00056a60       __except_handler4          66057a60 f   LIBCMT:chandler4.obj
 0001:00056bec       _V6_HeapAlloc              66057bec f   LIBCMT:malloc.obj
 0001:00056c3b       _malloc                    66057c3b f   LIBCMT:malloc.obj
 0001:00056d10       _strstr                    66057d10 f   LIBCMT:strstr.obj
 0001:00056d96       _fgets                     66057d96 f   LIBCMT:fgets.obj
 0001:00056ede       __fseek_nolock             66057ede f   LIBCMT:fseek.obj
 0001:00056f68       _fseek                     66057f68 f   LIBCMT:fseek.obj
 0001:00056fed       __fread_nolock_s           66057fed f   LIBCMT:fread.obj
 0001:000571f7       _fread_s                   660581f7 f   LIBCMT:fread.obj
 0001:0005728d       _fread                     6605828d f   LIBCMT:fread.obj
 0001:000572aa       _strtok                    660582aa f   LIBCMT:strtok.obj
 0001:00057370       __ftol2_sse                66058370 f   LIBCMT:ftol2.obj
 0001:00057379       __ftol2_pentium4           66058379 f   LIBCMT:ftol2.obj
 0001:0005738c       __ftol2_sse_excpt          6605838c f   LIBCMT:ftol2.obj
 0001:000573a6       __ftol2                    660583a6 f   LIBCMT:ftol2.obj
 0001:0005741b       ??3@YAXPAX@Z               6605841b f   LIBCMT:delete.obj
 0001:00057426       ??0bad_alloc@std@@QAE@XZ   66058426 f i LIBCMT:new.obj
 0001:00057441       ??1bad_alloc@std@@UAE@XZ   66058441 f i LIBCMT:new.obj
 0001:0005744c       ??_Ebad_alloc@std@@UAEPAXI@Z 6605844c f i LIBCMT:new.obj
 0001:0005744c       ??_Gbad_alloc@std@@UAEPAXI@Z 6605844c f i LIBCMT:new.obj
 0001:00057473       ??0bad_alloc@std@@QAE@ABV01@@Z 66058473 f i LIBCMT:new.obj
 0001:00057490       ??2@YAPAXI@Z               66058490 f   LIBCMT:new.obj
 0001:000574f5       _free                      660584f5 f   LIBCMT:free.obj
 0001:0005765d       __stat64i32                6605865d f   LIBCMT:stati32.obj
 0001:00057a31       __fwrite_nolock            66058a31 f   LIBCMT:fwrite.obj
 0001:00057b93       _fwrite                    66058b93 f   LIBCMT:fwrite.obj
 0001:00057c15       __fsopen                   66058c15 f   LIBCMT:fopen.obj
 0001:00057cd9       _fopen                     66058cd9 f   LIBCMT:fopen.obj
 0001:00057cf0       __snprintf                 66058cf0 f   LIBCMT:snprintf.obj
 0001:00057d9f       __ftell_nolock             66058d9f f   LIBCMT:ftell.obj
 0001:00057f3c       _ftell                     66058f3c f   LIBCMT:ftell.obj
 0001:00057fb0       __alloca_probe             66058fb0     LIBCMT:chkstk.obj
 0001:00057fb0       __chkstk                   66058fb0 f   LIBCMT:chkstk.obj
 0001:00057fe0       __CIsqrt                   66058fe0 f   LIBCMT:_sqrt_.obj
 0001:00057ff4       _sqrt                      66058ff4     LIBCMT:_sqrt_.obj
 0001:0005809a       __vsnprintf_l              6605909a f   LIBCMT:vsnprint.obj
 0001:0005814d       __vsnprintf                6605914d f   LIBCMT:vsnprint.obj
 0001:0005816a       _rand                      6605916a f   LIBCMT:rand.obj
 0001:0005818c       _rename                    6605918c f   LIBCMT:rename.obj
 0001:000581c0       _memmove                   660591c0 f   LIBCMT:memmove.obj
 0001:00058525       __isleadbyte_l             66059525 f i LIBCMT:_wctype.obj
 0001:0005855d       _isleadbyte                6605955d f i LIBCMT:_wctype.obj
 0001:00058570       _iswspace                  66059570 f i LIBCMT:_wctype.obj
 0001:00058583       _fputc                     66059583 f   LIBCMT:fputc.obj
 0001:0005868f       __get_printf_count_output  6605968f f   LIBCMT:printf.obj
 0001:000586a5       __time64                   660596a5 f   LIBCMT:time64.obj
 0001:000586f6       __freea                    660596f6 f i LIBCMT:strupr.obj
 0001:00058894       __strupr_s_l               66059894 f   LIBCMT:strupr.obj
 0001:000588c9       __strupr                   660598c9 f   LIBCMT:strupr.obj
 0001:00058b28       _wcstol                    66059b28 f   LIBCMT:wcstol.obj
 0001:00058b60       __allshr                   66059b60 f   LIBCMT:llshr.obj
 0001:00058b90       _sin                       66059b90 f   LIBCMT:_sin_.obj
 0001:00058bd0       __CIsin                    66059bd0 f   LIBCMT:_sin_.obj
 0001:00058c0b       __CIsin_default            66059c0b f   LIBCMT:_sin_.obj
 0001:00058c1f       __sin_default              66059c1f     LIBCMT:_sin_.obj
 0001:00058cc0       _cos                       66059cc0 f   LIBCMT:_cos_.obj
 0001:00058d00       __CIcos                    66059d00 f   LIBCMT:_cos_.obj
 0001:00058d3b       __CIcos_default            66059d3b f   LIBCMT:_cos_.obj
 0001:00058d4f       __cos_default              66059d4f     LIBCMT:_cos_.obj
 0001:00058de9       __CRT_INIT@12              66059de9 f   LIBCMT:dllcrt0.obj
 0001:00059014       __DllMainCRTStartup@12     6605a014 f   LIBCMT:dllcrt0.obj
 0001:0005925d       ___updatetmbcinfo          6605a25d f   LIBCMT:mbctype.obj
 0001:0005937d       __setmbcp_nolock           6605a37d f   LIBCMT:mbctype.obj
 0001:00059562       __setmbcp                  6605a562 f   LIBCMT:mbctype.obj
 0001:000596fc       ___initmbctable            6605a6fc f   LIBCMT:mbctype.obj
 0001:0005971a       ___freetlocinfo            6605a71a f   LIBCMT:setlocal.obj
 0001:00059863       ___addlocaleref            6605a863 f   LIBCMT:setlocal.obj
 0001:000598f2       ___removelocaleref         6605a8f2 f   LIBCMT:setlocal.obj
 0001:000599c9       ___updatetlocinfo          6605a9c9 f   LIBCMT:setlocal.obj
 0001:00059a3f       __encode_pointer           6605aa3f f   LIBCMT:tidtable.obj
 0001:00059ab1       __encoded_null             6605aab1 f   LIBCMT:tidtable.obj
 0001:00059aba       __decode_pointer           6605aaba f   LIBCMT:tidtable.obj
 0001:00059b2c       ___crtTlsAlloc@4           6605ab2c f   LIBCMT:tidtable.obj
 0001:00059b35       ___set_flsgetvalue         6605ab35 f   LIBCMT:tidtable.obj
 0001:00059b69       __mtterm                   6605ab69 f   LIBCMT:tidtable.obj
 0001:00059ba6       __initptd                  6605aba6 f   LIBCMT:tidtable.obj
 0001:00059c8d       __getptd_noexit            6605ac8d f   LIBCMT:tidtable.obj
 0001:00059d06       __getptd                   6605ad06 f   LIBCMT:tidtable.obj
 0001:00059d20       __freefls@4                6605ad20 f   LIBCMT:tidtable.obj
 0001:00059e4f       __freeptd                  6605ae4f f   LIBCMT:tidtable.obj
 0001:00059ebd       __mtinit                   6605aebd f   LIBCMT:tidtable.obj
 0001:0005a04a       __tolower_l                6605b04a f   LIBCMT:tolower.obj
 0001:0005a15f       _tolower                   6605b15f f   LIBCMT:tolower.obj
 0001:0005a18b       __initp_misc_invarg        6605b18b f   LIBCMT:invarg.obj
 0001:0005a19a       __invoke_watson            6605b19a f   LIBCMT:invarg.obj
 0001:0005a2c2       __invalid_parameter        6605b2c2 f   LIBCMT:invarg.obj
 0001:0005a2e8       __get_errno_from_oserr     6605b2e8 f   LIBCMT:dosmap.obj
[...]
 0001:00003830       ?changeLogPath@@YAHPAD@Z   66004830 f   config.obj
 0001:000039d0       ?loadConfig@@YAXPAD@Z      660049d0 f   config.obj
 0001:000041e0       ?loadTagFile@@YAXPAD@Z     660051e0 f   config.obj
 0001:00004390       ?loadSymbolFile@@YAXPAD@Z  66005390 f   config.obj
 0001:00004590       ?isNumber@@YAHPAD@Z        66005590 f   config.obj
 0001:000054c0       ?doPatchCALL@@YAXHHH@Z     660064c0 f   install.obj
 0001:00005510       ?doPatchJMP@@YAXHHH@Z      66006510 f   install.obj
 0001:00005560       ?doPatchFILL@@YAXHHH@Z     66006560 f   install.obj
 0001:000055b0       ?doPatchVALUE@@YAXHHH@Z    660065b0 f   install.obj
 0001:000057d0       ?parseOriginalCode@@YAHPADH0HPAH@Z 660067d0 f   install.obj
 0001:00009370       ?InstallPatchAfterLoad@@YAXXZ 6600a370 f   install.obj
 0001:000093a0       ?installD2PatchesAfterLoad@@YAHXZ 6600a3a0 f   install.obj
 0001:00009700       ?installNetworkRecvPatch@@YAHXZ 6600a700 f   install.obj
 0001:00009750       ?installPatchToggle@@YAHXZ 6600a750 f   install.obj
 0001:00009830       ?installD2Patches@@YAHXZ   6600a830 f   install.obj
 0001:000130f0       ?dumpPtr@@YAXPAU_iobuf@@PADHH1H@Z 660140f0 f   install.obj
 0001:00013370       ?dump@@YAXXZ               66014370 f   install.obj
 0001:000138b0       ?ReloadDll@@YAHXZ          660148b0 f   install.obj
 0001:00013910       ?ReloadConfig@@YAHXZ       66014910 f   install.obj
 0001:00014200       _stat                      66015200 f   common.obj
 0001:00014200       _stat                      66015200 f   common.obj
 0001:000145e0       ?d2msg@@YAXHPA_WH@Z        660155e0 f   common.obj
 0001:00016cf0       ?comparePet@@YAHPBX0@Z     66017cf0 f   common.obj
 0001:00016cf0       ?comparePvp@@YAHPBX0@Z     66017cf0 f   common.obj
 0001:00016cf0       ?compareItem@@YAHPBX0@Z    66017cf0 f   common.obj
 0001:00017840       ?sendPacket43E0Patch_ASM@@YAXXZ 66018840 f   dbg.obj
 0001:00017860       ?sendPacket43E0@@YIXPADHH@Z 66018860 f   dbg.obj
 0001:000178b0       ?sendPacket3Patch_ASM@@YAXXZ 660188b0 f   dbg.obj
 0001:000178d0       ?sendPacket3@@YIXDFH@Z     660188d0 f   dbg.obj
 0001:00017920       ?clickMenuItemPatch_ASM@@YAXXZ 66018920 f   dbg.obj
 0001:00017940       ?clickMenuItem@@YIXH@Z     66018940 f   dbg.obj
 0001:00018200       ?gameStart@@YAXXZ          66019200 f   loop.obj
 0001:00018550       ?checkTag@@YAXPAD@Z        66019550 f   loop.obj
 0001:00018f70       ?updateTargetName@@YAXXZ   66019f70 f   map.obj
 0001:000192c0       ?selectWaypointTarget@@YAXXZ 6601a2c0 f   map.obj
 0001:00019890       ?LoadBmpCellFile@@YAPAUCellFile@@PAD@Z 6601a890 f   map.obj
 0001:00019940       ?InitCellFile@@YAPAUCellFile@@PAU1@@Z 6601a940 f   map.obj
 0001:00019a50       ?DeleteCellFile@@YAXPAUCellFile@@@Z 6601aa50 f   map.obj
 0001:00019cb0       ?addCorner@@YAXPAUSC@@HH@Z 6601acb0 f   map.obj
 0001:00019ff0       ?modifyRescueBarTarget@@YAXXZ 6601aff0 f   map.obj
 0001:0001a130       ?target_sort@@YAXPAPAUMinimapLevelTarget@@@Z 6601b130 f   map.obj
 0001:0001a200       ?modifySealTarget@@YAXXZ   6601b200 f   map.obj
 0001:0001a660       ?modifyTempleTarget@@YAXXZ 6601b660 f   map.obj
 0001:0001a710       ?modifyTeleportTarget@@YAXXZ 6601b710 f   map.obj
 0001:0001aa50       ?ResetAutomapNodeCellNo@@YAXPAUAutomapNode@@@Z 6601ba50 f   map.obj
 0001:0001ae40       ?wscolorcpy@@YAPA_WPA_W0E@Z 6601be40 f   map.obj
 0001:0001ae40       ?wscolorcpy@@YAPA_WPA_W0E@Z 6601be40 f   map.obj
 0001:0001c790       ?isConnected@@YAHPAUAreaRectInfo@@0PAUtagPOINT@@@Z 6601d790 f   map.obj
 0001:0001caf0       ?drawAreaRect@@YAXPAUAreaRectInfo@@H@Z 6601daf0 f   map.obj
 0001:0001ce10       ?DrawMinimapPoint@@YAXXZ   6601de10 f   map.obj
 0001:0001dfa0       ?hex@@YAXPAU_iobuf@@HPAXH@Z 6601efa0 f   packet.obj
 0001:0001fc10       ?drawAARect@@YAXPAURouteRect@@@Z 66020c10 f   route.obj
 0001:0001ff70       ?initRectRoute@@YAHPAUMinimapLevelTarget@@@Z 66020f70 f   route.obj
 0001:00020370       ?canTeleport@@YAHPAUAreaRectData@@PAURouteRect@@@Z 66021370 f   route.obj
 0001:000204d0       ?recycleRouteInfo@@YAXPAUMinimapLevelTarget@@@Z 660214d0 f   route.obj
 0001:00020630       ?performRectRoute@@YAXPAUMinimapLevelTarget@@@Z 66021630 f   route.obj
 0001:00021130       ?recvWaypointMenu@@YIHPADH@Z 66022130 f   waypoint.obj
 0001:00021ff0       ?setWinTitle@@YAXPAUHWND__@@H@Z 66022ff0 f   winmsg.obj
 0001:00023020       ?keyDown@@YIHHH@Z          66024020 f   winmsg.obj
 0001:000232d0       ?shouldProcessKey@@YAHHH@Z 660242d0 f   winmsg.obj
 0001:00023390       ?keyUp@@YIHHH@Z            66024390 f   winmsg.obj
 0001:000235c0       ?createVersionTextBox@@YAXXZ 660245c0 f   winmsg.obj
 0001:000236d0       ?debugMsDrawUnitStart@@YAXXZ 660246d0 f   winmsg.obj
 0001:00023750       ?beforeDrawControl@@YAXXZ  66024750 f   winmsg.obj
 0001:00023780       ?debugMsDrawControlStart@@YAXXZ 66024780 f   winmsg.obj
 0001:000237c0       ?debugMsDrawControlEnd@@YAXXZ 660247c0 f   winmsg.obj
 0001:00023820       ?shouldSkipDrawUnitAndControl@@YAHXZ 66024820 f   winmsg.obj
 0001:000238a0       ?shouldSkipAllDrawing@@YAHXZ 660248a0 f   winmsg.obj
 0001:00023940       ?skipDrawMenu2@@YAHXZ      66024940 f   winmsg.obj
 0001:000239c0       ?mainMenuSkip@@YAHXZ       660249c0 f   winmsg.obj
 0001:000240e0       ?drawGroundRect@@YAXPAUAreaRectData@@@Z 660250e0 f   env.obj
 0001:00024860       ?checkWeapon@@YAXPAUUnitAny@@@Z 66025860 f   GameMonitor.obj
 0001:00024960       ?checkItem@@YAXPAUUnitAny@@H@Z 66025960 f   GameMonitor.obj
 0001:000272f0       ?recvState@@YIXPAE@Z       660282f0 f   GameMonitor.obj
 0001:00027880       ?drawSimpleItemStack@@YAXXZ 66028880 f   GameMonitor.obj
 0001:00027980       ?drawUnitsInfoInRect@@YAXPAUAreaRectData@@@Z 66028980 f   GameMonitor.obj
 0001:00027cd0       ?drawPlayerName@@YAXPAUUnitAny@@@Z 66028cd0 f   GameMonitor.obj
 0001:00028120       ?drawBossHp@@YAXPAUUnitAny@@@Z 66029120 f   GameMonitor.obj
 0001:0002d930       ?drawInvItem@@YIXHHPAUUnitAny@@@Z 6602e930 f   item.obj
 0001:0002f470       ?rescanMercPointers@@YAXXZ 66030470 f   dangerous.obj
 0001:00030780       ?checkQuest@@YAXHHHPAD@Z   66031780 f   quest.obj
 0001:00030b90       ?questAlert@@YAXXZ         66031b90 f   quest.obj
 0001:00031b70       ?drawQuestState@@YAXPAG0HHH@Z 66032b70 f   quest.obj
 0001:00033f70       ?switchTo@@YAXH@Z          66034f70 f   bo.obj
 0001:00034070       ?useSkill@@YAHH@Z          66035070 f   bo.obj
 0001:000343e0       _time                      660353e0 f   d2s.obj
 0001:00035570       ?hasProp@@YAHPAUUnitAny@@HH@Z 66036570 f   DropProtection.obj
 0001:000359f0       ?deleteCharacterCallback@@YIXPAD0@Z 660369f0 f   DropProtection.obj
 0001:00035a80       ?canDeleteCharacter@@YIHPAUD2Character@@@Z 66036a80 f   DropProtection.obj
 0001:00036050       ?skipMenuItem@@YIHPAUMenuItem@@@Z 66037050 f   DropProtection.obj
 0001:00036a50       ?findTargetItem@@YAPAUUnitAny@@H@Z 66037a50 f   DropProtection.obj
 0001:000370f0       ?doEnchant@@YAHPAUUnitAny@@@Z 660380f0 f   enchant.obj
 0001:00038570       ?sortGameList@@YAXXZ       66039570 f   mcp.obj
 0001:000385b0       ?compareMcp05Game@@YAHPBX0@Z 660395b0 f   mcp.obj
 0001:00038600       ?showGameListDifficulty@@YIXPAXPAD@Z 66039600 f   mcp.obj
 0001:00038860       ?compareCharTag@@YAHPBX0@Z 66039860 f   login.obj
 0001:00038e00       ?c2w@@YAXPADPA_W@Z         66039e00 f   login.obj
 0001:00038f80       ?selectChar@@YIXH@Z        66039f80 f   login.obj
 0001:0003b450       ?teamMemberInArea@@YAHH@Z  6603c450 f   multi.obj
 0001:0003b4f0       ?interactObject@@YAXXZ     6603c4f0 f   multi.obj
 0001:0003bb30       ?sendStartFollowCmd@@YAHPAUD2Window@@@Z 6603cb30 f   multi.obj
 0001:0003bb60       ?sendStopFollowCmd@@YAHPAUD2Window@@@Z 6603cb60 f   multi.obj
 0001:0003d190       ?checkItems@@YAXHH@Z       6603e190 f   NpcTrade.obj
 0001:0003d2d0       ?checkItem@@YAXPAUUnitAny@@H@Z 6603e2d0 f   NpcTrade.obj
 0001:0003ec90       ?canPutIn@@YAHPADHHHH@Z    6603fc90 f   QuickSwapItem.obj
 0001:0003f530       ?updateCubeInvMap@@YAXXZ   66040530 f   QuickSwapItem.obj
 0001:0003f850       ?dropItemToGound@@YAHXZ    66040850 f   QuickSwapItem.obj
 0001:0003f8c0       ?updateInv@@YAXPAUInventoryType@@H@Z 660408c0 f   QuickSwapItem.obj
 0001:0003f970       ?putIntoSimpleItemStack@@YAXXZ 66040970 f   QuickSwapItem.obj
 0001:0003fa20       ?findSimpleItemStack@@YAPAUUnitAny@@H@Z 66040a20 f   QuickSwapItem.obj
 0001:000400a0       ?pickupItem@@YAHPAUUnitAny@@@Z 660410a0 f   QuickSwapItem.obj
 0001:00040130       ?findGemInv@@YAPAUUnitAny@@HH@Z 66041130 f   QuickSwapItem.obj
 0001:000407a0       ?getGlobalBeltSlotPosition@@YIXPAH0@Z 660417a0 f   resolution.obj
 0001:00040850       ?getGlobalBeltRecord@@YIXPAH@Z 66041850 f   resolution.obj
 0001:00040910       ?adjWinRectEx@@YGHHPAUtagRECT@@HHH@Z 66041910 f   resolution.obj
 0001:000413c0       ?isAutoSkill@@YAHPAUSkill@@@Z 660423c0 f   skill.obj
 0001:00041520       ?checkAutoSkill1@@YAXHH@Z  66042520 f   skill.obj
 0001:00041d60       ?updateSkill@@YAXPAUAutoSkillInfo@@H@Z 66042d60 f   skill.obj
 0001:000423e0       ?processStacking@@YAXXZ    660433e0 f   skill.obj
 0001:00042520       ?canUse@@YAHPAUAutoSkillInfo@@@Z 66043520 f   skill.obj
 0001:00042600       ?checkUnit@@YAXPAUUnitAny@@@Z 66043600 f   skill.obj
 0001:00043d10       ?getLvPercent@@YAHPAUUnitAny@@@Z 66044d10 f   Snapshot.obj
 0001:00043fc0       ?openSnapshotFile@@YAPAU_iobuf@@PAD00D0H@Z 66044fc0 f   Snapshot.obj
 0001:000446f0       ?countGemRunes@@YAXPAUUnitAny@@@Z 660456f0 f   Snapshot.obj
 0001:00044c40       ?dumpStats@@YAHPAU_iobuf@@PAUStat@@@Z 66045c40 f   Snapshot.obj
 0001:00045140       ?dumpInventory@@YAXXZ      66046140 f   Snapshot.obj
 0001:000456c0       ?dumpUnit@@YAXPAU_iobuf@@PAUUnitAny@@@Z 660466c0 f   Snapshot.obj
 0001:000460f0       ?outputGemRune@@YAXPAU_iobuf@@@Z 660470f0 f   Snapshot.obj
 0001:00046380       ?dumpItem@@YAXPAU_iobuf@@PAUUnitAny@@HH@Z 66047380 f   Snapshot.obj
 0001:00047400       ?addItem@@YAXPAUUnitAny@@H@Z 66048400 f   Snapshot.obj
 0001:00047790       ?isStartEq@@YAHPAUUnitAny@@@Z 66048790 f   Snapshot.obj
 0001:00047800       ?dumpItems@@YAXPAU_iobuf@@PAUUnitAny@@H@Z 66048800 f   Snapshot.obj
 0001:000478d0       ?dumpQuests@@YAXPAU_iobuf@@@Z 660488d0 f   Snapshot.obj
 0001:00048040       ?dumpTodo@@YAXPAU_iobuf@@HPADPAUQ@@@Z 66049040 f   Snapshot.obj
 0001:00048160       ?loadQuests@@YAXXZ         66049160 f   Snapshot.obj
 0001:00048230       ?dumpWaypoints@@YAXPAU_iobuf@@@Z 66049230 f   Snapshot.obj
 0001:000483d0       ?dumpSkills@@YAXPAU_iobuf@@PAUUnitAny@@@Z 660493d0 f   Snapshot.obj
 0001:000484e0       ?dumpSkill@@YAXPAU_iobuf@@PAUSkill@@@Z 660494e0 f   Snapshot.obj
 0001:000485f0       ?dumpObject@@YAXPAU_iobuf@@PAUUnitAny@@@Z 660495f0 f   Snapshot.obj
 0001:00048750       ?dumpAreatile@@YAXPAU_iobuf@@PAUUnitAny@@@Z 66049750 f   Snapshot.obj
 0001:00049250       ?doDeleteSnapshotFile@@YAXPAD@Z 6604a250 f   Snapshot.obj
 0001:0004a000       ?checkSummonSkillLevel@@YAXXZ 6604b000 f   summon.obj
 0001:0004a150       ?getSummonCount@@YAHH@Z    6604b150 f   summon.obj
 0001:0004a180       ?needSummon@@YAHXZ         6604b180 f   summon.obj
 0001:0004a390       ?switchSummonSkill@@YAXH@Z 6604b390 f   summon.obj
 0001:0004a3c0       ?checkUnit@@YAXPAUUnitAny@@@Z 6604b3c0 f   summon.obj
 0001:0004ad80       ?findBoss@@YAHHH@Z         6604bd80 f   teleport.obj
 0001:0004ae50       ?resetMonsters@@YAXXZ      6604be50 f   teleport.obj
 0001:0004aed0       ?findMonsters@@YAXXZ       6604bed0 f   teleport.obj
 0001:0004b250       ?addMonMap@@YAXHH@Z        6604c250 f   teleport.obj
 0001:0004b2b0       ?calBoundingBox@@YAXXZ     6604c2b0 f   teleport.obj
 0001:0004b3f0       ?getMonDis@@YAHPAUtagPOINT@@@Z 6604c3f0 f   teleport.obj
 0001:0004b450       ?dis@@YAHPAUtagPOINT@@0@Z  6604c450 f   teleport.obj
 0001:0004b480       ?interact@@YAXPAUtagPOINT@@HH@Z 6604c480 f   teleport.obj
 0001:0004b560       ?interactObj@@YAXPAUUnitAny@@@Z 6604c560 f   teleport.obj
 0001:0004b6e0       ?teleportForward@@YAHXZ    6604c6e0 f   teleport.obj
 0001:0004bb00       ?addPossiblePostions@@YAXPAUAreaRectData@@0PAUtagPOINT@@H@Z 6604cb00 f   teleport.obj
 0001:0004bf20       ?disM256@@YAHPAUtagPOINT@@0@Z 6604cf20 f   teleport.obj
 0001:0004bf50       ?hasMon@@YAHHH@Z           6604cf50 f   teleport.obj
 0001:0004bfb0       ?findValidPosition@@YAHXZ  6604cfb0 f   teleport.obj
 0001:0004c090       ?comparePos@@YAHPBX0@Z     6604d090 f   teleport.obj
 0001:0004c0b0       ?teleportToSafety@@YAHXZ   6604d0b0 f   teleport.obj
 0001:0004c350       ?savePrevMonsters@@YAXXZ   6604d350 f   teleport.obj
 0001:0004c420       ?findSafestPosition@@YAHXZ 6604d420 f   teleport.obj
 0001:0004c4a0       ?tpToBoss@@YAHXZ           6604d4a0 f   teleport.obj
 0001:0004c640       ?autoTarget@@YAHXZ         6604d640 f   teleport.obj
 0001:0004c7b0       ?telekinesisTarget@@YAHPAUUnitAny@@@Z 6604d7b0 f   teleport.obj
 0001:0004cac0       ?findTelekinesisPosition@@YAHXZ 6604dac0 f   teleport.obj
 0001:0004cbb0       ?autoDuranceofHateLevel3@@YAHXZ 6604dbb0 f   teleport.obj
 0001:0004ce30       ?dumpProp@@YAXPAU_iobuf@@PAUItemProp@@@Z 6604de30 f   txt.obj
 0001:0004cfb0       ?dumpItemTxt@@YAXXZ        6604dfb0 f   txt.obj
 0001:0004d120       ?dumpUniqueTxt@@YAXXZ      6604e120 f   txt.obj
 0001:0004d330       ?dumpSetTxt@@YAXXZ         6604e330 f   txt.obj
 0001:0004d9f0       ?setStash@@YAXHH@Z         6604e9f0 f   panel.obj
 0001:0004db50       ?setCube@@YAXH@Z           6604eb50 f   panel.obj
 0001:0004dcd0       ?setCharInv@@YAXHH@Z       6604ecd0 f   panel.obj
 0001:0004def0       ?loadInvChar8x10@@YAXXZ    6604eef0 f   panel.obj
 0001:0004df50       ?calDrawOffset@@YAXXZ      6604ef50 f   panel.obj
 0001:0004dfe0       ?getEquipmentSlotLayout@@YIXPAH0@Z 6604efe0 f   panel.obj
 0001:0004e080       ?getEquipInvDrawOffset@@YAXPAH0PAX@Z 6604f080 f   panel.obj
 0001:0004e180       ?getInventoryGridLayout@@YIXPAH0@Z 6604f180 f   panel.obj
 0001:0004e230       ?getInventoryPosition@@YIXPAH0@Z 6604f230 f   panel.obj
 0001:0004e2e0       ?addSkillPatch@@YIXH@Z     6604f2e0 f   panel.obj
 0001:0004e360       ?recvCommand26@@YIXPAD@Z   6604f360 f   panel.obj
 0001:0004e6e0       ?guessInvType@@YAHHH@Z     6604f6e0 f   panel.obj
 0001:0004e700       ?guessStashType@@YAHHH@Z   6604f700 f   panel.obj
 0001:0004e720       ?guessCubeType@@YAHHH@Z    6604f720 f   panel.obj
 0001:0004f700       ?SetSkillBaseLevelOnClient@@YAXPAXPAUUnitAny@@HHH@Z 66050700 f   server.obj
 0001:0004fc70       ?resetQuest@@YAXPAUWorld@@PAUUnitAny@@H@Z 66050c70 f   server.obj
 0001:0004fee0       ?skipDropTxt@@YIHH@Z       66050ee0 f   server.obj
 0001:0004ffa0       ?gameStart@@YIXPAUNetClient@@@Z 66050fa0 f   server.obj
 0001:0004fff0       ?createHackmapMsg@@YAXXZ   66050ff0 f   server.obj
 0001:00050170       ?serverRecvTest@@YAXPAUWorld@@PAUUnitAny@@H@Z 66051170 f   server.obj
 0001:00050230       ?necSummon@@YAPAUUnitAny@@PAUNecSummon@@@Z 66051230 f   server.obj
 0001:00050770       ?clientChat@@YIXPAD@Z      66051770 f   admin.obj
 0001:00050ca0       ?selectUnique@@YIHHH@Z     66051ca0 f   admin.obj
 0001:00050d80       ?selectSet@@YIHPAHH@Z      66051d80 f   admin.obj
 0001:000520d0       ?dropItem@@YAPAUUnitAny@@PAUWorld@@PAU1@HHHH@Z 660530d0 f   admin.obj
 0001:00052270       ?getFreePos@@YAPAUAreaRectData@@PAU1@PAUtagPOINT@@1H@Z 66053270 f   admin.obj
 0001:00052290       ?dropRuneword@@YAPAUUnitAny@@PAUWorld@@PAU1@HHH@Z 66053290 f   admin.obj
 0001:000524e0       ?dropUnique@@YAPAUUnitAny@@PAUWorld@@PAU1@HHH@Z 660534e0 f   admin.obj
 0001:00052600       ?dropSet@@YAPAUUnitAny@@PAUWorld@@PAU1@HHH@Z 66053600 f   admin.obj
 0001:000526d0       ?setItemStats@@YAXPAUUnitAny@@PAUd2stats@@@Z 660536d0 f   admin.obj
 0001:000527e0       ?parseStats@@YAPADPADPAUd2stats@@@Z 660537e0 f   admin.obj
 0001:00053ff0       ?setStat@@YAHPAUd2stats@@HHH@Z 66054ff0 f   admin.obj
 0001:00054080       ?pickupItemTo@@YAXPAUWorld@@PAUUnitAny@@1H@Z 66055080 f   admin.obj
 0001:0005502d       _flsall                    6605602d f   LIBCMT:fflush.obj
 0001:00055880       _swap                      66056880 f   LIBCMT:qsort.obj
 0001:000558b0       _shortsort                 660568b0 f   LIBCMT:qsort.obj
 0001:0005631f       ?strtoxl@@YAKPAUlocaleinfo_struct@@PBDPAPBDHH@Z 6605731f f   LIBCMT:strtol.obj
 0001:00057583       _IsRootUNCName             66058583 f   LIBCMT:stati32.obj
 0001:000575fd       __fullpath_helper          660585fd f   LIBCMT:stati32.obj
 0001:00058716       ?_strupr_s_l_stat@@YAHPADIPAUlocaleinfo_struct@@@Z 66059716 f   LIBCMT:strupr.obj
 0001:0005892e       ?wcstoxl@@YAKPAUlocaleinfo_struct@@PB_WPAPB_WHH@Z 6605992e f   LIBCMT:wcstol.obj
 0001:00058f1e       ___DllMainCRTStartup       66059f1e f   LIBCMT:dllcrt0.obj
 0001:00059037       ?CPtoLCID@@YAHH@Z          6605a037 f   LIBCMT:mbctype.obj
 0001:00059066       ?setSBCS@@YAXPAUthreadmbcinfostruct@@@Z 6605a066 f   LIBCMT:mbctype.obj
 0001:000590ca       ?setSBUpLow@@YAXPAUthreadmbcinfostruct@@@Z 6605a0ca f   LIBCMT:mbctype.obj
 0001:00059301       ?getSystemCP@@YAHH@Z       6605a301 f   LIBCMT:mbctype.obj
 0001:0005998b       __updatetlocinfoEx_nolock  6605a98b f   LIBCMT:setlocal.obj
 0001:0005af6d       _write_char                6605bf6d f   LIBCMT:output.obj
 0001:0005afa0       _write_multi_char          6605bfa0 f   LIBCMT:output.obj
 0001:0005afc6       _write_string              6605bfc6 f   LIBCMT:output.obj
 0001:0005c0b7       _fastzero_I                6605d0b7 f   LIBCMT:p4_memset.obj
 0001:0005c19d       _has_osfxsr_set            6605d19d f   LIBCMT:cpu_disp.obj
 0001:0005d02a       _fastcopy_I                6605e02a f   LIBCMT:p4_memcpy.obj
 0001:0005d24c       ?__crtLCMapStringA_stat@@YAHPAUlocaleinfo_struct@@KKPBDHPADHHH@Z 6605e24c f   LIBCMT:a_map.obj
 0001:0005d917       __initterm                 6605e917 f   LIBCMT:crt0dat.obj
 0001:0005d9dd       _doexit                    6605e9dd f   LIBCMT:crt0dat.obj
 0001:0005dce9       __shift                    6605ece9 f   LIBCMT:cvt.obj
 0001:0005dd2e       __cftoe2_l                 6605ed2e f   LIBCMT:cvt.obj
 0001:0005e300       __cftof2_l                 6605f300 f   LIBCMT:cvt.obj
 0001:0005e79c       __unwind_handler4          6605f79c f   LIBCMT:exsup4.obj
 0001:0005f638       __onexit_nolock            66060638 f   LIBCMT:onexit.obj
 0001:00060e8a       _parse_cmdline             66061e8a f   LIBCMT:stdargv.obj
 0001:00061479       ?__crtGetStringTypeA_stat@@YAHPAUlocaleinfo_struct@@KPBDHPAGHHH@Z 66062479 f   LIBCMT:a_str.obj
 0001:00062acc       _siglookup                 66063acc f   LIBCMT:winsig.obj
 0001:000631d4       __unwind_handler           660641d4 f   LIBCMT:exsup.obj
 0001:00063aee       __tzset_nolock             66064aee f   LIBCMT:tzset.obj
 0001:00063e34       _cvtdate                   66064e34 f   LIBCMT:tzset.obj
 0001:0006402b       __isindst_nolock           6606502b f   LIBCMT:tzset.obj
 0001:00064394       __tsopen_nolock            66065394 f   LIBCMT:open.obj
 0001:000650e5       ?x_ismbbtype_l@@YAHPAUlocaleinfo_struct@@IHH@Z 660660e5 f   LIBCMT:ismbbyte.obj
 0001:00066ebd       __hw_cw                    66067ebd f   LIBCMT:_ieee87_.obj
 0001:00066f4b       ___hw_cw_sse2              66067f4b f   LIBCMT:_ieee87_.obj
 0001:00068113       ?strncnt@@YAHPBDH@Z        66069113 f   LIBCMT:a_cmp.obj
 0001:00068131       ?__crtCompareStringA_stat@@YAHPAUlocaleinfo_struct@@KKPBDH1HH@Z 66069131 f   LIBCMT:a_cmp.obj
 0001:000685dd       _findenv                   660695dd f   LIBCMT:setenv.obj
 0001:0006862f       _copy_environ              6606962f f   LIBCMT:setenv.obj
 0001:00068a08       ??__Fnomem@?5???2@YAPAXI@Z@YAXXZ 66069a08 f   LIBCMT:new.obj
