 d2hackmap

 Timestamp is 6832f896 (Sun May 25 19:01:42 2025)

 Preferred load address is 66000000

 Start         Length     Name                   Class
 0001:00000000 00069334H .text                   CODE
 0001:00069334 00000014H .text$yd                CODE
 0002:00000000 00000218H .idata$5                DATA
 0002:00000218 00000004H .CRT$XCA                DATA
 0002:0000021c 00000004H .CRT$XCZ                DATA
 0002:00000220 00000004H .CRT$XIA                DATA
 0002:00000224 00000014H .CRT$XIC                DATA
 0002:00000238 00000004H .CRT$XIZ                DATA
 0002:0000023c 00000004H .CRT$XPA                DATA
 0002:00000240 00000004H .CRT$XPX                DATA
 0002:00000244 00000004H .CRT$XPXA               DATA
 0002:00000248 00000004H .CRT$XPZ                DATA
 0002:0000024c 00000004H .CRT$XTA                DATA
 0002:00000250 00000004H .CRT$XTZ                DATA
 0002:00000260 00016f00H .rdata                  DATA
 0002:00017160 000000dcH .rdata$r                DATA
 0002:00017240 0000000cH .rdata$sxdata           DATA
 0002:0001724c 00000004H .rtc$IAA                DATA
 0002:00017250 00000004H .rtc$IZZ                DATA
 0002:00017254 00000004H .rtc$TAA                DATA
 0002:00017258 00000004H .rtc$TZZ                DATA
 0002:00017260 00000734H .xdata$x                DATA
 0002:00017994 0000003cH .idata$2                DATA
 0002:000179d0 00000014H .idata$3                DATA
 0002:000179e4 00000218H .idata$4                DATA
 0002:00017bfc 0000095eH .idata$6                DATA
 0002:00018560 000000c7H .edata                  DATA
 0003:00000000 0000a2f8H .data                   DATA
 0003:0000a300 002046e4H .bss                    DATA

  Address         Publics by Value              Rva+Base       Lib:Object

 0000:00000000       __except_list              00000000     <absolute>
 0000:00000003       ___safe_se_handler_count   00000003     <absolute>
 0000:00000000       ___ImageBase               66000000     <linker-defined>
 0001:00000000       ?bitstream_init@@YAXPAUbitstream@@PAX1@Z 66001000 f   bitstream.obj
 0001:00000040       ?bitstream_seek@@YAXPAUbitstream@@H@Z 66001040 f   bitstream.obj
 0001:00000080       ?bitstream_rbit@@YAHPAUbitstream@@H@Z 66001080 f   bitstream.obj
 0001:00000170       ?bitstream_wbit@@YAHPAUbitstream@@IH@Z 66001170 f   bitstream.obj
 0001:00000250       ?bitstream_wbit_done@@YAXPAUbitstream@@@Z 66001250 f   bitstream.obj
 0001:000002d0       ?compareConfigVar@@YAHPBX0@Z 660012d0 f   config.obj
 0001:000002f0       ?compareSymbol@@YAHPBX0@Z  660012f0 f   config.obj
 0001:00000310       ?findConfigVar@@YAPAUConfigVar@@PAD@Z 66001310 f   config.obj
 0001:00000400       ?addConfigVar@@YAXPAUConfigVar@@@Z 66001400 f   config.obj
 0001:00000470       ?FixValues@@YAXXZ          66001470 f   config.obj
 0001:000004b0       ?formatKey@@YAXPADH@Z      660014b0 f   config.obj
 0001:00000550       ?formatKeyW@@YAXPA_WH@Z    66001550 f   config.obj
 0001:00000680       ?setupKey@@YAXPAUToggleVar@@@Z 66001680 f   config.obj
 0001:000006d0       ?addExtraKey@@YAPAUToggleVar@@H@Z 660016d0 f   config.obj
 0001:00000730       ?InitKeyEvent@@YAXXZ       66001730 f   config.obj
 0001:00000ae0       ?AddWarningMessage@@YAXPADH@Z 66001ae0 f   config.obj
 0001:00000c20       ?ShowWarningMessage@@YAXXZ 66001c20 f   config.obj
 0001:00000c80       ?isquote@@YADD@Z           66001c80 f   config.obj
 0001:00000cb0       ?filterSpace@@YAXPAD@Z     66001cb0 f   config.obj
 0001:00000d70       ?splitLine@@YAXPADPAPAD1@Z 66001d70 f   config.obj
 0001:00000e40       ?strchr@@YAPADPADH@Z       66001e40 f i config.obj
 0001:00000e60       ?strrchr@@YAPADPADH@Z      66001e60 f i config.obj
 0001:00000e80       ?findSymbol@@YAPAUSymbol@@PAD@Z 66001e80 f   config.obj
 0001:00000f40       ?doneNameValues@@YAXXZ     66001f40 f   config.obj
 0001:00000ff0       ?addNameValue@@YAXPAD0@Z   66001ff0 f   config.obj
 0001:00001080       ?replaceSymbols@@YAPADPAD@Z 66002080 f   config.obj
 0001:00001420       ?ConvertToWString@@YAHPA_WPADH@Z 66002420 f   config.obj
 0001:00001450       ?ConvertToD2String@@YAXPA_WPADH@Z 66002450 f   config.obj
 0001:000015a0       ?StoreArrayConfig@@YAHPAUConfigVar@@HHPAD1HH@Z 660025a0 f   config.obj
 0001:00001ac0       ?StoreConfig@@YAXPAUConfigVar@@PAD1@Z 66002ac0 f   config.obj
 0001:00002f90       ?LoadConfigFile@@YAHPADH@Z 66003f90 f   config.obj
 0001:00003810       ?strstr@@YAPADPADPBD@Z     66004810 f i config.obj
 0001:00004670       ?ReleaseMem@@YAXXZ         66005670 f   DllMain.obj
 0001:00004690       _DllMain@12                66005690 f   DllMain.obj
 0001:00004860       _QueryInterface@0          66005860 f   DllMain.obj
 0001:00004880       _PatchClient               66005880 f   DllMain.obj
 0001:000048d0       _MainMenuFlushFramebuf@0   660058d0 f   DllMain.obj
 0001:000048f0       _PatchServer@4             660058f0 f   DllMain.obj
 0001:00004930       ?guessEnchantLevel@@YAHXZ  66005930 f   guess.obj
 0001:000049e0       ?guessBOLevel@@YAHH@Z      660059e0 f   guess.obj
 0001:00005210       ?Install_AddConfigVars@@YAXXZ 66006210 f   install.obj
 0001:00005250       ?Install_FixValues@@YAXXZ  66006250 f   install.obj
 0001:00005270       ?get_dll_addr@@YAPAUHINSTANCE__@@PAD@Z 66006270 f   install.obj
 0001:00005300       ?VirtualProtect@@YAKKKK@Z  66006300 f   install.obj
 0001:00005330       ?WriteLocalBYTES@@YAXKPAXH@Z 66006330 f   install.obj
 0001:00005380       ?FillLocalBYTES@@YAXKEH@Z  66006380 f   install.obj
 0001:000053e0       ?InterceptLocalCode2@@YAXEKKH@Z 660063e0 f   install.obj
 0001:00005460       ?InterceptLocalCode@@YAXEKKH@Z 66006460 f   install.obj
 0001:00005490       ?patchCall@@YAHPAD0HHHH0@Z 66006490 f   install.obj
 0001:000054e0       ?patchJmp@@YAHPAD0HHHH0@Z  660064e0 f   install.obj
 0001:00005530       ?patchFill@@YAHPAD0HHHH0@Z 66006530 f   install.obj
 0001:00005580       ?patchValue@@YAHPAD0HHHH0@Z 66006580 f   install.obj
 0001:000055d0       ?installPatch@@YAHP6AXHHH@ZPAD1HHHH1@Z 660065d0 f   install.obj
 0001:00005960       ?removePatches@@YAHPAPAUInstalledPatch@@@Z 66006960 f   install.obj
 0001:000059d0       ?init_d2_ptrs@@YAHH@Z      660069d0 f   install.obj
 0001:000092e0       ?init_d2_ptrs2@@YAHXZ      6600a2e0 f   install.obj
 0001:00009350       ?InstallPatchAfterLoad_ASM@@YAXXZ 6600a350 f   install.obj
 0001:00009640       ?setResolutionPatch@@YAXH@Z 6600a640 f   install.obj
 0001:00009690       ?MonitorPacket@@YAXXZ      6600a690 f   install.obj
 0001:0000b8a0       ?check_d2ptrs@@YAXXZ       6600c8a0 f   install.obj
 0001:00013200       ?Install@@YAHXZ            66014200 f   install.obj
 0001:000137b0       ?patchServer@@YAXXZ        660147b0 f   install.obj
 0001:00013810       @SetReloadFlag@8           66014810 f   install.obj
 0001:00013840       @SetBnetIp@4               66014840 f   install.obj
 0001:00013860       ?unpatchServer@@YAXXZ      66014860 f   install.obj
 0001:000138b0       ?Uninstall@@YAXXZ          660148b0 f   install.obj
 0001:00013af0       ?init_crypt_table@@YAXXZ   66014af0 f   mpq.obj
 0001:00013b90       ?mpq_hashstring@@YAIPBDI@Z 66014b90 f   mpq.obj
 0001:00013c10       ?saveMpqTable@@YAXXZ       66014c10 f   mpq.obj
 0001:00013cc0       ?add_mpq_path@@YIHPAD@Z    66014cc0 f   mpq.obj
 0001:00013df0       ?dump_mpq_path@@YIXH@Z     66014df0 f   mpq.obj
 0001:00013f90       ?storm268_patch_ASM@@YAXXZ 66014f90 f   mpq.obj
 0001:00013fc0       ?common_addConfigVars@@YAXXZ 66014fc0 f   common.obj
 0001:00014000       ?UnicodeFix2@@YAXPA_W@Z    66015000 f   common.obj
 0001:00014090       ?MyMultiByteToWideChar@@YAHIKPBDHPA_WH@Z 66015090 f   common.obj
 0001:000140d0       ?GB2GBK@@YAXPAD@Z          660150d0 f   common.obj
 0001:00014250       ?readFully@@YAHPAU_iobuf@@PADH@Z 66015250 f   common.obj
 0001:000142b0       ?getFileSize@@YAHPBD@Z     660152b0 f   common.obj
 0001:000142e0       ?fileExist@@YAHPBD@Z       660152e0 f   common.obj
 0001:00014300       ?openFile@@YAPAU_iobuf@@PAD0@Z 66015300 f   common.obj
 0001:00014410       ?heap_strdup@@YAPADPAXPAD@Z 66015410 f   common.obj
 0001:00014490       ?loadFile@@YAPADPAXPAU_iobuf@@PAH@Z 66015490 f   common.obj
 0001:000145e0       ?gameMessage@@YAXPADZZ     660155e0 f   common.obj
 0001:000147a0       ?partyMessage@@YAXPADZZ    660157a0 f   common.obj
 0001:00014860       ?gameMessageW@@YAXPA_WZZ   66015860 f   common.obj
 0001:000148b0       ?partyMessageW@@YAXPA_WZZ  660158b0 f   common.obj
 0001:00014900       ?partyMessageWcolor@@YAXHPA_WZZ 66015900 f   common.obj
 0001:00014960       ?get_cpu_usage@@YAHPAH0@Z  66015960 f   common.obj
 0001:00014a40       ?getSkillClass@@YAHH@Z     66015a40 f   common.obj
 0001:00014a90       ?getSkillType@@YAHHH@Z     66015a90 f   common.obj
 0001:00014ae0       ?getSkillLevel@@YAHPAUUnitAny@@H@Z 66015ae0 f   common.obj
 0001:00014c40       ?getUnitRawDistance2@@YAHPAUUnitAny@@0@Z 66015c40 f   common.obj
 0001:00014d50       ?getUnitYardDistance2@@YAMPAUUnitAny@@0@Z 66015d50 f   common.obj
 0001:00014d90       ?saveDistanceMap@@YAXXZ    66015d90 f   common.obj
 0001:00014df0       ?getDistanceM256@@YAHHH@Z  66015df0 f   common.obj
 0001:00014f20       ?getPlayerDistanceM256@@YAHPAUUnitAny@@@Z 66015f20 f   common.obj
 0001:00014fb0       ?getPlayerDistanceRaw@@YAMPAUUnitAny@@@Z 66015fb0 f   common.obj
 0001:00015050       ?getPlayerDistanceYard@@YAMPAUUnitAny@@@Z 66016050 f   common.obj
 0001:00015080       ?getRosterUnit@@YAPAURosterUnit@@H@Z 66016080 f   common.obj
 0001:000150c0       ?getAreatileByTxt@@YAPAUUnitAny@@H@Z 660160c0 f   common.obj
 0001:00015120       ?getPortalToArea@@YAPAUUnitAny@@HPAD@Z 66016120 f   common.obj
 0001:00015260       ?getAreatileTxtToLevel@@YAHH@Z 66016260 f   common.obj
 0001:000152c0       ?getSinglePlayerWorld@@YAPAUWorld@@XZ 660162c0 f   common.obj
 0001:000152f0       ?encodeItem@@YAHPAUUnitAny@@PADH@Z 660162f0 f   common.obj
 0001:00015330       ?hasSkill@@YAHH@Z          66016330 f   common.obj
 0001:000153b0       ?selectSkill@@YAXHH@Z      660163b0 f   common.obj
 0001:00015400       ?switchLeftSkill@@YAXH@Z   66016400 f   common.obj
 0001:00015420       ?switchRightSkill@@YAXH@Z  66016420 f   common.obj
 0001:00015440       ?getSinglePlayerUnit@@YAPAUUnitAny@@HH@Z 66016440 f   common.obj
 0001:00015510       ?SendPacket@@YAXPAEH@Z     66016510 f   common.obj
 0001:000155a0       ?LeftClickType@@YAHHPAUUnitAny@@HH@Z 660165a0 f   common.obj
 0001:00015680       ?LeftClickPos@@YAHHH@Z     66016680 f   common.obj
 0001:000156a0       ?LeftClickUnit@@YAHPAUUnitAny@@@Z 660166a0 f   common.obj
 0001:000156c0       ?ShiftLeftClickUnit@@YAHPAUUnitAny@@@Z 660166c0 f   common.obj
 0001:00015710       ?ShiftLeftClickPos@@YAHHH@Z 66016710 f   common.obj
 0001:00015760       ?RightSkill@@YAHPAUUnitAny@@HH@Z 66016760 f   common.obj
 0001:000157b0       ?RightSkillPos@@YAHHH@Z    660167b0 f   common.obj
 0001:000157d0       ?RightSkillUnit@@YAHPAUUnitAny@@@Z 660167d0 f   common.obj
 0001:00015800       ?canUseSkillNow@@YAHPAUUnitAny@@H@Z 66016800 f   common.obj
 0001:00015820       ?skillUnusableAsm@@YAHPAUUnitAny@@PAUSkill@@@Z 66016820 f   common.obj
 0001:00015840       ?skillUnusable@@YAHPAUUnitAny@@PAUSkill@@@Z 66016840 f   common.obj
 0001:00015880       ?useBelt@@YAXHH@Z          66016880 f   common.obj
 0001:00015900       ?GameControlStart@@YAHH@Z  66016900 f   common.obj
 0001:00015990       ?GameControlEnd@@YAHH@Z    66016990 f   common.obj
 0001:00015a10       ?GameControl@@YAXH@Z       66016a10 f   common.obj
 0001:00015a30       ?getGameControlKey@@YAHH@Z 66016a30 f   common.obj
 0001:00015a80       ?StandStillPatch_ASM@@YAXXZ 66016a80 f   common.obj
 0001:00015aa0       ?SetBottomAlertMsg1@@YAXPA_WHHH@Z 66016aa0 f   common.obj
 0001:00015b40       ?SetBottomAlertMsg2@@YAXPA_WHHH@Z 66016b40 f   common.obj
 0001:00015be0       ?SetBottomAlertMsg3@@YAXPA_WHHH@Z 66016be0 f   common.obj
 0001:00015c80       ?DrawCenterAlertMsg@@YAXXZ 66016c80 f   common.obj
 0001:00015e90       ?sqrt@@YAMM@Z              66016e90 f i common.obj
 0001:00015eb0       _sqrtf                     66016eb0 f i common.obj
 0001:00015ed0       ?GetAreaLevel@@YAHXZ       66016ed0 f   common.obj
 0001:00015f30       ?GetPetByType@@YAPAUPetUnit@@PAUUnitAny@@H@Z 66016f30 f   common.obj
 0001:00015f80       ?GetUnitFromIdSafe@@YAPAUUnitAny@@KK@Z 66016f80 f   common.obj
 0001:00015ff0       ?GetUnitPet@@YAPAUUnitAny@@PAU1@@Z 66016ff0 f   common.obj
 0001:00016030       ?getPlayerClass@@YAHH@Z    66017030 f   common.obj
 0001:00016070       ?GetUnitMagicStat@@YAKPAUUnitAny@@K@Z 66017070 f   common.obj
 0001:000160c0       ?GetUnitResist@@YAHPAUUnitAny@@K@Z 660170c0 f   common.obj
 0001:00016110       ?CheckUnitSelect@@YAHPAUUnitAny@@@Z 66017110 f   common.obj
 0001:00016240       ?GetItemILvlAfterCube@@YAHHHH@Z 66017240 f   common.obj
 0001:000162f0       ?GetItemAlvl@@YAHHHH@Z     660172f0 f   common.obj
 0001:00016370       ?GetTextWidth@@YAKPA_W@Z   66017370 f   common.obj
 0001:00016390       ?DrawD2Text@@YAXKPA_WHHKK@Z 66017390 f   common.obj
 0001:000163d0       ?DrawCenterText@@YAXKPA_WHHKHK@Z 660173d0 f   common.obj
 0001:00016420       ?drawBgText@@YAHPA_WHHHH@Z 66017420 f   common.obj
 0001:000164a0       ?drawBgTextMiddle@@YAHPA_WHHHH@Z 660174a0 f   common.obj
 0001:00016510       ?drawBgTextLeft@@YAHPA_WHHHH@Z 66017510 f   common.obj
 0001:00016570       ?ExitGame@@YAXXZ           66017570 f   common.obj
 0001:000165a0       ?GetGameLanguage@@YAHXZ    660175a0 f   common.obj
 0001:00016660       ?getFcrFrame@@YAHHPAUUnitAny@@@Z 66017660 f   common.obj
 0001:00016920       ?IsFullWindow@@YAHXZ       66017920 f   common.obj
 0001:000169e0       ?getUnitOwnerId@@YAHPAUUnitAny@@@Z 660179e0 f   common.obj
 0001:00016bb0       ?testPvpFlag@@YAHH@Z       66017bb0 f   common.obj
 0001:00016dc0       ?sameParty@@YAHH@Z         66017dc0 f   common.obj
 0001:00016de0       ?isInRect@@YA_NPAUAreaRectData@@HH@Z 66017de0 f   common.obj
 0001:00016e50       ?testPosition@@YAPAUAreaRectData@@PAU1@HH@Z 66017e50 f   common.obj
 0001:00016e80       ?portalToLevel@@YAHPAUWorld@@PAUUnitAny@@H@Z 66017e80 f   common.obj
 0001:00017030       ?hasPortalInRect@@YAHPAUAreaRectData@@H@Z 66018030 f   common.obj
 0001:000170a0       ?hasPortalNearby@@YAHPAUAreaRectData@@H@Z 660180a0 f   common.obj
 0001:00017110       ?hasPortalInLevel@@YAHPAUDrlgLevel@@H@Z 66018110 f   common.obj
 0001:00017170       ?unitHasItem@@YAHPAUUnitAny@@H@Z 66018170 f   common.obj
 0001:000171e0       ?sendPacketToClient@@YAXPAUNetClient@@PADH@Z 660181e0 f   common.obj
 0001:00017200       ?sendChatMessageToServer@@YAXPADZZ 66018200 f   common.obj
 0001:000172c0       ?sendMessageToClient@@YAXPAUNetClient@@HHPAD1@Z 660182c0 f   common.obj
 0001:00017460       ?getCharStatsTxt@@YAPAUCharStatsTxt@@H@Z 66018460 f   common.obj
 0001:00017470       ?getStatMaxValue@@YAHH@Z   66018470 f   common.obj
 0001:000174d0       ?cpLocaleName@@YAHPA_W0H@Z 660184d0 f   common.obj
 0001:00017570       ?acpLocaleName@@YAHPADPA_WH@Z 66018570 f   common.obj
 0001:00017620       ?d2client_SetAutomapParty@@YIXK@Z 66018620 f   d2callstub.obj
 0001:00017630       ?d2client_SetAutomapNames@@YIXK@Z 66018630 f   d2callstub.obj
 0001:00017640       ?d2client_ChatInput@@YIKPAUD2MSG@@@Z 66018640 f   d2callstub.obj
 0001:00017650       ?d2client_CheckUiStatus@@YIHH@Z 66018650 f   d2callstub.obj
 0001:00017660       ?d2client_InitAutomapLayer@@YIPAUAutomapLayer@@H@Z 66018660 f   d2callstub.obj
 0001:00017670       ?d2common_GetUniqueItemTxt@@YIPAUUniqueItemTxt@@H@Z 66018670 f   d2callstub.obj
 0001:000176a0       ?d2common_GetItemStatCostTxt@@YIPAUItemStatCostTxt@@H@Z 660186a0 f   d2callstub.obj
 0001:000176d0       ?d2common_GetPropertiesTxt@@YIPAUPropertiesTxt@@H@Z 660186d0 f   d2callstub.obj
 0001:00017700       ?d2common_GetSetItemTxt@@YIPAUSetItemTxt@@H@Z 66018700 f   d2callstub.obj
 0001:00017730       ?d2common_GetItemTypeTxt@@YIPAUItemTypeTxt@@H@Z 66018730 f   d2callstub.obj
 0001:00017760       ?d2common_GetRuneWordTxt@@YIPAURuneWordTxt@@H@Z 66018760 f   d2callstub.obj
 0001:00017790       ?d2common_GetRuneWordTxtIndex@@YIHH@Z 66018790 f   d2callstub.obj
 0001:000177d0       ?d2client_LoadUiImage@@YIPAUCellFile@@PAD@Z 660187d0 f   d2callstub.obj
 0001:000177e0       ?SaveGame@@YAHXZ           660187e0 f   dbg.obj
 0001:00017830       ?DoTest@@YAHXZ             66018830 f   dbg.obj
 0001:00017850       ?installAlwaysDebugPatches@@YAHXZ 66018850 f   dbg.obj
 0001:00017860       ?installDebugPatches@@YAHXZ 66018860 f   dbg.obj
 0001:00017a50       ?loop_addConfigVars@@YAXXZ 66018a50 f   loop.obj
 0001:00017a90       ?ToggleIMEInput@@YAXH@Z    66018a90 f   loop.obj
 0001:00017ae0       ?GameLoopPatch@@YAXXZ      66018ae0 f   loop.obj
 0001:000186a0       ?GameEndPatch@@YAXXZ       660196a0 f   loop.obj
 0001:000188a0       ?GameLoopPatch_ASM@@YAXXZ  660198a0 f   loop.obj
 0001:000188b0       ?GameEndPatch_ASM@@YAXXZ   660198b0 f   loop.obj
 0001:000188c0       ?automap_addConfigVars@@YAXXZ 660198c0 f   map.obj
 0001:00018900       ?automap_initConfigVars@@YAXXZ 66019900 f   map.obj
 0001:00018c10       ?automap_initKeyEvent@@YAXXZ 66019c10 f   map.obj
 0001:00018c90       ?draw2map@@YAXPAUtagPOINT@@HH@Z 66019c90 f   map.obj
 0001:00018d00       ?tile2map@@YAXPAUtagPOINT@@HH@Z 66019d00 f   map.obj
 0001:00018d50       ?addMapTarget@@YAXHHHPA_W0@Z 66019d50 f   map.obj
 0001:00018e30       ?automap_fixValues@@YAXXZ  66019e30 f   map.obj
 0001:00018e90       ?AutoMapNewGame@@YAXXZ     66019e90 f   map.obj
 0001:00018f90       ?PrevMapTarget@@YAHXZ      66019f90 f   map.obj
 0001:000191d0       ?NextMapTarget@@YAHXZ      6601a1d0 f   map.obj
 0001:00019270       ?incMapTargetIf@@YAXH@Z    6601a270 f   map.obj
 0001:000192a0       ?AutoMapNewLevel@@YAXXZ    6601a2a0 f   map.obj
 0001:00019480       ?addMinimapTarget@@YAXPAUAreaRectInfo@@HHHHHH@Z 6601a480 f   map.obj
 0001:00019580       ?bitmap2dc6@@YAPAUCellFile@@PAEHH@Z 6601a580 f   map.obj
 0001:000197b0       ?InitCellFiles@@YAXXZ      6601a7b0 f   map.obj
 0001:00019ab0       ?DeleteCellFiles@@YAXXZ    6601aab0 f   map.obj
 0001:00019bc0       ?InitAutomapLayer@@YAXH@Z  6601abc0 f   map.obj
 0001:00019be0       ?mapReveal@@YAXPAUAreaRectInfo@@@Z 6601abe0 f   map.obj
 0001:00019c30       ?mapHide@@YAXPAUAreaRectInfo@@@Z 6601ac30 f   map.obj
 0001:00019c80       ?addSecretCowLevelCorners@@YAXPAUDrlgLevel@@@Z 6601ac80 f   map.obj
 0001:00019e30       ?RevealAutomapLevel@@YAXPAUDrlgLevel@@H@Z 6601ae30 f   map.obj
 0001:0001a940       ?RevealLevelPlayerIn@@YAHXZ 6601b940 f   map.obj
 0001:0001a980       ?RevealCurAct@@YAHXZ       6601b980 f   map.obj
 0001:0001ab30       ?RemoveMyAutomapNodes@@YAXXZ 6601bb30 f   map.obj
 0001:0001ac00       ?DrawAutomapNodePatch@@YGXPAUCellContext@@HHPAUtagRECT@@H@Z 6601bc00 f   map.obj
 0001:0001af80       ?AddShrinePatch_ASM@@YAXXZ 6601bf80 f   map.obj
 0001:0001afb0       ?OverrideShrinePatch@@YIXPAUAutomapNode@@0@Z 6601bfb0 f   map.obj
 0001:0001b010       ?OverrideShrinePatch_ASM@@YAXXZ 6601c010 f   map.obj
 0001:0001b030       ?DrawAutomapNode@@YAXPAUCellFile@@HHD@Z 6601c030 f   map.obj
 0001:0001b1b0       ?DrawAutomapBlob@@YIXHHHPAUUnitAny@@@Z 6601c1b0 f   map.obj
 0001:0001b330       ?ForceDrawBlob_ASM@@YAXXZ  6601c330 f   map.obj
 0001:0001b340       ?DrawBlobPath_ASM@@YAXXZ   6601c340 f   map.obj
 0001:0001b350       ?DrawPartyPlayerBlobPatch_ASM@@YAXXZ 6601c350 f   map.obj
 0001:0001b360       ?HostilePlayerPatch@@YIEPAUUnitAny@@@Z 6601c360 f   map.obj
 0001:0001b3a0       ?HostilePlayerColor_ASM@@YAXXZ 6601c3a0 f   map.obj
 0001:0001b3b0       ?DrawPlayerTextPatch@@YIEPAUUnitAny@@@Z 6601c3b0 f   map.obj
 0001:0001b410       ?DrawPlayerTextPatch_ASM@@YAXXZ 6601c410 f   map.obj
 0001:0001b430       ?MonsterBlobDesc@@YIXPAUUnitAny@@@Z 6601c430 f   map.obj
 0001:0001b920       ?MonsterBlobDescPatch_ASM@@YAXXZ 6601c920 f   map.obj
 0001:0001b940       ?MonsterBlobCol@@YIEPAUUnitAny@@@Z 6601c940 f   map.obj
 0001:0001ba70       ?CorpseBlobCol@@YIEPAUUnitAny@@@Z 6601ca70 f   map.obj
 0001:0001bb20       ?ObjectBlobCol@@YIEPAUUnitAny@@@Z 6601cb20 f   map.obj
 0001:0001bce0       ?MissileBlobCol@@YIEPAUUnitAny@@@Z 6601cce0 f   map.obj
 0001:0001bde0       ?MixedBlobColPatch@@YIEPAUUnitAny@@@Z 6601cde0 f   map.obj
 0001:0001be90       ?MixedBlobColPatch_ASM@@YAXXZ 6601ce90 f   map.obj
 0001:0001beb0       ?AddRectToMinimap@@YAHPAUAreaRectInfo@@H@Z 6601ceb0 f   map.obj
 0001:0001cb00       ?drawActiveRectAreaOnMinimap@@YAXXZ 6601db00 f   map.obj
 0001:0001cc60       ?drawScreenAreaOnMinimap@@YAXXZ 6601dc60 f   map.obj
 0001:0001cd80       ?MinimapPatch@@YAXXZ       6601dd80 f   map.obj
 0001:0001d060       ?MinimapPatch_ASM@@YAXXZ   6601e060 f   map.obj
 0001:0001d070       ?InitScrollLock@@YAXH@Z    6601e070 f   map.obj
 0001:0001d0a0       ?SetScrollMapPos@@YAXHH@Z  6601e0a0 f   map.obj
 0001:0001d100       ?MiniMapScroll@@YAHH@Z     6601e100 f   map.obj
 0001:0001d130       ?CenterMap@@YAHXZ          6601e130 f   map.obj
 0001:0001d150       ?ShakeScreenPatch@@YGXPAH0@Z 6601e150 f   map.obj
 0001:0001d1f0       ?ScrollScreenEnd@@YAHH@Z   6601e1f0 f   map.obj
 0001:0001d230       ?ScrollScreenStart@@YAHH@Z 6601e230 f   map.obj
 0001:0001d300       ?DrawScrollOffset@@YAXPA_WH@Z 6601e300 f   map.obj
 0001:0001d350       ?recvObjectState@@YIXPAD@Z 6601e350 f   map.obj
 0001:0001d3e0       ?RecvPacket0EPatch_ASM@@YAXXZ 6601e3e0 f   map.obj
 0001:0001d3f0       ?packet_addConfigVars@@YAXXZ 6601e3f0 f   packet.obj
 0001:0001d430       ?packet_initConfigVars@@YAXXZ 6601e430 f   packet.obj
 0001:0001d460       ?packet_FixValues@@YAXXZ   6601e460 f   packet.obj
 0001:0001d4a0       ?ResetPacketHandlerTimer@@YAXXZ 6601e4a0 f   packet.obj
 0001:0001d4b0       ?PacketNewGame@@YAXXZ      6601e4b0 f   packet.obj
 0001:0001d4c0       ?FixSocketTimeOut_ASM@@YAXXZ 6601e4c0 f   packet.obj
 0001:0001d4d0       ?FixSocketErrRet_ASM@@YAXXZ 6601e4d0 f   packet.obj
 0001:0001d4f0       ?dump9c@@YAXPAEH@Z         6601e4f0 f   packet.obj
 0001:0001d650       ?GamePacketReceivedInterceptPatch_ASM@@YAXXZ 6601e650 f   packet.obj
 0001:0001d680       ?dumpRecvPacket@@YIXPAEH@Z 6601e680 f   packet.obj
 0001:0001e230       ?GamePacketSendInterceptPatch_ASM@@YAXXZ 6601f230 f   packet.obj
 0001:0001e290       ?dumpSendPacket@@YIXPAH@Z  6601f290 f   packet.obj
 0001:0001e940       ?showResetProtectMsg@@YAXXZ 6601f940 f   packet.obj
 0001:0001e9b0       ?activeBufferItem@@YAHHHH@Z 6601f9b0 f   packet.obj
 0001:0001ea20       ?ResetSkillPatch_ASM@@YAXXZ 6601fa20 f   packet.obj
 0001:0001ea40       ?packetDebug@@YAXXZ        6601fa40 f   packet.obj
 0001:0001ea50       ?blockSendPacket@@YIHPAH@Z 6601fa50 f   packet.obj
 0001:0001f0e0       ?initSendPacketCheckTable@@YAXXZ 660200e0 f   packet.obj
 0001:0001f170       ?autoroute_addConfigVars@@YAXXZ 66020170 f   route.obj
 0001:0001f1b0       ?autoroute_fixValues@@YAXXZ 660201b0 f   route.obj
 0001:0001f1d0       ?AutoRouteNewGame@@YAXXZ   660201d0 f   route.obj
 0001:0001f200       ?AutoRouteLocateSource@@YAHH@Z 66020200 f   route.obj
 0001:0001f3a0       ?minimapDebug@@YAXXZ       660203a0 f   route.obj
 0001:0001f4f0       ?AutoRouteDrawScreenPath@@YAXXZ 660204f0 f   route.obj
 0001:0001f7b0       ?AutoRouteDrawMinimapPath@@YAXXZ 660207b0 f   route.obj
 0001:0001fe50       ?markNextPathInvalid@@YAXH@Z 66020e50 f   route.obj
 0001:0001fec0       ?AutoTeleportGetTarget@@YAHPAUtagPOINT@@PAH11@Z 66020ec0 f   route.obj
 0001:00020020       ?RerouteRectPath@@YAHXZ    66021020 f   route.obj
 0001:00020b80       ?AutoMapRoute@@YAXXZ       66021b80 f   route.obj
 0001:00020c70       ?waypoint_initConfigVars@@YAXXZ 66021c70 f   waypoint.obj
 0001:00020cf0       ?waypointExist@@YAHH@Z     66021cf0 f   waypoint.obj
 0001:00020d30       ?hasWaypoint@@YAHH@Z       66021d30 f   waypoint.obj
 0001:00020d90       ?WaypointNewGame@@YAXXZ    66021d90 f   waypoint.obj
 0001:00020db0       ?isWaypointTxt@@YAHH@Z     66021db0 f   waypoint.obj
 0001:00020f70       ?findWaypoint@@YAPAUUnitAny@@H@Z 66021f70 f   waypoint.obj
 0001:000211b0       ?takeWaypointToLevel@@YAXPAUUnitAny@@H@Z 660221b0 f   waypoint.obj
 0001:00021200       ?takeWaypointToLvl@@YAHHH@Z 66022200 f   waypoint.obj
 0001:00021240       ?RecvCommand_63_Patch_ASM@@YAXXZ 66022240 f   waypoint.obj
 0001:00021330       ?winmsg_addConfigVars@@YAXXZ 66022330 f   winmsg.obj
 0001:00021370       ?winmsg_initConfigVars@@YAXXZ 66022370 f   winmsg.obj
 0001:00021480       ?WinMessageFixValues@@YAXXZ 66022480 f   winmsg.obj
 0001:00021510       ?WinMessage_initKeyEvent@@YAXXZ 66022510 f   winmsg.obj
 0001:00021950       ?IsKeyDown@@YAHH@Z         66022950 f   winmsg.obj
 0001:00021970       ?LockMouse@@YAHXZ          66022970 f   winmsg.obj
 0001:00021b30       ?switchSkillStart@@YAHH@Z  66022b30 f   winmsg.obj
 0001:00021cb0       ?switchSkillEnd@@YAHH@Z    66022cb0 f   winmsg.obj
 0001:00021e30       ?GameSound@@YAHH@Z         66022e30 f   winmsg.obj
 0001:00021e70       ?FullScreen@@YAHXZ         66022e70 f   winmsg.obj
 0001:00021f60       ?AttractNPC@@YAHXZ         66022f60 f   winmsg.obj
 0001:00022000       ?SwitchWindow@@YAHH@Z      66023000 f   winmsg.obj
 0001:00022060       ?WinMessageNewGame@@YAXXZ  66023060 f   winmsg.obj
 0001:000222a0       ?WinMessageEndGame@@YAXXZ  660232a0 f   winmsg.obj
 0001:000222d0       ?refreshScreenSaver@@YAXXZ 660232d0 f   winmsg.obj
 0001:00022310       ?refreshMenuScreenSaver@@YAXXZ 66023310 f   winmsg.obj
 0001:00022350       ?winActiveMsg@@YAXH@Z      66023350 f   winmsg.obj
 0001:00022480       ?hasCTA@@YAHXZ             66023480 f   winmsg.obj
 0001:00022520       ?WinMessageRunLoop@@YAXXZ  66023520 f   winmsg.obj
 0001:000227f0       ?WinMessage@@YAHHHPAUHWND__@@HHH@Z 660237f0 f   winmsg.obj
 0001:00023650       ?WinMessagePatch_ASM@@YAXXZ 66024650 f   winmsg.obj
 0001:00023660       ?KeydownPatch_ASM@@YAXXZ   66024660 f   winmsg.obj
 0001:00023680       ?KeyupPatch_ASM@@YAXXZ     66024680 f   winmsg.obj
 0001:000236a0       ?ReceiveSwapWeapon_ASM@@YAXXZ 660246a0 f   winmsg.obj
 0001:000236e0       ?ShowVersion_Patch_ASM@@YAXXZ 660246e0 f   winmsg.obj
 0001:00023780       ?SetCursorPosPatch_ASM@@YAXXZ 66024780 f   winmsg.obj
 0001:000237a0       ?DrawLeftBackImagePatch_ASM@@YAXXZ 660247a0 f   winmsg.obj
 0001:000237c0       ?DrawRightBackImagePatch_ASM@@YAXXZ 660247c0 f   winmsg.obj
 0001:000237e0       ?DrawGroundAndUnitPatch_ASM@@YAXXZ 660247e0 f   winmsg.obj
 0001:00023840       ?DrawControlsPatch_ASM@@YAXXZ 66024840 f   winmsg.obj
 0001:00023930       ?SkipDrawUnitAndControlPatch_ASM@@YAXXZ 66024930 f   winmsg.obj
 0001:000239b0       ?SkipAllDrawingPatch_ASM@@YAXXZ 660249b0 f   winmsg.obj
 0001:00023a50       ?SkipDrawMenuPatch2_ASM@@YAXXZ 66024a50 f   winmsg.obj
 0001:00023ad0       ?SkipDrawMenuPatch_ASM@@YAXXZ 66024ad0 f   winmsg.obj
 0001:00023b90       ?NoHidePatch_ASM@@YAXXZ    66024b90 f   winmsg.obj
 0001:00023bc0       ?env_addConfigVars@@YAXXZ  66024bc0 f   env.obj
 0001:00023c00       ?env_initConfigVars@@YAXXZ 66024c00 f   env.obj
 0001:00023c50       ?ChangeVisualEffect@@YAHXZ 66024c50 f   env.obj
 0001:00023cd0       ?WeatherPatch_ASM@@YAXXZ   66024cd0 f   env.obj
 0001:00023ce0       ?LightingPatch_ASM@@YAXXZ  66024ce0 f   env.obj
 0001:00023d20       ?InfravisionPatch@@YIKPAUUnitAny@@@Z 66024d20 f   env.obj
 0001:00024190       ?InfravisionPatch_ASM@@YAXXZ 66025190 f   env.obj
 0001:000241b0       ?drawMyGround@@YAXXZ       660251b0 f   env.obj
 0001:00024350       ?SkipDrawGroundPatch_ASM@@YAXXZ 66025350 f   env.obj
 0001:00024370       ?gamemonitor_addConfigVars@@YAXXZ 66025370 f   GameMonitor.obj
 0001:000243b0       ?gamemonitor_initConfigVars@@YAXXZ 660253b0 f   GameMonitor.obj
 0001:000243f0       ?usePotion@@YAXH@Z         660253f0 f   GameMonitor.obj
 0001:000244d0       ?updateCurStashPage@@YAXXZ 660254d0 f   GameMonitor.obj
 0001:00024690       ?recheckSelfItems@@YAXXZ   66025690 f   GameMonitor.obj
 0001:00024db0       ?setKDCountDown@@YAXH@Z    66025db0 f   GameMonitor.obj
 0001:00024dd0       ?setKBCountDown@@YAXHH@Z   66025dd0 f   GameMonitor.obj
 0001:00024e00       ?setCountDownEndTime@@YAXPAUCountDown@@@Z 66025e00 f   GameMonitor.obj
 0001:00024ee0       ?setupCountdown@@YAXPAUCountDown@@@Z 66025ee0 f   GameMonitor.obj
 0001:00024f30       ?onRightSkillMap@@YAXHH@Z  66025f30 f   GameMonitor.obj
 0001:000250e0       ?onRightSkillUnit@@YAXHH@Z 660260e0 f   GameMonitor.obj
 0001:00025240       ?GameMonitorNewGame@@YAXXZ 66026240 f   GameMonitor.obj
 0001:000252f0       ?GameMonitorEndGame@@YAXXZ 660262f0 f   GameMonitor.obj
 0001:00025310       ?ShowGameCount@@YAXXZ      66026310 f   GameMonitor.obj
 0001:000255a0       ?SetKills@@YIXK@Z          660265a0 f   GameMonitor.obj
 0001:000255f0       ?KillCountPatch_ASM@@YAXXZ 660265f0 f   GameMonitor.obj
 0001:00025610       ?UnitModeChangePatch_ASM@@YAXXZ 66026610 f   GameMonitor.obj
 0001:00025650       ?drawSimpleItemStackInfo@@YAXPAUUnitAny@@HH@Z 66026650 f   GameMonitor.obj
 0001:000258a0       ?DrawMonitorInfo@@YAXXZ    660268a0 f   GameMonitor.obj
 0001:00026e60       ?SetState@@YGXKH@Z         66027e60 f   GameMonitor.obj
 0001:00027190       ?RecvCommand_A7_Patch_ASM@@YAXXZ 66028190 f   GameMonitor.obj
 0001:00027310       ?RecvCommand_A8_Patch_ASM@@YAXXZ 66028310 f   GameMonitor.obj
 0001:00027360       ?RecvCommand_A9_Patch_ASM@@YAXXZ 66028360 f   GameMonitor.obj
 0001:000273b0       ?itemAction@@YAXPAUbitstream@@PAD@Z 660283b0 f   GameMonitor.obj
 0001:00027520       ?changeStashPage@@YAXH@Z   66028520 f   GameMonitor.obj
 0001:00027630       ?itemAction9C@@YIXPAD@Z    66028630 f   GameMonitor.obj
 0001:000276b0       ?itemAction9D@@YIXPAD@Z    660286b0 f   GameMonitor.obj
 0001:00027730       ?updateItemSkill@@YIXPAD@Z 66028730 f   GameMonitor.obj
 0001:000277c0       ?RecvCommand_9C_Patch_ASM@@YAXXZ 660287c0 f   GameMonitor.obj
 0001:000277d0       ?RecvCommand_9D_Patch_ASM@@YAXXZ 660287d0 f   GameMonitor.obj
 0001:000277e0       ?RecvCommand_22_Patch_ASM@@YAXXZ 660287e0 f   GameMonitor.obj
 0001:000277f0       ?drawUnitsInfo@@YAXXZ      660287f0 f   GameMonitor.obj
 0001:000281f0       ?info_AddConfigVars@@YAXXZ 660291f0 f   info.obj
 0001:00028230       ?infoNewGame@@YAXXZ        66029230 f   info.obj
 0001:00028250       ?wsprintfW2@@YAPA_WPA_WPADZZ 66029250 f   info.obj
 0001:000282b0       ?DrawGameInfoPatch@@YIXH@Z 660292b0 f   info.obj
 0001:00028570       ?DrawPetHeadPatch@@YIXHPAUUnitAny@@@Z 66029570 f   info.obj
 0001:000285f0       ?DrawPetHeadPatch_ASM@@YAXXZ 660295f0 f   info.obj
 0001:00028600       ?getGameWinId@@YAHH@Z      66029600 f   info.obj
 0001:00028660       ?DrawPartyHeadPatch@@YIXHPAURosterUnit@@@Z 66029660 f   info.obj
 0001:00028b60       ?StartDrawPartyHeadPatch_ASM@@YAXXZ 66029b60 f   info.obj
 0001:00028b80       ?DrawPartyHeadPatch_ASM@@YAXXZ 66029b80 f   info.obj
 0001:00028ba0       ?DrawSkeletonHeadPatch@@YIXHH@Z 66029ba0 f   info.obj
 0001:00028cc0       ?DrawSkeletonHeadPatch_ASM@@YAXXZ 66029cc0 f   info.obj
 0001:00028cd0       ?UpdateExp@@YAXXZ          66029cd0 f   info.obj
 0001:00028ef0       ?InitExp@@YAXXZ            66029ef0 f   info.obj
 0001:00028f20       ?UpdateExp_ASM@@YAXXZ      66029f20 f   info.obj
 0001:00028f60       ?info_FixValues@@YAXXZ     66029f60 f   info.obj
 0001:00029040       ?DrawClientPatch@@YAXXZ    6602a040 f   info.obj
 0001:000291c0       ?DrawClientPatch_ASM@@YAXXZ 6602a1c0 f   info.obj
 0001:000291e0       ?ShowLifeWithMyPattern@@YGKKHH@Z 6602a1e0 f   info.obj
 0001:00029260       ?ShowManaWithMyPattern@@YGKKHH@Z 6602a260 f   info.obj
 0001:000292e0       ?ShowLifePatch_ASM@@YAXXZ  6602a2e0 f   info.obj
 0001:00029300       ?ShowManaPatch_ASM@@YAXXZ  6602a300 f   info.obj
 0001:00029320       ?SetLifeManaShow@@YAHXZ    6602a320 f   info.obj
 0001:00029360       ?GetViewEquUnit@@YAPAUUnitAny@@XZ 6602a360 f   info.obj
 0001:00029390       ?GetViewStatUnit@@YAPAUUnitAny@@XZ 6602a390 f   info.obj
 0001:000293c0       ?SetViewUnit@@YAXXZ        6602a3c0 f   info.obj
 0001:000294b0       ?ViewUnit@@YAHH@Z          6602a4b0 f   info.obj
 0001:00029550       ?GetViewingStatsPlayerPatch1_ASM@@YAXXZ 6602a550 f   info.obj
 0001:00029560       ?GetViewingStatsPlayerPatch2_ASM@@YAXXZ 6602a560 f   info.obj
 0001:00029570       ?GetUnitDrawEquipItemPatch_ASM@@YAXXZ 6602a570 f   info.obj
 0001:00029580       ?GetUnitDrawItemDescPath_ASM@@YAXXZ 6602a580 f   info.obj
 0001:00029590       ?GetUnitTestHasItem_ASM@@YAXXZ 6602a590 f   info.obj
 0001:000295b0       ?GetUnitText@@YIPA_WPA_WPAUUnitAny@@@Z 6602a5b0 f   info.obj
 0001:00029650       ?ViewDrawInvItemPatch@@YAPAUUnitAny@@XZ 6602a650 f   info.obj
 0001:000296d0       ?GetUnitDrawInvItemPatch_ASM@@YAXXZ 6602a6d0 f   info.obj
 0001:000296e0       ?GetUnitProtectClickEquipPatch_ASM@@YAXXZ 6602a6e0 f   info.obj
 0001:00029720       ?GetUnitProtectClickInvPatch_ASM@@YAXXZ 6602a720 f   info.obj
 0001:00029750       ?DrawDefaultFontText@@YAXPA_WHHKHK@Z 6602a750 f   info.obj
 0001:00029780       ?SwitchStatPage@@YAHH@Z    6602a780 f   info.obj
 0001:000297d0       ?DrawUnitStat@@YAXHHHHPAD00KHH@Z 6602a7d0 f   info.obj
 0001:000298b0       ?ViewUnitStatPatch@@YIXPAUUnitAny@@@Z 6602a8b0 f   info.obj
 0001:00029cb0       ?ViewUnitStatPatch_ASM@@YAXXZ 6602acb0 f   info.obj
 0001:00029cd0       ?ViewPetStatPatch@@YIXPAUUnitAny@@@Z 6602acd0 f   info.obj
 0001:00029f40       ?ViewPetStatPatch_ASM@@YAXXZ 6602af40 f   info.obj
 0001:00029f60       ?messagelog_AddConfigVars@@YAXXZ 6602af60 f   MessageLog.obj
 0001:00029fa0       ?OpenFileNew@@YAPAXPAD@Z   6602afa0 f   MessageLog.obj
 0001:00029fd0       ?OpenFileWrite@@YAPAXPAD@Z 6602afd0 f   MessageLog.obj
 0001:0002a000       ?WriteFile@@YAKPAX0K@Z     6602b000 f   MessageLog.obj
 0001:0002a030       ?LogMessage@@YIXPA_W@Z     6602b030 f   MessageLog.obj
 0001:0002a4d0       ?MessageLogPatch1_ASM@@YAXXZ 6602b4d0 f   MessageLog.obj
 0001:0002a4f0       ?MessageLogPatch2_ASM@@YAXXZ 6602b4f0 f   MessageLog.obj
 0001:0002a510       ?MessageLogExitGame@@YAXXZ 6602b510 f   MessageLog.obj
 0001:0002a800       ?item_addConfigVars@@YAXXZ 6602b800 f   item.obj
 0001:0002a840       ?item_initConfigVars@@YAXXZ 6602b840 f   item.obj
 0001:0002a8d0       ?item_NewGame@@YAXXZ       6602b8d0 f   item.obj
 0001:0002a8f0       ?wcs_insert@@YAPA_WPA_W0@Z 6602b8f0 f   item.obj
 0001:0002a9c0       ?GetItemIndex@@YAHH@Z      6602b9c0 f   item.obj
 0001:0002aa10       ?CheckItemVisible@@YAHPAUUnitAny@@@Z 6602ba10 f   item.obj
 0001:0002ab10       ?GetItemColour@@YAEPAUUnitAny@@H@Z 6602bb10 f   item.obj
 0001:0002adb0       ?SwitchItemMode@@YAHXZ     6602bdb0 f   item.obj
 0001:0002ae60       ?trimspaces@@YAXPA_W@Z     6602be60 f   item.obj
 0001:0002af20       ?ColourD2String@@YIPA_WPA_WK@Z 6602bf20 f   item.obj
 0001:0002afb0       ?ItemHaveLevel@@YAHE@Z     6602bfb0 f   item.obj
 0001:0002b010       ?ItemNamePatch@@YIXPA_WPAUUnitAny@@PAUItemTxt@@@Z 6602c010 f   item.obj
 0001:0002bbe0       ?ItemNamePatch_ASM@@YAXXZ  6602cbe0 f   item.obj
 0001:0002bc00       ?OpenCubeStringPatch@@YIPA_WPA_WK@Z 6602cc00 f   item.obj
 0001:0002bc60       ?OpenCubeStringPatch_ASM@@YAXXZ 6602cc60 f   item.obj
 0001:0002bc70       ?PermShowItemsPatch1@@YAHXZ 6602cc70 f   item.obj
 0001:0002bca0       ?PermShowItemsPatch2@@YAHXZ 6602cca0 f   item.obj
 0001:0002bcf0       ?PermShowItemsPatch3@@YAHXZ 6602ccf0 f   item.obj
 0001:0002bd60       ?PermShowItemsPatch1_ASM@@YAXXZ 6602cd60 f   item.obj
 0001:0002bd70       ?PermShowItemsPatch2_ASM@@YAXXZ 6602cd70 f   item.obj
 0001:0002bd90       ?PermShowItemsPatch3_ASM@@YAXXZ 6602cd90 f   item.obj
 0001:0002bdb0       ?PermShowItemsPatch4_ASM@@YAXXZ 6602cdb0 f   item.obj
 0001:0002bdc0       ?ItemDescPath@@YIXPA_WHHHH@Z 6602cdc0 f   item.obj
 0001:0002bec0       ?SocketViewCallRoutine@@YIXPAUUnitAny@@KP6GX0K@Z@Z 6602cec0 f   item.obj
 0001:0002bed0       ?ItemSocketViewPatch@@YGXP6GXPAUUnitAny@@K@Z0K@Z 6602ced0 f   item.obj
 0001:0002bfa0       ?ItemSocketViewPatch_ASM@@YAXXZ 6602cfa0 f   item.obj
 0001:0002bfb0       ?SocketItemStatViewPatch_ASM@@YAXXZ 6602cfb0 f   item.obj
 0001:0002bfd0       ?GetItemExtStatListPatch@@YGPAUStatList@@PAUUnitAny@@KK@Z 6602cfd0 f   item.obj
 0001:0002c000       ?ItemBasicStatPatch_ASM@@YAXXZ 6602d000 f   item.obj
 0001:0002c030       ?SetPropInfo@@YAXHHHPAUItemProp@@@Z 6602d030 f   item.obj
 0001:0002c4b0       ?GetStatRange@@YAPA_WPA_WKK@Z 6602d4b0 f   item.obj
 0001:0002c8a0       ?GetItemPropStringPatch@@YIKPA_WPAUStatEx@@K@Z 6602d8a0 f   item.obj
 0001:0002c970       ?GetItemPropStringPatch_ASM@@YAXXZ 6602d970 f   item.obj
 0001:0002c990       ?StrcatItemPropStringPatch@@YIXPA_W0K@Z 6602d990 f   item.obj
 0001:0002cab0       ?StrcatItemPropStringPatch_ASM@@YAXXZ 6602dab0 f   item.obj
 0001:0002cac0       ?StrcatSocketStringPatch@@YIPA_WPA_W@Z 6602dac0 f   item.obj
 0001:0002caf0       ?StrcatSocketStringPatch_ASM@@YAXXZ 6602daf0 f   item.obj
 0001:0002cb00       ?StrcatDefenseStringPatch@@YIPA_WPA_W@Z 6602db00 f   item.obj
 0001:0002cda0       ?StrcatDefenseStringPatch_ASM@@YAXXZ 6602dda0 f   item.obj
 0001:0002cdb0       ?StrcatDamageStringPatch@@YIPA_WPA_W@Z 6602ddb0 f   item.obj
 0001:0002cfd0       ?StrcatDamageStringPatch_ASM1@@YAXXZ 6602dfd0 f   item.obj
 0001:0002cfe0       ?StrcatDamageStringPatch_ASM2@@YAXXZ 6602dfe0 f   item.obj
 0001:0002d000       ?ShowSocketProtectInfo@@YAXXZ 6602e000 f   item.obj
 0001:0002d070       ?SocketProtectPatch_ASM@@YAXXZ 6602e070 f   item.obj
 0001:0002d090       ?SocketProtectPatch1_ASM@@YAXXZ 6602e090 f   item.obj
 0001:0002d0d0       ?SocketProtectPatch2_ASM@@YAXXZ 6602e0d0 f   item.obj
 0001:0002d110       ?searchStat@@YAHPAUUnitAny@@HPAH@Z 6602e110 f   item.obj
 0001:0002d1e0       ?drawInvItemInfo@@YAXPAUUnitAny@@HH@Z 6602e1e0 f   item.obj
 0001:0002de60       ?drawInvItemPatch@@YIHPAUDrawCellFileArgs@@PAUUnitAny@@@Z 6602ee60 f   item.obj
 0001:0002dec0       ?DrawInvItemPatch_ASM@@YAXXZ 6602eec0 f   item.obj
 0001:0002dee0       ?activeBufferItem@@YIXHHH@Z 6602eee0 f   item.obj
 0001:0002e000       ?ActiveBufferItemPatch_ASM@@YAXXZ 6602f000 f   item.obj
 0001:0002e020       ?ItemExtInfoNewGame@@YAXXZ 6602f020 f   ItemExtInfo.obj
 0001:0002e030       ?ConvertToColorString@@YAXPAEPADH@Z 6602f030 f   ItemExtInfo.obj
 0001:0002e1d0       ?LoadExtInfo@@YAHXZ        6602f1d0 f   ItemExtInfo.obj
 0001:0002f1d0       ?UnLoadExtInfo@@YAXXZ      660301d0 f   ItemExtInfo.obj
 0001:0002f3b0       ?SetExtInfoPos@@YAXHHHH@Z  660303b0 f   ItemExtInfo.obj
 0001:0002f4a0       ?ShowItemExtInfo@@YAXXZ    660304a0 f   ItemExtInfo.obj
 0001:0002f7c0       ?DrawHoverPatch_ASM@@YAXXZ 660307c0 f   ItemExtInfo.obj
 0001:0002f7d0       ?dangerous_addConfigVars@@YAXXZ 660307d0 f   dangerous.obj
 0001:0002f810       ?dangerous_initConfigVars@@YAXXZ 66030810 f   dangerous.obj
 0001:0002f830       ?ProtectAction@@YAXPA_WHE@Z 66030830 f   dangerous.obj
 0001:0002f9d0       ?ChickenLifeNewGame@@YAXXZ 660309d0 f   dangerous.obj
 0001:0002fcb0       ?ChickenLifeLoop@@YAXXZ    66030cb0 f   dangerous.obj
 0001:000303e0       ?isCowKing@@YAHPAUMonsterData@@@Z 660313e0 f   dangerous.obj
 0001:00030490       ?checkBossMonster@@YAXPAUUnitAny@@@Z 66031490 f   dangerous.obj
 0001:00030550       ?CheckDangerousPlayer@@YAXPAUUnitAny@@@Z 66031550 f   dangerous.obj
 0001:00030600       ?TestMonsterOnScreen@@YAHPAUUnitAny@@0@Z 66031600 f   dangerous.obj
 0001:00030680       ?CheckDangerousMonster@@YAXPAUUnitAny@@@Z 66031680 f   dangerous.obj
 0001:00030770       ?quest_addConfigVars@@YAXXZ 66031770 f   quest.obj
 0001:000307b0       ?ReSetTimer@@YAHXZ         660317b0 f   quest.obj
 0001:000307d0       ?QuestNewAct@@YAXXZ        660317d0 f   quest.obj
 0001:000307e0       ?QuestNewLevel@@YAXXZ      660317e0 f   quest.obj
 0001:00030fa0       ?quest_FixValues@@YAXXZ    66031fa0 f   quest.obj
 0001:00031070       ?QuestNewGame@@YAXXZ       66032070 f   quest.obj
 0001:000311c0       ?QuestRunLoop@@YAXXZ       660321c0 f   quest.obj
 0001:00031520       ?BugKDProtect@@YIXK@Z      66032520 f   quest.obj
 0001:00031780       ?BugKBProtect@@YIXPAE@Z    66032780 f   quest.obj
 0001:00031cd0       ?RecvCommand_89_Patch_ASM@@YAXXZ 66032cd0 f   quest.obj
 0001:00031cf0       ?RecvCommand_5D_Patch_ASM@@YAXXZ 66032cf0 f   quest.obj
 0001:00031d00       ?CheckUnitKM@@YAXXZ        66032d00 f   quest.obj
 0001:00031dd0       ?getMouseQuestId@@YAHHH@Z  66032dd0 f   quest.obj
 0001:00031eb0       ?DrawQuestPagePatch@@YIXHH@Z 66032eb0 f   quest.obj
 0001:00032390       ?DrawQuestPagePatch_ASM@@YAXXZ 66033390 f   quest.obj
 0001:000323a0       ?PacketA4@@YIXPAD@Z        660333a0 f   quest.obj
 0001:00032520       ?Packet4D@@YIXPAD@Z        66033520 f   quest.obj
 0001:00032560       ?RecvCommand_A4_Patch_ASM@@YAXXZ 66033560 f   quest.obj
 0001:00032570       ?RecvCommand_4D_Patch_ASM@@YAXXZ 66033570 f   quest.obj
 0001:00032580       ?UnicodeFix@@YAXPA_WPAK@Z  66033580 f   unicode.obj
 0001:00032770       ?D2Lang_Unicode2WinPatch@@YIPBDPADPA_WH@Z 66033770 f   unicode.obj
 0001:000327b0       ?D2Lang_Win2UnicodePatch@@YIPA_WPA_WPBDH@Z 660337b0 f   unicode.obj
 0001:000327e0       ?EditDeleteSelect@@YAXPAUD2EditBox@@@Z 660337e0 f   unicode.obj
 0001:00032910       ?ChannelEnterCharPatch@@YIKPAUD2EditBox@@E@Z 66033910 f   unicode.obj
 0001:00032c40       ?UnicodeToUTF_8@@YAXPADPA_W@Z 66033c40 f   unicode.obj
 0001:00032cb0       ?MultiByteFix@@YGXPAD@Z    66033cb0 f   unicode.obj
 0001:00032ea0       ?MultiByteFixPatch_ASM@@YAXXZ 66033ea0 f   unicode.obj
 0001:00032eb0       ?IsPritableCharacterPatch_ASM@@YAXXZ 66033eb0 f   unicode.obj
 0001:00032ed0       ?lifebar_addConfigVars@@YAXXZ 66033ed0 f   lifebar.obj
 0001:00032f10       ?lifebar_initConfigVars@@YAXXZ 66033f10 f   lifebar.obj
 0001:00032f30       ?lifebarNewGame@@YAXXZ     66033f30 f   lifebar.obj
 0001:00032f40       ?MonsterNamePatch@@YIJPA_WJPAUUnitAny@@JJ@Z 66033f40 f   lifebar.obj
 0001:00033a50       ?MonsterNamePatch_ASM@@YAXXZ 66034a50 f   lifebar.obj
 0001:00033a70       ?MonsterDescCommaPatch1_ASM@@YAXXZ 66034a70 f   lifebar.obj
 0001:00033a80       ?MonsterDescCommaPatch2_ASM@@YAXXZ 66034a80 f   lifebar.obj
 0001:00033a90       ?MonsterDescCommaPatch3@@YIXPA_WPAUMonsterTxt@@@Z 66034a90 f   lifebar.obj
 0001:00033b20       ?MonsterDescCommaPatch3_ASM@@YAXXZ 66034b20 f   lifebar.obj
 0001:00033b30       ?LifeBarPatch_ASM@@YAXXZ   66034b30 f   lifebar.obj
 0001:00033b50       ?MonsterDeathPatch_ASM@@YAXXZ 66034b50 f   lifebar.obj
 0001:00033b70       ?CalculateHighestTC@@YAXHG@Z 66034b70 f   lifebar.obj
 0001:00033db0       ?InitTCList@@YAXXZ         66034db0 f   lifebar.obj
 0001:00033e30       ?GetTcLevel@@YAPAUMonTC@@GH@Z 66034e30 f   lifebar.obj
 0001:00033ec0       ?GetPlayerHpPercent@@YAHPAUUnitAny@@@Z 66034ec0 f   lifebar.obj
 0001:00033f00       ?PlayerNamePatch@@YIXPA_WPAUUnitAny@@@Z 66034f00 f   lifebar.obj
 0001:00034070       ?PlayerNamePatch_ASM@@YAXXZ 66035070 f   lifebar.obj
 0001:00034090       ?AutoWarCryNewGame@@YAXXZ  66035090 f   bo.obj
 0001:00034100       ?AutoWarCryRunLoop@@YAXXZ  66035100 f   bo.obj
 0001:00034860       ?d2s_init@@YAXPAUd2s_file@@@Z 66035860 f   d2s.obj
 0001:00034ac0       ?d2s_write@@YAHPAUd2s_file@@PADH@Z 66035ac0 f   d2s.obj
 0001:00034be0       ?d2s_checksum@@YAXPADH@Z   66035be0 f   d2s.obj
 0001:00034c60       ?d2s_generate@@YAHPAU_iobuf@@PAUUnitAny@@1PAGPAD1@Z 66035c60 f   d2s.obj
 0001:00035880       ?DropProtection_addConfigVars@@YAXXZ 66036880 f   DropProtection.obj
 0001:000358c0       ?DropProtection_initConfigVars@@YAXXZ 660368c0 f   DropProtection.obj
 0001:00035940       ?DropProtection@@YAHPAUUnitAny@@@Z 66036940 f   DropProtection.obj
 0001:00035d50       ?canHireMerc@@YAHXZ        66036d50 f   DropProtection.obj
 0001:00035eb0       ?DropProtectionPacketBlock@@YAHPAEH@Z 66036eb0 f   DropProtection.obj
 0001:00036010       ?ClickHireMercMenuItemPatch_ASM@@YAXXZ 66037010 f   DropProtection.obj
 0001:00036030       ?unicode2win@@YAXPADPA_WH@Z 66037030 f   DropProtection.obj
 0001:00036090       ?DeleteCharacter_Patch_ASM@@YAXXZ 66037090 f   DropProtection.obj
 0001:00036120       ?DeleteSelectedCharacter_Patch_ASM@@YAXXZ 66037120 f   DropProtection.obj
 0001:000366f0       ?ClickMenuItem_Patch_ASM@@YAXXZ 660376f0 f   DropProtection.obj
 0001:00036810       ?playerHasRune@@YAHH@Z     66037810 f   DropProtection.obj
 0001:00036860       ?isValidRuneword@@YIHPAUUnitAny@@@Z 66037860 f   DropProtection.obj
 0001:00037200       ?AutoEnchantNewGame@@YAXXZ 66038200 f   enchant.obj
 0001:00037260       ?checkUnit@@YAHPAUUnitAny@@@Z 66038260 f   enchant.obj
 0001:00037560       ?AutoEnchantRunLoop@@YAXXZ 66038560 f   enchant.obj
 0001:000378d0       ?AutoEnchantPlayerNeedHelp@@YAXH@Z 660388d0 f   enchant.obj
 0001:00037910       ?check3bb@@YAXXZ           66038910 f   enchant.obj
 0001:00037bd0       ?GamePacketPlaySound@@YIXPAE@Z 66038bd0 f   enchant.obj
 0001:00037c30       ?RecvCommand_2C_Patch_ASM@@YAXXZ 66038c30 f   enchant.obj
 0001:00037c40       ?GameChat_addConfigVars@@YAXXZ 66038c40 f   chat.obj
 0001:00037c80       ?chat_initConfigVars@@YAXXZ 66038c80 f   chat.obj
 0001:00037c90       ?setClipboard@@YAHPAUHWND__@@PA_WH@Z 66038c90 f   chat.obj
 0001:00037d60       ?processChatPaste@@YAXXZ   66038d60 f   chat.obj
 0001:00037e90       ?sendQuickMessage@@YAHPAUMessageKey@@@Z 66038e90 f   chat.obj
 0001:00037f40       ?addQuickMessage@@YAXHPA_WH@Z 66038f40 f   chat.obj
 0001:00038050       ?SendChatMessageW@@YAXPA_W@Z 66039050 f   chat.obj
 0001:00038110       ?SendChatMessage@@YAXPAD@Z 66039110 f   chat.obj
 0001:000381c0       ?WisperPatch@@YAXXZ        660391c0 f   chat.obj
 0001:000381e0       ?WisperPatch_ASM@@YAXXZ    660391e0 f   chat.obj
 0001:000381f0       ?CheckD2WinEditBox@@YAXXZ  660391f0 f   chat.obj
 0001:00038250       ?InputLinePatch@@YAHE@Z    66039250 f   chat.obj
 0001:000382f0       ?InputLinePatch1_ASM@@YAXXZ 660392f0 f   chat.obj
 0001:00038310       ?EditBoxCallBack@@YGHPAUD2EditBox@@HPAD@Z 66039310 f   chat.obj
 0001:00038310       ?Filterbox_InputHandler@@YGHPAUD2EditBox@@HPAD@Z 66039310 f   mcp.obj
 0001:00038320       ?InitD2EditBox@@YAHXZ      66039320 f   chat.obj
 0001:000383f0       ?InputLinePatch2_ASM@@YAXXZ 660393f0 f   chat.obj
 0001:00038410       ?SelectTextPatch1@@YGHPAD@Z 66039410 f   chat.obj
 0001:000384f0       ?SelectTextPatch1_ASM@@YAXXZ 660394f0 f   chat.obj
 0001:00038510       ?SelectTextPatch2@@YGHPAD@Z 66039510 f   chat.obj
 0001:000385c0       ?SelectTextPatch2_ASM@@YAXXZ 660395c0 f   chat.obj
 0001:000385e0       ?ResetGameList@@YAXXZ      660395e0 f   mcp.obj
 0001:00038600       ?gameFilter_addConfigVars@@YAXXZ 66039600 f   mcp.obj
 0001:00038640       ?D2MCPPacketHandler_05_Patch@@YIHPAEH@Z 66039640 f   mcp.obj
 0001:000388d0       ?D2MCPPacketHandler_05_Patch_ASM@@YAXXZ 660398d0 f   mcp.obj
 0001:000388f0       ?Filterbox_ReturnHandler@@YGHPA_W@Z 660398f0 f   mcp.obj
 0001:00038960       ?CreateFilterBox@@YAXXZ    66039960 f   mcp.obj
 0001:000389e0       ?CreateGameBoxPatch_ASM@@YAXXZ 660399e0 f   mcp.obj
 0001:000389f0       ?DestroyGamelistPatch@@YGXPAUD2EditBox@@@Z 660399f0 f   mcp.obj
 0001:00038a30       ?GameListRefreshTimePatch_ASM@@YAXXZ 66039a30 f   mcp.obj
 0001:00038a70       ?DrawGameListPatch@@YAXXZ  66039a70 f   mcp.obj
 0001:00038c00       ?DrawGameListPatch_ASM@@YAXXZ 66039c00 f   mcp.obj
 0001:00038c10       ?SortGameList_Patch_ASM@@YAXXZ 66039c10 f   mcp.obj
 0001:00038ca0       ?ShowGameListDifficulty_Patch_ASM@@YAXXZ 66039ca0 f   mcp.obj
 0001:00038d50       ?clearCharacterTag@@YAXXZ  66039d50 f   login.obj
 0001:00038d80       ?addCharacterTag@@YAXPAD0@Z 66039d80 f   login.obj
 0001:00038ed0       ?getCharTag@@YAPADPAD@Z    66039ed0 f   login.obj
 0001:00038f90       ?doneCharacterTag@@YAXXZ   66039f90 f   login.obj
 0001:00038fd0       ?drawCharTags@@YAXXZ       66039fd0 f   login.obj
 0001:00039100       ?login_initConfigVars@@YAXXZ 6603a100 f   login.obj
 0001:00039110       ?addAccount@@YAXHPAD0@Z    6603a110 f   login.obj
 0001:00039260       ?isLoginScreen@@YAPAUD2EditBox@@XZ 6603a260 f   login.obj
 0001:00039310       ?getLastUser@@YAPADXZ      6603a310 f   login.obj
 0001:00039380       ?inputUserPassword@@YAHPAULoginInfo@@@Z 6603a380 f   login.obj
 0001:00039510       ?autoLogin@@YAXXZ          6603a510 f   login.obj
 0001:000395e0       ?LastBNet_Patch@@YGHPAD0H0H@Z 6603a5e0 f   login.obj
 0001:00039630       ?SelectCharPatch_ASM@@YAXXZ 6603a630 f   login.obj
 0001:00039750       ?autoSelectChar@@YAXXZ     6603a750 f   login.obj
 0001:00039870       ?saveCharMenu@@YAXXZ       6603a870 f   login.obj
 0001:00039c40       ?OpenCharMenuPatch_ASM@@YAXXZ 6603ac40 f   login.obj
 0001:00039c50       ?misc_addConfigVars@@YAXXZ 6603ac50 f   misc.obj
 0001:00039c90       ?ULCPatch_ASM@@YAXXZ       6603ac90 f   misc.obj
 0001:00039cb0       ?OutTownSelectPatch@@YIHPAUUnitAny@@@Z 6603acb0 f   misc.obj
 0001:00039cf0       ?OutTownSelectPatch_ASM1@@YAXXZ 6603acf0 f   misc.obj
 0001:00039d20       ?CheckOutTownSelected@@YGHPAUUnitAny@@@Z 6603ad20 f   misc.obj
 0001:00039d80       ?OutTownSelectPatch_ASM2@@YAXXZ 6603ad80 f   misc.obj
 0001:00039da0       ?NPCMessageLoopPatch_ASM@@YAXXZ 6603ada0 f   misc.obj
 0001:00039de0       ?NPCQuestMessageStartPatch_ASM@@YAXXZ 6603ade0 f   misc.obj
 0001:00039e00       ?NPCQuestMessageEndPatch1_ASM@@YAXXZ 6603ae00 f   misc.obj
 0001:00039e20       ?NPCQuestMessageEndPatch2_ASM@@YAXXZ 6603ae20 f   misc.obj
 0001:00039e30       ?NsPassingActBugFixPatch_ASM@@YAXXZ 6603ae30 f   misc.obj
 0001:00039e40       ?SetGoldPatch@@YIHH@Z      6603ae40 f   misc.obj
 0001:00039ec0       ?SetGoldPatch_ASM@@YAXXZ   6603aec0 f   misc.obj
 0001:00039ed0       ?SetDefaultGoldPatch_ASM@@YAXXZ 6603aed0 f   misc.obj
 0001:00039ee0       ?multiclient_addConfigVars@@YAXXZ 6603aee0 f   multi.obj
 0001:00039f20       ?multiclient_initConfigVars@@YAXXZ 6603af20 f   multi.obj
 0001:00039f50       ?multiclient_FixValues@@YAXXZ 6603af50 f   multi.obj
 0001:00039f80       ?MultiClientNewGame@@YAXXZ 6603af80 f   multi.obj
 0001:0003a040       ?MultiClientEndGame@@YAXXZ 6603b040 f   multi.obj
 0001:0003a060       ?makeRuntimeInfoPath@@YAHPADH@Z 6603b060 f   multi.obj
 0001:0003a130       ?saveRuntimeInfo@@YAHPAUHWND__@@@Z 6603b130 f   multi.obj
 0001:0003a2d0       ?loadRuntimeInfo@@YAHPAUD2Window@@H@Z 6603b2d0 f   multi.obj
 0001:0003aa10       ?isLocalPlayer@@YAHH@Z     6603ba10 f   multi.obj
 0001:0003aa80       ?refresh_clients@@YAXXZ    6603ba80 f   multi.obj
 0001:0003ac40       ?multiclient_winactive@@YAXXZ 6603bc40 f   multi.obj
 0001:0003ad80       ?getGameWindowHwnd@@YAPAUHWND__@@H@Z 6603bd80 f   multi.obj
 0001:0003adc0       ?canRemoteControl@@YAHXZ   6603bdc0 f   multi.obj
 0001:0003aeb0       ?leader_click_object@@YAXHH@Z 6603beb0 f   multi.obj
 0001:0003af70       ?send_multi_quest_info@@YAXH@Z 6603bf70 f   multi.obj
 0001:0003afa0       ?recv_multi_quest_info@@YAXH@Z 6603bfa0 f   multi.obj
 0001:0003aff0       ?multiclient_recv_info@@YAXH@Z 6603bff0 f   multi.obj
 0001:0003b3b0       ?multiclient_send_info@@YAXH@Z 6603c3b0 f   multi.obj
 0001:0003b400       ?follower_click_object@@YAXHH@Z 6603c400 f   multi.obj
 0001:0003b560       ?MultiClientLoop@@YAXXZ    6603c560 f   multi.obj
 0001:0003bfd0       ?follower_left_click_xy@@YAXHH@Z 6603cfd0 f   multi.obj
 0001:0003c010       ?follower_right_click_xy@@YAXHH@Z 6603d010 f   multi.obj
 0001:0003c050       ?follower_left_click_unit@@YAXHH@Z 6603d050 f   multi.obj
 0001:0003c090       ?follower_right_client_unit@@YAXHH@Z 6603d090 f   multi.obj
 0001:0003c0d0       ?refresh_followers@@YAXH@Z 6603d0d0 f   multi.obj
 0001:0003c1f0       ?toggle_follower@@YAXH@Z   6603d1f0 f   multi.obj
 0001:0003c300       ?follower_stop_follow@@YAXXZ 6603d300 f   multi.obj
 0001:0003c3a0       ?findClosetPortal@@YAPAUUnitAny@@XZ 6603d3a0 f   multi.obj
 0001:0003c520       ?talkToNpc@@YAXXZ          6603d520 f   multi.obj
 0001:0003c6b0       ?follower_cmd@@YAXH@Z      6603d6b0 f   multi.obj
 0001:0003ca50       ?MultiClientStartFollow@@YAHH@Z 6603da50 f   multi.obj
 0001:0003cb30       ?MultiClientStopFollow@@YAHXZ 6603db30 f   multi.obj
 0001:0003cbd0       ?MultiClientStartFollow1@@YAHXZ 6603dbd0 f   multi.obj
 0001:0003cbf0       ?MultiClientStartFollow2@@YAHXZ 6603dbf0 f   multi.obj
 0001:0003cc10       ?MultiClientToggleFollow@@YAHXZ 6603dc10 f   multi.obj
 0001:0003cc40       ?MultiClientTalkToNpc@@YAHXZ 6603dc40 f   multi.obj
 0001:0003cd10       ?leader_back_to_town@@YAHXZ 6603dd10 f   multi.obj
 0001:0003cdc0       ?MultiClientEnterDoor@@YAHXZ 6603ddc0 f   multi.obj
 0001:0003cf60       ?MultiClientStartClick@@YAHH@Z 6603df60 f   multi.obj
 0001:0003cf80       ?MultiClientStopClick@@YAHH@Z 6603df80 f   multi.obj
 0001:0003cfa0       ?MultiClientInitClick@@YAHXZ 6603dfa0 f   multi.obj
 0001:0003d000       ?transferClick@@YAHHPAUUnitAny@@HH@Z 6603e000 f   multi.obj
 0001:0003d210       ?canTranferClick@@YAHXZ    6603e210 f   multi.obj
 0001:0003d270       ?shouldLeftClick@@YIHPAH@Z 6603e270 f   multi.obj
 0001:0003d550       ?shouldRightClick@@YIHPAH@Z 6603e550 f   multi.obj
 0001:0003d690       ?LeftClick_Patch_ASM@@YAXXZ 6603e690 f   multi.obj
 0001:0003d6b0       ?RightClick_Patch_ASM@@YAXXZ 6603e6b0 f   multi.obj
 0001:0003d6d0       ?NpcTrade_AddConfigVars@@YAXXZ 6603e6d0 f   NpcTrade.obj
 0001:0003d710       ?NpcTradeNewGame@@YAXXZ    6603e710 f   NpcTrade.obj
 0001:0003d720       ?drawNpcTradeInfo@@YAXH@Z  6603e720 f   NpcTrade.obj
 0001:0003e230       ?NpcTradeLoop@@YAXXZ       6603f230 f   NpcTrade.obj
 0001:0003e490       ?NpcTradePatch_ASM@@YAXXZ  6603f490 f   NpcTrade.obj
 0001:0003e4c0       ?PartyHelp_addConfigVars@@YAXXZ 6603f4c0 f   party.obj
 0001:0003e500       ?PartyHelpNewGame@@YAXXZ   6603f500 f   party.obj
 0001:0003e600       ?PartyHelpEndGame@@YAXXZ   6603f600 f   party.obj
 0001:0003e610       ?ResponseInvite@@YAXXZ     6603f610 f   party.obj
 0001:0003e6b0       ?CheckInvite@@YAHXZ        6603f6b0 f   party.obj
 0001:0003e700       ?AutoParty@@YGXPAE@Z       6603f700 f   party.obj
 0001:0003e7e0       ?RecvCommand_5A_Patch_ASM@@YAXXZ 6603f7e0 f   party.obj
 0001:0003e7f0       ?AutoInvite@@YIXPAE@Z      6603f7f0 f   party.obj
 0001:0003e8b0       ?RecvCommand_5B_Patch_ASM@@YAXXZ 6603f8b0 f   party.obj
 0001:0003e8c0       ?quick_addConfigVars@@YAXXZ 6603f8c0 f   quick.obj
 0001:0003e900       ?quick_NewGame@@YAXXZ      6603f900 f   quick.obj
 0001:0003e920       ?quick_EndGame@@YAXXZ      6603f920 f   quick.obj
 0001:0003e930       ?skillCount@@YAHH@Z        6603f930 f   quick.obj
 0001:0003e990       ?BackToTown@@YAHXZ         6603f990 f   quick.obj
 0001:0003ea70       ?QuickToLevel@@YAHXZ       6603fa70 f   quick.obj
 0001:0003eac0       ?quickLoop@@YAXXZ          6603fac0 f   quick.obj
 0001:0003eba0       ?AutoBackToTown@@YIXPAE@Z  6603fba0 f   quick.obj
 0001:0003ecd0       ?RecvCommand_60_Patch_ASM@@YAXXZ 6603fcd0 f   quick.obj
 0001:0003ece0       ?SaveGameName@@YAXXZ       6603fce0 f   quick.obj
 0001:0003ed80       ?QuickExitGame@@YAHXZ      6603fd80 f   quick.obj
 0001:0003edb0       ?QuickNextGame@@YAHH@Z     6603fdb0 f   quick.obj
 0001:0003f000       ?NextGameNamePatch@@YIXPAUD2EditBox@@P6GH0HPAD@Z@Z 66040000 f   quick.obj
 0001:0003f040       ?NextGamePasswordPatch@@YIXPAUD2EditBox@@P6GH0HPAD@Z@Z 66040040 f   quick.obj
 0001:0003f080       ?NextGameDecriptionPatch@@YIXPAUD2EditBox@@P6GH0HPAD@Z@Z 66040080 f   quick.obj
 0001:0003f0c0       ?SelectGamePatch@@YIPAXPAUD2EditBox@@PA_W@Z 660400c0 f   quick.obj
 0001:0003f160       ?quickswap_addConfigVars@@YAXXZ 66040160 f   QuickSwapItem.obj
 0001:0003f1a0       ?putIntoCubeIndirect@@YAHXZ 660401a0 f   QuickSwapItem.obj
 0001:0003f280       ?putItem@@YAHPAUInventoryBIN@@PADH@Z 66040280 f   QuickSwapItem.obj
 0001:0003f470       ?putIntoInv@@YAHXZ         66040470 f   QuickSwapItem.obj
 0001:0003f4c0       ?putIntoStash@@YAHXZ       660404c0 f   QuickSwapItem.obj
 0001:0003f520       ?MoveItem@@YAXPAUD2MSG@@@Z 66040520 f   QuickSwapItem.obj
 0001:00040330       ?RButtonUpHandlerPatch@@YGXPAUD2MSG@@@Z 66041330 f   QuickSwapItem.obj
 0001:00040370       ?RButtonUpHandlerPatch_ASM@@YAXXZ 66041370 f   QuickSwapItem.obj
 0001:00040390       ?RButtonInTradePatch_ASM@@YAXXZ 66041390 f   QuickSwapItem.obj
 0001:000403a0       ?CtrlClickHandlerPatch_ASM@@YAXXZ 660413a0 f   QuickSwapItem.obj
 0001:000403d0       ?clickCubeTransformButton@@YAXXZ 660413d0 f   QuickSwapItem.obj
 0001:00040420       ?autoCubeTransform@@YAHXZ  66041420 f   QuickSwapItem.obj
 0001:00040940       ?Resolution_AddConfigVars@@YAXXZ 66041940 f   resolution.obj
 0001:00040980       ?changeResolution@@YAXH@Z  66041980 f   resolution.obj
 0001:00040990       ?resolution_init@@YAXXZ    66041990 f   resolution.obj
 0001:000409e0       ?resolution_uninit@@YAXXZ  660419e0 f   resolution.obj
 0001:00040a30       ?fitWindowToResolution@@YAXXZ 66041a30 f   resolution.obj
 0001:00040b70       ?fitResolution@@YAXXZ      66041b70 f   resolution.obj
 0001:00040e50       ?SetBitBlockWidthAndHeightPatch_ASM@@YAXXZ 66041e50 f   resolution.obj
 0001:00040e60       ?SetCelDisplayLeftAndRightPatch_ASM@@YAXXZ 66041e60 f   resolution.obj
 0001:00040e80       ?IsNeedResizeWindowPatchH_ASM@@YAXXZ 66041e80 f   resolution.obj
 0001:00040e80       ?IsNeedRestoreDownWindowPatchH_ASM@@YAXXZ 66041e80 f   resolution.obj
 0001:00040e90       ?IsNeedRestoreDownWindowPatchW_ASM@@YAXXZ 66041e90 f   resolution.obj
 0001:00040e90       ?IsNeedResizeWindowPatchW_ASM@@YAXXZ 66041e90 f   resolution.obj
 0001:00040ea0       ?SetDisplayWidthAndHeightPatch_ASM@@YAXXZ 66041ea0 f   resolution.obj
 0001:00040ec0       ?SetGeneralDisplayWidthAndHeightPatch_ASM@@YAXXZ 66041ec0 f   resolution.obj
 0001:00040ee0       ?GetGlobalBeltSlotPositionPatch_ASM@@YAXXZ 66041ee0 f   resolution.obj
 0001:00040f90       ?GetGlobalBeltRecordPatch_ASM@@YAXXZ 66041f90 f   resolution.obj
 0001:00041060       ?AdjustWindowRectExPatch_ASM@@YAXXZ 66042060 f   resolution.obj
 0001:000411b0       ?ClearFramebufPatch_ASM@@YAXXZ 660421b0 f   resolution.obj
 0001:000411d0       ?DrawLeftOrbImagePatch_ASM@@YAXXZ 660421d0 f   resolution.obj
 0001:00041200       ?DrawLeftOrbPatch_ASM@@YAXXZ 66042200 f   resolution.obj
 0001:00041220       ?DrawRightOrbImagePatch_ASM@@YAXXZ 66042220 f   resolution.obj
 0001:00041250       ?DrawRightOrbPatch_ASM@@YAXXZ 66042250 f   resolution.obj
 0001:00041270       ?FillLeftOrbPatch_ASM@@YAXXZ 66042270 f   resolution.obj
 0001:00041290       ?FillRightOrbPatch_ASM@@YAXXZ 66042290 f   resolution.obj
 0001:000412b0       ?DrawLeftSkillButtonPatch_ASM@@YAXXZ 660422b0 f   resolution.obj
 0001:000412d0       ?DrawRightSkillButtonPatch_ASM@@YAXXZ 660422d0 f   resolution.obj
 0001:000412f0       ?DisplayHPTextPatch_ASM@@YAXXZ 660422f0 f   resolution.obj
 0001:00041310       ?DisplayManaTextPatch_ASM@@YAXXZ 66042310 f   resolution.obj
 0001:00041330       ?DrawGroundHeightPatch_ASM@@YAXXZ 66042330 f   resolution.obj
 0001:00041360       ?BottomBoundPatch_ASM@@YAXXZ 66042360 f   resolution.obj
 0001:00041380       ?installResolutionPatches@@YAHXZ 66042380 f   resolution.obj
 0001:00041830       ?autoskill_addConfigVars@@YAXXZ 66042830 f   skill.obj
 0001:00041870       ?autoskill_initConfigVars@@YAXXZ 66042870 f   skill.obj
 0001:000419d0       ?AutoSkillNewGame@@YAXXZ   660429d0 f   skill.obj
 0001:00041a40       ?checkAutoSkill@@YAXXZ     66042a40 f   skill.obj
 0001:00041d80       ?checkAutoSkillStatus@@YAXXZ 66042d80 f   skill.obj
 0001:00041e40       ?stackThrowing@@YAXXZ      66042e40 f   skill.obj
 0001:00041f00       ?AutoSkillNow@@YAHXZ       66042f00 f   skill.obj
 0001:00041f30       ?AutoSkillRunLoop@@YAXXZ   66042f30 f   skill.obj
 0001:000433a0       ?autoSkillDimVision@@YIXPAD@Z 660443a0 f   skill.obj
 0001:000433f0       ?Snapshot_AddConfigVars@@YAXXZ 660443f0 f   Snapshot.obj
 0001:00043430       ?hex@@YAXPAU_iobuf@@HPAXH@Z 66044430 f   Snapshot.obj
 0001:000435c0       ?LoadLogNames@@YAXPAU_iobuf@@@Z 660445c0 f   Snapshot.obj
 0001:00043c30       ?getSnapshotPath@@YAXPAD00000D@Z 66044c30 f   Snapshot.obj
 0001:00044130       ?openDbgFile@@YAPAU_iobuf@@PAD@Z 66045130 f   Snapshot.obj
 0001:00044360       ?SnapshotNewGame@@YAXXZ    66045360 f   Snapshot.obj
 0001:00044540       ?SnapshotEndGame@@YAXXZ    66045540 f   Snapshot.obj
 0001:00044860       ?dumpStat@@YAXPAU_iobuf@@HHPAH@Z 66045860 f   Snapshot.obj
 0001:00044d50       ?countAllGemRunes@@YAXXZ   66045d50 f   Snapshot.obj
 0001:000451c0       ?dumpStatList@@YAHPAU_iobuf@@PAUStatList@@H@Z 660461c0 f   Snapshot.obj
 0001:00045800       ?loadWaypoints@@YAXPADH@Z  66046800 f   Snapshot.obj
 0001:000458b0       ?saveWaypoints@@YAXPADH@Z  660468b0 f   Snapshot.obj
 0001:00049000       ?dumpUnit2@@YAXPAU_iobuf@@PAUUnitAny@@@Z 6604a000 f   Snapshot.obj
 0001:000491e0       ?dumpMap@@YAXXZ            6604a1e0 f   Snapshot.obj
 0001:00049750       ?saveMercInfo@@YIXPAD@Z    6604a750 f   Snapshot.obj
 0001:00049890       ?RecvCommand_81_Patch_ASM@@YAXXZ 6604a890 f   Snapshot.obj
 0001:000498a0       ?removeSnapshot@@YAXPAD00@Z 6604a8a0 f   Snapshot.obj
 0001:00049ae0       ?dumpServerQuest@@YAXPAU_iobuf@@@Z 6604aae0 f   Snapshot.obj
 0001:00049d60       ?DoSnapshot@@YAHXZ         6604ad60 f   Snapshot.obj
 0001:0004a320       ?AutoSummonNewGame@@YAXXZ  6604b320 f   summon.obj
 0001:0004a410       ?checkSkeletonCount@@YAXXZ 6604b410 f   summon.obj
 0001:0004a5e0       ?AutoSummonRunLoop@@YAXXZ  6604b5e0 f   summon.obj
 0001:0004ae00       ?addUnit@@YIXPAUUnitAny@@@Z 6604be00 f   summon.obj
 0001:0004ae80       ?AddUnitPatch_ASM@@YAXXZ   6604be80 f   summon.obj
 0001:0004aea0       ?RemoveUnitPatch1_ASM@@YAXXZ 6604bea0 f   summon.obj
 0001:0004aec0       ?RemoveUnitPatch2_ASM@@YAXXZ 6604bec0 f   summon.obj
 0001:0004aee0       ?RecvCommand_69_Patch_ASM@@YAXXZ 6604bee0 f   summon.obj
 0001:0004af10       ?RecvCommand_7A_Patch_ASM@@YAXXZ 6604bf10 f   summon.obj
 0001:0004af40       ?RecvCommand_21_Patch_ASM@@YAXXZ 6604bf40 f   summon.obj
 0001:0004af60       ?autoteleport_addConfigVars@@YAXXZ 6604bf60 f   teleport.obj
 0001:0004afa0       ?autoteleport_initConfigVars@@YAXXZ 6604bfa0 f   teleport.obj
 0001:0004afc0       ?autoteleport_fixValues@@YAXXZ 6604bfc0 f   teleport.obj
 0001:0004afe0       ?AutoTeleportStart@@YAHXZ  6604bfe0 f   teleport.obj
 0001:0004b080       ?AutoTeleportEnd@@YAHXZ    6604c080 f   teleport.obj
 0001:0004b100       ?AutoTeleport@@YAHXZ       6604c100 f   teleport.obj
 0001:0004cf50       ?abs@@YAJJ@Z               6604df50 f i teleport.obj
 0001:0004d550       ?dumpRunewordTxt@@YAXXZ    6604e550 f   txt.obj
 0001:0004d8c0       ?dumpTxt@@YAXXZ            6604e8c0 f   txt.obj
 0001:0004de90       ?panel_addConfigVars@@YAXXZ 6604ee90 f   panel.obj
 0001:0004ded0       ?printPanelConf@@YAPADHPAD0@Z 6604eed0 f   panel.obj
 0001:0004e000       ?panelNewGame@@YAXXZ       6604f000 f   panel.obj
 0001:0004e190       ?panelEndGame@@YAXXZ       6604f190 f   panel.obj
 0001:0004e1c0       ?modifyStashGrid@@YAXXZ    6604f1c0 f   panel.obj
 0001:0004e6c0       ?MpqLoadPatch@@YIXPAD0@Z   6604f6c0 f   panel.obj
 0001:0004e7a0       ?MqpLoadPathPatch_ASM@@YAXXZ 6604f7a0 f   panel.obj
 0001:0004e7c0       ?ModifyStashImagePatch_ASM@@YAXXZ 6604f7c0 f   panel.obj
 0001:0004e7d0       ?ModifyCubeImagePatch_ASM@@YAXXZ 6604f7d0 f   panel.obj
 0001:0004e800       ?ModifyInvCharImagePatch_ASM@@YAXXZ 6604f800 f   panel.obj
 0001:0004e840       ?ChooseInvCharImagePatch_ASM@@YAXXZ 6604f840 f   panel.obj
 0001:0004e870       ?CalDrawOffsetPatch_ASM@@YAXXZ 6604f870 f   panel.obj
 0001:0004e900       ?GetEquipmentSlotLayoutPatch_ASM@@YAXXZ 6604f900 f   panel.obj
 0001:0004eaa0       ?GetInventoryGridLayoutPatch_ASM@@YAXXZ 6604faa0 f   panel.obj
 0001:0004eb50       ?GetInventoryPositionPatch_ASM@@YAXXZ 6604fb50 f   panel.obj
 0001:0004ec00       ?AddSkillPatch_ASM@@YAXXZ  6604fc00 f   panel.obj
 0001:0004ec80       ?RecvCommand_26_Patch_ASM@@YAXXZ 6604fc80 f   panel.obj
 0001:0004f080       ?installPanelPatches@@YAHXZ 66050080 f   panel.obj
 0001:0004f220       ?uninstallBigstashPatches@@YAHXZ 66050220 f   panel.obj
 0001:0004f240       ?installBigstashPatches@@YAHXZ 66050240 f   panel.obj
 0001:0004f700       ?server_addConfigVars@@YAXXZ 66050700 f   server.obj
 0001:0004f740       ?client_unassign_stat@@YAHHH@Z 66050740 f   server.obj
 0001:0004f820       ?client_mouse_stat@@YAHHH@Z 66050820 f   server.obj
 0001:0004f8f0       ?getSkillDescTxt@@YAPAXH@Z 660508f0 f   server.obj
 0001:0004f900       ?getSkillTreeButtonY@@YAHH@Z 66050900 f   server.obj
 0001:0004f910       ?getSkillTreeButtonX@@YAHH@Z 66050910 f   server.obj
 0001:0004f920       ?client_mouse_skillBtn@@YAHHH@Z 66050920 f   server.obj
 0001:0004fa20       ?client_unassign_skill@@YAHHH@Z 66050a20 f   server.obj
 0001:0004fb00       ?client_reset_quest@@YAHH@Z 66050b00 f   server.obj
 0001:0004fb30       ?UndoStr@@YAXPAUUnitAny@@H@Z 66050b30 f   server.obj
 0001:0004fbd0       ?UndoDex@@YAXPAUUnitAny@@H@Z 66050bd0 f   server.obj
 0001:0004fc70       ?UndoVit@@YAXPAUUnitAny@@H@Z 66050c70 f   server.obj
 0001:0004fd70       ?UndoEne@@YAXPAUUnitAny@@H@Z 66050d70 f   server.obj
 0001:0004fe40       ?getClient@@YAPAXPAUUnitAny@@@Z 66050e40 f   server.obj
 0001:0004fe70       ?UndoSkill@@YAXPAUUnitAny@@HH@Z 66050e70 f   server.obj
 0001:00050050       ?getQuest@@YAPAGPAUWorld@@PAUUnitAny@@@Z 66051050 f   server.obj
 0001:00050090       ?serverUndo@@YAHPAUWorld@@PAUUnitAny@@PAD2@Z 66051090 f   server.obj
 0001:00050780       ?ModifyStashGridPatch_ASM@@YAXXZ 66051780 f   server.obj
 0001:00050790       ?compileRunesTxt@@YGPAXHPADPAUTxtField@@PAHH@Z 66051790 f   server.obj
 0001:000507f0       ?NoMonsterDropPatch_ASM@@YAXXZ 660517f0 f   server.obj
 0001:000508c0       ?GameStartPatch_ASM@@YAXXZ 660518c0 f   server.obj
 0001:00050a60       ?DoServerTest@@YAHXZ       66051a60 f   server.obj
 0001:00050b40       ?installServerPatches@@YAHXZ 66051b40 f   server.obj
 0001:00050ff0       ?RepeatAdminCmd@@YAHXZ     66051ff0 f   admin.obj
 0001:00051060       ?ClientChatPatch_ASM@@YAXXZ 66052060 f   admin.obj
 0001:00051100       ?setCharLv@@YAXPAUWorld@@PAUUnitAny@@H@Z 66052100 f   admin.obj
 0001:000511a0       ?maxCharStat@@YAXPAUWorld@@PAUUnitAny@@@Z 660521a0 f   admin.obj
 0001:00051270       ?enableAllWaypoints@@YAXPAUUnitAny@@@Z 66052270 f   admin.obj
 0001:000512f0       ?passGame@@YAHPAUWorld@@PAUUnitAny@@H@Z 660522f0 f   admin.obj
 0001:00051510       ?itemIndex2txt@@YAHH@Z     66052510 f   admin.obj
 0001:000515a0       ?SelectUniquePatch_ASM@@YAXXZ 660525a0 f   admin.obj
 0001:00051670       ?SelectSetPatch_ASM@@YAXXZ 66052670 f   admin.obj
 0001:00051700       ?getItemTxtByCode@@YAHH@Z  66052700 f   admin.obj
 0001:000517b0       ?getRunewordTxt@@YAPAURuneWordTxt@@H@Z 660527b0 f   admin.obj
 0001:000517f0       ?pickupItem@@YAXPAUWorld@@PAUUnitAny@@1H@Z 660527f0 f   admin.obj
 0001:00051850       ?invToHand@@YAXPAUWorld@@PAUUnitAny@@1@Z 66052850 f   admin.obj
 0001:00051890       ?handToBody@@YAXPAUWorld@@PAUUnitAny@@1H@Z 66052890 f   admin.obj
 0001:00051920       ?putItemIntoSocket@@YAXPAUWorld@@PAUUnitAny@@11@Z 66052920 f   admin.obj
 0001:00051960       ?autoPortal@@YAHPAUWorld@@PAUUnitAny@@@Z 66052960 f   admin.obj
 0001:00051d90       ?MonsterSleepPatch_ASM@@YAXXZ 66052d90 f   admin.obj
 0001:00051db0       ?skipServerPacket15@@YIHPAUWorld@@PAUUnitAny@@PADH@Z 66052db0 f   admin.obj
 0001:00054a40       ?ServerRecvPacket15Patch_ASM@@YAXXZ 66055a40 f   admin.obj
 0001:00054a70       ?uber_addConfigVars@@YAXXZ 66055a70 f   uber.obj
 0001:00054ab0       ?resetUberQuest@@YAXXZ     66055ab0 f   uber.obj
 0001:00054b20       ?openPandPortal@@YIHPAUWorld@@PAUUnitAny@@@Z 66055b20 f   uber.obj
 0001:00054be0       ?openPandFinalPortal@@YIHPAUWorld@@PAUUnitAny@@@Z 66055be0 f   uber.obj
 0001:00054c20       ?spawnSuperUnique@@YAHPAUWorld@@PAUAreaRectData@@HHHHHH@Z 66055c20 f   uber.obj
 0001:00054c50       ?monsterUseSkill@@YAXPAUWorld@@PAUUnitAny@@HH1HH@Z 66055c50 f   uber.obj
 0001:00054c90       ?spawnUber@@YGXPAUWorld@@PAUAreaRectData@@@Z 66055c90 f   uber.obj
 0001:00054ee0       ?GetNbMonsters@@YAHPAUDrlgLevel@@@Z 66055ee0 f   uber.obj
 0001:00054f70       ?GetNbMonstersRadius@@YAHPAUDrlgLevel@@UtagPOINT@@H@Z 66055f70 f   uber.obj
 0001:00055030       ?CastSummonMonster@@YAHPAUWorld@@PAUUnitAny@@HHPAHHH@Z 66056030 f   uber.obj
 0001:00055160       ?randf@@YANXZ              66056160 f   uber.obj
 0001:00055180       ?RandInCircle@@YAXPAUtagPOINT@@H@Z 66056180 f   uber.obj
 0001:000551e0       ?uberMephAI@@YIXPAUWorld@@PAUUnitAny@@PAUAIParam@@@Z 660561e0 f   uber.obj
 0001:00055270       ?uberDiabloAI@@YIXPAUWorld@@PAUUnitAny@@PAUAIParam@@@Z 66056270 f   uber.obj
 0001:000553c0       ?uberBaalAI@@YIXPAUWorld@@PAUUnitAny@@PAUAIParam@@@Z 660563c0 f   uber.obj
 0001:00055590       ?installUberQuestPatches@@YAHXZ 66056590 f   uber.obj
 0001:000556b6       ??0_LocaleUpdate@@QAE@PAUlocaleinfo_struct@@@Z 660566b6 f i LIBCMT:stricmp.obj
 0001:0005573d       ___ascii_stricmp           6605673d f   LIBCMT:stricmp.obj
 0001:00055776       __stricmp_l                66056776 f   LIBCMT:stricmp.obj
 0001:0005584b       __stricmp                  6605684b f   LIBCMT:stricmp.obj
 0001:0005589d       __flush                    6605689d f   LIBCMT:fflush.obj
 0001:00055905       __fflush_nolock            66056905 f   LIBCMT:fflush.obj
 0001:00055a27       _fflush                    66056a27 f   LIBCMT:fflush.obj
 0001:00055a7a       __flushall                 66056a7a f   LIBCMT:fflush.obj
 0001:00055a83       _fprintf                   66056a83 f   LIBCMT:fprintf.obj
 0001:00055b9f       _bsearch                   66056b9f f   LIBCMT:bsearch.obj
 0001:00055c61       @__security_check_cookie@4 66056c61 f   LIBCMT:secchk.obj
 0001:00055c70       _sprintf                   66056c70 f   LIBCMT:sprintf.obj
 0001:00055cf0       _memset                    66056cf0 f   LIBCMT:memset.obj
 0001:00055d6a       __fclose_nolock            66056d6a f   LIBCMT:fclose.obj
 0001:00055de1       _fclose                    66056de1 f   LIBCMT:fclose.obj
 0001:00055e5d       _fputs                     66056e5d f   LIBCMT:fputs.obj
 0001:00055f70       _strncpy                   66056f70 f   LIBCMT:strncpy.obj
 0001:000560b0       _strchr                    660570b0 f   LIBCMT:strchr.obj
 0001:000560b6       ___from_strstr_to_strchr   660570b6     LIBCMT:strchr.obj
 0001:00056170       _strrchr                   66057170 f   LIBCMT:strrchr.obj
 0001:00056260       _qsort                     66057260 f   LIBCMT:qsort.obj
 0001:000564ad       _realloc                   660574ad f   LIBCMT:realloc.obj
 0001:000566d0       _memcpy                    660576d0 f   LIBCMT:memcpy.obj
 0001:00056a35       __isalpha_l                66057a35 f i LIBCMT:_ctype.obj
 0001:00056a8b       _isalpha                   66057a8b f i LIBCMT:_ctype.obj
 0001:00056abb       __isdigit_l                66057abb f i LIBCMT:_ctype.obj
 0001:00056b0c       _isdigit                   66057b0c f i LIBCMT:_ctype.obj
 0001:00056b3a       __isspace_l                66057b3a f i LIBCMT:_ctype.obj
 0001:00056b8b       _isspace                   66057b8b f i LIBCMT:_ctype.obj
 0001:00056bb9       __isalnum_l                66057bb9 f i LIBCMT:_ctype.obj
 0001:00056c0f       _isalnum                   66057c0f f i LIBCMT:_ctype.obj
 0001:00056e6e       _strtol                    66057e6e f   LIBCMT:strtol.obj
 0001:00056e99       _strtoul                   66057e99 f   LIBCMT:strtol.obj
 0001:00056ec5       __toupper_l                66057ec5 f   LIBCMT:toupper.obj
 0001:00056fdb       _toupper                   66057fdb f   LIBCMT:toupper.obj
 0001:00057007       __memicmp_l                66058007 f   LIBCMT:memicmp.obj
 0001:000570dc       __memicmp                  660580dc f   LIBCMT:memicmp.obj
 0001:0005713b       ___iob_func                6605813b f   LIBCMT:_file.obj
 0001:00057141       ___initstdio               66058141 f   LIBCMT:_file.obj
 0001:000571f2       ___endstdio                660581f2 f   LIBCMT:_file.obj
 0001:00057212       __lock_file                66058212 f   LIBCMT:_file.obj
 0001:00057253       __lock_file2               66058253 f   LIBCMT:_file.obj
 0001:00057285       __unlock_file              66058285 f   LIBCMT:_file.obj
 0001:000572c1       __unlock_file2             660582c1 f   LIBCMT:_file.obj
 0001:000572f0       __initp_misc_winxfltr      660582f0 f   LIBCMT:winxfltr.obj
 0001:000572f0       __fpclear                  660582f0 f   LIBCMT:_fpinit_.obj
 0001:000572f1       __cfltcvt_init             660582f1 f   LIBCMT:_fpinit_.obj
 0001:00057351       __fpmath                   66058351 f   LIBCMT:_fpinit_.obj
 0001:00057380       __except_handler4          66058380 f   LIBCMT:chandler4.obj
 0001:0005750c       _V6_HeapAlloc              6605850c f   LIBCMT:malloc.obj
 0001:0005755b       _malloc                    6605855b f   LIBCMT:malloc.obj
 0001:00057630       _strstr                    66058630 f   LIBCMT:strstr.obj
 0001:000576b6       _fgets                     660586b6 f   LIBCMT:fgets.obj
 0001:000577fe       __fseek_nolock             660587fe f   LIBCMT:fseek.obj
 0001:00057888       _fseek                     66058888 f   LIBCMT:fseek.obj
 0001:0005790d       __fread_nolock_s           6605890d f   LIBCMT:fread.obj
 0001:00057b17       _fread_s                   66058b17 f   LIBCMT:fread.obj
 0001:00057bad       _fread                     66058bad f   LIBCMT:fread.obj
 0001:00057bca       _strtok                    66058bca f   LIBCMT:strtok.obj
 0001:00057c90       __ftol2_sse                66058c90 f   LIBCMT:ftol2.obj
 0001:00057c99       __ftol2_pentium4           66058c99 f   LIBCMT:ftol2.obj
 0001:00057cac       __ftol2_sse_excpt          66058cac f   LIBCMT:ftol2.obj
 0001:00057cc6       __ftol2                    66058cc6 f   LIBCMT:ftol2.obj
 0001:00057d3b       ??3@YAXPAX@Z               66058d3b f   LIBCMT:delete.obj
 0001:00057d46       ??0bad_alloc@std@@QAE@XZ   66058d46 f i LIBCMT:new.obj
 0001:00057d61       ??1bad_alloc@std@@UAE@XZ   66058d61 f i LIBCMT:new.obj
 0001:00057d6c       ??_Gbad_alloc@std@@UAEPAXI@Z 66058d6c f i LIBCMT:new.obj
 0001:00057d6c       ??_Ebad_alloc@std@@UAEPAXI@Z 66058d6c f i LIBCMT:new.obj
 0001:00057d93       ??0bad_alloc@std@@QAE@ABV01@@Z 66058d93 f i LIBCMT:new.obj
 0001:00057db0       ??2@YAPAXI@Z               66058db0 f   LIBCMT:new.obj
 0001:00057e15       _free                      66058e15 f   LIBCMT:free.obj
 0001:00057f7d       __stat64i32                66058f7d f   LIBCMT:stati32.obj
 0001:00058351       __fwrite_nolock            66059351 f   LIBCMT:fwrite.obj
 0001:000584b3       _fwrite                    660594b3 f   LIBCMT:fwrite.obj
 0001:00058535       __fsopen                   66059535 f   LIBCMT:fopen.obj
 0001:000585f9       _fopen                     660595f9 f   LIBCMT:fopen.obj
 0001:00058610       __snprintf                 66059610 f   LIBCMT:snprintf.obj
 0001:000586bf       __ftell_nolock             660596bf f   LIBCMT:ftell.obj
 0001:0005885c       _ftell                     6605985c f   LIBCMT:ftell.obj
 0001:000588d0       __chkstk                   660598d0 f   LIBCMT:chkstk.obj
 0001:000588d0       __alloca_probe             660598d0     LIBCMT:chkstk.obj
 0001:00058900       __CIsqrt                   66059900 f   LIBCMT:_sqrt_.obj
 0001:00058914       _sqrt                      66059914     LIBCMT:_sqrt_.obj
 0001:000589ba       __vsnprintf_l              660599ba f   LIBCMT:vsnprint.obj
 0001:00058a6d       __vsnprintf                66059a6d f   LIBCMT:vsnprint.obj
 0001:00058a8a       __strdup                   66059a8a f   LIBCMT:strdup.obj
 0001:00058adf       _fputc                     66059adf f   LIBCMT:fputc.obj
 0001:00058beb       _rand                      66059beb f   LIBCMT:rand.obj
 0001:00058c0d       _rename                    66059c0d f   LIBCMT:rename.obj
 0001:00058c40       _memmove                   66059c40 f   LIBCMT:memmove.obj
 0001:00058fa5       __isleadbyte_l             66059fa5 f i LIBCMT:_wctype.obj
 0001:00058fdd       _isleadbyte                66059fdd f i LIBCMT:_wctype.obj
 0001:00058ff0       _iswspace                  66059ff0 f i LIBCMT:_wctype.obj
 0001:00059003       __get_printf_count_output  6605a003 f   LIBCMT:printf.obj
 0001:00059019       __time64                   6605a019 f   LIBCMT:time64.obj
 0001:0005906a       __freea                    6605a06a f i LIBCMT:strupr.obj
 0001:00059208       __strupr_s_l               6605a208 f   LIBCMT:strupr.obj
 0001:0005923d       __strupr                   6605a23d f   LIBCMT:strupr.obj
 0001:0005949c       _wcstol                    6605a49c f   LIBCMT:wcstol.obj
 0001:000594d0       __allshr                   6605a4d0 f   LIBCMT:llshr.obj
 0001:00059500       _sin                       6605a500 f   LIBCMT:_sin_.obj
 0001:00059540       __CIsin                    6605a540 f   LIBCMT:_sin_.obj
 0001:0005957b       __CIsin_default            6605a57b f   LIBCMT:_sin_.obj
 0001:0005958f       __sin_default              6605a58f     LIBCMT:_sin_.obj
 0001:00059630       _cos                       6605a630 f   LIBCMT:_cos_.obj
 0001:00059670       __CIcos                    6605a670 f   LIBCMT:_cos_.obj
 0001:000596ab       __CIcos_default            6605a6ab f   LIBCMT:_cos_.obj
 0001:000596bf       __cos_default              6605a6bf     LIBCMT:_cos_.obj
 0001:00059759       __CRT_INIT@12              6605a759 f   LIBCMT:dllcrt0.obj
 0001:00059984       __DllMainCRTStartup@12     6605a984 f   LIBCMT:dllcrt0.obj
 0001:00059bcd       ___updatetmbcinfo          6605abcd f   LIBCMT:mbctype.obj
 0001:00059ced       __setmbcp_nolock           6605aced f   LIBCMT:mbctype.obj
 0001:00059ed2       __setmbcp                  6605aed2 f   LIBCMT:mbctype.obj
 0001:0005a06c       ___initmbctable            6605b06c f   LIBCMT:mbctype.obj
 0001:0005a08a       ___freetlocinfo            6605b08a f   LIBCMT:setlocal.obj
 0001:0005a1d3       ___addlocaleref            6605b1d3 f   LIBCMT:setlocal.obj
 0001:0005a262       ___removelocaleref         6605b262 f   LIBCMT:setlocal.obj
 0001:0005a339       ___updatetlocinfo          6605b339 f   LIBCMT:setlocal.obj
 0001:0005a3af       __encode_pointer           6605b3af f   LIBCMT:tidtable.obj
 0001:0005a421       __encoded_null             6605b421 f   LIBCMT:tidtable.obj
 0001:0005a42a       __decode_pointer           6605b42a f   LIBCMT:tidtable.obj
 0001:0005a49c       ___crtTlsAlloc@4           6605b49c f   LIBCMT:tidtable.obj
 0001:0005a4a5       ___set_flsgetvalue         6605b4a5 f   LIBCMT:tidtable.obj
 0001:0005a4d9       __mtterm                   6605b4d9 f   LIBCMT:tidtable.obj
 0001:0005a516       __initptd                  6605b516 f   LIBCMT:tidtable.obj
 0001:0005a5fd       __getptd_noexit            6605b5fd f   LIBCMT:tidtable.obj
 0001:0005a676       __getptd                   6605b676 f   LIBCMT:tidtable.obj
[...]
 0001:00002ec0       ?parseValues32@@YAXPAHPADH@Z 66003ec0 f   config.obj
 0001:00003550       ?InitValues@@YAXXZ         66004550 f   config.obj
 0001:00003830       ?changeLogPath@@YAHPAD@Z   66004830 f   config.obj
 0001:000039d0       ?loadConfig@@YAXPAD@Z      660049d0 f   config.obj
 0001:000041e0       ?loadTagFile@@YAXPAD@Z     660051e0 f   config.obj
 0001:00004390       ?loadSymbolFile@@YAXPAD@Z  66005390 f   config.obj
 0001:00004590       ?isNumber@@YAHPAD@Z        66005590 f   config.obj
 0001:000054c0       ?doPatchCALL@@YAXHHH@Z     660064c0 f   install.obj
 0001:00005510       ?doPatchJMP@@YAXHHH@Z      66006510 f   install.obj
 0001:00005560       ?doPatchFILL@@YAXHHH@Z     66006560 f   install.obj
 0001:000055b0       ?doPatchVALUE@@YAXHHH@Z    660065b0 f   install.obj
 0001:000057d0       ?parseOriginalCode@@YAHPADH0HPAH@Z 660067d0 f   install.obj
 0001:00009370       ?InstallPatchAfterLoad@@YAXXZ 6600a370 f   install.obj
 0001:000093a0       ?installD2PatchesAfterLoad@@YAHXZ 6600a3a0 f   install.obj
 0001:00009700       ?installNetworkRecvPatch@@YAHXZ 6600a700 f   install.obj
 0001:00009750       ?installPatchToggle@@YAHXZ 6600a750 f   install.obj
 0001:00009830       ?installD2Patches@@YAHXZ   6600a830 f   install.obj
 0001:000131b0       ?dumpPtr@@YAXPAU_iobuf@@PADHH1H@Z 660141b0 f   install.obj
 0001:00013430       ?dump@@YAXXZ               66014430 f   install.obj
 0001:00013970       ?ReloadDll@@YAHXZ          66014970 f   install.obj
 0001:000139d0       ?ReloadConfig@@YAHXZ       660149d0 f   install.obj
 0001:00013ad0       _stat                      66014ad0 f   install.obj
 0001:00013ad0       _stat                      66014ad0 f   install.obj
 0001:000146a0       ?d2msg@@YAXHPA_WH@Z        660156a0 f   common.obj
 0001:00016db0       ?comparePet@@YAHPBX0@Z     66017db0 f   common.obj
 0001:00016db0       ?comparePvp@@YAHPBX0@Z     66017db0 f   common.obj
 0001:00016db0       ?compareItem@@YAHPBX0@Z    66017db0 f   common.obj
 0001:00017910       ?sendPacket43E0Patch_ASM@@YAXXZ 66018910 f   dbg.obj
 0001:00017930       ?sendPacket43E0@@YIXPADHH@Z 66018930 f   dbg.obj
 0001:00017980       ?sendPacket3Patch_ASM@@YAXXZ 66018980 f   dbg.obj
 0001:000179a0       ?sendPacket3@@YIXDFH@Z     660189a0 f   dbg.obj
 0001:000179f0       ?clickMenuItemPatch_ASM@@YAXXZ 660189f0 f   dbg.obj
 0001:00017a10       ?clickMenuItem@@YIXH@Z     66018a10 f   dbg.obj
 0001:000182d0       ?gameStart@@YAXXZ          660192d0 f   loop.obj
 0001:00018610       ?checkTag@@YAXPAD@Z        66019610 f   loop.obj
 0001:00019040       ?updateTargetName@@YAXXZ   6601a040 f   map.obj
 0001:00019400       ?selectWaypointTarget@@YAXXZ 6601a400 f   map.obj
 0001:000199d0       ?LoadBmpCellFile@@YAPAUCellFile@@PAD@Z 6601a9d0 f   map.obj
 0001:00019a80       ?InitCellFile@@YAPAUCellFile@@PAU1@@Z 6601aa80 f   map.obj
 0001:00019b90       ?DeleteCellFile@@YAXPAUCellFile@@@Z 6601ab90 f   map.obj
 0001:00019df0       ?addCorner@@YAXPAUSC@@HH@Z 6601adf0 f   map.obj
 0001:0001a130       ?modifyRescueBarTarget@@YAXXZ 6601b130 f   map.obj
 0001:0001a270       ?target_sort@@YAXPAPAUMinimapLevelTarget@@@Z 6601b270 f   map.obj
 0001:0001a340       ?modifySealTarget@@YAXXZ   6601b340 f   map.obj
 0001:0001a7a0       ?modifyTempleTarget@@YAXXZ 6601b7a0 f   map.obj
 0001:0001a850       ?modifyTeleportTarget@@YAXXZ 6601b850 f   map.obj
 0001:0001ab90       ?ResetAutomapNodeCellNo@@YAXPAUAutomapNode@@@Z 6601bb90 f   map.obj
 0001:0001c800       ?isConnected@@YAHPAUAreaRectInfo@@0PAUtagPOINT@@@Z 6601d800 f   map.obj
 0001:0001cb60       ?drawAreaRect@@YAXPAUAreaRectInfo@@H@Z 6601db60 f   map.obj
 0001:0001ce80       ?DrawMinimapPoint@@YAXXZ   6601de80 f   map.obj
 0001:0001e0b0       ?hex@@YAXPAU_iobuf@@HPAXH@Z 6601f0b0 f   packet.obj
 0001:0001fd40       ?drawAARect@@YAXPAURouteRect@@@Z 66020d40 f   route.obj
 0001:000200a0       ?initRectRoute@@YAHPAUMinimapLevelTarget@@@Z 660210a0 f   route.obj
 0001:000204a0       ?canTeleport@@YAHPAUAreaRectData@@PAURouteRect@@@Z 660214a0 f   route.obj
 0001:00020600       ?recycleRouteInfo@@YAXPAUMinimapLevelTarget@@@Z 66021600 f   route.obj
 0001:00020760       ?performRectRoute@@YAXPAUMinimapLevelTarget@@@Z 66021760 f   route.obj
 0001:00021260       ?recvWaypointMenu@@YIHPADH@Z 66022260 f   waypoint.obj
 0001:00022120       ?setWinTitle@@YAXPAUHWND__@@H@Z 66023120 f   winmsg.obj
 0001:00023150       ?keyDown@@YIHHH@Z          66024150 f   winmsg.obj
 0001:00023400       ?shouldProcessKey@@YAHHH@Z 66024400 f   winmsg.obj
 0001:000234c0       ?keyUp@@YIHHH@Z            660244c0 f   winmsg.obj
 0001:000236f0       ?createVersionTextBox@@YAXXZ 660246f0 f   winmsg.obj
 0001:00023800       ?debugMsDrawUnitStart@@YAXXZ 66024800 f   winmsg.obj
 0001:00023880       ?beforeDrawControl@@YAXXZ  66024880 f   winmsg.obj
 0001:000238b0       ?debugMsDrawControlStart@@YAXXZ 660248b0 f   winmsg.obj
 0001:000238f0       ?debugMsDrawControlEnd@@YAXXZ 660248f0 f   winmsg.obj
 0001:00023950       ?shouldSkipDrawUnitAndControl@@YAHXZ 66024950 f   winmsg.obj
 0001:000239d0       ?shouldSkipAllDrawing@@YAHXZ 660249d0 f   winmsg.obj
 0001:00023a70       ?skipDrawMenu2@@YAHXZ      66024a70 f   winmsg.obj
 0001:00023af0       ?mainMenuSkip@@YAHXZ       66024af0 f   winmsg.obj
 0001:00024220       ?drawGroundRect@@YAXPAUAreaRectData@@@Z 66025220 f   env.obj
 0001:000249c0       ?checkWeapon@@YAXPAUUnitAny@@@Z 660259c0 f   GameMonitor.obj
 0001:00024ac0       ?checkItem@@YAXPAUUnitAny@@H@Z 66025ac0 f   GameMonitor.obj
 0001:000271f0       ?recvState@@YIXPAE@Z       660281f0 f   GameMonitor.obj
 0001:00027870       ?drawUnitsInfoInRect@@YAXPAUAreaRectData@@@Z 66028870 f   GameMonitor.obj
 0001:00027bd0       ?drawPlayerName@@YAXPAUUnitAny@@@Z 66028bd0 f   GameMonitor.obj
 0001:00028020       ?drawBossHp@@YAXPAUUnitAny@@@Z 66029020 f   GameMonitor.obj
 0001:0002bb10       ?wscolorcpy@@YAPA_WPA_W0E@Z 6602cb10 f   item.obj
 0001:0002bb10       ?wscolorcpy@@YAPA_WPA_W0E@Z 6602cb10 f   item.obj
 0001:0002faf0       ?rescanMercPointers@@YAXXZ 66030af0 f   dangerous.obj
 0001:00030e00       ?checkQuest@@YAXHHHPAD@Z   66031e00 f   quest.obj
 0001:00031220       ?questAlert@@YAXXZ         66032220 f   quest.obj
 0001:00032240       ?drawQuestState@@YAXPAG0HHH@Z 66033240 f   quest.obj
 0001:00034630       ?switchTo@@YAXH@Z          66035630 f   bo.obj
 0001:00034730       ?useSkill@@YAHH@Z          66035730 f   bo.obj
 0001:00034aa0       _time                      66035aa0 f   d2s.obj
 0001:00035c30       ?hasProp@@YAHPAUUnitAny@@HH@Z 66036c30 f   DropProtection.obj
 0001:000360b0       ?deleteCharacterCallback@@YIXPAD0@Z 660370b0 f   DropProtection.obj
 0001:00036140       ?canDeleteCharacter@@YIHPAUD2Character@@@Z 66037140 f   DropProtection.obj
 0001:00036710       ?skipMenuItem@@YIHPAUMenuItem@@@Z 66037710 f   DropProtection.obj
 0001:00037110       ?findTargetItem@@YAPAUUnitAny@@H@Z 66038110 f   DropProtection.obj
 0001:000377b0       ?doEnchant@@YAHPAUUnitAny@@@Z 660387b0 f   enchant.obj
 0001:00038c30       ?sortGameList@@YAXXZ       66039c30 f   mcp.obj
 0001:00038c70       ?compareMcp05Game@@YAHPBX0@Z 66039c70 f   mcp.obj
 0001:00038cc0       ?showGameListDifficulty@@YIXPAXPAD@Z 66039cc0 f   mcp.obj
 0001:00038f20       ?compareCharTag@@YAHPBX0@Z 66039f20 f   login.obj
 0001:000394d0       ?c2w@@YAXPADPA_W@Z         6603a4d0 f   login.obj
 0001:00039650       ?selectChar@@YIXH@Z        6603a650 f   login.obj
 0001:0003bbc0       ?teamMemberInArea@@YAHH@Z  6603cbc0 f   multi.obj
 0001:0003bc60       ?interactObject@@YAXXZ     6603cc60 f   multi.obj
 0001:0003c2a0       ?sendStartFollowCmd@@YAHPAUD2Window@@@Z 6603d2a0 f   multi.obj
 0001:0003c2d0       ?sendStopFollowCmd@@YAHPAUD2Window@@@Z 6603d2d0 f   multi.obj
 0001:0003d900       ?checkItems@@YAXHH@Z       6603e900 f   NpcTrade.obj
 0001:0003da40       ?checkItem@@YAXPAUUnitAny@@H@Z 6603ea40 f   NpcTrade.obj
 0001:0003f400       ?canPutIn@@YAHPADHHHH@Z    66040400 f   QuickSwapItem.obj
 0001:0003fca0       ?updateCubeInvMap@@YAXXZ   66040ca0 f   QuickSwapItem.obj
 0001:0003ffc0       ?dropItemToGound@@YAHXZ    66040fc0 f   QuickSwapItem.obj
 0001:00040030       ?updateInv@@YAXPAUInventoryType@@H@Z 66041030 f   QuickSwapItem.obj
 0001:000400e0       ?putIntoSimpleItemStack@@YAXXZ 660410e0 f   QuickSwapItem.obj
 0001:00040190       ?findSimpleItemStack@@YAPAUUnitAny@@H@Z 66041190 f   QuickSwapItem.obj
 0001:00040800       ?pickupItem@@YAHPAUUnitAny@@@Z 66041800 f   QuickSwapItem.obj
 0001:00040890       ?findGemInv@@YAPAUUnitAny@@HH@Z 66041890 f   QuickSwapItem.obj
 0001:00040f00       ?getGlobalBeltSlotPosition@@YIXPAH0@Z 66041f00 f   resolution.obj
 0001:00040fb0       ?getGlobalBeltRecord@@YIXPAH@Z 66041fb0 f   resolution.obj
 0001:00041070       ?adjWinRectEx@@YGHHPAUtagRECT@@HHH@Z 66042070 f   resolution.obj
 0001:00041b20       ?isAutoSkill@@YAHPAUSkill@@@Z 66042b20 f   skill.obj
 0001:00041c80       ?checkAutoSkill1@@YAXHH@Z  66042c80 f   skill.obj
 0001:000424c0       ?updateSkill@@YAXPAUAutoSkillInfo@@H@Z 660434c0 f   skill.obj
 0001:00042b40       ?processStacking@@YAXXZ    66043b40 f   skill.obj
 0001:00042c80       ?canUse@@YAHPAUAutoSkillInfo@@@Z 66043c80 f   skill.obj
 0001:00042d80       ?checkUnit@@YAXPAUUnitAny@@@Z 66043d80 f   skill.obj
 0001:00044490       ?getLvPercent@@YAHPAUUnitAny@@@Z 66045490 f   Snapshot.obj
 0001:00044740       ?openSnapshotFile@@YAPAU_iobuf@@PAD00D0H@Z 66045740 f   Snapshot.obj
 0001:00044ef0       ?countGemRunes@@YAXPAUUnitAny@@@Z 66045ef0 f   Snapshot.obj
 0001:00045440       ?dumpStats@@YAHPAU_iobuf@@PAUStat@@@Z 66046440 f   Snapshot.obj
 0001:00045940       ?dumpInventory@@YAXXZ      66046940 f   Snapshot.obj
 0001:00045f00       ?dumpUnit@@YAXPAU_iobuf@@PAUUnitAny@@@Z 66046f00 f   Snapshot.obj
 0001:00046930       ?outputGemRune@@YAXPAU_iobuf@@@Z 66047930 f   Snapshot.obj
 0001:00046bc0       ?dumpItem@@YAXPAU_iobuf@@PAUUnitAny@@HH@Z 66047bc0 f   Snapshot.obj
 0001:00047c40       ?addItem@@YAXPAUUnitAny@@H@Z 66048c40 f   Snapshot.obj
 0001:00047fd0       ?isStartEq@@YAHPAUUnitAny@@@Z 66048fd0 f   Snapshot.obj
 0001:00048040       ?dumpItems@@YAXPAU_iobuf@@PAUUnitAny@@H@Z 66049040 f   Snapshot.obj
 0001:00048110       ?dumpQuests@@YAXPAU_iobuf@@@Z 66049110 f   Snapshot.obj
 0001:00048880       ?dumpTodo@@YAXPAU_iobuf@@HPADPAUQ@@@Z 66049880 f   Snapshot.obj
 0001:000489a0       ?loadQuests@@YAXXZ         660499a0 f   Snapshot.obj
 0001:00048a70       ?dumpWaypoints@@YAXPAU_iobuf@@@Z 66049a70 f   Snapshot.obj
 0001:00048c10       ?dumpSkills@@YAXPAU_iobuf@@PAUUnitAny@@@Z 66049c10 f   Snapshot.obj
 0001:00048d20       ?dumpSkill@@YAXPAU_iobuf@@PAUSkill@@@Z 66049d20 f   Snapshot.obj
 0001:00048e30       ?dumpObject@@YAXPAU_iobuf@@PAUUnitAny@@@Z 66049e30 f   Snapshot.obj
 0001:00048f90       ?dumpAreatile@@YAXPAU_iobuf@@PAUUnitAny@@@Z 66049f90 f   Snapshot.obj
 0001:00049a90       ?doDeleteSnapshotFile@@YAXPAD@Z 6604aa90 f   Snapshot.obj
 0001:0004a840       ?checkSummonSkillLevel@@YAXXZ 6604b840 f   summon.obj
 0001:0004a990       ?getSummonCount@@YAHH@Z    6604b990 f   summon.obj
 0001:0004a9c0       ?needSummon@@YAHXZ         6604b9c0 f   summon.obj
 0001:0004abd0       ?switchSummonSkill@@YAXH@Z 6604bbd0 f   summon.obj
 0001:0004ac00       ?checkUnit@@YAXPAUUnitAny@@@Z 6604bc00 f   summon.obj
 0001:0004b660       ?findBoss@@YAHHH@Z         6604c660 f   teleport.obj
 0001:0004b730       ?resetMonsters@@YAXXZ      6604c730 f   teleport.obj
 0001:0004b7b0       ?findMonsters@@YAXXZ       6604c7b0 f   teleport.obj
 0001:0004bb30       ?addMonMap@@YAXHH@Z        6604cb30 f   teleport.obj
 0001:0004bb90       ?calBoundingBox@@YAXXZ     6604cb90 f   teleport.obj
 0001:0004bcd0       ?getMonDis@@YAHPAUtagPOINT@@@Z 6604ccd0 f   teleport.obj
 0001:0004bd30       ?dis@@YAHPAUtagPOINT@@0@Z  6604cd30 f   teleport.obj
 0001:0004bd60       ?interact@@YAXPAUtagPOINT@@HH@Z 6604cd60 f   teleport.obj
 0001:0004be40       ?interactObj@@YAXPAUUnitAny@@@Z 6604ce40 f   teleport.obj
 0001:0004c000       ?teleportForward@@YAHXZ    6604d000 f   teleport.obj
 0001:0004c420       ?addPossiblePostions@@YAXPAUAreaRectData@@0PAUtagPOINT@@H@Z 6604d420 f   teleport.obj
 0001:0004c840       ?disM256@@YAHPAUtagPOINT@@0@Z 6604d840 f   teleport.obj
 0001:0004c870       ?hasMon@@YAHHH@Z           6604d870 f   teleport.obj
 0001:0004c8d0       ?findValidPosition@@YAHXZ  6604d8d0 f   teleport.obj
 0001:0004c9b0       ?comparePos@@YAHPBX0@Z     6604d9b0 f   teleport.obj
 0001:0004c9d0       ?teleportToSafety@@YAHXZ   6604d9d0 f   teleport.obj
 0001:0004cc70       ?savePrevMonsters@@YAXXZ   6604dc70 f   teleport.obj
 0001:0004cd40       ?findSafestPosition@@YAHXZ 6604dd40 f   teleport.obj
 0001:0004cdc0       ?tpToBoss@@YAHXZ           6604ddc0 f   teleport.obj
 0001:0004cf70       ?autoTarget@@YAHXZ         6604df70 f   teleport.obj
 0001:0004d0e0       ?telekinesisTarget@@YAHPAUUnitAny@@@Z 6604e0e0 f   teleport.obj
 0001:0004d3f0       ?findTelekinesisPosition@@YAHXZ 6604e3f0 f   teleport.obj
 0001:0004d4e0       ?autoDuranceofHateLevel3@@YAHXZ 6604e4e0 f   teleport.obj
 0001:0004d760       ?dumpProp@@YAXPAU_iobuf@@PAUItemProp@@@Z 6604e760 f   txt.obj
 0001:0004d8e0       ?dumpItemTxt@@YAXXZ        6604e8e0 f   txt.obj
 0001:0004da50       ?dumpUniqueTxt@@YAXXZ      6604ea50 f   txt.obj
 0001:0004dc60       ?dumpSetTxt@@YAXXZ         6604ec60 f   txt.obj
 0001:0004e320       ?setStash@@YAXHH@Z         6604f320 f   panel.obj
 0001:0004e480       ?setCube@@YAXH@Z           6604f480 f   panel.obj
 0001:0004e600       ?setCharInv@@YAXHH@Z       6604f600 f   panel.obj
 0001:0004e820       ?loadInvChar8x10@@YAXXZ    6604f820 f   panel.obj
 0001:0004e880       ?calDrawOffset@@YAXXZ      6604f880 f   panel.obj
 0001:0004e910       ?getEquipmentSlotLayout@@YIXPAH0@Z 6604f910 f   panel.obj
 0001:0004e9b0       ?getEquipInvDrawOffset@@YAXPAH0PAX@Z 6604f9b0 f   panel.obj
 0001:0004eab0       ?getInventoryGridLayout@@YIXPAH0@Z 6604fab0 f   panel.obj
 0001:0004eb60       ?getInventoryPosition@@YIXPAH0@Z 6604fb60 f   panel.obj
 0001:0004ec10       ?addSkillPatch@@YIXH@Z     6604fc10 f   panel.obj
 0001:0004ec90       ?recvCommand26@@YIXPAD@Z   6604fc90 f   panel.obj
 0001:0004f010       ?guessInvType@@YAHHH@Z     66050010 f   panel.obj
 0001:0004f030       ?guessStashType@@YAHHH@Z   66050030 f   panel.obj
 0001:0004f050       ?guessCubeType@@YAHHH@Z    66050050 f   panel.obj
 0001:00050030       ?SetSkillBaseLevelOnClient@@YAXPAXPAUUnitAny@@HHH@Z 66051030 f   server.obj
 0001:000505a0       ?resetQuest@@YAXPAUWorld@@PAUUnitAny@@H@Z 660515a0 f   server.obj
 0001:00050810       ?skipDropTxt@@YIHH@Z       66051810 f   server.obj
 0001:000508d0       ?gameStart@@YIXPAUNetClient@@@Z 660518d0 f   server.obj
 0001:00050920       ?createHackmapMsg@@YAXXZ   66051920 f   server.obj
 0001:00050a70       ?serverRecvTest@@YAXPAUWorld@@PAUUnitAny@@H@Z 66051a70 f   server.obj
 0001:00050b30       ?necSummon@@YAPAUUnitAny@@PAUNecSummon@@@Z 66051b30 f   server.obj
 0001:00051070       ?clientChat@@YIXPAD@Z      66052070 f   admin.obj
 0001:000515c0       ?selectUnique@@YIHHH@Z     660525c0 f   admin.obj
 0001:000516a0       ?selectSet@@YIHPAHH@Z      660526a0 f   admin.obj
 0001:000529f0       ?dropItem@@YAPAUUnitAny@@PAUWorld@@PAU1@HHHH@Z 660539f0 f   admin.obj
 0001:00052b90       ?getFreePos@@YAPAUAreaRectData@@PAU1@PAUtagPOINT@@1H@Z 66053b90 f   admin.obj
 0001:00052bb0       ?dropRuneword@@YAPAUUnitAny@@PAUWorld@@PAU1@HHH@Z 66053bb0 f   admin.obj
 0001:00052e00       ?dropUnique@@YAPAUUnitAny@@PAUWorld@@PAU1@HHH@Z 66053e00 f   admin.obj
 0001:00052f20       ?dropSet@@YAPAUUnitAny@@PAUWorld@@PAU1@HHH@Z 66053f20 f   admin.obj
 0001:00052ff0       ?setItemStats@@YAXPAUUnitAny@@PAUd2stats@@@Z 66053ff0 f   admin.obj
 0001:00053100       ?parseStats@@YAPADPADPAUd2stats@@@Z 66054100 f   admin.obj
 0001:00054910       ?setStat@@YAHPAUd2stats@@HHH@Z 66055910 f   admin.obj
 0001:000549a0       ?pickupItemTo@@YAXPAUWorld@@PAUUnitAny@@1H@Z 660559a0 f   admin.obj
 0001:0005594d       _flsall                    6605694d f   LIBCMT:fflush.obj
 0001:000561a0       _swap                      660571a0 f   LIBCMT:qsort.obj
 0001:000561d0       _shortsort                 660571d0 f   LIBCMT:qsort.obj
 0001:00056c3f       ?strtoxl@@YAKPAUlocaleinfo_struct@@PBDPAPBDHH@Z 66057c3f f   LIBCMT:strtol.obj
 0001:00057ea3       _IsRootUNCName             66058ea3 f   LIBCMT:stati32.obj
 0001:00057f1d       __fullpath_helper          66058f1d f   LIBCMT:stati32.obj
 0001:0005908a       ?_strupr_s_l_stat@@YAHPADIPAUlocaleinfo_struct@@@Z 6605a08a f   LIBCMT:strupr.obj
 0001:000592a2       ?wcstoxl@@YAKPAUlocaleinfo_struct@@PB_WPAPB_WHH@Z 6605a2a2 f   LIBCMT:wcstol.obj
 0001:0005988e       ___DllMainCRTStartup       6605a88e f   LIBCMT:dllcrt0.obj
 0001:000599a7       ?CPtoLCID@@YAHH@Z          6605a9a7 f   LIBCMT:mbctype.obj
 0001:000599d6       ?setSBCS@@YAXPAUthreadmbcinfostruct@@@Z 6605a9d6 f   LIBCMT:mbctype.obj
 0001:00059a3a       ?setSBUpLow@@YAXPAUthreadmbcinfostruct@@@Z 6605aa3a f   LIBCMT:mbctype.obj
 0001:00059c71       ?getSystemCP@@YAHH@Z       6605ac71 f   LIBCMT:mbctype.obj
 0001:0005a2fb       __updatetlocinfoEx_nolock  6605b2fb f   LIBCMT:setlocal.obj
 0001:0005b8dd       _write_char                6605c8dd f   LIBCMT:output.obj
 0001:0005b910       _write_multi_char          6605c910 f   LIBCMT:output.obj
 0001:0005b936       _write_string              6605c936 f   LIBCMT:output.obj
 0001:0005ca27       _fastzero_I                6605da27 f   LIBCMT:p4_memset.obj
 0001:0005cb0d       _has_osfxsr_set            6605db0d f   LIBCMT:cpu_disp.obj
 0001:0005d99a       _fastcopy_I                6605e99a f   LIBCMT:p4_memcpy.obj
 0001:0005dbbc       ?__crtLCMapStringA_stat@@YAHPAUlocaleinfo_struct@@KKPBDHPADHHH@Z 6605ebbc f   LIBCMT:a_map.obj
 0001:0005e287       __initterm                 6605f287 f   LIBCMT:crt0dat.obj
 0001:0005e34d       _doexit                    6605f34d f   LIBCMT:crt0dat.obj
 0001:0005e659       __shift                    6605f659 f   LIBCMT:cvt.obj
 0001:0005e69e       __cftoe2_l                 6605f69e f   LIBCMT:cvt.obj
 0001:0005ec70       __cftof2_l                 6605fc70 f   LIBCMT:cvt.obj
 0001:0005f10c       __unwind_handler4          6606010c f   LIBCMT:exsup4.obj
 0001:0005ffa8       __onexit_nolock            66060fa8 f   LIBCMT:onexit.obj
 0001:0006180a       _parse_cmdline             6606280a f   LIBCMT:stdargv.obj
 0001:00061df8       ?__crtGetStringTypeA_stat@@YAHPAUlocaleinfo_struct@@KPBDHPAGHHH@Z 66062df8 f   LIBCMT:a_str.obj
 0001:0006344c       _siglookup                 6606444c f   LIBCMT:winsig.obj
 0001:00063b54       __unwind_handler           66064b54 f   LIBCMT:exsup.obj
 0001:0006446e       __tzset_nolock             6606546e f   LIBCMT:tzset.obj
 0001:000647b4       _cvtdate                   660657b4 f   LIBCMT:tzset.obj
 0001:000649ab       __isindst_nolock           660659ab f   LIBCMT:tzset.obj
 0001:00064d14       __tsopen_nolock            66065d14 f   LIBCMT:open.obj
 0001:00065a65       ?x_ismbbtype_l@@YAHPAUlocaleinfo_struct@@IHH@Z 66066a65 f   LIBCMT:ismbbyte.obj
 0001:00067840       __hw_cw                    66068840 f   LIBCMT:_ieee87_.obj
 0001:000678ce       ___hw_cw_sse2              660688ce f   LIBCMT:_ieee87_.obj
 0001:00068a93       ?strncnt@@YAHPBDH@Z        66069a93 f   LIBCMT:a_cmp.obj
 0001:00068ab1       ?__crtCompareStringA_stat@@YAHPAUlocaleinfo_struct@@KKPBDH1HH@Z 66069ab1 f   LIBCMT:a_cmp.obj
 0001:00068f5d       _findenv                   66069f5d f   LIBCMT:setenv.obj
 0001:00068faf       _copy_environ              66069faf f   LIBCMT:setenv.obj
 0001:00069334       ??__Fnomem@?5???2@YAPAXI@Z@YAXXZ 6606a334 f   LIBCMT:new.obj
