 d2server113c

 Timestamp is 6812f59c (Thu May 01 12:16:28 2025)

 Preferred load address is 00400000

 Start         Length     Name                   Class
 0001:00000000 00019b70H .text                   CODE
 0001:00019b70 00000014H .text$yd                CODE
 0002:00000000 00000208H .idata$5                DATA
 0002:00000208 00000004H .CRT$XCA                DATA
 0002:0000020c 00000004H .CRT$XCZ                DATA
 0002:00000210 00000004H .CRT$XIA                DATA
 0002:00000214 00000010H .CRT$XIC                DATA
 0002:00000224 00000004H .CRT$XIY                DATA
 0002:00000228 00000004H .CRT$XIZ                DATA
 0002:0000022c 00000004H .CRT$XPA                DATA
 0002:00000230 00000004H .CRT$XPX                DATA
 0002:00000234 00000004H .CRT$XPXA               DATA
 0002:00000238 00000004H .CRT$XPZ                DATA
 0002:0000023c 00000004H .CRT$XTA                DATA
 0002:00000240 00000004H .CRT$XTZ                DATA
 0002:00000248 00004088H .rdata                  DATA
 0002:000042d0 000000dcH .rdata$r                DATA
 0002:000043b0 0000000cH .rdata$sxdata           DATA
 0002:000043bc 00000004H .rtc$IAA                DATA
 0002:000043c0 00000004H .rtc$IZZ                DATA
 0002:000043c4 00000004H .rtc$TAA                DATA
 0002:000043c8 00000004H .rtc$TZZ                DATA
 0002:000043d0 000006ccH .xdata$x                DATA
 0002:00004a9c 00000050H .idata$2                DATA
 0002:00004aec 00000014H .idata$3                DATA
 0002:00004b00 00000208H .idata$4                DATA
 0002:00004d08 0000083eH .idata$6                DATA
 0002:00005546 00000000H .edata                  DATA
 0003:00000000 000019a8H .data                   DATA
 0003:000019c0 00223b64H .bss                    DATA

  Address         Publics by Value              Rva+Base       Lib:Object

 0000:00000000       __except_list              00000000     <absolute>
 0000:00000003       ___safe_se_handler_count   00000003     <absolute>
 0000:00000000       ___ImageBase               00400000     <linker-defined>
 0001:00000000       ?CloseGame@@YIXGKKK@Z      00401000 f   callback.obj
 0001:00000010       ?LeaveGame@@YIXPAKGGKKKGPBD1HKK1KK@Z 00401010 f   callback.obj
 0001:00000060       ?GetDatabaseCharacter@@YIXPAKPBDK1@Z 00401060 f   callback.obj
 0001:00000080       ?SaveDatabaseCharacter@@YIXPAKPBD1PAXKK@Z 00401080 f   callback.obj
 0001:000000b0       ?ServerLogMessage@@YAXKPBDZZ 004010b0 f   callback.obj
 0001:000000d0       ?EnterGame@@YIXGPBDGKK@Z   004010d0 f   callback.obj
 0001:000000f0       ?FindPlayerToken@@YIHPBDKGPADPAKPAX3@Z 004010f0 f   callback.obj
 0001:00000110       ?UpdateCharacterLadder@@YIXPBDGKKKGK@Z 00401110 f   callback.obj
 0001:00000140       ?UpdateGameInformation@@YIXGPBDGK@Z 00401140 f   callback.obj
 0001:00000160       ?SetGameData@@YIKXZ        00401160 f   callback.obj
 0001:00000170       ?ReservedCallback1@@YIXKK@Z 00401170 f   callback.obj
 0001:00000180       ?SaveDatabaseGuild@@YIXKKK@Z 00401180 f   callback.obj
 0001:00000180       ?LoadComplete@@YIXGPBDH@Z  00401180 f   callback.obj
 0001:00000180       ?UnlockDatabaseCharacter@@YIXPAKPBD1@Z 00401180 f   callback.obj
 0001:00000180       ?RelockDatabaseCharacter@@YIXPAKPBD1@Z 00401180 f   callback.obj
 0001:00000180       ?ReservedCallback2@@YIXKKK@Z 00401180 f   callback.obj
 0001:00000190       ?EventCallbackTableInit@@YAPAUEVENTCALLBACKTABLE@@XZ 00401190 f   callback.obj
 0001:00000240       ?string_hash@@YAIPBD@Z     00401240 f   charlist.obj
 0001:000002c0       ?charlist_flush@@YAXXZ     004012c0 f   charlist.obj
 0001:00000310       ?charlist_getdata@@YAPAXPBEH@Z 00401310 f   charlist.obj
 0001:000003b0       ?charlist_insert@@YAHPAEPAX1@Z 004013b0 f   charlist.obj
 0001:000004a0       ?charlist_delete@@YAHPAE@Z 004014a0 f   charlist.obj
 0001:00000550       ?charlist_destroy@@YAHXZ   00401550 f   charlist.obj
 0001:00000580       ?charlist_init@@YAHI@Z     00401580 f   charlist.obj
 0001:000005f0       ?filterSpace@@YAXPAD@Z     004015f0 f   config.obj
 0001:00000690       ?loadConfig@@YAXXZ         00401690 f   config.obj
 0001:00000a40       ?D2GSReadConfig@@YAHXZ     00401a40 f   config.obj
 0001:00000ab0       ?D2GSGetCurrentGameNumber@@YAHXZ 00401ab0 f   d2gamelist.obj
 0001:00000ac0       ?D2GSGetCurrentGameStatistic@@YAHPAK0@Z 00401ac0 f   d2gamelist.obj
 0001:00000b20       ?D2GSDeleteAllCharInGame@@YAXPAURAW_D2GAMEINFO@@@Z 00401b20 f   d2gamelist.obj
 0001:00000be0       ?D2GSGameListDelete@@YAHPAURAW_D2GAMEINFO@@@Z 00401be0 f   d2gamelist.obj
 0001:00000c50       ?D2GSDeleteCharFromGameInfo@@YAHPAURAW_D2GAMEINFO@@PAURAW_D2CHARINFO@@@Z 00401c50 f   d2gamelist.obj
 0001:00000cc0       ?D2GSInsertCharIntoPendingList@@YAHKPAE00KGPAURAW_D2GAMEINFO@@@Z 00401cc0 f   d2gamelist.obj
 0001:00000db0       ?D2GSDeletePendingChar@@YAHPAURAW_D2CHARINFO@@@Z 00401db0 f   d2gamelist.obj
 0001:00000e50       ?D2GSInsertGetDataRequest@@YAHPAE0KK@Z 00401e50 f   d2gamelist.obj
 0001:00000f00       ?D2GSDeleteGetDataRequest@@YAHPAURAW_D2GETDATAREQUEST@@@Z 00401f00 f   d2gamelist.obj
 0001:00000f50       ?D2GSFindGameInfoByGameId@@YAPAURAW_D2GAMEINFO@@G@Z 00401f50 f   d2gamelist.obj
 0001:00000fa0       ?D2GSFindCharInGameByCharName@@YAPAURAW_D2CHARINFO@@PAURAW_D2GAMEINFO@@PAE@Z 00401fa0 f   d2gamelist.obj
 0001:00001020       ?D2GSFindPendingCharByCharName@@YAPAURAW_D2CHARINFO@@PAE@Z 00402020 f   d2gamelist.obj
 0001:00001090       ?D2GSFindGetDataRequestBySeqno@@YAPAURAW_D2GETDATAREQUEST@@K@Z 00402090 f   d2gamelist.obj
 0001:000010d0       ?D2GSPendingCharTimerRoutine@@YAXXZ 004020d0 f   d2gamelist.obj
 0001:00001130       ?D2GSGetDataRequestTimerRoutine@@YAXXZ 00402130 f   d2gamelist.obj
 0001:00001350       ?D2GSMOTDAdd@@YAHK@Z       00402350 f   d2gamelist.obj
 0001:000013a0       ?D2GSSendMOTD@@YAHXZ       004023a0 f   d2gamelist.obj
 0001:000014b0       ?D2GSCheckGameInfo@@YAHXZ  004024b0 f   d2gamelist.obj
 0001:000014c0       ?SaveAllGamesThread@@YGKPAX@Z 004024c0 f   d2gamelist.obj
 0001:00001530       ?D2GSSaveAllGames@@YAHK@Z  00402530 f   d2gamelist.obj
 0001:000015b0       ?D2GSGameListInsert@@YAHPBD00000EEEEG@Z 004025b0 f   d2gamelist.obj
 0001:00001710       ?D2GSInsertCharIntoGameInfo@@YAHPAURAW_D2GAMEINFO@@KPAE11KGG@Z 00402710 f   d2gamelist.obj
 0001:00001860       ?D2GSCheckGameLife@@YAXXZ  00402860 f   d2gamelist.obj
 0001:000019d0       ?D2GECleanup@@YAHXZ        004029d0 f   d2ge.obj
 0001:00001b40       ?d2geStart@@YAHPAUD2GSINFO@@@Z 00402b40 f   d2ge.obj
 0001:00001b70       ?D2GEThread@@YGKPAX@Z      00402b70 f   d2ge.obj
 0001:00001d50       ?D2GEReloadConfig@@YAXXZ   00402d50 f   d2ge.obj
 0001:00001df0       ?D2GEThreadInit@@YAHXZ     00402df0 f   d2ge.obj
 0001:00001ec0       ?D2GEStartup@@YAHXZ        00402ec0 f   d2ge.obj
 0001:00001fb0       ?D2GSEventLogInitialize@@YAHXZ 00402fb0 f   eventlog.obj
 0001:000020c0       ?D2GSEventLogCleanup@@YAXXZ 004030c0 f   eventlog.obj
 0001:00002110       ?D2GSEventLog@@YAXPBD0ZZ   00403110 f   eventlog.obj
 0001:00002210       ?D2GEEventLog@@YAXPBD0ZZ   00403210 f   eventlog.obj
 0001:00002320       ?LogAP@@YAXPBD0PAD@Z       00403320 f   eventlog.obj
 0001:00002440       ?D2GSInitializeS2S@@YAHXZ  00403440 f   handle_s2s.obj
 0001:00002480       ?D2GSActive@@YAXH@Z        00403480 f   handle_s2s.obj
 0001:000024a0       ?D2GSGetCheckSum@@YAKXZ    004034a0 f   handle_s2s.obj
 0001:00002580       ?D2GSSendClassToD2CS@@YAXXZ 00403580 f   handle_s2s.obj
 0001:000025f0       ?D2GSSendClassToD2DBS@@YAXXZ 004035f0 f   handle_s2s.obj
 0001:00002660       ?D2GSHandleS2SPacket@@YAXPAURAW_D2GSPACKET@@@Z 00403660 f   handle_s2s.obj
 0001:000027b0       ?D2GSSetGameInfoByD2CS@@YAXHPAX@Z 004037b0 f   handle_s2s.obj
 0001:00002800       ?D2GSSetD2CSMaxGameNumber@@YAXK@Z 00403800 f   handle_s2s.obj
 0001:000028f0       ?D2XSEchoReply@@YAXHPAX@Z  004038f0 f   handle_s2s.obj
 0001:000029c0       ?D2CSControlCmd@@YAXHPAX@Z 004039c0 f   handle_s2s.obj
 0001:00002c20       ?D2GSSetInitInfo@@YAXHPAX@Z 00403c20 f   handle_s2s.obj
 0001:00002db0       ?D2GSSetConfFile@@YAXHPAX@Z 00403db0 f   handle_s2s.obj
 0001:00002ef0       ?D2CSCreateEmptyGame@@YAXHPAX@Z 00403ef0 f   handle_s2s.obj
 0001:00003360       ?D2GSCBFindPlayerToken@@YAHPBDKGPADPAK@Z 00404360 f   handle_s2s.obj
 0001:00003560       ?UpdateMaxPreferUsers@@YAXXZ 00404560 f   handle_s2s.obj
 0001:00003630       ?D2GSCBCloseGame@@YAXG@Z   00404630 f   handle_s2s.obj
 0001:00003790       ?D2GSCBUpdateGameInformation@@YAXGPBDGK@Z 00404790 f   handle_s2s.obj
 0001:000038e0       ?D2GSCBGetDatabaseCharacter@@YAXPAKPBDK1@Z 004048e0 f   handle_s2s.obj
 0001:00003b50       ?D2GSCBSaveDatabaseCharacter@@YAXPAKPBD1PAXKK@Z 00404b50 f   handle_s2s.obj
 0001:00003d00       ?D2GSUpdateCharacterLadder@@YAXPBDGKKKG@Z 00404d00 f   handle_s2s.obj
 0001:00003e90       ?D2DBSSaveDataReply@@YAXHPAX@Z 00404e90 f   handle_s2s.obj
 0001:00003ee0       ?D2GSSetCharLockStatus@@YAXPBD0PAEK@Z 00404ee0 f   handle_s2s.obj
 0001:00004050       ?D2GSUnlockChar@@YAXPBD0@Z 00405050 f   handle_s2s.obj
 0001:00004070       ?D2GSAuthreq@@YAXHPAX@Z    00405070 f   handle_s2s.obj
 0001:00004210       ?D2GSAuthReply@@YAXHPAX@Z  00405210 f   handle_s2s.obj
 0001:00004290       ?D2CSClientJoinGameRequest@@YAXHPAX@Z 00405290 f   handle_s2s.obj
 0001:00004630       ?D2GSCBEnterGame@@YAXGPBDGKK@Z 00405630 f   handle_s2s.obj
 0001:00004930       ?D2GSWriteCharInfoFile@@YAXPBD0GKKG0@Z 00405930 f   handle_s2s.obj
 0001:00004c70       ?D2DBSGetDataReply@@YAXHPAX@Z 00405c70 f   handle_s2s.obj
 0001:00004fc0       ?D2GSCBLeaveGame@@YAXPAKGGKKKGPBD1HKK1KK@Z 00405fc0 f   handle_s2s.obj
 0001:00005290       ?consoleThread@@YGKPAX@Z   00406290 f   main.obj
 0001:000052e0       ?CleanupRoutineInsert@@YAHP6AHXZPAD@Z 004062e0 f   main.obj
 0001:00005360       ?DoCleanup@@YAHXZ          00406360 f   main.obj
 0001:000053e0       ?CleanupRoutineForServerMutex@@YAHXZ 004063e0 f   main.obj
 0001:00005400       ?ControlHandler@@YGHK@Z    00406400 f   main.obj
 0001:00005430       ?CloseServerMutex@@YAXXZ   00406430 f   main.obj
 0001:00005450       ?D2GSBeforeShutdown@@YAXKK@Z 00406450 f   main.obj
 0001:000054e0       ?D2GSShutdown@@YAXI@Z      004064e0 f   main.obj
 0001:00005530       ?fileCheck@@YAHXZ          00406530 f   main.obj
 0001:00005690       ?D2GSCheckRunning@@YAHXZ   00406690 f   main.obj
 0001:000056f0       _main                      004066f0 f   main.obj
 0001:00005970       ?D2GSSetDifficultyCount@@YAXHHH@Z 00406970 f   net.obj
 0001:000059a0       ?NRBAddNewData@@YAXPAUNETRECVBUFFER@@PAEI@Z 004069a0 f   net.obj
 0001:00005a60       ?NSBAppendData@@YAHPAUNETSENDBUFFER@@PAURAW_D2GSPACKET@@@Z 00406a60 f   net.obj
 0001:00005b50       ?NSBRemoveData@@YAHPAUNETSENDBUFFER@@I@Z 00406b50 f   net.obj
 0001:00005ba0       ?D2GSGetSockName@@YAHHPAK0@Z 00406ba0 f   net.obj
 0001:00005c50       ?D2GSCalculateNetStatistic@@YAXXZ 00406c50 f   net.obj
 0001:00005de0       ?CloseConnectionToD2CS@@YAXXZ 00406de0 f   net.obj
 0001:00005ec0       ?CloseConnectionToD2DBS@@YAXXZ 00406ec0 f   net.obj
 0001:00005fb0       ?D2GSNetRecvPacket@@YAHXZ  00406fb0 f   net.obj
 0001:00006340       ?D2GSSendNetData@@YAHPAUNETSENDBUFFER@@@Z 00407340 f   net.obj
 0001:00006470       ?D2GSNetSendPacket@@YAHPAURAW_D2GSPACKET@@@Z 00407470 f   net.obj
 0001:00006520       ?CleanupRoutineForNet@@YAHXZ 00407520 f   net.obj
 0001:000065c0       ?D2GSConnectToD2xS@@YGKPAX@Z 004075c0 f   net.obj
 0001:00006970       ?D2GSNetProcessor@@YGKPAX@Z 00407970 f   net.obj
 0001:00006cb0       ?D2GSNetInitialize@@YAHXZ  00407cb0 f   net.obj
 0001:00006f10       ?get_dll_addr@@YAPAUHINSTANCE__@@PAD@Z 00407f10 f   patch.obj
 0001:00006f90       ?installPatch@@YAHP6AXKKH@ZKKH@Z 00407f90 f   patch.obj
 0001:00006ff0       ?WriteLocalBYTES@@YAXKPAXH@Z 00407ff0 f   patch.obj
 0001:00007050       ?PatchCALL@@YAXKKH@Z       00408050 f   patch.obj
 0001:000070a0       ?cp@@YAXPAU_iobuf@@0@Z     004080a0 f   patch.obj
 0001:00007120       ?openMpq_patch@@YGPAXPADKKPAU_SECURITY_ATTRIBUTES@@KKPAX@Z 00408120 f   patch.obj
 0001:00007200       ?is_d2hackmap_modified@@YAHXZ 00408200 f   patch.obj
 0001:00007280       ?load_d2hackmap@@YAXXZ     00408280 f   patch.obj
 0001:00007480       ?check_reload_d2hackmap@@YAXXZ 00408480 f   patch.obj
 0001:000074e0       ?Install@@YAHXZ            004084e0 f   patch.obj
 0001:00007540       ?CleanupRoutineForTimer@@YAHXZ 00408540 f   timer.obj
 0001:000075a0       ?D2GSTimerProcessor@@YGKPAX@Z 004085a0 f   timer.obj
 0001:00007620       ?D2GSTimerInitialize@@YAHXZ 00408620 f   timer.obj
 0001:000076c0       ?string_color1@@YAPADPAD@Z 004086c0 f   utils.obj
 0001:00007790       ?CleanupRoutineForVars@@YAHXZ 00408790 f   vars.obj
 0001:000077b0       ?D2GSVarsInitialize@@YAHXZ 004087b0 f   vars.obj
 0001:000079d0       ?VersionCheck@@YAKXZ       004089d0 f   versioncheck.obj
 0001:00007ae9       _sprintf                   00408ae9 f   LIBCMT:sprintf.obj
 0001:00007b66       ??0_LocaleUpdate@@QAE@PAUlocaleinfo_struct@@@Z 00408b66 f i LIBCMT:tolower.obj
 0001:00007bed       __tolower_l                00408bed f   LIBCMT:tolower.obj
 0001:00007d02       _tolower                   00408d02 f   LIBCMT:tolower.obj
 0001:00007d2e       _free                      00408d2e f   LIBCMT:free.obj
 0001:00007dc0       _strncpy                   00408dc0 f   LIBCMT:strncpy.obj
 0001:00007ee4       _V6_HeapAlloc              00408ee4 f   LIBCMT:malloc.obj
 0001:00007f33       _malloc                    00408f33 f   LIBCMT:malloc.obj
 0001:00008000       _memset                    00409000 f   LIBCMT:memset.obj
 0001:00008090       _strchr                    00409090 f   LIBCMT:strchr.obj
 0001:00008096       ___from_strstr_to_strchr   00409096     LIBCMT:strchr.obj
 0001:0000814e       __fclose_nolock            0040914e f   LIBCMT:fclose.obj
 0001:000081c5       _fclose                    004091c5 f   LIBCMT:fclose.obj
 0001:00008241       _bsearch                   00409241 f   LIBCMT:bsearch.obj
 0001:00008303       ___ascii_stricmp           00409303 f   LIBCMT:stricmp.obj
 0001:0000833c       __stricmp_l                0040933c f   LIBCMT:stricmp.obj
 0001:00008411       __stricmp                  00409411 f   LIBCMT:stricmp.obj
 0001:00008411       __strcmpi                  00409411 f   LIBCMT:stricmp.obj
 0001:00008463       _fgets                     00409463 f   LIBCMT:fgets.obj
 0001:000085ab       __fsopen                   004095ab f   LIBCMT:fopen.obj
 0001:0000866f       _fopen                     0040966f f   LIBCMT:fopen.obj
 0001:00008750       _qsort                     00409750 f   LIBCMT:qsort.obj
 0001:0000899d       _atol                      0040999d f   LIBCMT:atox.obj
 0001:000089b3       _atoi                      004099b3 f   LIBCMT:atox.obj
 0001:00008bed       _strtol                    00409bed f   LIBCMT:strtol.obj
 0001:00008c18       _strtoul                   00409c18 f   LIBCMT:strtol.obj
 0001:00008c44       @__security_check_cookie@4 00409c44 f   LIBCMT:secchk.obj
 0001:00008c53       __time64                   00409c53 f   LIBCMT:time64.obj
 0001:00008ca4       __snprintf                 00409ca4 f   LIBCMT:snprintf.obj
 0001:00008d53       _printf                    00409d53 f   LIBCMT:printf.obj
 0001:00008e02       __get_printf_count_output  00409e02 f   LIBCMT:printf.obj
 0001:00008e18       _vfprintf_helper           00409e18 f   LIBCMT:vfprintf.obj
 0001:00008f33       _vfprintf                  00409f33 f   LIBCMT:vfprintf.obj
 0001:00008f52       __flush                    00409f52 f   LIBCMT:fflush.obj
 0001:00008fba       __fflush_nolock            00409fba f   LIBCMT:fflush.obj
 0001:000090dc       _fflush                    0040a0dc f   LIBCMT:fflush.obj
 0001:0000912f       __flushall                 0040a12f f   LIBCMT:fflush.obj
 0001:00009138       _fprintf                   0040a138 f   LIBCMT:fprintf.obj
 0001:00009254       __vsprintf_l               0040a254 f   LIBCMT:vsprintf.obj
 0001:000092d2       _vsprintf                  0040a2d2 f   LIBCMT:vsprintf.obj
 0001:000092ec       __fread_nolock_s           0040a2ec f   LIBCMT:fread.obj
 0001:000094f6       _fread_s                   0040a4f6 f   LIBCMT:fread.obj
 0001:0000958c       _fread                     0040a58c f   LIBCMT:fread.obj
 0001:000095a9       __ftell_nolock             0040a5a9 f   LIBCMT:ftell.obj
 0001:00009746       _ftell                     0040a746 f   LIBCMT:ftell.obj
 0001:000097b4       __fseek_nolock             0040a7b4 f   LIBCMT:fseek.obj
 0001:0000983e       _fseek                     0040a83e f   LIBCMT:fseek.obj
 0001:000098c3       __isdigit_l                0040a8c3 f i LIBCMT:_ctype.obj
 0001:00009914       _isdigit                   0040a914 f i LIBCMT:_ctype.obj
 0001:00009950       __alloca_probe             0040a950     LIBCMT:chkstk.obj
 0001:00009950       __chkstk                   0040a950 f   LIBCMT:chkstk.obj
 0001:0000997b       _realloc                   0040a97b f   LIBCMT:realloc.obj
 0001:00009ba0       _memcpy                    0040aba0 f   LIBCMT:memcpy.obj
 0001:00009f05       __fwrite_nolock            0040af05 f   LIBCMT:fwrite.obj
 0001:0000a067       _fwrite                    0040b067 f   LIBCMT:fwrite.obj
 0001:0000a0e9       ___iob_func                0040b0e9 f   LIBCMT:_file.obj
 0001:0000a0ef       ___initstdio               0040b0ef f   LIBCMT:_file.obj
 0001:0000a1a0       ___endstdio                0040b1a0 f   LIBCMT:_file.obj
 0001:0000a1c0       __lock_file                0040b1c0 f   LIBCMT:_file.obj
 0001:0000a201       __lock_file2               0040b201 f   LIBCMT:_file.obj
 0001:0000a233       __unlock_file              0040b233 f   LIBCMT:_file.obj
 0001:0000a26f       __unlock_file2             0040b26f f   LIBCMT:_file.obj
 0001:0000a29e       __gets_helper              0040b29e f   LIBCMT:gets.obj
 0001:0000a4b4       _gets                      0040b4b4 f   LIBCMT:gets.obj
 0001:0000a4d0       _strrchr                   0040b4d0 f   LIBCMT:strrchr.obj
 0001:0000a5d7       __stat64i32                0040b5d7 f   LIBCMT:stati32.obj
 0001:0000a9ab       __freea                    0040b9ab f i LIBCMT:getch.obj
 0001:0000a9cb       __getextendedkeycode       0040b9cb f   LIBCMT:getch.obj
 0001:0000aa7e       __getch_nolock             0040ba7e f   LIBCMT:getch.obj
 0001:0000ab43       __getch                    0040bb43 f   LIBCMT:getch.obj
 0001:0000ab81       __initp_misc_winxfltr      0040bb81 f   LIBCMT:winxfltr.obj
 0001:0000ab81       __fpclear                  0040bb81 f   LIBCMT:_fpinit_.obj
 0001:0000ab82       __cfltcvt_init             0040bb82 f   LIBCMT:_fpinit_.obj
 0001:0000abe2       __fpmath                   0040bbe2 f   LIBCMT:_fpinit_.obj
 0001:0000ac05       ??3@YAXPAX@Z               0040bc05 f   LIBCMT:delete.obj
 0001:0000ac10       ??0bad_alloc@std@@QAE@XZ   0040bc10 f i LIBCMT:new.obj
 0001:0000ac2b       ??1bad_alloc@std@@UAE@XZ   0040bc2b f i LIBCMT:new.obj
 0001:0000ac36       ??_Ebad_alloc@std@@UAEPAXI@Z 0040bc36 f i LIBCMT:new.obj
 0001:0000ac36       ??_Gbad_alloc@std@@UAEPAXI@Z 0040bc36 f i LIBCMT:new.obj
 0001:0000ac5d       ??0bad_alloc@std@@QAE@ABV01@@Z 0040bc5d f i LIBCMT:new.obj
 0001:0000ac7a       ??2@YAPAXI@Z               0040bc7a f   LIBCMT:new.obj
 0001:0000ace0       _memmove                   0040bce0 f   LIBCMT:memmove.obj
 0001:0000b1c0       _mainCRTStartup            0040c1c0 f   LIBCMT:crt0.obj
 0001:0000b1ca       __flsbuf                   0040c1ca f   LIBCMT:_flsbuf.obj
 0001:0000b3d4       __output_l                 0040c3d4 f   LIBCMT:output.obj
 0001:0000bf6c       __initp_misc_invarg        0040cf6c f   LIBCMT:invarg.obj
 0001:0000bf7b       __invoke_watson            0040cf7b f   LIBCMT:invarg.obj
 0001:0000c0a3       __invalid_parameter        0040d0a3 f   LIBCMT:invarg.obj
 0001:0000c0c9       __get_errno_from_oserr     0040d0c9 f   LIBCMT:dosmap.obj
 0001:0000c10b       __errno                    0040d10b f   LIBCMT:dosmap.obj
 0001:0000c11e       ___doserrno                0040d11e f   LIBCMT:dosmap.obj
 0001:0000c131       __dosmaperr                0040d131 f   LIBCMT:dosmap.obj
 0001:0000c160       _strlen                    0040d160 f   LIBCMT:strlen.obj
 0001:0000c411       ___updatetmbcinfo          0040d411 f   LIBCMT:mbctype.obj
 0001:0000c531       __setmbcp_nolock           0040d531 f   LIBCMT:mbctype.obj
 0001:0000c716       __setmbcp                  0040d716 f   LIBCMT:mbctype.obj
 0001:0000c8b0       ___initmbctable            0040d8b0 f   LIBCMT:mbctype.obj
 0001:0000c8ce       ___freetlocinfo            0040d8ce f   LIBCMT:setlocal.obj
 0001:0000ca17       ___addlocaleref            0040da17 f   LIBCMT:setlocal.obj
 0001:0000caa6       ___removelocaleref         0040daa6 f   LIBCMT:setlocal.obj
 0001:0000cb7d       ___updatetlocinfo          0040db7d f   LIBCMT:setlocal.obj
 0001:0000cbf3       __encode_pointer           0040dbf3 f   LIBCMT:tidtable.obj
 0001:0000cc65       __encoded_null             0040dc65 f   LIBCMT:tidtable.obj
 0001:0000cc6e       __decode_pointer           0040dc6e f   LIBCMT:tidtable.obj
 0001:0000cce0       ___crtTlsAlloc@4           0040dce0 f   LIBCMT:tidtable.obj
 0001:0000cce9       ___set_flsgetvalue         0040dce9 f   LIBCMT:tidtable.obj
 0001:0000cd1d       __mtterm                   0040dd1d f   LIBCMT:tidtable.obj
 0001:0000cd5a       __initptd                  0040dd5a f   LIBCMT:tidtable.obj
 0001:0000ce41       __getptd_noexit            0040de41 f   LIBCMT:tidtable.obj
 0001:0000ceba       __getptd                   0040deba f   LIBCMT:tidtable.obj
 0001:0000ced4       __freefls@4                0040ded4 f   LIBCMT:tidtable.obj
 0001:0000d003       __mtinit                   0040e003 f   LIBCMT:tidtable.obj
 0001:0000d535       ___crtLCMapStringA         0040e535 f   LIBCMT:a_map.obj
 0001:0000d57a       __isleadbyte_l             0040e57a f i LIBCMT:_wctype.obj
 0001:0000d5b2       _isleadbyte                0040e5b2 f i LIBCMT:_wctype.obj
 0001:0000d5c5       __isctype_l                0040e5c5 f   LIBCMT:isctype.obj
 0001:0000d67d       __heap_init                0040e67d f   LIBCMT:heapinit.obj
 0001:0000d6ad       __mtinitlocks              0040e6ad f   LIBCMT:mlock.obj
 0001:0000d6f8       __mtdeletelocks            0040e6f8 f   LIBCMT:mlock.obj
 0001:0000d74f       __unlock                   0040e74f f   LIBCMT:mlock.obj
 0001:0000d766       __mtinitlocknum            0040e766 f   LIBCMT:mlock.obj
 0001:0000d829       __lock                     0040e829 f   LIBCMT:mlock.obj
 0001:0000d85c       ___sbh_find_block          0040e85c f   LIBCMT:sbheap.obj
 0001:0000d88c       ___sbh_free_block          0040e88c f   LIBCMT:sbheap.obj
 0001:0000dba2       ___sbh_alloc_new_region    0040eba2 f   LIBCMT:sbheap.obj
 0001:0000dc52       ___sbh_alloc_new_group     0040ec52 f   LIBCMT:sbheap.obj
 0001:0000dd5a       ___sbh_resize_block        0040ed5a f   LIBCMT:sbheap.obj
 0001:0000e03b       ___sbh_alloc_block         0040f03b f   LIBCMT:sbheap.obj
 0001:0000e320       __SEH_prolog4              0040f320 f   LIBCMT:sehprolg4.obj
 0001:0000e365       __SEH_epilog4              0040f365 f   LIBCMT:sehprolg4.obj
 0001:0000e380       __except_handler4          0040f380 f   LIBCMT:chandler4.obj
 0001:0000e50c       __crt_waiting_on_module_handle 0040f50c f   LIBCMT:crt0dat.obj
 0001:0000e53c       __amsg_exit                0040f53c f   LIBCMT:crt0dat.obj
 0001:0000e565       ___crtCorExitProcess       0040f565 f   LIBCMT:crt0dat.obj
 0001:0000e590       ___crtExitProcess          0040f590 f   LIBCMT:crt0dat.obj
 0001:0000e5a8       __lockexit                 0040f5a8 f   LIBCMT:crt0dat.obj
 0001:0000e5b1       __unlockexit               0040f5b1 f   LIBCMT:crt0dat.obj
 0001:0000e5d7       __initterm_e               0040f5d7 f   LIBCMT:crt0dat.obj
 0001:0000e5fb       __cinit                    0040f5fb f   LIBCMT:crt0dat.obj
 0001:0000e7ac       _exit                      0040f7ac f   LIBCMT:crt0dat.obj
 0001:0000e7c2       __exit                     0040f7c2 f   LIBCMT:crt0dat.obj
 0001:0000e7d8       __cexit                    0040f7d8 f   LIBCMT:crt0dat.obj
 0001:0000e7e7       __c_exit                   0040f7e7 f   LIBCMT:crt0dat.obj
 0001:0000e7f6       __init_pointers            0040f7f6 f   LIBCMT:crt0dat.obj
 0001:0000e844       __NMSG_WRITE               0040f844 f   LIBCMT:crt0msg.obj
 0001:0000e9ef       __FF_MSGBANNER             0040f9ef f   LIBCMT:crt0msg.obj
 0001:0000ea28       __initp_heap_handler       0040fa28 f   LIBCMT:handler.obj
 0001:0000ea37       __callnewh                 0040fa37 f   LIBCMT:handler.obj
 0001:0000eab6       __VEC_memzero              0040fab6 f   LIBCMT:p4_memset.obj
 0001:0000eb95       __get_sse2_info            0040fb95 f   LIBCMT:cpu_disp.obj
 0001:0000ebf7       ___sse2_available_init     0040fbf7 f   LIBCMT:cpu_disp.obj
 0001:0000ec04       __close_nolock             0040fc04 f   LIBCMT:close.obj
 0001:0000eca0       __close                    0040fca0 f   LIBCMT:close.obj
 0001:0000ed6d       __fileno                   0040fd6d f   LIBCMT:fileno.obj
 0001:0000ed9f       __freebuf                  0040fd9f f   LIBCMT:_freebuf.obj
 0001:0000edd0       __filbuf                   0040fdd0 f   LIBCMT:_filbuf.obj
 0001:0000eefb       __ioinit                   0040fefb f   LIBCMT:ioinit.obj
 0001:0000f14f       __openfile                 0041014f f   LIBCMT:_open.obj
 0001:0000f418       __getstream                00410418 f   LIBCMT:stream.obj
 0001:0000f550       __local_unwind4            00410550 f   LIBCMT:exsup4.obj
 0001:0000f626       __seh_longjmp_unwind4@4    00410626 f   LIBCMT:exsup4.obj
 0001:0000f642       @_EH4_CallFilterFunc@8     00410642 f   LIBCMT:exsup4.obj
 0001:0000f659       @_EH4_TransferToHandler@8  00410659 f   LIBCMT:exsup4.obj
 0001:0000f672       @_EH4_GlobalUnwind@4       00410672 f   LIBCMT:exsup4.obj
 0001:0000f68c       @_EH4_LocalUnwind@16       0041068c f   LIBCMT:exsup4.obj
 0001:0000f6a3       ___report_gsfailure        004106a3 f   LIBCMT:gs_report.obj
 0001:0000f7a9       __set_daylight             004107a9 f i LIBCMT:tzset.obj
 0001:0000f7ba       __set_dstbias              004107ba f i LIBCMT:tzset.obj
 0001:0000f7cb       __set_timezone             004107cb f i LIBCMT:tzset.obj
 0001:0000fef1       ___tzset                   00410ef1 f   LIBCMT:tzset.obj
 0001:0000ff40       __isindst                  00410f40 f   LIBCMT:tzset.obj
 0001:0000ff81       __get_daylight             00410f81 f   LIBCMT:timeset.obj
 0001:0000ffba       __get_dstbias              00410fba f   LIBCMT:timeset.obj
 0001:0000fff3       __get_timezone             00410ff3 f   LIBCMT:timeset.obj
 0001:0001002c       ___daylight                0041102c f   LIBCMT:timeset.obj
 0001:00010032       ___dstbias                 00411032 f   LIBCMT:timeset.obj
 0001:00010038       ___timezone                00411038 f   LIBCMT:timeset.obj
 0001:0001003e       ___tzname                  0041103e f   LIBCMT:timeset.obj
 0001:00010050       __alldiv                   00411050 f   LIBCMT:lldiv.obj
 0001:00010100       __allrem                   00411100 f   LIBCMT:llrem.obj
 0001:000101c0       __aulldiv                  004111c0 f   LIBCMT:ulldiv.obj
 0001:00010228       __stbuf                    00411228 f   LIBCMT:_sftbuf.obj
 0001:000102c4       __ftbuf                    004112c4 f   LIBCMT:_sftbuf.obj
 0001:000102f8       __write_nolock             004112f8 f   LIBCMT:write.obj
 0001:00010a2b       __write                    00411a2b f   LIBCMT:write.obj
 0001:00010b07       __commit                   00411b07 f   LIBCMT:commit.obj
 0001:00010be8       __read_nolock              00411be8 f   LIBCMT:read.obj
 0001:000111aa       __read                     004121aa f   LIBCMT:read.obj
 0001:000112a7       _memcpy_s                  004122a7 f   LIBCMT:memcpy_s.obj
 0001:00011324       __lseek_nolock             00412324 f   LIBCMT:lseek.obj
 0001:00011399       __lseek                    00412399 f   LIBCMT:lseek.obj
 0001:000114fc       __VEC_memcpy               004124fc f   LIBCMT:p4_memcpy.obj
 0001:000115df       __malloc_crt               004125df f   LIBCMT:crtheap.obj
 0001:00011624       __calloc_crt               00412624 f   LIBCMT:crtheap.obj
 0001:00011670       __realloc_crt              00412670 f   LIBCMT:crtheap.obj
 0001:000116be       __recalloc_crt             004126be f   LIBCMT:crtheap.obj
 0001:00011710       __fcloseall                00412710 f   LIBCMT:closeall.obj
 0001:000117af       __fullpath                 004127af f   LIBCMT:fullpath.obj
 0001:000118b9       ___dtoxmode                004128b9 f   LIBCMT:stat.obj
 0001:00011976       ___loctotime64_t           00412976 f   LIBCMT:dtoxtm64.obj
 0001:00011be1       __getdrive                 00412be1 f   LIBCMT:drive.obj
 0001:00011caa       __mbctolower_l             00412caa f   LIBCMT:mbtolwr.obj
 0001:00011d50       __mbctolower               00412d50 f   LIBCMT:mbtolwr.obj
 0001:00011d63       __mbspbrk_l                00412d63 f   LIBCMT:mbspbrk.obj
 0001:00011e30       __mbspbrk                  00412e30 f   LIBCMT:mbspbrk.obj
 0001:00011e47       ___initconin               00412e47 f   LIBCMT:initcon.obj
 0001:00011e66       ___initconout              00412e66 f   LIBCMT:initcon.obj
 0001:00011e85       ___termcon                 00412e85 f   LIBCMT:initcon.obj
 0001:00011ec0       __alloca_probe_16          00412ec0 f   LIBCMT:alloca16.obj
 0001:00011ed6       __alloca_probe_8           00412ed6     LIBCMT:alloca16.obj
 0001:00011eec       __forcdecpt_l              00412eec f   LIBCMT:cvt.obj
 0001:00011f5f       __cropzeros_l              00412f5f f   LIBCMT:cvt.obj
 0001:00011fe1       __positive                 00412fe1 f   LIBCMT:cvt.obj
 0001:00011ffd       __fassign_l                00412ffd f   LIBCMT:cvt.obj
 0001:0001203f       __fassign                  0041303f f   LIBCMT:cvt.obj
 0001:00012078       __forcdecpt                00413078 f   LIBCMT:cvt.obj
 0001:0001208b       __cropzeros                0041308b f   LIBCMT:cvt.obj
 0001:0001220d       __cftoe_l                  0041320d f   LIBCMT:cvt.obj
 0001:000122dd       __cftoe                    004132dd f   LIBCMT:cvt.obj
 0001:000122fd       __cftoa_l                  004132fd f   LIBCMT:cvt.obj
 0001:00012767       __cftof_l                  00413767 f   LIBCMT:cvt.obj
 0001:00012822       __cftog_l                  00413822 f   LIBCMT:cvt.obj
 0001:0001291c       __cfltcvt_l                0041391c f   LIBCMT:cvt.obj
 0001:000129a4       __cfltcvt                  004139a4 f   LIBCMT:cvt.obj
 0001:000129c7       __initp_misc_cfltcvt_tab   004139c7 f   LIBCMT:cmiscdat.obj
 0001:000129e8       __setdefaultprecision      004139e8 f   LIBCMT:fp8.obj
 0001:00012a13       __ms_p5_test_fdiv          00413a13 f   LIBCMT:_testfdiv_.obj
 0001:00012a51       __ms_p5_mp_test_fdiv       00413a51 f   LIBCMT:_testfdiv_.obj
 0001:00012a7a       ??0exception@std@@QAE@ABQBDH@Z 00413a7a f   LIBCMT:stdexcpt.obj
 0001:00012a97       ??0exception@std@@QAE@ABV01@@Z 00413a97 f   LIBCMT:stdexcpt.obj
 0001:00012af4       ??1exception@std@@UAE@XZ   00413af4 f   LIBCMT:stdexcpt.obj
 0001:00012b0a       ?what@exception@std@@UBEPBDXZ 00413b0a f   LIBCMT:stdexcpt.obj
 0001:00012b17       ??_Eexception@std@@UAEPAXI@Z 00413b17 f i LIBCMT:stdexcpt.obj
 0001:00012b17       ??_Gexception@std@@UAEPAXI@Z 00413b17 f i LIBCMT:stdexcpt.obj
 0001:00012b38       ??1type_info@@UAE@XZ       00413b38 f   LIBCMT:typinfo.obj
 0001:00012b48       ??_Gtype_info@@UAEPAXI@Z   00413b48 f i LIBCMT:typinfo.obj
 0001:00012b48       ??_Etype_info@@UAEPAXI@Z   00413b48 f i LIBCMT:typinfo.obj
 0001:00012c23       ___onexitinit              00413c23 f   LIBCMT:onexit.obj
 0001:00012c54       __onexit                   00413c54 f   LIBCMT:onexit.obj
 0001:00012c90       _atexit                    00413c90 f   LIBCMT:onexit.obj
 0001:00012ca7       __CxxThrowException@8      00413ca7 f   LIBCMT:throw.obj
 0001:00012cf3       ?__CxxUnhandledExceptionFilter@@YGJPAU_EXCEPTION_POINTERS@@@Z 00413cf3 f   LIBCMT:unhandld.obj
 0001:00012d35       ___CxxSetUnhandledExceptionFilter 00413d35 f   LIBCMT:unhandld.obj
 0001:00012d43       __XcptFilter               00413d43 f   LIBCMT:winxfltr.obj
 0001:00012ea3       __setenvp                  00413ea3 f   LIBCMT:stdenvp.obj
 0001:0001311b       __setargv                  0041411b f   LIBCMT:stdargv.obj
 0001:000131d6       ___crtGetEnvironmentStringsA 004141d6 f   LIBCMT:a_env.obj
 0001:0001330d       __RTC_Initialize           0041430d f   LIBCMT:_initsect_.obj
 0001:00013333       __RTC_Terminate            00414333 f   LIBCMT:_initsect_.obj
 0001:00013359       ___security_init_cookie    00414359 f   LIBCMT:gs_support.obj
 0001:000133ef       __lseeki64_nolock          004143ef f   LIBCMT:lseeki64.obj
 0001:00013474       __lseeki64                 00414474 f   LIBCMT:lseeki64.obj
 0001:0001358d       __getbuf                   0041458d f   LIBCMT:_getbuf.obj
 0001:000135d6       __isatty                   004145d6 f   LIBCMT:isatty.obj
 0001:0001363a       __wctomb_s_l               0041463a f   LIBCMT:wctomb.obj
 0001:000137a6       _wctomb_s                  004147a6 f   LIBCMT:wctomb.obj
 0001:000137d0       __aulldvrm                 004147d0 f   LIBCMT:ulldvrm.obj
 0001:00013865       __crt_debugger_hook        00414865 f   LIBCMT:dbghook.obj
 0001:0001386d       __mbtowc_l                 0041486d f   LIBCMT:mbtowc.obj
 0001:00013984       _mbtowc                    00414984 f   LIBCMT:mbtowc.obj
 0001:000139a0       __allmul                   004149a0 f   LIBCMT:llmul.obj
 0001:00013b8e       ___crtGetStringTypeA       00414b8e f   LIBCMT:a_str.obj
 0001:00013bd0       ___free_lc_time            00414bd0 f   LIBCMT:inittime.obj
 0001:00013d65       ___free_lconv_num          00414d65 f   LIBCMT:initnum.obj
 0001:00013daa       ___free_lconv_mon          00414daa f   LIBCMT:initmon.obj
 0001:00013e38       ____lc_codepage_func       00414e38 f   LIBCMT:initctyp.obj
 0001:00013e5e       _strcat_s                  00414e5e f   LIBCMT:strcat_s.obj
 0001:00013ee0       _strcspn                   00414ee0 f   LIBCMT:strcspn.obj
 0001:00013f26       _strncpy_s                 00414f26 f   LIBCMT:strncpy_s.obj
 0001:00013fdb       _strcpy_s                  00414fdb f   LIBCMT:strcpy_s.obj
 0001:00014050       _strcmp                    00415050 f   LIBCMT:strcmp.obj
 0001:000140d8       _strncmp                   004150d8 f   LIBCMT:strncmp.obj
 0001:000141a0       _strpbrk                   004151a0 f   LIBCMT:strpbrk.obj
 0001:000141e0       ___ansicp                  004151e0 f   LIBCMT:convrtcp.obj
 0001:00014229       ___convertcp               00415229 f   LIBCMT:convrtcp.obj
 0001:000143dd       __initp_misc_initcrit      004153dd f   LIBCMT:initcrit.obj
 0001:000143ec       ___crtInitCritSecAndSpinCount 004153ec f   LIBCMT:initcrit.obj
 0001:00014450       __ValidateImageBase        00415450 f   LIBCMT:pesect.obj
 0001:00014490       __FindPESection            00415490 f   LIBCMT:pesect.obj
 0001:000144e0       __IsNonwritableInCurrentImage 004154e0 f   LIBCMT:pesect.obj
 0001:0001459d       ?terminate@@YAXXZ          0041559d f   LIBCMT:hooks.obj
 0001:000145d6       __initp_eh_hooks           004155d6 f   LIBCMT:hooks.obj
 0001:000145e7       __initp_misc_winsig        004155e7 f   LIBCMT:winsig.obj
 0001:0001463c       ___get_sigabrt             0041563c f   LIBCMT:winsig.obj
 0001:00014649       _raise                     00415649 f   LIBCMT:winsig.obj
 0001:000147f9       __initp_misc_rand_s        004157f9 f   LIBCMT:rand_s.obj
 0001:00014808       __initp_misc_purevirt      00415808 f   LIBCMT:inithelp.obj
 0001:00014817       ___crtMessageBoxA          00415817 f   LIBCMT:crtmbox.obj
 0001:00014980       __set_error_mode           00415980 f   LIBCMT:errmode.obj
 0001:000149cb       __set_osfhnd               004159cb f   LIBCMT:osfinfo.obj
 0001:00014a4c       __free_osfhnd              00415a4c f   LIBCMT:osfinfo.obj
 0001:00014ad2       __get_osfhandle            00415ad2 f   LIBCMT:osfinfo.obj
 0001:00014b49       ___lock_fhandle            00415b49 f   LIBCMT:osfinfo.obj
 0001:00014be9       __unlock_fhandle           00415be9 f   LIBCMT:osfinfo.obj
 0001:00014c10       __alloc_osfhnd             00415c10 f   LIBCMT:osfinfo.obj
 0001:000154c9       __sopen_helper             004164c9 f   LIBCMT:open.obj
 0001:00015595       __sopen_s                  00416595 f   LIBCMT:open.obj
 0001:000155b5       __mbsnbicmp_l              004165b5 f   LIBCMT:mbsnbicm.obj
 0001:000157e0       __mbsnbicmp                004167e0 f   LIBCMT:mbsnbicm.obj
 0001:000157fa       __mbsnbcmp_l               004167fa f   LIBCMT:mbsnbcmp.obj
 0001:00015964       __mbsnbcmp                 00416964 f   LIBCMT:mbsnbcmp.obj
 0001:00015980       __global_unwind2           00416980 f   LIBCMT:exsup.obj
 0001:000159e5       __local_unwind2            004169e5 f   LIBCMT:exsup.obj
 0001:00015a69       __abnormal_termination     00416a69 f   LIBCMT:exsup.obj
 0001:00015a8c       __NLG_Notify1              00416a8c f   LIBCMT:exsup.obj
 0001:00015a95       __NLG_Notify               00416a95 f   LIBCMT:exsup.obj
 0001:00015aac       __NLG_Dispatch             00416aac     LIBCMT:exsup.obj
 0001:00015aac       __NLG_Dispatch2            00416aac     LIBCMT:exsup.obj
 0001:00015ab4       __NLG_Call                 00416ab4 f   LIBCMT:exsup.obj
 0001:00015ab6       __NLG_Return2              00416ab6     LIBCMT:exsup.obj
 0001:00015ab7       __getenv_helper_nolock     00416ab7 f   LIBCMT:getenv.obj
 0001:00015b3e       __putwch_nolock            00416b3e f   LIBCMT:putwch.obj
 0001:00015c03       __calloc_impl              00416c03 f   LIBCMT:calloc_impl.obj
 0001:00015d21       __recalloc                 00416d21 f   LIBCMT:recalloc.obj
 0001:00015d9c       __validdrive               00416d9c f   LIBCMT:getcwd.obj
 0001:00015dd5       __getdcwd_nolock           00416dd5 f   LIBCMT:getcwd.obj
 0001:00015f0c       __getcwd                   00416f0c f   LIBCMT:getcwd.obj
 0001:00015f55       _calloc                    00416f55 f   LIBCMT:calloc.obj
 0001:00015f95       __mbsicmp_l                00416f95 f   LIBCMT:mbsicmp.obj
 0001:000161bb       __mbsicmp                  004171bb f   LIBCMT:mbsicmp.obj
 0001:000161d2       __mbsrchr_l                004171d2 f   LIBCMT:mbsrchr.obj
 0001:0001628e       __mbsrchr                  0041728e f   LIBCMT:mbsrchr.obj
 0001:000162a5       __toupper_l                004172a5 f   LIBCMT:toupper.obj
 0001:000163bb       _toupper                   004173bb f   LIBCMT:toupper.obj
 0001:000163e7       __atodbl_l                 004173e7 f   LIBCMT:atodbl.obj
 0001:0001648f       __atoflt_l                 0041748f f   LIBCMT:atodbl.obj
 0001:00016537       __fptostr                  00417537 f   LIBCMT:_fptostr.obj
 0001:000165f6       ___dtold                   004175f6 f   LIBCMT:_cfout_.obj
 0001:000166b3       __fltout2                  004176b3 f   LIBCMT:_cfout_.obj
 0001:00016750       __alldvrm                  00417750 f   LIBCMT:lldvrm.obj
 0001:00016830       __aullshr                  00417830 f   LIBCMT:ullshr.obj
 0001:0001684f       __fptrap                   0041784f f   LIBCMT:crt0fp.obj
 0001:00016858       __controlfp_s              00417858 f   LIBCMT:_contrlfp_.obj
 0001:000168c4       ?_Type_info_dtor@type_info@@CAXPAV1@@Z 004178c4 f   LIBCMT:typname.obj
 0001:00016934       __msize                    00417934 f   LIBCMT:msize.obj
 0001:00016a2a       __ismbblead                00417a2a f   LIBCMT:ismbbyte.obj
 0001:00016a42       __strnicmp_l               00417a42 f   LIBCMT:strnicmp.obj
 0001:00016b34       __strnicmp                 00417b34 f   LIBCMT:strnicmp.obj
 0001:00016b34       _strnicmp                  00417b34 f   LIBCMT:strnicmp.obj
 0001:00016b92       _abort                     00417b92 f   LIBCMT:abort.obj
 0001:00016ca9       __chsize_nolock            00417ca9 f   LIBCMT:chsize.obj
 0001:00016e5f       __setmode_nolock           00417e5f f   LIBCMT:setmode.obj
 0001:00016f1b       __get_fmode                00417f1b f   LIBCMT:setmode.obj
 0001:00016f54       __mbsnbicoll_l             00417f54 f   LIBCMT:mbsnbico.obj
 0001:00017042       __mbsnbicoll               00418042 f   LIBCMT:mbsnbico.obj
 0001:0001705c       ___wtomb_environ           0041805c f   LIBCMT:wtombenv.obj
 0001:000170f3       __ld12tod                  004180f3 f   LIBCMT:_intrncvt_.obj
 0001:00017637       __ld12tof                  00418637 f   LIBCMT:_intrncvt_.obj
 0001:00017b7b       ___strgtold12_l            00418b7b f   LIBCMT:_strgtold_.obj
 0001:00018273       _$I10_OUTPUT               00419273 f   LIBCMT:_x10fout_.obj
 0001:00018cc5       __control87                00419cc5 f i LIBCMT:_ieee87_.obj
 0001:00018fe0       ___ascii_strnicmp          00419fe0 f   LIBCMT:_strnicm.obj
 0001:000193cf       ___crtCompareStringA       0041a3cf f   LIBCMT:a_cmp.obj
 0001:00019411       __strnicoll_l              0041a411 f   LIBCMT:strnicol.obj
 0001:000195b7       ___crtsetenv               0041a5b7 f   LIBCMT:setenv.obj
 0001:00019802       ___mtold12                 0041a802 f   LIBCMT:_mantold_.obj
 0001:000199d0       ___set_fpsr_sse2           0041a9d0 f   LIBCMT:_fpctrl_.obj
 0001:00019a42       __strdup                   0041aa42 f   LIBCMT:strdup.obj
 0001:00019a97       __mbschr_l                 0041aa97 f   LIBCMT:mbschr.obj
 0001:00019b53       __mbschr                   0041ab53 f   LIBCMT:mbschr.obj
 0001:00019b6a       _RtlUnwind@16              0041ab6a f   kernel32:KERNEL32.dll
 0002:00000000       __imp__QueryInterface      0041b000     d2server:D2SERVER.dll
 0002:00000004       \177D2SERVER_NULL_THUNK_DATA 0041b004     d2server:D2SERVER.dll
 0002:00000008       __imp__CompareStringA@24   0041b008     kernel32:KERNEL32.dll
 0002:0000000c       __imp__GetProcessHeap@0    0041b00c     kernel32:KERNEL32.dll
 0002:00000010       __imp__SetEndOfFile@4      0041b010     kernel32:KERNEL32.dll
 0002:00000014       __imp__HeapSize@12         0041b014     kernel32:KERNEL32.dll
 0002:00000018       __imp__WriteConsoleW@20    0041b018     kernel32:KERNEL32.dll
 0002:0000001c       __imp__GetConsoleOutputCP@0 0041b01c     kernel32:KERNEL32.dll
 0002:00000020       __imp__WriteConsoleA@20    0041b020     kernel32:KERNEL32.dll
 0002:00000024       __imp__SetStdHandle@8      0041b024     kernel32:KERNEL32.dll
 0002:00000028       __imp__CompareStringW@24   0041b028     kernel32:KERNEL32.dll
 0002:0000002c       __imp__InitializeCriticalSectionAndSpinCount@8 0041b02c     kernel32:KERNEL32.dll
 0002:00000030       __imp__GetLocaleInfoA@16   0041b030     kernel32:KERNEL32.dll
 0002:00000034       __imp__GetStringTypeW@16   0041b034     kernel32:KERNEL32.dll
 0002:00000038       __imp__GetStringTypeA@20   0041b038     kernel32:KERNEL32.dll
 0002:0000003c       __imp__SetConsoleMode@8    0041b03c     kernel32:KERNEL32.dll
 0002:00000040       __imp__LeaveCriticalSection@4 0041b040     kernel32:KERNEL32.dll
 0002:00000044       __imp__EnterCriticalSection@4 0041b044     kernel32:KERNEL32.dll
 0002:00000048       __imp__IsBadReadPtr@8      0041b048     kernel32:KERNEL32.dll
 0002:0000004c       __imp__Sleep@4             0041b04c     kernel32:KERNEL32.dll
 0002:00000050       __imp__CloseHandle@4       0041b050     kernel32:KERNEL32.dll
 0002:00000054       __imp__TerminateThread@8   0041b054     kernel32:KERNEL32.dll
 0002:00000058       __imp__WaitForSingleObject@8 0041b058     kernel32:KERNEL32.dll
 0002:0000005c       __imp__CreateThread@24     0041b05c     kernel32:KERNEL32.dll
 0002:00000060       __imp__SetThreadAffinityMask@8 0041b060     kernel32:KERNEL32.dll
 0002:00000064       __imp__GetExitCodeThread@8 0041b064     kernel32:KERNEL32.dll
 0002:00000068       __imp__WaitForMultipleObjects@16 0041b068     kernel32:KERNEL32.dll
 0002:0000006c       __imp__SetEvent@4          0041b06c     kernel32:KERNEL32.dll
 0002:00000070       __imp__GetLastError@0      0041b070     kernel32:KERNEL32.dll
 0002:00000074       __imp__CreateEventA@16     0041b074     kernel32:KERNEL32.dll
 0002:00000078       __imp__CreateDirectoryA@8  0041b078     kernel32:KERNEL32.dll
 0002:0000007c       __imp__GetLocalTime@4      0041b07c     kernel32:KERNEL32.dll
 0002:00000080       __imp__ExitProcess@4       0041b080     kernel32:KERNEL32.dll
 0002:00000084       __imp__GetTickCount@0      0041b084     kernel32:KERNEL32.dll
 0002:00000088       __imp__CreateMutexA@12     0041b088     kernel32:KERNEL32.dll
 0002:0000008c       __imp__SetConsoleCtrlHandler@8 0041b08c     kernel32:KERNEL32.dll
 0002:00000090       __imp__InitializeCriticalSection@4 0041b090     kernel32:KERNEL32.dll
 0002:00000094       __imp__GetCurrentDirectoryA@8 0041b094     kernel32:KERNEL32.dll
 0002:00000098       __imp__SetCurrentDirectoryA@4 0041b098     kernel32:KERNEL32.dll
 0002:0000009c       __imp__GetModuleFileNameA@12 0041b09c     kernel32:KERNEL32.dll
 0002:000000a0       __imp__GetCurrentProcessId@0 0041b0a0     kernel32:KERNEL32.dll
 0002:000000a4       __imp__DeleteCriticalSection@4 0041b0a4     kernel32:KERNEL32.dll
 0002:000000a8       __imp__LoadLibraryA@4      0041b0a8     kernel32:KERNEL32.dll
 0002:000000ac       __imp__GetModuleHandleA@4  0041b0ac     kernel32:KERNEL32.dll
 0002:000000b0       __imp__VirtualProtect@16   0041b0b0     kernel32:KERNEL32.dll
 0002:000000b4       __imp__WriteProcessMemory@20 0041b0b4     kernel32:KERNEL32.dll
 0002:000000b8       __imp__GetCurrentProcess@0 0041b0b8     kernel32:KERNEL32.dll
 0002:000000bc       __imp__CreateFileA@28      0041b0bc     kernel32:KERNEL32.dll
 0002:000000c0       __imp__GetProcAddress@8    0041b0c0     kernel32:KERNEL32.dll
 0002:000000c4       __imp__FreeLibrary@4       0041b0c4     kernel32:KERNEL32.dll
 0002:000000c8       __imp__QueryPerformanceCounter@4 0041b0c8     kernel32:KERNEL32.dll
 0002:000000cc       __imp__GetEnvironmentStringsW@0 0041b0cc     kernel32:KERNEL32.dll
 0002:000000d0       __imp__FreeEnvironmentStringsW@4 0041b0d0     kernel32:KERNEL32.dll
 0002:000000d4       __imp__HeapFree@12         0041b0d4     kernel32:KERNEL32.dll
 0002:000000d8       __imp__HeapAlloc@12        0041b0d8     kernel32:KERNEL32.dll
 0002:000000dc       __imp__GetSystemTimeAsFileTime@4 0041b0dc     kernel32:KERNEL32.dll
 0002:000000e0       __imp__HeapReAlloc@16      0041b0e0     kernel32:KERNEL32.dll
 0002:000000e4       __imp__FindClose@4         0041b0e4     kernel32:KERNEL32.dll
 0002:000000e8       __imp__FileTimeToSystemTime@8 0041b0e8     kernel32:KERNEL32.dll
 0002:000000ec       __imp__FileTimeToLocalFileTime@8 0041b0ec     kernel32:KERNEL32.dll
 0002:000000f0       __imp__GetDriveTypeA@4     0041b0f0     kernel32:KERNEL32.dll
 0002:000000f4       __imp__FindFirstFileA@8    0041b0f4     kernel32:KERNEL32.dll
 0002:000000f8       __imp__ReadConsoleInputA@16 0041b0f8     kernel32:KERNEL32.dll
 0002:000000fc       __imp__SetEnvironmentVariableA@8 0041b0fc     kernel32:KERNEL32.dll
 0002:00000100       __imp__GetConsoleMode@8    0041b100     kernel32:KERNEL32.dll
 0002:00000104       __imp__GetCommandLineA@0   0041b104     kernel32:KERNEL32.dll
 0002:00000108       __imp__TerminateProcess@8  0041b108     kernel32:KERNEL32.dll
 0002:0000010c       __imp__UnhandledExceptionFilter@4 0041b10c     kernel32:KERNEL32.dll
 0002:00000110       __imp__SetUnhandledExceptionFilter@4 0041b110     kernel32:KERNEL32.dll
 0002:00000114       __imp__IsDebuggerPresent@0 0041b114     kernel32:KERNEL32.dll
 0002:00000118       __imp__GetCPInfo@8         0041b118     kernel32:KERNEL32.dll
 0002:0000011c       __imp__InterlockedIncrement@4 0041b11c     kernel32:KERNEL32.dll
 0002:00000120       __imp__InterlockedDecrement@4 0041b120     kernel32:KERNEL32.dll
 0002:00000124       __imp__GetACP@0            0041b124     kernel32:KERNEL32.dll
 0002:00000128       __imp__GetOEMCP@0          0041b128     kernel32:KERNEL32.dll
 0002:0000012c       __imp__IsValidCodePage@4   0041b12c     kernel32:KERNEL32.dll
 0002:00000130       __imp__GetModuleHandleW@4  0041b130     kernel32:KERNEL32.dll
 0002:00000134       __imp__TlsGetValue@4       0041b134     kernel32:KERNEL32.dll
 0002:00000138       __imp__TlsAlloc@0          0041b138     kernel32:KERNEL32.dll
 0002:0000013c       __imp__TlsSetValue@8       0041b13c     kernel32:KERNEL32.dll
 0002:00000140       __imp__TlsFree@4           0041b140     kernel32:KERNEL32.dll
 0002:00000144       __imp__SetLastError@4      0041b144     kernel32:KERNEL32.dll
 0002:00000148       __imp__GetCurrentThreadId@0 0041b148     kernel32:KERNEL32.dll
 0002:0000014c       __imp__LCMapStringA@24     0041b14c     kernel32:KERNEL32.dll
 0002:00000150       __imp__WideCharToMultiByte@32 0041b150     kernel32:KERNEL32.dll
 0002:00000154       __imp__MultiByteToWideChar@24 0041b154     kernel32:KERNEL32.dll
 0002:00000158       __imp__LCMapStringW@24     0041b158     kernel32:KERNEL32.dll
 0002:0000015c       __imp__HeapCreate@12       0041b15c     kernel32:KERNEL32.dll
 0002:00000160       __imp__VirtualFree@12      0041b160     kernel32:KERNEL32.dll
 0002:00000164       __imp__VirtualAlloc@16     0041b164     kernel32:KERNEL32.dll
 0002:00000168       __imp__WriteFile@20        0041b168     kernel32:KERNEL32.dll
 0002:0000016c       __imp__GetStdHandle@4      0041b16c     kernel32:KERNEL32.dll
 0002:00000170       __imp__SetHandleCount@4    0041b170     kernel32:KERNEL32.dll
 0002:00000174       __imp__GetFileType@4       0041b174     kernel32:KERNEL32.dll
 0002:00000178       __imp__GetStartupInfoA@4   0041b178     kernel32:KERNEL32.dll
 0002:0000017c       __imp__RtlUnwind@16        0041b17c     kernel32:KERNEL32.dll
 0002:00000180       __imp__GetTimeZoneInformation@4 0041b180     kernel32:KERNEL32.dll
 0002:00000184       __imp__GetConsoleCP@0      0041b184     kernel32:KERNEL32.dll
 0002:00000188       __imp__FlushFileBuffers@4  0041b188     kernel32:KERNEL32.dll
 0002:0000018c       __imp__ReadFile@20         0041b18c     kernel32:KERNEL32.dll
 0002:00000190       __imp__SetFilePointer@16   0041b190     kernel32:KERNEL32.dll
 0002:00000194       __imp__GetFullPathNameA@16 0041b194     kernel32:KERNEL32.dll
 0002:00000198       __imp__RaiseException@16   0041b198     kernel32:KERNEL32.dll
 0002:0000019c       __imp__FreeEnvironmentStringsA@4 0041b19c     kernel32:KERNEL32.dll
 0002:000001a0       __imp__GetEnvironmentStrings@0 0041b1a0     kernel32:KERNEL32.dll
 0002:000001a4       \177KERNEL32_NULL_THUNK_DATA 0041b1a4     kernel32:KERNEL32.dll
 0002:000001a8       __imp__MessageBoxA@16      0041b1a8     user32:USER32.dll
 0002:000001ac       __imp__wsprintfA           0041b1ac     user32:USER32.dll
 0002:000001b0       \177USER32_NULL_THUNK_DATA 0041b1b0     user32:USER32.dll
 0002:000001b4       __imp__WSAStartup@8        0041b1b4     ws2_32:WS2_32.dll
 0002:000001b8       __imp__WSACreateEvent@0    0041b1b8     ws2_32:WS2_32.dll
 0002:000001bc       __imp__socket@12           0041b1bc     ws2_32:WS2_32.dll
 0002:000001c0       __imp__setsockopt@20       0041b1c0     ws2_32:WS2_32.dll
 0002:000001c4       __imp__connect@12          0041b1c4     ws2_32:WS2_32.dll
 0002:000001c8       __imp__WSACloseEvent@4     0041b1c8     ws2_32:WS2_32.dll
 0002:000001cc       __imp__WSACleanup@0        0041b1cc     ws2_32:WS2_32.dll
 0002:000001d0       __imp__WSAEventSelect@12   0041b1d0     ws2_32:WS2_32.dll
 0002:000001d4       __imp__WSAGetLastError@0   0041b1d4     ws2_32:WS2_32.dll
 0002:000001d8       __imp__WSAWaitForMultipleEvents@20 0041b1d8     ws2_32:WS2_32.dll
 0002:000001dc       __imp__WSAEnumNetworkEvents@12 0041b1dc     ws2_32:WS2_32.dll
 0002:000001e0       __imp__recv@16             0041b1e0     ws2_32:WS2_32.dll
 0002:000001e4       __imp__shutdown@8          0041b1e4     ws2_32:WS2_32.dll
 0002:000001e8       __imp__closesocket@4       0041b1e8     ws2_32:WS2_32.dll
 0002:000001ec       __imp__getsockname@12      0041b1ec     ws2_32:WS2_32.dll
 0002:000001f0       __imp__ntohl@4             0041b1f0     ws2_32:WS2_32.dll
 0002:000001f4       __imp__ntohs@4             0041b1f4     ws2_32:WS2_32.dll
 0002:000001f8       __imp__send@16             0041b1f8     ws2_32:WS2_32.dll
 0002:000001fc       __imp__htons@4             0041b1fc     ws2_32:WS2_32.dll
 0002:00000200       __imp__inet_addr@4         0041b200     ws2_32:WS2_32.dll
 0002:00000204       \177WS2_32_NULL_THUNK_DATA 0041b204     ws2_32:WS2_32.dll
 0002:00000208       ___xc_a                    0041b208     LIBCMT:crt0init.obj
 0002:0000020c       ___xc_z                    0041b20c     LIBCMT:crt0init.obj
 0002:00000210       ___xi_a                    0041b210     LIBCMT:crt0init.obj
 0002:00000228       ___xi_z                    0041b228     LIBCMT:crt0init.obj
 0002:0000022c       ___xp_a                    0041b22c     LIBCMT:crt0init.obj
 0002:00000238       ___xp_z                    0041b238     LIBCMT:crt0init.obj
 0002:0000023c       ___xt_a                    0041b23c     LIBCMT:crt0init.obj
 0002:00000240       ___xt_z                    0041b240     LIBCMT:crt0init.obj
 0002:00000248       ??_C@_0BB@EBLJKHKB@ServerLogMessage?$AA@ 0041b248     callback.obj
 0002:0000025c       ??_C@_0O@MEDIDAHL@AutoUpdateUrl?$AA@ 0041b25c     config.obj
 0002:0000026c       ??_C@_0O@BLKFBFLP@AutoUpdateVer?$AA@ 0041b26c     config.obj
 0002:0000027c       ??_C@_05GGPELIBL@30000?$AA@ 0041b27c     config.obj
 0002:00000284       ??_C@_0BC@FKBCGKHB@AutoUpdateTimeout?$AA@ 0041b284     config.obj
 0002:00000298       ??_C@_0L@OJMPDDHK@AutoUpdate?$AA@ 0041b298     config.obj
 0002:000002a4       ??_C@_03PANGFEPN@600?$AA@  0041b2a4     config.obj
 0002:000002a8       ??_C@_0N@MJABOJDI@AdminTimeout?$AA@ 0041b2a8     config.obj
 0002:000002b8       ??_C@_04KAPECDDI@8888?$AA@ 0041b2b8     config.obj
 0002:000002c0       ??_C@_09EMMMNBJL@AdminPort?$AA@ 0041b2c0     config.obj
 0002:000002cc       ??_C@_0CJ@GLIACEHO@9e75a42100e1b9e0b5d3873045084fae@ 0041b2cc     config.obj
 0002:000002f8       ??_C@_0O@COIEEMHC@AdminPassword?$AA@ 0041b2f8     config.obj
 0002:00000308       ??_C@_0N@EGJIDNCO@D2Server?4ini?$AA@ 0041b308     config.obj
 0002:00000318       ??_C@_0P@FOHMPPPP@ServerConfFile?$AA@ 0041b318     config.obj
 0002:00000328       ??_C@_03MHAIKEMP@300?$AA@  0041b328     config.obj
 0002:0000032c       ??_C@_0BD@PEGHANBO@MaxPacketPerSecond?$AA@ 0041b32c     config.obj
 0002:00000340       ??_C@_0N@MIKMHFKI@MultiCPUMask?$AA@ 0041b340     config.obj
 0002:00000350       ??_C@_0M@PLHEBBFE@D2CSSecrect?$AA@ 0041b350     config.obj
 0002:0000035c       ??_C@_02PNFIDHGF@50?$AA@   0041b35c     config.obj
 0002:00000360       ??_C@_0BG@HMMJAKJE@IntervalReconnectD2CS?$AA@ 0041b360     config.obj
 0002:00000378       ??_C@_03HPLEMDKK@200?$AA@  0041b378     config.obj
 0002:0000037c       ??_C@_0BD@ECHDCFCJ@CharPendingTimeout?$AA@ 0041b37c     config.obj
 0002:00000390       ??_C@_0BH@MFMALKOO@No?5commercial?5Purpose?$CB?$AA@ 0041b390     config.obj
 0002:000003a8       ??_C@_04KFGJNABM@MOTD?$AA@ 0041b3a8     config.obj
 0002:000003b0       ??_C@_05OJLEENLL@36000?$AA@ 0041b3b0     config.obj
 0002:000003b8       ??_C@_0M@MFDFFLIM@MaxGameLife?$AA@ 0041b3b8     config.obj
 0002:000003c4       ??_C@_0P@DDCMEPEH@MaxPreferUsers?$AA@ 0041b3c4     config.obj
 0002:000003d4       ??_C@_01BMBHCPLG@5?$AA@    0041b3d4     config.obj
 0002:000003d8       ??_C@_08MAKAFJGB@MaxGames?$AA@ 0041b3d8     config.obj
 0002:000003e4       ??_C@_09NMCCFCBM@BusySleep?$AA@ 0041b3e4     config.obj
 0002:000003f0       ??_C@_09JKJMCKOE@IdleSleep?$AA@ 0041b3f0     config.obj
 0002:000003fc       ??_C@_0BD@KPALCBNK@DebugEventCallback?$AA@ 0041b3fc     config.obj
 0002:00000410       ??_C@_0P@KCGGIIHE@DebugNetPacket?$AA@ 0041b410     config.obj
 0002:00000420       ??_C@_0M@OJCJENKD@EnableGSLog?$AA@ 0041b420     config.obj
 0002:0000042c       ??_C@_0M@KLAJBCPA@EnableGEMsg?$AA@ 0041b42c     config.obj
 0002:00000438       ??_C@_01GBGANLPD@0?$AA@    0041b438     config.obj
 0002:0000043c       ??_C@_0M@GIJCPIB@EnableGELog?$AA@ 0041b43c     config.obj
 0002:00000448       ??_C@_0BD@BJBPDDJF@EnablePreCacheMode?$AA@ 0041b448     config.obj
 0002:0000045c       ??_C@_0O@OHHEICPM@EnableGEPatch?$AA@ 0041b45c     config.obj
 0002:0000046c       ??_C@_01HIHLOKLC@1?$AA@    0041b46c     config.obj
 0002:00000470       ??_C@_0N@OAAHKGHP@EnableNTMode?$AA@ 0041b470     config.obj
 0002:00000480       ??_C@_04MBKIKGFA@6114?$AA@ 0041b480     config.obj
 0002:00000488       ??_C@_09DIMKCCEL@D2DBSPort?$AA@ 0041b488     config.obj
 0002:00000494       ??_C@_07KCEEFAPO@D2DBSIP?$AA@ 0041b494     config.obj
 0002:0000049c       ??_C@_04IOOJDAJH@6113?$AA@ 0041b49c     config.obj
 0002:000004a4       ??_C@_08OFOJNALF@D2CSPort?$AA@ 0041b4a4     config.obj
 0002:000004b0       ??_C@_09PFCHIMEP@127?40?40?41?$AA@ 0041b4b0     config.obj
 0002:000004bc       ??_C@_06JIHOLOID@D2CSIP?$AA@ 0041b4bc     config.obj
 0002:000004c4       ??_C@_0M@LCILJAMM@?4?4?2map113c?2?$AA@ 0041b4c4     config.obj
 0002:000004d0       ??_C@_0BD@ELHKCJNC@d2hackmap_cfg_path?$AA@ 0041b4d0     config.obj
 0002:000004e4       ??_C@_0BO@GJPBJELC@?4?4?2map113c?2dll?2d2hackmapS?4dll?$AA@ 0041b4e4     config.obj
 0002:00000504       ??_C@_0P@IJKJIHDO@d2hackmap_path?$AA@ 0041b504     config.obj
 0002:00000514       ??_C@_0BN@EIKKKMHP@?4?4?2map113c?2dll?2d2hackmap?4dll?$AA@ 0041b514     config.obj
 0002:00000534       ??_C@_0BA@BOKOICNP@d2hackmap_path0?$AA@ 0041b534     config.obj
 0002:00000544       ??_C@_08CLNJCMAF@mpq_path?$AA@ 0041b544     config.obj
 0002:00000550       ??_C@_0L@HPEFAHLN@config?4txt?$AA@ 0041b550     config.obj
 0002:0000055c       ??_C@_01KDCPPGHE@r?$AA@    0041b55c     config.obj
 0002:00000560       ??_C@_0BD@BIEPJNFC@D2GSLoadRegConfigs?$AA@ 0041b560     config.obj
 0002:00000574       ??_C@_0BI@JIDDDNCK@Unknow?5conf_type?5for?5?$CFs?$AA@ 0041b574     config.obj
 0002:0000058c       ??_C@_0P@HIBJFDDA@D2GSReadConfig?$AA@ 0041b58c     config.obj
 0002:0000059c       ??_C@_0BI@GOHFIPDM@Invalid?5ip?5address?5?8?$CFs?8?$AA@ 0041b59c     config.obj
 0002:000005b4       ??_C@_0CK@PMMLFOKI@Delete?5?$CFu?$CI?$CFu?$CJ?5character?5in?5game?5@ 0041b5b4     d2gamelist.obj
 0002:000005e0       ??_C@_0BL@HKIDCNBB@Delete?5zombie?5char?5?$CFs?$CI?$CK?$CFs?$CJ?$AA@ 0041b5e0     d2gamelist.obj
 0002:000005fc       ??_C@_0BI@CBBMHLHD@D2GSDeleteAllCharInGame?$AA@ 0041b5fc     d2gamelist.obj
 0002:00000614       ??_C@_0DD@JPDOPNHI@Unlock?5char?5?$CFs?$CI?$CK?$CFs?$CJ?5with?5unfinis@ 0041b614     d2gamelist.obj
 0002:00000648       ??_C@_0BG@IOICADIO@D2GSDeletePendingChar?$AA@ 0041b648     d2gamelist.obj
 0002:00000660       ??_C@_0DI@BDLOFDLE@Delete?5a?5pending?5char?5?$CFs?$CI?$CK?$CFs?$CJ?5in@ 0041b660     d2gamelist.obj
 0002:00000698       ??_C@_0BN@LJIBHPMI@char?5?$CFs?$CI?$CK?$CFs?$CJ?5NOT?5in?5game?5now?$AA@ 0041b698     d2gamelist.obj
 0002:000006b8       ??_C@_0CL@IACGPAPL@delete?5char?5?$CFs?$CI?$CK?$CFs?$CJ?5still?5in?5gam@ 0041b6b8     d2gamelist.obj
 0002:000006e4       ??_C@_0CH@BGIEPIEJ@Failed?5get?5CHARSAVE?5data?5for?5?8?$CFs@ 0041b6e4     d2gamelist.obj
 0002:0000070c       ??_C@_0BP@JJENHEG@D2GSGetDataRequestTimerRoutine?$AA@ 0041b70c     d2gamelist.obj
 0002:0000072c       ??_C@_0O@BNNCBLEN@out?5of?5memory?$AA@ 0041b72c     d2gamelist.obj
 0002:0000073c       ??_C@_0BA@FCBKPEIN@?$FLadministrator?$FN?$AA@ 0041b73c     d2gamelist.obj
 0002:0000074c       ??_C@_0DB@FGDBOMLD@?$PPc8?$FLD2GS?$FN?5?9?5No?5commercial?5purpos@ 0041b74c     d2gamelist.obj
 0002:00000780       ??_C@_0BA@LLONDLDG@All?5games?5saved?$AA@ 0041b780     d2gamelist.obj
 0002:00000790       ??_C@_0CC@HGAHLLAF@Waiting?5for?5all?5games?5to?5be?5save@ 0041b790     d2gamelist.obj
 0002:000007b4       ??_C@_0BD@CAELNMBC@SaveAllGamesThread?$AA@ 0041b7b4     d2gamelist.obj
 0002:000007c8       ??_C@_0BK@JEGPNDJC@Calling?5D2GSEndAllGames?$CI?$CJ?$AA@ 0041b7c8     d2gamelist.obj
 0002:000007e4       ??_C@_0N@OBJDHJAJ@SaveAllGames?$AA@ 0041b7e4     d2gamelist.obj
 0002:000007f4       ??_C@_0BM@HLLEADFH@SaveAllGamesThread?5timetout?$AA@ 0041b7f4     d2gamelist.obj
 0002:00000810       ??_C@_0BD@IPLAIBFC@D2GSGameListInsert?$AA@ 0041b810     d2gamelist.obj
 0002:00000824       ??_C@_0CA@BEJHAJOE@Insert?5into?5game?5list?5?8?$CFs?8?5?$CI?$CFu?$CJ?$AA@ 0041b824     d2gamelist.obj
 0002:00000844       ??_C@_0BL@PJBDFPPH@D2GSInsertCharIntoGameInfo?$AA@ 0041b844     d2gamelist.obj
 0002:00000860       ??_C@_0DC@BJJELMEF@failed?5insert?5info?5charlist?5for?5@ 0041b860     d2gamelist.obj
 0002:00000894       ??_C@_07IFCJCAAG@classic?$AA@ 0041b894     d2gamelist.obj
 0002:0000089c       ??_C@_03KHJOGHMM@exp?$AA@  0041b89c     d2gamelist.obj
 0002:000008a0       ??_C@_0L@EELJNIGJ@non?9ladder?$AA@ 0041b8a0     d2gamelist.obj
 0002:000008ac       ??_C@_06GGMOHJIJ@ladder?$AA@ 0041b8ac     d2gamelist.obj
 0002:000008b3       ??_C@_00CNPNBAHC@?$AA@     0041b8b3     d2gamelist.obj
 0002:000008b4       ??_C@_0BC@OLFCJEHN@D2GSCheckGamelife?$AA@ 0041b8b4     d2gamelist.obj
 0002:000008c8       ??_C@_0DM@EMHOPCDI@?$FLSERVER?$FN?3?5This?5game?5will?5end?5aft@ 0041b8c8     d2gamelist.obj
 0002:00000904       ??_C@_0BA@PDMOFNMJ@D2GSErrorHandle?$AA@ 0041b904     d2ge.obj
 0002:00000914       ??_C@_0BK@PDKONKLK@Error?5occur?0?5exiting?4?4?4?6?6?$AA@ 0041b914     d2ge.obj
 0002:00000930       ??_C@_0CG@PPJIJGIN@?9?9?9?9?9?9?9?9?9?9?5D2GSStart?5end?5?$CFd?5?9?9?9?9@ 0041b930     d2ge.obj
 0002:00000958       ??_C@_0BP@MDJGJDLH@?9?9?9?9?9?9?9?9?9?9?5D2GSStart?5?9?9?9?9?9?9?9?9?6?$AA@ 0041b958     d2ge.obj
 0002:00000978       ??_C@_0BO@CFIJKICF@Game?5Engine?5Thread?5terminated?$AA@ 0041b978     d2ge.obj
 0002:00000998       ??_C@_0BP@MNBKAMDP@Wait?5Server?5Thread?5Returned?5?$CFd?$AA@ 0041b998     d2ge.obj
 0002:000009b8       ??_C@_0CG@PIBCNLB@Game?5Server?5Thread?5Start?5Success@ 0041b9b8     d2ge.obj
 0002:000009e0       ??_C@_0CA@LKGPKOEK@Game?5Server?5Thread?5Exit?5with?5?$CFd?$AA@ 0041b9e0     d2ge.obj
 0002:00000a00       ??_C@_0BM@IEPOILMJ@Game?5Server?5Thread?5Timedout?$AA@ 0041ba00     d2ge.obj
 0002:00000a1c       ??_C@_0CF@ELJKIFCC@Wait?5Server?5Thread?5Failed?4?5Code?3@ 0041ba1c     d2ge.obj
 0002:00000a44       ??_C@_0BK@HJOIPDAM@Server?5Thread?5?$CFlu?5Created?$AA@ 0041ba44     d2ge.obj
 0002:00000a60       ??_C@_0CI@NMOJMDCC@Error?5Creating?5Server?5Thread?4?5Co@ 0041ba60     d2ge.obj
 0002:00000a88       ??_C@_0L@LBDCCPIF@D2GEThread?$AA@ 0041ba88     d2ge.obj
 0002:00000a94       ??_C@_0CA@FELOPJJG@Error?5in?5CreateEvent?4?5Code?3?5?$CFlu?$AA@ 0041ba94     d2ge.obj
 0002:00000ab8       ??_C@_0EE@GEIFHDNG@?$PPc9The?5World?5Event?5enables?5on?5th@ 0041bab8     d2ge.obj
 0002:00000afc       ??_C@_05BMGBEOOC@?$CFs?2?$CFs?$AA@ 0041bafc     d2ge.obj
 0002:00000b04       ??_C@_0DF@FOIABPIG@?$PPc4D2GS?5Version?51?413c?0?5build?5on?5@ 0041bb04     d2ge.obj
 0002:00000b3c       ??_C@_0L@LOGBHCJ@D2GSThread?$AA@ 0041bb3c     d2ge.obj
 0002:00000b48       ??_C@_0BP@NICIDFGP@Failed?5to?5Get?5Server?5Interface?$AA@ 0041bb48     d2ge.obj
 0002:00000b68       ??_C@_0BG@PJBJKKDH@Diablo?5II?5Game?5Engine?$AA@ 0041bb68     d2ge.obj
 0002:00000b80       ??_C@_0CJ@OBGPNIEL@Can?8t?5CreateThread?5D2GEThread?4?5C@ 0041bb80     d2ge.obj
 0002:00000bac       ??_C@_0M@DFEGJGJI@D2GEStartup?$AA@ 0041bbac     d2ge.obj
 0002:00000bb8       ??_C@_0BM@IHCOKHFF@Failed?5to?5Initialize?5Server?$AA@ 0041bbb8     d2ge.obj
 0002:00000bd4       ??_C@_0BB@OBLLOOOI@?$CFs?2log?2debug?4log?$AA@ 0041bbd4     eventlog.obj
 0002:00000be8       ??_C@_0BA@MGMMENIM@?$CFs?2log?2d2ge?4log?$AA@ 0041bbe8     eventlog.obj
 0002:00000bf8       ??_C@_02CHHAKFFB@w?$CL?$AA@ 0041bbf8     eventlog.obj
 0002:00000bfc       ??_C@_0BA@BDEDKMAK@?$CFs?2log?2d2gs?4log?$AA@ 0041bbfc     eventlog.obj
 0002:00000c0c       ??_C@_06JHIEFCNJ@?$CFs?2log?$AA@ 0041bc0c     eventlog.obj
 0002:00000c14       ??_C@_01EEMJAFIK@?6?$AA@   0041bc14     eventlog.obj
 0002:00000c18       ??_C@_07DNLEGIMG@?$CFs?5?$CFs?3?5?$AA@ 0041bc18     eventlog.obj
 0002:00000c20       ??_C@_0BL@HKLEABG@?$CFs?5eventlog?3?5got?5NULL?5fmt?6?$AA@ 0041bc20     eventlog.obj
 0002:00000c3c       ??_C@_0BO@NOHEDLKA@?$CFs?5eventlog?3?5got?5NULL?5module?6?$AA@ 0041bc3c     eventlog.obj
 0002:00000c5c       ??_C@_0BO@OFOIBMPA@?$CF02d?1?$CF02d?5?$CF02d?3?$CF02d?3?$CF02d?4?$CF03d?$AA@ 0041bc5c     eventlog.obj
 0002:00000c7c       ??_C@_0M@DPKIANE@?$CFs?5?5?$CI?$CK?$CJ?$CFs?3?5?$AA@ 0041bc7c     eventlog.obj
 0002:00000c88       ??_C@_02DKCKIIND@?$CFs?$AA@ 0041bc88     eventlog.obj
 0002:00000c8c       ??_C@_0BH@DMNEMPDJ@D2DBS_D2GS_ECHOREQUEST?$AA@ 0041bc8c     handle_s2s.obj
 0002:00000ca4       ??_C@_0BC@CEKKHEHJ@D2DBSGetDataReply?$AA@ 0041bca4     handle_s2s.obj
 0002:00000cb8       ??_C@_0BK@OFMPOMPF@D2DBS_D2GS_GET_DATA_REPLY?$AA@ 0041bcb8     handle_s2s.obj
 0002:00000cd4       ??_C@_0BD@JACAFPEL@D2DBSSaveDataReply?$AA@ 0041bcd4     handle_s2s.obj
 0002:00000ce8       ??_C@_0BL@OEANHFNP@D2DBS_D2GS_SAVE_DATA_REPLY?$AA@ 0041bce8     handle_s2s.obj
 0002:00000d04       ??_C@_0BK@NFBJKDAB@D2CSClientJoinGameRequest?$AA@ 0041bd04     handle_s2s.obj
 0002:00000d20       ??_C@_0BG@DNEOHPOK@D2CS_D2GS_JOINGAMEREQ?$AA@ 0041bd20     handle_s2s.obj
 0002:00000d38       ??_C@_0BE@ILFKGFJO@D2CSCreateEmptyGame?$AA@ 0041bd38     handle_s2s.obj
 0002:00000d4c       ??_C@_0BI@GOJKKFIE@D2CS_D2GS_CREATEGAMEREQ?$AA@ 0041bd4c     handle_s2s.obj
 0002:00000d64       ??_C@_0BA@KLPAGBJB@D2GSSetConfFile?$AA@ 0041bd64     handle_s2s.obj
 0002:00000d74       ??_C@_0BG@MDOCMAAH@D2CS_D2GS_SETCONFFILE?$AA@ 0041bd74     handle_s2s.obj
 0002:00000d8c       ??_C@_0BA@JBDCLELL@D2GSSetInitInfo?$AA@ 0041bd8c     handle_s2s.obj
 0002:00000d9c       ??_C@_0BG@PJCABFCN@D2CS_D2GS_SETINITINFO?$AA@ 0041bd9c     handle_s2s.obj
 0002:00000db4       ??_C@_0P@KMOEBFAL@D2CSControlCmd?$AA@ 0041bdb4     handle_s2s.obj
 0002:00000dc4       ??_C@_0BC@DMBDMMO@D2CS_D2GS_CONTROL?$AA@ 0041bdc4     handle_s2s.obj
 0002:00000dd8       ??_C@_0O@GNEJMGEA@D2XSEchoReply?$AA@ 0041bdd8     handle_s2s.obj
 0002:00000de8       ??_C@_0BC@DBJMPDHJ@D2CS_D2GS_ECHOREQ?$AA@ 0041bde8     handle_s2s.obj
 0002:00000dfc       ??_C@_0BG@DEPIADPN@D2GSSetGameInfoByD2CS?$AA@ 0041bdfc     handle_s2s.obj
 0002:00000e14       ??_C@_0BE@FFCJNEOG@D2GS_D2CS_SETGSINFO?$AA@ 0041be14     handle_s2s.obj
 0002:00000e28       ??_C@_0O@CLEHDFKG@D2GSAuthReply?$AA@ 0041be28     handle_s2s.obj
 0002:00000e38       ??_C@_0BE@EIIOCEDC@D2CS_D2GS_AUTHREPLY?$AA@ 0041be38     handle_s2s.obj
 0002:00000e4c       ??_C@_0M@CLGIEBGH@D2GSAuthreq?$AA@ 0041be4c     handle_s2s.obj
 0002:00000e58       ??_C@_0BC@HHOMEKIH@D2CS_D2GS_AUTHREQ?$AA@ 0041be58     handle_s2s.obj
 0002:00000e6c       ??_C@_02JDPG@rb?$AA@       0041be6c     handle_s2s.obj
 0002:00000e70       ??_C@_0BE@GDIDLABA@D2GSSendClassToD2CS?$AA@ 0041be70     handle_s2s.obj
 0002:00000e84       ??_C@_0CF@DGPMKDHJ@Send?5connection?5class?5packet?5to?5@ 0041be84     handle_s2s.obj
 0002:00000eac       ??_C@_0BF@MHBGMLN@D2GSSendClassToD2DBS?$AA@ 0041beac     handle_s2s.obj
 0002:00000ec4       ??_C@_0CG@DIEKMKFC@Send?5connection?5class?5packet?5to?5@ 0041bec4     handle_s2s.obj
 0002:00000eec       ??_C@_0CI@BHFKAOBG@No?5packet?5handler?5found?5for?5type@ 0041beec     handle_s2s.obj
 0002:00000f14       ??_C@_0CA@MCEDEFPA@Type?5?$CFx?5Name?5?$CFs?5Proc?5?$CFs?5Peer?5?$CFd?$AA@ 0041bf14     handle_s2s.obj
 0002:00000f34       ??_C@_0BM@DLCCPPF@Packet?5data?5size?5incorrect?$CB?$AA@ 0041bf34     handle_s2s.obj
 0002:00000f50       ??_C@_0BE@PFNGODCD@D2GSHandleS2SPacket?$AA@ 0041bf50     handle_s2s.obj
 0002:00000f64       ??_C@_0BH@IDMEHDON@Packet?5size?5incorrect?$CB?$AA@ 0041bf64     handle_s2s.obj
 0002:00000f7c       ??_C@_0CD@LAOBHDIH@Got?5invalid?5maxgame?$CI?$CFld?$CJ?5from?5D2@ 0041bf7c     handle_s2s.obj
 0002:00000fa0       ??_C@_0BL@HHNGLOFP@Set?5current?5maxgame?5to?5?$CFld?$AA@ 0041bfa0     handle_s2s.obj
 0002:00000fbc       ??_C@_0M@LDLAKJIG@Not?5Active?4?$AA@ 0041bfbc     handle_s2s.obj
 0002:00000fc8       ??_C@_0BJ@KNEMPNMH@D2GSSetD2CSMaxGameNumber?$AA@ 0041bfc8     handle_s2s.obj
 0002:00000fe4       ??_C@_0CB@KEHOCDOG@Tell?5D2CS?5to?5set?5max?5game?5to?5?$CFlu@ 0041bfe4     handle_s2s.obj
 0002:00001008       ??_C@_01IHBHIGKO@?0?$AA@   0041c008     handle_s2s.obj
 0002:0000100c       ??_C@_0BB@OOJDGAHJ@get?5?$CFs?5from?5D2CS?$AA@ 0041c00c     handle_s2s.obj
 0002:00001020       ??_C@_0BC@NIPPEKAB@failed?5writing?5?$CFs?$AA@ 0041c020     handle_s2s.obj
 0002:00001034       ??_C@_01NOFIACDB@w?$AA@    0041c034     handle_s2s.obj
 0002:00001038       ??_C@_0BC@BAKIAKOF@Not?5enough?5memory?$AA@ 0041c038     handle_s2s.obj
 0002:0000104c       ??_C@_0BP@EAGBNDMA@Game?5Server?5is?5not?5Authorized?4?$AA@ 0041c04c     handle_s2s.obj
 0002:0000106c       ??_C@_0BK@PKHPKIDE@Failed?5creating?5game?5?8?$CFs?8?$AA@ 0041c06c     handle_s2s.obj
 0002:00001088       ??_C@_0CI@PEFJCONI@GameInfo?3?5?8?$CFs?8?0?8?$CFs?8?0?8?$CFs?8?0?5By?5?$CFs?$CI@ 0041c088     handle_s2s.obj
 0002:000010b0       ??_C@_0CN@PGFFOOOH@Created?5game?5?8?$CFs?8?0?5?$CFu?0?$CFs?0?$CFs?0?$CFs?0?$CF@ 0041c0b0     handle_s2s.obj
 0002:000010e0       ??_C@_09JDAGGJDJ@expansion?$AA@ 0041c0e0     handle_s2s.obj
 0002:000010ec       ??_C@_08FDOOFJEK@softcore?$AA@ 0041c0ec     handle_s2s.obj
 0002:000010f8       ??_C@_08PILGCNJC@hardcore?$AA@ 0041c0f8     handle_s2s.obj
 0002:00001104       ??_C@_0BG@CMMGOFCN@Reach?5max?5game?5number?$AA@ 0041c104     handle_s2s.obj
 0002:0000111c       ??_C@_0CJ@KCLJILGN@Found?5token?5of?5?$CFs?$CI?$CK?$CFs?$CJ?5for?5game?5@ 0041c11c     handle_s2s.obj
 0002:00001148       ??_C@_0EE@HNAEIMKO@failed?5insert?5into?5char?5list?5for@ 0041c148     handle_s2s.obj
 0002:0000118c       ??_C@_0CM@GLKDIBHN@Game?50x?$CFlx?5not?5match?50x?$CFlx?5for?5c@ 0041c18c     handle_s2s.obj
 0002:000011b8       ??_C@_0CA@BDOKLEI@Bad?5GameId?$CI?$CFu?$CJ?5for?5char?5?$CFs?$CI?$CK?$CFs?$CJ?$AA@ 0041c1b8     handle_s2s.obj
 0002:000011d8       ??_C@_0BG@PLPLNOCO@D2GSCBFindPlayerToken?$AA@ 0041c1d8     handle_s2s.obj
 0002:000011f0       ??_C@_0BG@DJCHANJA@Bad?5Token?5for?5?$CFs?$CI?$CK?$CFs?$CJ?$AA@ 0041c1f0     handle_s2s.obj
 0002:00001208       ??_C@_0BL@KALMBCHH@D2GSSetD2CSMaxGameNumber?50?$AA@ 0041c208     handle_s2s.obj
 0002:00001224       ??_C@_0CD@LLIEFMOF@userNum?5?$DO?$DN?5d2gsconf?4maxpreferuse@ 0041c224     handle_s2s.obj
 0002:00001248       ??_C@_0BH@GNMLKJDF@gameNum?$DN?$CFd?0?5userNum?$DN?$CFd?$AA@ 0041c248     handle_s2s.obj
 0002:00001260       ??_C@_0BF@IGMGFKGJ@UpdateMaxPreferUsers?$AA@ 0041c260     handle_s2s.obj
 0002:00001278       ??_C@_0BL@BEPKBGHB@d2gsconf?4maxpreferusers?$DN?$CFd?$AA@ 0041c278     handle_s2s.obj
 0002:00001294       ??_C@_0BK@HMLPCBDL@Close?5phantom?5game?0?5id?5?$CFu?$AA@ 0041c294     handle_s2s.obj
 0002:000012b0       ??_C@_0BA@KGKDCGMC@D2GSCBCloseGame?$AA@ 0041c2b0     handle_s2s.obj
 0002:000012c0       ??_C@_0CE@CANMLFFI@Close?5game?5?8?$CFs?8?0?5id?$DN?$CFu?$CI?$CFs?0?$CFs?0?$CFs?0@ 0041c2c0     handle_s2s.obj
 0002:000012e4       ??_C@_0BM@CKMEDNJG@D2GSCBUpdateGameInformation?$AA@ 0041c2e4     handle_s2s.obj
 0002:00001300       ??_C@_0DE@COEDCPBF@Update?5game?5info?5for?5char?5?8?$CFs?8?$CIL@ 0041c300     handle_s2s.obj
 0002:00001338       ??_C@_0EH@BKPBLHEI@Call?5back?5to?5get?5save?5for?5?$CFs?$CI?$CK?$CFs@ 0041c338     handle_s2s.obj
 0002:00001380       ??_C@_0CJ@KPOOMBCE@Send?5GetDataRequest?5to?5D2DBS?5for@ 0041c380     handle_s2s.obj
 0002:000013ac       ??_C@_0BL@NLOGHKMP@D2GSCBGetDatabaseCharacter?$AA@ 0041c3ac     handle_s2s.obj
 0002:000013c8       ??_C@_0CL@IADFFHJ@Failed?5insert?5get?5data?5request?5f@ 0041c3c8     handle_s2s.obj
 0002:000013f4       ??_C@_0BM@OJKAPAHB@D2GSCBSaveDatabaseCharacter?$AA@ 0041c3f4     handle_s2s.obj
 0002:00001410       ??_C@_0BK@PDFMPMLN@Save?5CHARSAVE?5for?5?$CFs?$CI?$CK?$CFs?$CJ?$AA@ 0041c410     handle_s2s.obj
 0002:0000142c       ??_C@_0BI@MHLFJJAP@Update?5ladder?5for?5?$CFs?$EA?$CFs?$AA@ 0041c42c     handle_s2s.obj
 0002:00001444       ??_C@_0BK@MMBDCCOB@D2GSUpdateCharacterLadder?$AA@ 0041c444     handle_s2s.obj
 0002:00001460       ??_C@_0BJ@IGCMHCAA@?$CFs?5not?5found?5in?5charlist?$AA@ 0041c460     handle_s2s.obj
 0002:0000147c       ??_C@_0CA@PKHBFPLC@Save?5?$CFs?5data?5to?5D2DBS?5for?5?$CFs?5?$CFs?$AA@ 0041c47c     handle_s2s.obj
 0002:0000149c       ??_C@_0L@LMFKNLHE@?$DMCHARINFO?$DO?$AA@ 0041c49c     handle_s2s.obj
 0002:000014a8       ??_C@_0L@MBMJLPBB@?$DMCHARSAVE?$DO?$AA@ 0041c4a8     handle_s2s.obj
 0002:000014b4       ??_C@_07IPNMCAN@success?$AA@ 0041c4b4     handle_s2s.obj
 0002:000014bc       ??_C@_06ODACHPEO@failed?$AA@ 0041c4bc     handle_s2s.obj
 0002:000014c4       ??_C@_0BG@NNKLDGCO@D2GSSetCharLockStatus?$AA@ 0041c4c4     handle_s2s.obj
 0002:000014dc       ??_C@_0CJ@DBKPPFF@Set?5charlock?5status?5to?5?$CFs?5for?5?$CFs@ 0041c4dc     handle_s2s.obj
 0002:00001508       ??_C@_08NBIDKAIM@UNLOCKED?$AA@ 0041c508     handle_s2s.obj
 0002:00001514       ??_C@_06KODELPLK@LOCKED?$AA@ 0041c514     handle_s2s.obj
 0002:0000151c       ??_C@_0BG@MANJPHMI@Auth?5request?5for?5?8?$CFs?8?$AA@ 0041c51c     handle_s2s.obj
 0002:00001534       ??_C@_0BO@MOELJLMD@version?5mismatch?0?5need?5update?$AA@ 0041c534     handle_s2s.obj
 0002:00001554       ??_C@_0BO@MFNBPFNP@Game?5server?5activated?5by?5D2CS?$AA@ 0041c554     handle_s2s.obj
 0002:00001574       ??_C@_0CL@HKPBNNHC@?$CFs?$CI?$CK?$CFs?$CJ?5join?5game?5?8?$CFs?8?0?5id?$DN?$CFu?$CI?$CFs@ 0041c574     handle_s2s.obj
 0002:000015a0       ??_C@_0DF@CBCNFPGI@?$CFs?$CI?$CK?$CFs?$CJ?5failed?5insert?5into?5pendi@ 0041c5a0     handle_s2s.obj
 0002:000015d8       ??_C@_0BP@HICDKEEP@?$CFs?$CI?$CK?$CFs?$CJ?5join?5game?5?$CFu?5not?5exist?$AA@ 0041c5d8     handle_s2s.obj
 0002:000015f8       ??_C@_0CL@LPFCEFFL@?$CFs?$CI?$CK?$CFs?$CJ?5failed?5joining?5a?5CONGEST@ 0041c5f8     handle_s2s.obj
 0002:00001624       ??_C@_0CJ@IOPGIIC@?$CFs?$CI?$CK?$CFs?$CJ?5failed?5joining?5an?5auld?5g@ 0041c624     handle_s2s.obj
 0002:00001650       ??_C@_0CM@ECDEIJMH@?$CFs?$CI?$CK?$CFs?$CJ?5failed?5joining?5a?5disable@ 0041c650     handle_s2s.obj
 0002:0000167c       ??_C@_0BP@LAFEGKMG@?$CFs?5enter?5a?5phantom?5game?0?5id?5?$CFu?$AA@ 0041c67c     handle_s2s.obj
 0002:0000169c       ??_C@_0DL@FMIJBLID@?$CFs?$CI?$CK?$CFs?$CJ?$FLL?$DN?$CFlu?0C?$DN?$CFs?$FN?$EA?$CFs?5enter?5gam@ 0041c69c     handle_s2s.obj
 0002:000016d8       ??_C@_0BA@LOEHMIKJ@D2GSCBEnterGame?$AA@ 0041c6d8     handle_s2s.obj
 0002:000016e8       ??_C@_0CH@KMIFOOBE@char?5?$CFs?5not?5in?5game?5?8?$CFs?8?$CI?$CFu?$CJ?0?5re@ 0041c6e8     handle_s2s.obj
 0002:00001710       ??_C@_07CIFAGBMG@unknown?$AA@ 0041c710     handle_s2s.obj
 0002:00001718       ??_C@_0BO@CEMGBFDH@Bad?5Portrait?5data?5for?5?$CFs?$CI?$CK?$CFs?$CJ?$AA@ 0041c718     handle_s2s.obj
 0002:00001738       ??_C@_0BP@CEOOELOF@Send?5CHARINFO?5data?5for?5?$CFs?$CI?$CK?$CFs?$CJ?$AA@ 0041c738     handle_s2s.obj
 0002:00001758       ??_C@_0BG@FGCMLKGI@D2GSWriteCharInfoFile?$AA@ 0041c758     handle_s2s.obj
 0002:00001770       ??_C@_0CJ@NFCOEOBC@Portrait?5data?5too?5large?5for?5?$CFs?$CI?$CF@ 0041c770     handle_s2s.obj
 0002:0000179c       ??_C@_0BO@MABCEJPJ@?$CFs?$CI?$CK?$CFs?$CJ?5not?5found?5in?5charlist?$AA@ 0041c79c     handle_s2s.obj
 0002:000017bc       ??_C@_0CF@OHJPKJHD@Failed?5get?5CHARSAVE?5data?5for?5?$CFs?$CI@ 0041c7bc     handle_s2s.obj
 0002:000017e4       ??_C@_0CE@BNKJKGHC@Failed?5delete?5char?5info?5for?5?$CFs?$CI?$CK@ 0041c7e4     handle_s2s.obj
 0002:00001808       ??_C@_0DF@HCLMJMML@failed?5sending?5CHARSAVE?5to?5GE?5fo@ 0041c808     handle_s2s.obj
 0002:00001840       ??_C@_0DD@CJHKOFF@send?5CHARSAVE?5to?5GE?5for?5?$CFs?$CI?$CK?$CFs?$CJ?5@ 0041c840     handle_s2s.obj
 0002:00001874       ??_C@_01IPJKGB@?$CD?$AA@   0041c874     handle_s2s.obj
 0002:00001878       ??_C@_0CE@BIFGKMJJ@?$CFs?$CI?$CK?$CJ?5not?5found?5in?5DataRequest?5l@ 0041c878     handle_s2s.obj
 0002:0000189c       ??_C@_0CE@JIFIJJK@?$CFs?$CI?$CK?$CFs?$CJ?5leave?5a?5phantom?5game?0?5id@ 0041c89c     handle_s2s.obj
 0002:000018c0       ??_C@_0CG@JPFEAPKO@phantom?5user?5?$CFs?$CI?$CK?$CFs?$CJ?5in?5game?5?8?$CFs@ 0041c8c0     handle_s2s.obj
 0002:000018e8       ??_C@_0BA@LMLJPGIB@D2GSCBLeaveGame?$AA@ 0041c8e8     handle_s2s.obj
 0002:000018f8       ??_C@_0DI@GKLOFIGF@?$CFs?$CI?$CK?$CFs?$CJ?$FLL?$DN?$CFlu?0C?$DN?$CFs?$FN?5leave?5game?5?8@ 0041c8f8     handle_s2s.obj
 0002:00001930       ??_C@_06EKCDNFLM@?5done?6?$AA@ 0041c930     main.obj
 0002:00001938       ??_C@_0BH@EPCELENO@checking?5d2hackmap?4dll?$AA@ 0041c938     main.obj
 0002:00001950       ??_C@_0BF@HAGGIFGD@CleanupRoutineInsert?$AA@ 0041c950     main.obj
 0002:00001968       ??_C@_0BD@FLMDPGKE@Can?8t?5alloc?5memory?$AA@ 0041c968     main.obj
 0002:0000197c       ??_C@_0O@KGGMFCAF@Cleanup?5done?4?$AA@ 0041c97c     main.obj
 0002:0000198c       ??_C@_09LJGNAONA@DoCleanup?$AA@ 0041c98c     main.obj
 0002:00001998       ??_C@_0BN@KDPFBOBM@Calling?5cleanup?5routine?5?8?$CFs?8?$AA@ 0041c998     main.obj
 0002:000019b8       ??_C@_0P@GNFPAHHD@ControlHandler?$AA@ 0041c9b8     main.obj
 0002:000019c8       ??_C@_0CC@PBOMFLJO@CTRL_BREAK?5or?5CTRL_C?5event?5caugh@ 0041c9c8     main.obj
 0002:000019ec       ??_C@_0N@BLPIKDDO@D2GSShutdown?$AA@ 0041c9ec     main.obj
 0002:000019fc       ??_C@_0BL@JMABDLBC@Shutdown?5GS?5in?5?$CFlu?5seconds?$AA@ 0041c9fc     main.obj
 0002:00001a18       ??_C@_0BK@JKAPBBOB@Restart?5GS?5in?5?$CFlu?5seconds?$AA@ 0041ca18     main.obj
 0002:00001a34       ??_C@_0BF@HLKCPGKL@Can?8t?5find?5?$CFs?5or?5?$CFs?6?$AA@ 0041ca34     main.obj
 0002:00001a4c       ??_C@_0P@CJCGDCLK@Can?8t?5find?5?$CFs?6?$AA@ 0041ca4c     main.obj
 0002:00001a5c       ??_C@_0N@JABNHHFK@D2Client?4dll?$AA@ 0041ca5c     main.obj
 0002:00001a6c       ??_C@_09EHJDOGJJ@D2CMP?4dll?$AA@ 0041ca6c     main.obj
 0002:00001a78       ??_C@_0N@PBBJKMKJ@D2Common?4dll?$AA@ 0041ca78     main.obj
 0002:00001a88       ??_C@_0L@MIDFOMIC@D2Game?4dll?$AA@ 0041ca88     main.obj
 0002:00001a94       ??_C@_09BMOKGAAI@D2gfx?4dll?$AA@ 0041ca94     main.obj
 0002:00001aa0       ??_C@_0L@DGEAMJMJ@D2Lang?4dll?$AA@ 0041caa0     main.obj
 0002:00001aac       ??_C@_0BA@KCOFKDNF@D2MCPClient?4dll?$AA@ 0041caac     main.obj
 0002:00001abc       ??_C@_09LMPJMDJD@D2Net?4dll?$AA@ 0041cabc     main.obj
 0002:00001ac8       ??_C@_0M@LHIBDFPC@D2sound?4dll?$AA@ 0041cac8     main.obj
 0002:00001ad4       ??_C@_09LKOAKCBK@D2Win?4dll?$AA@ 0041cad4     main.obj
 0002:00001ae0       ??_C@_07FPBAAPMM@Fog?4dll?$AA@ 0041cae0     main.obj
 0002:00001ae8       ??_C@_09GHHPLAFE@Storm?4dll?$AA@ 0041cae8     main.obj
 0002:00001af4       ??_C@_09PMIMJLMN@ijl11?4dll?$AA@ 0041caf4     main.obj
 0002:00001b00       ??_C@_0L@LFKDPLK@d2data?4mpq?$AA@ 0041cb00     main.obj
 0002:00001b0c       ??_C@_09DMBOCFIL@d2sfx?4mpq?$AA@ 0041cb0c     main.obj
 0002:00001b18       ??_C@_0N@FCDEDPGD@d2speech?4mpq?$AA@ 0041cb18     main.obj
 0002:00001b28       ??_C@_0N@FDNOJEG@patch_d2?4mpq?$AA@ 0041cb28     main.obj
 0002:00001b38       ??_C@_09FNHIHINJ@d2exp?4mpq?$AA@ 0041cb38     main.obj
 0002:00001b44       ??_C@_0N@FBEMDHFO@Server?5Mutex?$AA@ 0041cb44     main.obj
[...]
 0002:000040a4       ??_C@_0L@PILCLIHE@__restrict?$AA@ 0041f0a4     LIBCMT:undname.obj
 0002:000040b0       ??_C@_07JOMMBBKO@__ptr64?$AA@ 0041f0b0     LIBCMT:undname.obj
 0002:000040b8       ??_C@_09HIJEGCPM@__clrcall?$AA@ 0041f0b8     LIBCMT:undname.obj
 0002:000040c4       ??_C@_0L@JMKHOMEK@__fastcall?$AA@ 0041f0c4     LIBCMT:undname.obj
 0002:000040d0       ??_C@_0L@NPHFGOKO@__thiscall?$AA@ 0041f0d0     LIBCMT:undname.obj
 0002:000040dc       ??_C@_09IFJBGAPI@__stdcall?$AA@ 0041f0dc     LIBCMT:undname.obj
 0002:000040e8       ??_C@_08GHMPAG@__pascal?$AA@ 0041f0e8     LIBCMT:undname.obj
 0002:000040f4       ??_C@_07KOLFKCDI@__cdecl?$AA@ 0041f0f4     LIBCMT:undname.obj
 0002:000040fc       ??_C@_08EHJDFFNH@__based?$CI?$AA@ 0041f0fc     LIBCMT:undname.obj
 0002:00004288       __load_config_used         0041f288     LIBCMT:loadcfg.obj
 0002:000042d0       ??_R4bad_alloc@std@@6B@    0041f2d0     LIBCMT:new.obj
 0002:000042e4       ??_R3bad_alloc@std@@8      0041f2e4     LIBCMT:new.obj
 0002:000042f4       ??_R2bad_alloc@std@@8      0041f2f4     LIBCMT:new.obj
 0002:00004300       ??_R1A@?0A@EA@bad_alloc@std@@8 0041f300     LIBCMT:new.obj
 0002:0000431c       ??_R1A@?0A@EA@exception@std@@8 0041f31c     LIBCMT:new.obj
 0002:00004338       ??_R3exception@std@@8      0041f338     LIBCMT:new.obj
 0002:00004348       ??_R2exception@std@@8      0041f348     LIBCMT:new.obj
 0002:00004350       ??_R4exception@std@@6B@    0041f350     LIBCMT:stdexcpt.obj
 0002:00004364       ??_R4type_info@@6B@        0041f364     LIBCMT:typinfo.obj
 0002:00004378       ??_R3type_info@@8          0041f378     LIBCMT:typinfo.obj
 0002:00004388       ??_R2type_info@@8          0041f388     LIBCMT:typinfo.obj
 0002:00004390       ??_R1A@?0A@EA@type_info@@8 0041f390     LIBCMT:typinfo.obj
 0002:000043b0       ___safe_se_handler_table   0041f3b0     <linker-defined>
 0002:000043bc       ___rtc_iaa                 0041f3bc     LIBCMT:_initsect_.obj
 0002:000043c0       ___rtc_izz                 0041f3c0     LIBCMT:_initsect_.obj
 0002:000043c4       ___rtc_taa                 0041f3c4     LIBCMT:_initsect_.obj
 0002:000043c8       ___rtc_tzz                 0041f3c8     LIBCMT:_initsect_.obj
 0002:000045f4       __TI2?AVbad_alloc@std@@    0041f5f4     LIBCMT:new.obj
 0002:00004604       __CTA2?AVbad_alloc@std@@   0041f604     LIBCMT:new.obj
 0002:00004610       __CT??_R0?AVbad_alloc@std@@@8??0bad_alloc@std@@QAE@ABV01@@Z12 0041f610     LIBCMT:new.obj
 0002:0000462c       __CT??_R0?AVexception@std@@@8??0exception@std@@QAE@ABV01@@Z12 0041f62c     LIBCMT:new.obj
 0002:00004a9c       __IMPORT_DESCRIPTOR_WS2_32 0041fa9c     ws2_32:WS2_32.dll
 0002:00004ab0       __IMPORT_DESCRIPTOR_D2SERVER 0041fab0     d2server:D2SERVER.dll
 0002:00004ac4       __IMPORT_DESCRIPTOR_KERNEL32 0041fac4     kernel32:KERNEL32.dll
 0002:00004ad8       __IMPORT_DESCRIPTOR_USER32 0041fad8     user32:USER32.dll
 0002:00004aec       __NULL_IMPORT_DESCRIPTOR   0041faec     ws2_32:WS2_32.dll
 0003:00000630       ___security_cookie         00421630     LIBCMT:gs_cookie.obj
 0003:00000634       ___security_cookie_complement 00421634     LIBCMT:gs_cookie.obj
 0003:00000640       __iob                      00421640     LIBCMT:_file.obj
 0003:000008c4       __fltused                  004218c4     LIBCMT:_fpinit_.obj
 0003:000008c8       __ldused                   004218c8     LIBCMT:_fpinit_.obj
 0003:000008d0       ??_R0?AVbad_alloc@std@@@8  004218d0     LIBCMT:new.obj
 0003:000008ec       ??_R0?AVexception@std@@@8  004218ec     LIBCMT:new.obj
 0003:00000910       ___app_type                00421910     LIBCMT:crt0.obj
 0003:00000914       ___nullstring              00421914     LIBCMT:output.obj
 0003:00000918       ___wnullstring             00421918     LIBCMT:output.obj
 0003:00000a90       ___initialmbcinfo          00421a90     LIBCMT:mbctype.obj
 0003:00000cb0       __mbctype                  00421cb0     LIBCMT:mbctype.obj
 0003:00000db8       __mbcasemap                00421db8     LIBCMT:mbctype.obj
 0003:00000eb8       ___ptmbcinfo               00421eb8     LIBCMT:mbctype.obj
 0003:00000fb4       ___globallocalestatus      00421fb4     LIBCMT:glstatus.obj
 0003:00000fb8       ___clocalestr              00421fb8     LIBCMT:nlsdata2.obj
 0003:00000fc0       ___initiallocinfo          00421fc0     LIBCMT:nlsdata2.obj
 0003:00001098       ___ptlocinfo               00422098     LIBCMT:nlsdata2.obj
 0003:0000109c       ___lc_clike                0042209c     LIBCMT:nlsdata2.obj
 0003:000010a0       ___initiallocalestructinfo 004220a0     LIBCMT:nlsdata2.obj
 0003:000010a8       ___flsindex                004220a8     LIBCMT:tidtable.obj
 0003:000010ac       ___getvalueindex           004220ac     LIBCMT:tidtable.obj
 0003:000010b0       __amblksiz                 004220b0     LIBCMT:heapinit.obj
 0003:000011d8       __aexit_rtn                004221d8     LIBCMT:crt0dat.obj
 0003:00001298       ___badioinfo               00422298     LIBCMT:ioinit.obj
 0003:000012f0       __timezone                 004222f0     LIBCMT:timeset.obj
 0003:000012f4       __daylight                 004222f4     LIBCMT:timeset.obj
 0003:000012f8       __dstbias                  004222f8     LIBCMT:timeset.obj
 0003:00001380       __tzname                   00422380     LIBCMT:timeset.obj
 0003:00001390       __lookuptrailbytes         00422390     LIBCMT:read.obj
 0003:00001490       __coninpfh                 00422490     LIBCMT:initcon.obj
 0003:00001494       __confh                    00422494     LIBCMT:initcon.obj
 0003:000014a0       __cfltcvt_tab              004224a0     LIBCMT:cmiscdat.obj
 0003:000014d0       ??_R0?AVtype_info@@@8      004224d0     LIBCMT:typinfo.obj
 0003:000014e8       __First_FPE_Indx           004224e8     LIBCMT:winxfltr.obj
 0003:000014ec       __Num_FPE                  004224ec     LIBCMT:winxfltr.obj
 0003:000014f0       __XcptActTabSize           004224f0     LIBCMT:winxfltr.obj
 0003:000014f4       __XcptActTabCount          004224f4     LIBCMT:winxfltr.obj
 0003:00001500       __pctype                   00422500     LIBCMT:ctype.obj
 0003:00001504       __pwctype                  00422504     LIBCMT:ctype.obj
 0003:00001508       ___lc_time_c               00422508     LIBCMT:strftime.obj
 0003:000015c0       ___lc_time_curr            004225c0     LIBCMT:strftime.obj
 0003:000015c4       ___lconv_static_decimal    004225c4     LIBCMT:lconv.obj
 0003:000015c8       ___lconv_c                 004225c8     LIBCMT:lconv.obj
 0003:000015f8       ___lconv                   004225f8     LIBCMT:lconv.obj
 0003:000015fc       ___mb_cur_max              004225fc     LIBCMT:nlsdata1.obj
 0003:00001600       ___decimal_point           00422600     LIBCMT:nlsdata1.obj
 0003:00001604       ___decimal_point_length    00422604     LIBCMT:nlsdata1.obj
 0003:00001610       __NLG_Destination          00422610     LIBCMT:exsup.obj
 0003:00001620       __lpdays                   00422620     LIBCMT:days.obj
 0003:00001654       __days                     00422654     LIBCMT:days.obj
 0003:00001694       ___abort_behavior          00422694     LIBCMT:abort.obj
 0003:000016d0       __pow10pos                 004226d0     LIBCMT:_constpow_.obj
 0003:00001830       __pow10neg                 00422830     LIBCMT:_constpow_.obj
 0003:000019c0       ?gEventCallbackTable@@3UEVENTCALLBACKTABLE@@A 004229c0     callback.obj
 0003:00001a30       ?conf_d2hackmap_path@@3PADA 00422a30     config.obj
 0003:00001b30       ?conf_d2hackmap_cfg_path@@3PADA 00422b30     config.obj
 0003:00001c30       ?conf_d2hackmap_path0@@3PADA 00422c30     config.obj
 0003:00001d30       ?gSomeBuffer@@3PADA        00422d30     config.obj
 0003:00002530       ?mpq_path@@3PADA           00423530     config.obj
 0003:00002648       ?D2GSLoadConfig@@3P6GHPBD@ZA 00423648     d2ge.obj
 0003:0000264c       ?D2GSSetTickCount@@3P6GHH@ZA 0042364c     d2ge.obj
 0003:00002650       ?D2GSAfterEnd@@3P6GKXZA    00423650     d2ge.obj
 0003:00002658       ?D2GSEndAllGames@@3P6GXXZA 00423658     d2ge.obj
 0003:0000265c       ?D2GSRemoveClientFromGame@@3P6GXK@ZA 0042365c     d2ge.obj
 0003:00002660       ?D2GSInitConfig@@3P6GPAUWORLDEVENT@@XZA 00423660     d2ge.obj
 0003:00002664       ?D2GSSetACData@@3P6GHPBD@ZA 00423664     d2ge.obj
 0003:00002668       ?D2GEVersion@@3KA          00423668     d2ge.obj
 0003:0000266c       ?D2GSStart@@3P6GHPAUD2GSINFO@@@ZA 0042366c     d2ge.obj
 0003:00002670       ?D2GSSendDatabaseCharacter@@3P6GHKPAXKKHKPAUPLAYERINFO@@K@ZA 00423670     d2ge.obj
 0003:00002674       ?D2GSSendClientChatMessage@@3P6GKKKKPBD0@ZA 00423674     d2ge.obj
 0003:00002678       ?D2GSCheckTickCount@@3P6GKK@ZA 00423678     d2ge.obj
 0003:0000267c       ?D2GSNewEmptyGame@@3P6GHPBD00KEEEPAG@ZA 0042367c     d2ge.obj
 0003:00002680       ?gD2GSInfo@@3UD2GSINFO@@A  00423680     d2ge.obj
 0003:00002820       ?QueryInterface1@@3P6APAUD2GSINTERFACE@@XZA 00423820     d2ge.obj
 0003:00002d74       ?hexstrm@@3PAU_iobuf@@A    00423d74     hexdump.obj
 0003:00002d78       ?server_root@@3PADA        00423d78     main.obj
 0003:002232c0       ?gAutoUpdate@@3UAutoUpdateSetting@@A 006442c0     vars.obj
 0003:002233d0       ?d2gsconf@@3URAW_D2GSCONFIGS@@A 006443d0     vars.obj
 0003:002236bc       ?csGameList@@3U_RTL_CRITICAL_SECTION@@A 006446bc     vars.obj
 0003:002236d4       ?gD2GEVersionString@@3PBDB 006446d4     vars.obj
 0003:002236d8       ?hGEThread@@3PAXA          006446d8     vars.obj
 0003:002236dc       ?bGERunning@@3HA           006446dc     vars.obj
 0003:002236e0       ?gsShutDown@@3U_RTL_CRITICAL_SECTION@@A 006446e0     vars.obj
 0003:002236f8       ?gWorldEventMessage@@3PADA 006446f8     vars.obj
 0003:002237f8       ?PathName@@3PADA           006447f8     vars.obj
 0003:00223900       __cflush                   00644900     LIBCMT:_file.obj
 0003:00223904       ___fastflag                00644904     LIBCMT:_fpinit_.obj
 0003:00223908       __adjust_fdiv              00644908     LIBCMT:_fpinit_.obj
 0003:0022391c       __aenvptr                  0064491c     LIBCMT:crt0.obj
 0003:00223920       __wenvptr                  00644920     LIBCMT:crt0.obj
 0003:00223924       ___error_mode              00644924     LIBCMT:crt0.obj
 0003:00223928       ___pInvalidArgHandler      00644928     LIBCMT:invarg.obj
 0003:00223930       ___mbulinfo                00644930     LIBCMT:mbctype.obj
 0003:0022393c       ___mbcodepage              0064493c     LIBCMT:mbctype.obj
 0003:00223940       ___ismbcodepage            00644940     LIBCMT:mbctype.obj
 0003:00223944       ___mblcid                  00644944     LIBCMT:mbctype.obj
 0003:00223948       ___locale_changed          00644948     LIBCMT:setlocal.obj
 0003:0022394c       ___lc_handle               0064494c     LIBCMT:nlsdata2.obj
 0003:00223964       ___lc_codepage             00644964     LIBCMT:nlsdata2.obj
 0003:00223968       ___lc_collate_cp           00644968     LIBCMT:nlsdata2.obj
 0003:0022396c       _gpFlsAlloc                0064496c     LIBCMT:tidtable.obj
 0003:00223970       _gpFlsGetValue             00644970     LIBCMT:tidtable.obj
 0003:00223974       _gpFlsSetValue             00644974     LIBCMT:tidtable.obj
 0003:00223978       _gpFlsFree                 00644978     LIBCMT:tidtable.obj
 0003:00223980       __crtheap                  00644980     LIBCMT:heapinit.obj
 0003:00223ad8       ___sbh_pHeaderDefer        00644ad8     LIBCMT:sbheap.obj
 0003:00223adc       __umaskval                 00644adc     LIBCMT:crt0dat.obj
 0003:00223ae0       ___argc                    00644ae0     LIBCMT:crt0dat.obj
 0003:00223ae4       ___argv                    00644ae4     LIBCMT:crt0dat.obj
 0003:00223ae8       ___wargv                   00644ae8     LIBCMT:crt0dat.obj
 0003:00223aec       __environ                  00644aec     LIBCMT:crt0dat.obj
 0003:00223af0       ___initenv                 00644af0     LIBCMT:crt0dat.obj
 0003:00223af4       __wenviron                 00644af4     LIBCMT:crt0dat.obj
 0003:00223af8       ___winitenv                00644af8     LIBCMT:crt0dat.obj
 0003:00223afc       __pgmptr                   00644afc     LIBCMT:crt0dat.obj
 0003:00223b00       __wpgmptr                  00644b00     LIBCMT:crt0dat.obj
 0003:00223b04       __exitflag                 00644b04     LIBCMT:crt0dat.obj
 0003:00223b08       __C_Termination_Done       00644b08     LIBCMT:crt0dat.obj
 0003:00223b0c       __C_Exit_Done              00644b0c     LIBCMT:crt0dat.obj
 0003:00223e24       ?_pnhHeap@@3P6AHI@ZA       00644e24     LIBCMT:handler.obj
 0003:00223e28       __newmode                  00644e28     LIBCMT:_newmode.obj
 0003:00224210       __stdbuf                   00645210     LIBCMT:_sftbuf.obj
 0003:00224218       __maxwait                  00645218     LIBCMT:crtheap.obj
 0003:00224330       ___lconv_static_null       00645330     LIBCMT:lconv.obj
 0003:00224338       ?__pInconsistency@@3P6AXXZA 00645338     LIBCMT:hooks.obj
 0003:0022435c       ___pPurecall               0064535c     LIBCMT:inithelp.obj
 0003:00224374       __commode                  00645374     LIBCMT:ncommode.obj
 0003:00224378       __outputformat             00645378     LIBCMT:outputformat.obj
 0003:00224398       ?pArgList@UnDecorator@@0PAVReplicator@@A 00645398     LIBCMT:undname.obj
 0003:0022439c       ?pZNameList@UnDecorator@@0PAVReplicator@@A 0064539c     LIBCMT:undname.obj
 0003:002243a0       ?pTemplateArgList@UnDecorator@@0PAVReplicator@@A 006453a0     LIBCMT:undname.obj
 0003:002243a4       ?gName@UnDecorator@@0PBDB  006453a4     LIBCMT:undname.obj
 0003:002243a8       ?name@UnDecorator@@0PBDB   006453a8     LIBCMT:undname.obj
 0003:002243ac       ?outputString@UnDecorator@@0PADA 006453ac     LIBCMT:undname.obj
 0003:002243b0       ?maxStringLength@UnDecorator@@0HA 006453b0     LIBCMT:undname.obj
 0003:002243b4       ?disableFlags@UnDecorator@@0KA 006453b4     LIBCMT:undname.obj
 0003:002243b8       ?m_pGetParameter@UnDecorator@@0P6APADJ@ZA 006453b8     LIBCMT:undname.obj
 0003:002243bc       ?fExplicitTemplateParams@UnDecorator@@0_NA 006453bc     LIBCMT:undname.obj
 0003:002243bd       ?fGetTemplateArgumentList@UnDecorator@@0_NA 006453bd     LIBCMT:undname.obj
 0003:002243c0       __fmode                    006453c0     LIBCMT:txtmode.obj
 0003:002243c8       __debugger_hook_dummy      006453c8     <common>
 0003:002243cc       __nhandle                  006453cc     <common>
 0003:002243e0       ___pioinfo                 006453e0     <common>
 0003:002244e0       ___sse2_available          006454e0     <common>
 0003:002244e4       ___env_initialized         006454e4     <common>
 0003:002244e8       ___onexitend               006454e8     <common>
 0003:002244ec       ___onexitbegin             006454ec     <common>
 0003:002244f0       ___mbctype_initialized     006454f0     <common>
 0003:002244f4       ___dyn_tls_init_callback   006454f4     <common>
 0003:002244f8       __pDestructExceptionObject 006454f8     <common>
 0003:002244fc       ___sbh_cntHeaderList       006454fc     <common>
 0003:00224500       ___sbh_pHeaderList         00645500     <common>
 0003:00224504       ___sbh_threshold           00645504     <common>
 0003:00224508       ___sbh_pHeaderScan         00645508     <common>
 0003:0022450c       ___sbh_sizeHeaderList      0064550c     <common>
 0003:00224510       ___sbh_indGroupDefer       00645510     <common>
 0003:00224514       ___active_heap             00645514     <common>
 0003:00224518       __acmdln                   00645518     <common>
 0003:0022451c       ___piob                    0064551c     <common>
 0003:00224520       __bufin                    00645520     <common>
 0003:00225520       __nstream                  00646520     <common>

 entry point at        0001:0000b1c0

 Static symbols

 0001:00000650       ?compareConfigVar@@YAHPBX0@Z 00401650 f   config.obj
 0001:00001a70       ?D2GSGetInterface@@YAHXZ   00402a70 f   d2ge.obj
 0001:00001af0       ?D2GSErrorHandle@@YGKXZ    00402af0 f   d2ge.obj
 0001:00002a20       ?strtoarray1@@YAPAPADPAD0PAH@Z 00403a20 f   handle_s2s.obj
 0001:000078d0       ?CheckFile@@YAKKPAKPBD@Z   004088d0 f   versioncheck.obj
 0001:00008690       _swap                      00409690 f   LIBCMT:qsort.obj
 0001:000086c0       _shortsort                 004096c0 f   LIBCMT:qsort.obj
 0001:000089be       ?strtoxl@@YAKPAUlocaleinfo_struct@@PBDPAPBDHH@Z 004099be f   LIBCMT:strtol.obj
 0001:00009002       _flsall                    0040a002 f   LIBCMT:fflush.obj
 0001:0000a4fd       _IsRootUNCName             0040b4fd f   LIBCMT:stati32.obj
 0001:0000a577       __fullpath_helper          0040b577 f   LIBCMT:stati32.obj
 0001:0000b045       _fast_error_exit           0040c045 f   LIBCMT:crt0.obj
 0001:0000b06e       ___tmainCRTStartup         0040c06e f   LIBCMT:crt0.obj
 0001:0000b32e       _write_char                0040c32e f   LIBCMT:output.obj
 0001:0000b361       _write_multi_char          0040c361 f   LIBCMT:output.obj
 0001:0000b387       _write_string              0040c387 f   LIBCMT:output.obj
 0001:0000c1eb       ?CPtoLCID@@YAHH@Z          0040d1eb f   LIBCMT:mbctype.obj
 0001:0000c21a       ?setSBCS@@YAXPAUthreadmbcinfostruct@@@Z 0040d21a f   LIBCMT:mbctype.obj
 0001:0000c27e       ?setSBUpLow@@YAXPAUthreadmbcinfostruct@@@Z 0040d27e f   LIBCMT:mbctype.obj
 0001:0000c4b5       ?getSystemCP@@YAHH@Z       0040d4b5 f   LIBCMT:mbctype.obj
 0001:0000cb3f       __updatetlocinfoEx_nolock  0040db3f f   LIBCMT:setlocal.obj
 0001:0000d190       ?__crtLCMapStringA_stat@@YAHPAUlocaleinfo_struct@@KKPBDHPADHHH@Z 0040e190 f   LIBCMT:a_map.obj
 0001:0000e5ba       __initterm                 0040f5ba f   LIBCMT:crt0dat.obj
 0001:0000e680       _doexit                    0040f680 f   LIBCMT:crt0dat.obj
 0001:0000ea5f       _fastzero_I                0040fa5f f   LIBCMT:p4_memset.obj
 0001:0000eb45       _has_osfxsr_set            0040fb45 f   LIBCMT:cpu_disp.obj
 0001:0000f5e0       __unwind_handler4          004105e0 f   LIBCMT:exsup4.obj
 0001:0000f7dc       __tzset_nolock             004107dc f   LIBCMT:tzset.obj
 0001:0000fb22       _cvtdate                   00410b22 f   LIBCMT:tzset.obj
 0001:0000fd19       __isindst_nolock           00410d19 f   LIBCMT:tzset.obj
 0001:00011475       _fastcopy_I                00412475 f   LIBCMT:p4_memcpy.obj
 0001:00012059       __shift                    00413059 f   LIBCMT:cvt.obj
 0001:0001209e       __cftoe2_l                 0041309e f   LIBCMT:cvt.obj
 0001:00012670       __cftof2_l                 00413670 f   LIBCMT:cvt.obj
 0001:00012b69       __onexit_nolock            00413b69 f   LIBCMT:onexit.obj
 0001:00012f81       _parse_cmdline             00413f81 f   LIBCMT:stdargv.obj
 0001:000139d4       ?__crtGetStringTypeA_stat@@YAHPAUlocaleinfo_struct@@KPBDHPAGHHH@Z 004149d4 f   LIBCMT:a_str.obj
 0001:00014605       _siglookup                 00415605 f   LIBCMT:winsig.obj
 0001:00014daa       __tsopen_nolock            00415daa f   LIBCMT:open.obj
 0001:000159a0       __unwind_handler           004169a0 f   LIBCMT:exsup.obj
 0001:000169d7       ?x_ismbbtype_l@@YAHPAUlocaleinfo_struct@@IHH@Z 004179d7 f   LIBCMT:ismbbyte.obj
 0001:00018b97       __hw_cw                    00419b97 f   LIBCMT:_ieee87_.obj
 0001:00018c25       ___hw_cw_sse2              00419c25 f   LIBCMT:_ieee87_.obj
 0001:00019041       ?strncnt@@YAHPBDH@Z        0041a041 f   LIBCMT:a_cmp.obj
 0001:0001905f       ?__crtCompareStringA_stat@@YAHPAUlocaleinfo_struct@@KKPBDH1HH@Z 0041a05f f   LIBCMT:a_cmp.obj
 0001:0001950b       _findenv                   0041a50b f   LIBCMT:setenv.obj
 0001:0001955d       _copy_environ              0041a55d f   LIBCMT:setenv.obj
 0001:00019b70       ??__Fnomem@?5???2@YAPAXI@Z@YAXXZ 0041ab70 f   LIBCMT:new.obj
