 loadhackmap

 Timestamp is 6869dfa1 (Sun Jul 06 10:29:53 2025)

 Preferred load address is 66000000

 Start         Length     Name                   Class
 0001:00000000 0000f6c0H .text                   CODE
 0001:0000f6c0 00000014H .text$yd                CODE
 0002:00000000 0000017cH .idata$5                DATA
 0002:0000017c 00000004H .CRT$XCA                DATA
 0002:00000180 00000004H .CRT$XCZ                DATA
 0002:00000184 00000004H .CRT$XIA                DATA
 0002:00000188 00000010H .CRT$XIC                DATA
 0002:00000198 00000004H .CRT$XIZ                DATA
 0002:0000019c 00000004H .CRT$XPA                DATA
 0002:000001a0 00000004H .CRT$XPX                DATA
 0002:000001a4 00000004H .CRT$XPXA               DATA
 0002:000001a8 00000004H .CRT$XPZ                DATA
 0002:000001ac 00000004H .CRT$XTA                DATA
 0002:000001b0 00000004H .CRT$XTZ                DATA
 0002:000001b8 00001e28H .rdata                  DATA
 0002:00001fe0 000000dcH .rdata$r                DATA
 0002:000020c0 0000000cH .rdata$sxdata           DATA
 0002:000020cc 00000004H .rtc$IAA                DATA
 0002:000020d0 00000004H .rtc$IZZ                DATA
 0002:000020d4 00000004H .rtc$TAA                DATA
 0002:000020d8 00000004H .rtc$TZZ                DATA
 0002:000020e0 000005ccH .xdata$x                DATA
 0002:000026ac 0000003cH .idata$2                DATA
 0002:000026e8 00000014H .idata$3                DATA
 0002:000026fc 0000017cH .idata$4                DATA
 0002:00002878 000006ceH .idata$6                DATA
 0002:00002f50 0000008bH .edata                  DATA
 0003:00000000 00001090H .data                   DATA
 0003:000010a0 00002ee8H .bss                    DATA

  Address         Publics by Value              Rva+Base       Lib:Object

 0000:00000000       __except_list              00000000     <absolute>
 0000:00000003       ___safe_se_handler_count   00000003     <absolute>
 0000:00000000       ___ImageBase               66000000     <linker-defined>
 0001:00000000       ?getFileSize@@YAHPBD@Z     66001000 f   dllmain.obj
 0001:00000030       ?fileExist@@YAHPBD@Z       66001030 f   dllmain.obj
 0001:00000050       ?cp@@YAXPAU_iobuf@@0@Z     66001050 f   dllmain.obj
 0001:000000d0       ?load_d2hackmap@@YAXXZ     660010d0 f   dllmain.obj
 0001:00000360       ?reload_d2hackmap@@YAXXZ   66001360 f   dllmain.obj
 0001:00000460       ?MenuLoop_Patch@@YAXXZ     66001460 f   dllmain.obj
 0001:00000490       ?GameLoop_Patch@@YAXXZ     66001490 f   dllmain.obj
 0001:000004c0       ?get_dll_addr@@YAPAUHINSTANCE__@@PAD@Z 660014c0 f   dllmain.obj
 0001:00000540       ?VirtualProtect@@YAKKKK@Z  66001540 f   dllmain.obj
 0001:00000570       ?WriteLocalBYTES@@YAXKPAXH@Z 66001570 f   dllmain.obj
 0001:000005c0       ?InterceptLocalCode2@@YAXEKKH@Z 660015c0 f   dllmain.obj
 0001:00000640       ?InterceptLocalCode@@YAXEKKH@Z 66001640 f   dllmain.obj
 0001:00000670       ?installPatch@@YAHP6AXHHH@ZPAD1HHHH1@Z 66001670 f   dllmain.obj
 0001:00000990       ?patchCall@@YAHPAD0HHHH0@Z 66001990 f   dllmain.obj
 0001:000009e0       ?patchValue@@YAHPAD0HHHH0@Z 660019e0 f   dllmain.obj
 0001:00000a30       ?openMpq_patch@@YGPAXPADKKPAU_SECURITY_ATTRIBUTES@@KKPAX@Z 66001a30 f   dllmain.obj
 0001:00000ba0       ?strrchr@@YAPADPADH@Z      66001ba0 f i dllmain.obj
 0001:00000bc0       ?MyRegQueryValueExA@@YGJPAUHKEY__@@PBDPAK2PAE2@Z 66001bc0 f   dllmain.obj
 0001:00000f10       _ClearMainMenuMessage@0    66001f10 f   dllmain.obj
 0001:00000f40       _MainMenuMessage3@12       66001f40 f   dllmain.obj
 0001:00001020       ?drawMainMenuMessages@@YAXXZ 66002020 f   dllmain.obj
 0001:00001130       ?MainMenuFlushFramebufPatch_ASM@@YAXXZ 66002130 f   dllmain.obj
 0001:00001160       ?parseCmdLine@@YAXXZ       66002160 f   dllmain.obj
 0001:00001580       ?strchr@@YAPADPADH@Z       66002580 f i dllmain.obj
 0001:000015a0       ?Install@@YAHXZ            660025a0 f   dllmain.obj
 0001:000018a0       ?Uninstall@@YAXXZ          660028a0 f   dllmain.obj
 0001:00001930       _DllMain@12                66002930 f   dllmain.obj
 0001:00001a00       _QueryInterface@0          66002a00 f   dllmain.obj
 0001:00001a49       __fwrite_nolock            66002a49 f   LIBCMT:fwrite.obj
 0001:00001bab       _fwrite                    66002bab f   LIBCMT:fwrite.obj
 0001:00001c2d       __fread_nolock_s           66002c2d f   LIBCMT:fread.obj
 0001:00001e37       _fread_s                   66002e37 f   LIBCMT:fread.obj
 0001:00001ecd       _fread                     66002ecd f   LIBCMT:fread.obj
 0001:00001eea       @__security_check_cookie@4 66002eea f   LIBCMT:secchk.obj
 0001:00001f00       __chkstk                   66002f00 f   LIBCMT:chkstk.obj
 0001:00001f00       __alloca_probe             66002f00     LIBCMT:chkstk.obj
 0001:00001f2b       __fclose_nolock            66002f2b f   LIBCMT:fclose.obj
 0001:00001fa2       _fclose                    66002fa2 f   LIBCMT:fclose.obj
 0001:0000201e       __flush                    6600301e f   LIBCMT:fflush.obj
 0001:00002086       __fflush_nolock            66003086 f   LIBCMT:fflush.obj
 0001:000021a8       _fflush                    660031a8 f   LIBCMT:fflush.obj
 0001:000021fb       __flushall                 660031fb f   LIBCMT:fflush.obj
 0001:00002204       _fprintf                   66003204 f   LIBCMT:fprintf.obj
 0001:00002320       __fsopen                   66003320 f   LIBCMT:fopen.obj
 0001:000023e4       _fopen                     660033e4 f   LIBCMT:fopen.obj
 0001:000023fb       _sprintf                   660033fb f   LIBCMT:sprintf.obj
 0001:00002478       ??3@YAXPAX@Z               66003478 f   LIBCMT:delete.obj
 0001:00002483       ??0bad_alloc@std@@QAE@XZ   66003483 f i LIBCMT:new.obj
 0001:0000249e       ??1bad_alloc@std@@UAE@XZ   6600349e f i LIBCMT:new.obj
 0001:000024a9       ??_Ebad_alloc@std@@UAEPAXI@Z 660034a9 f i LIBCMT:new.obj
 0001:000024a9       ??_Gbad_alloc@std@@UAEPAXI@Z 660034a9 f i LIBCMT:new.obj
 0001:000024d0       ??0bad_alloc@std@@QAE@ABV01@@Z 660034d0 f i LIBCMT:new.obj
 0001:000024ed       ??2@YAPAXI@Z               660034ed f   LIBCMT:new.obj
 0001:00002560       _memset                    66003560 f   LIBCMT:memset.obj
 0001:000025da       _V6_HeapAlloc              660035da f   LIBCMT:malloc.obj
 0001:00002629       _malloc                    66003629 f   LIBCMT:malloc.obj
 0001:00002700       _memcpy                    66003700 f   LIBCMT:memcpy.obj
 0001:00002a65       ??0_LocaleUpdate@@QAE@PAUlocaleinfo_struct@@@Z 66003a65 f i LIBCMT:strtol.obj
 0001:00002d1b       _strtol                    66003d1b f   LIBCMT:strtol.obj
 0001:00002d50       _strrchr                   66003d50 f   LIBCMT:strrchr.obj
 0001:00002d7d       _fputc                     66003d7d f   LIBCMT:fputc.obj
 0001:00002ea0       _strchr                    66003ea0 f   LIBCMT:strchr.obj
 0001:00002ea6       ___from_strstr_to_strchr   66003ea6     LIBCMT:strchr.obj
 0001:00003038       __stat64i32                66004038 f   LIBCMT:stati32.obj
 0001:0000340c       _free                      6600440c f   LIBCMT:free.obj
 0001:0000349a       __CRT_INIT@12              6600449a f   LIBCMT:dllcrt0.obj
 0001:000036c5       __DllMainCRTStartup@12     660046c5 f   LIBCMT:dllcrt0.obj
 0001:000036e8       __flsbuf                   660046e8 f   LIBCMT:_flsbuf.obj
 0001:0000384c       __write_nolock             6600484c f   LIBCMT:write.obj
 0001:00003f7f       __write                    66004f7f f   LIBCMT:write.obj
 0001:0000405b       __fileno                   6600505b f   LIBCMT:fileno.obj
 0001:0000408d       __initp_misc_invarg        6600508d f   LIBCMT:invarg.obj
 0001:0000409c       __invoke_watson            6600509c f   LIBCMT:invarg.obj
 0001:000041c4       __invalid_parameter        660051c4 f   LIBCMT:invarg.obj
 0001:000041ea       __get_errno_from_oserr     660051ea f   LIBCMT:dosmap.obj
 0001:0000422c       __errno                    6600522c f   LIBCMT:dosmap.obj
 0001:0000423f       ___doserrno                6600523f f   LIBCMT:dosmap.obj
 0001:00004252       __dosmaperr                66005252 f   LIBCMT:dosmap.obj
 0001:00004275       ___iob_func                66005275 f   LIBCMT:_file.obj
 0001:0000427b       ___initstdio               6600527b f   LIBCMT:_file.obj
 0001:0000432c       ___endstdio                6600532c f   LIBCMT:_file.obj
 0001:0000434c       __lock_file                6600534c f   LIBCMT:_file.obj
 0001:0000438d       __lock_file2               6600538d f   LIBCMT:_file.obj
 0001:000043bf       __unlock_file              660053bf f   LIBCMT:_file.obj
 0001:000043fb       __unlock_file2             660053fb f   LIBCMT:_file.obj
 0001:0000442c       __SEH_prolog4              6600542c f   LIBCMT:sehprolg4.obj
 0001:00004471       __SEH_epilog4              66005471 f   LIBCMT:sehprolg4.obj
 0001:00004490       __except_handler4          66005490 f   LIBCMT:chandler4.obj
 0001:0000461c       __filbuf                   6600561c f   LIBCMT:_filbuf.obj
 0001:00004747       __read_nolock              66005747 f   LIBCMT:read.obj
 0001:00004d09       __read                     66005d09 f   LIBCMT:read.obj
 0001:00004e06       _memcpy_s                  66005e06 f   LIBCMT:memcpy_s.obj
 0001:00004e83       ___report_gsfailure        66005e83 f   LIBCMT:gs_report.obj
 0001:00004f8a       __close_nolock             66005f8a f   LIBCMT:close.obj
 0001:00005026       __close                    66006026 f   LIBCMT:close.obj
 0001:000050f3       __freebuf                  660060f3 f   LIBCMT:_freebuf.obj
 0001:00005124       __commit                   66006124 f   LIBCMT:commit.obj
 0001:00005205       __mtinitlocks              66006205 f   LIBCMT:mlock.obj
 0001:00005250       __mtdeletelocks            66006250 f   LIBCMT:mlock.obj
 0001:000052a7       __unlock                   660062a7 f   LIBCMT:mlock.obj
 0001:000052be       __mtinitlocknum            660062be f   LIBCMT:mlock.obj
 0001:00005381       __lock                     66006381 f   LIBCMT:mlock.obj
 0001:000053b4       __stbuf                    660063b4 f   LIBCMT:_sftbuf.obj
 0001:00005450       __ftbuf                    66006450 f   LIBCMT:_sftbuf.obj
 0001:0000552a       __output_l                 6600652a f   LIBCMT:output.obj
 0001:000060c2       __ioinit                   660070c2 f   LIBCMT:ioinit.obj
 0001:00006316       __ioterm                   66007316 f   LIBCMT:ioinit.obj
 0001:00006364       __openfile                 66007364 f   LIBCMT:_open.obj
 0001:0000662d       __getstream                6600762d f   LIBCMT:stream.obj
 0001:00006768       __local_unwind4            66007768 f   LIBCMT:exsup4.obj
 0001:0000683e       __seh_longjmp_unwind4@4    6600783e f   LIBCMT:exsup4.obj
 0001:0000685a       @_EH4_CallFilterFunc@8     6600785a f   LIBCMT:exsup4.obj
 0001:00006871       @_EH4_TransferToHandler@8  66007871 f   LIBCMT:exsup4.obj
 0001:0000688a       @_EH4_GlobalUnwind@4       6600788a f   LIBCMT:exsup4.obj
 0001:000068a4       @_EH4_LocalUnwind@16       660078a4 f   LIBCMT:exsup4.obj
 0001:000068bb       ??0exception@std@@QAE@ABQBDH@Z 660078bb f   LIBCMT:stdexcpt.obj
 0001:000068d8       ??0exception@std@@QAE@ABV01@@Z 660078d8 f   LIBCMT:stdexcpt.obj
 0001:00006935       ??1exception@std@@UAE@XZ   66007935 f   LIBCMT:stdexcpt.obj
 0001:0000694b       ?what@exception@std@@UBEPBDXZ 6600794b f   LIBCMT:stdexcpt.obj
 0001:00006958       ??_Gexception@std@@UAEPAXI@Z 66007958 f i LIBCMT:stdexcpt.obj
 0001:00006958       ??_Eexception@std@@UAEPAXI@Z 66007958 f i LIBCMT:stdexcpt.obj
 0001:00006979       ??1type_info@@UAE@XZ       66007979 f   LIBCMT:typinfo.obj
 0001:00006989       ??_Gtype_info@@UAEPAXI@Z   66007989 f i LIBCMT:typinfo.obj
 0001:00006989       ??_Etype_info@@UAEPAXI@Z   66007989 f i LIBCMT:typinfo.obj
 0001:00006a64       ___onexitinit              66007a64 f   LIBCMT:onexit.obj
 0001:00006a95       __onexit                   66007a95 f   LIBCMT:onexit.obj
 0001:00006ad1       _atexit                    66007ad1 f   LIBCMT:onexit.obj
 0001:00006ae8       __initp_heap_handler       66007ae8 f   LIBCMT:handler.obj
 0001:00006af7       __callnewh                 66007af7 f   LIBCMT:handler.obj
 0001:00006b1f       __CxxThrowException@8      66007b1f f   LIBCMT:throw.obj
 0001:00006bc2       __VEC_memzero              66007bc2 f   LIBCMT:p4_memset.obj
 0001:00006ca1       __get_sse2_info            66007ca1 f   LIBCMT:cpu_disp.obj
 0001:00006d03       ___sse2_available_init     66007d03 f   LIBCMT:cpu_disp.obj
 0001:00006d10       ___sbh_find_block          66007d10 f   LIBCMT:sbheap.obj
 0001:00006d42       ___sbh_free_block          66007d42 f   LIBCMT:sbheap.obj
 0001:00007058       ___sbh_alloc_new_region    66008058 f   LIBCMT:sbheap.obj
 0001:00007108       ___sbh_alloc_new_group     66008108 f   LIBCMT:sbheap.obj
 0001:00007210       ___sbh_resize_block        66008210 f   LIBCMT:sbheap.obj
 0001:000074f1       ___sbh_alloc_block         660084f1 f   LIBCMT:sbheap.obj
 0001:000077d6       __heap_init                660087d6 f   LIBCMT:heapinit.obj
 0001:00007806       __heap_term                66008806 f   LIBCMT:heapinit.obj
 0001:0000787a       __crt_waiting_on_module_handle 6600887a f   LIBCMT:crt0dat.obj
 0001:000078aa       __amsg_exit                660088aa f   LIBCMT:crt0dat.obj
 0001:000078d3       ___crtCorExitProcess       660088d3 f   LIBCMT:crt0dat.obj
 0001:000078fe       ___crtExitProcess          660088fe f   LIBCMT:crt0dat.obj
 0001:00007916       __lockexit                 66008916 f   LIBCMT:crt0dat.obj
 0001:0000791f       __unlockexit               6600891f f   LIBCMT:crt0dat.obj
 0001:00007945       __initterm_e               66008945 f   LIBCMT:crt0dat.obj
 0001:00007969       __cinit                    66008969 f   LIBCMT:crt0dat.obj
 0001:00007b1a       __exit                     66008b1a f   LIBCMT:crt0dat.obj
 0001:00007b30       __cexit                    66008b30 f   LIBCMT:crt0dat.obj
 0001:00007b3f       __init_pointers            66008b3f f   LIBCMT:crt0dat.obj
 0001:00007b8d       __NMSG_WRITE               66008b8d f   LIBCMT:crt0msg.obj
 0001:00007d38       __FF_MSGBANNER             66008d38 f   LIBCMT:crt0msg.obj
 0001:00007df8       __VEC_memcpy               66008df8 f   LIBCMT:p4_memcpy.obj
 0001:00008101       ___updatetmbcinfo          66009101 f   LIBCMT:mbctype.obj
 0001:00008221       __setmbcp_nolock           66009221 f   LIBCMT:mbctype.obj
 0001:00008406       __setmbcp                  66009406 f   LIBCMT:mbctype.obj
 0001:000085a0       ___initmbctable            660095a0 f   LIBCMT:mbctype.obj
 0001:000085be       ___freetlocinfo            660095be f   LIBCMT:setlocal.obj
 0001:00008707       ___addlocaleref            66009707 f   LIBCMT:setlocal.obj
 0001:00008796       ___removelocaleref         66009796 f   LIBCMT:setlocal.obj
 0001:0000886d       ___updatetlocinfo          6600986d f   LIBCMT:setlocal.obj
 0001:000088e3       __encode_pointer           660098e3 f   LIBCMT:tidtable.obj
 0001:00008955       __encoded_null             66009955 f   LIBCMT:tidtable.obj
 0001:0000895e       __decode_pointer           6600995e f   LIBCMT:tidtable.obj
 0001:000089d0       ___crtTlsAlloc@4           660099d0 f   LIBCMT:tidtable.obj
 0001:000089d9       ___set_flsgetvalue         660099d9 f   LIBCMT:tidtable.obj
 0001:00008a0d       __mtterm                   66009a0d f   LIBCMT:tidtable.obj
 0001:00008a4a       __initptd                  66009a4a f   LIBCMT:tidtable.obj
 0001:00008b31       __getptd_noexit            66009b31 f   LIBCMT:tidtable.obj
 0001:00008baa       __getptd                   66009baa f   LIBCMT:tidtable.obj
 0001:00008bc4       __freefls@4                66009bc4 f   LIBCMT:tidtable.obj
 0001:00008cf3       __freeptd                  66009cf3 f   LIBCMT:tidtable.obj
 0001:00008d61       __mtinit                   66009d61 f   LIBCMT:tidtable.obj
 0001:00008eee       __isctype_l                66009eee f   LIBCMT:isctype.obj
 0001:00008fb0       _strlen                    66009fb0 f   LIBCMT:strlen.obj
 0001:0000903b       __fullpath                 6600a03b f   LIBCMT:fullpath.obj
 0001:00009145       ___dtoxmode                6600a145 f   LIBCMT:stat.obj
 0001:00009202       ___loctotime64_t           6600a202 f   LIBCMT:dtoxtm64.obj
 0001:0000946d       __getdrive                 6600a46d f   LIBCMT:drive.obj
 0001:00009536       __mbctolower_l             6600a536 f   LIBCMT:mbtolwr.obj
 0001:000095dc       __mbctolower               6600a5dc f   LIBCMT:mbtolwr.obj
 0001:000095ef       __mbspbrk_l                6600a5ef f   LIBCMT:mbspbrk.obj
 0001:000096bc       __mbspbrk                  6600a6bc f   LIBCMT:mbspbrk.obj
 0001:000096d3       __malloc_crt               6600a6d3 f   LIBCMT:crtheap.obj
 0001:00009718       __calloc_crt               6600a718 f   LIBCMT:crtheap.obj
 0001:00009764       __realloc_crt              6600a764 f   LIBCMT:crtheap.obj
 0001:000097b2       __recalloc_crt             6600a7b2 f   LIBCMT:crtheap.obj
 0001:00009804       __setenvp                  6600a804 f   LIBCMT:stdenvp.obj
 0001:00009a7c       __setargv                  6600aa7c f   LIBCMT:stdargv.obj
 0001:00009b37       ___crtGetEnvironmentStringsA 6600ab37 f   LIBCMT:a_env.obj
 0001:00009c6e       __RTC_Initialize           6600ac6e f   LIBCMT:_initsect_.obj
 0001:00009c94       __RTC_Terminate            6600ac94 f   LIBCMT:_initsect_.obj
 0001:00009cba       __initp_misc_winxfltr      6600acba f   LIBCMT:winxfltr.obj
 0001:00009cbb       __XcptFilter               6600acbb f   LIBCMT:winxfltr.obj
 0001:00009e1b       ___CppXcptFilter           6600ae1b f   LIBCMT:winxfltr.obj
 0001:00009e3b       ___security_init_cookie    6600ae3b f   LIBCMT:gs_support.obj
 0001:00009ed1       __lseeki64_nolock          6600aed1 f   LIBCMT:lseeki64.obj
 0001:00009f56       __lseeki64                 6600af56 f   LIBCMT:lseeki64.obj
 0001:0000a06f       __getbuf                   6600b06f f   LIBCMT:_getbuf.obj
 0001:0000a0b8       __isatty                   6600b0b8 f   LIBCMT:isatty.obj
 0001:0000a11c       __putwch_nolock            6600b11c f   LIBCMT:putwch.obj
 0001:0000a1e1       __mbtowc_l                 6600b1e1 f   LIBCMT:mbtowc.obj
 0001:0000a2f8       _mbtowc                    6600b2f8 f   LIBCMT:mbtowc.obj
 0001:0000a312       __isleadbyte_l             6600b312 f i LIBCMT:_wctype.obj
 0001:0000a34a       _isleadbyte                6600b34a f i LIBCMT:_wctype.obj
 0001:0000a35d       __set_osfhnd               6600b35d f   LIBCMT:osfinfo.obj
 0001:0000a3de       __free_osfhnd              6600b3de f   LIBCMT:osfinfo.obj
 0001:0000a464       __get_osfhandle            6600b464 f   LIBCMT:osfinfo.obj
 0001:0000a4db       ___lock_fhandle            6600b4db f   LIBCMT:osfinfo.obj
 0001:0000a57b       __unlock_fhandle           6600b57b f   LIBCMT:osfinfo.obj
 0001:0000a5a2       __alloc_osfhnd             6600b5a2 f   LIBCMT:osfinfo.obj
 0001:0000a73c       __crt_debugger_hook        6600b73c f   LIBCMT:dbghook.obj
 0001:0000a744       __fcloseall                6600b744 f   LIBCMT:closeall.obj
 0001:0000a7f0       __ValidateImageBase        6600b7f0 f   LIBCMT:pesect.obj
 0001:0000a830       __FindPESection            6600b830 f   LIBCMT:pesect.obj
 0001:0000a880       __IsNonwritableInCurrentImage 6600b880 f   LIBCMT:pesect.obj
 0001:0000a93d       __initp_misc_initcrit      6600b93d f   LIBCMT:initcrit.obj
 0001:0000a94c       ___crtInitCritSecAndSpinCount 6600b94c f   LIBCMT:initcrit.obj
 0001:0000a9ac       __initp_misc_cfltcvt_tab   6600b9ac f   LIBCMT:cmiscdat.obj
 0001:0000a9cd       __get_printf_count_output  6600b9cd f   LIBCMT:printf.obj
 0001:0000a9e3       __wctomb_s_l               6600b9e3 f   LIBCMT:wctomb.obj
 0001:0000ab4f       _wctomb_s                  6600bb4f f   LIBCMT:wctomb.obj
 0001:0000ab70       __aulldvrm                 6600bb70 f   LIBCMT:ulldvrm.obj
 0001:0000b324       __sopen_helper             6600c324 f   LIBCMT:open.obj
 0001:0000b3f0       __sopen_s                  6600c3f0 f   LIBCMT:open.obj
 0001:0000b410       __mbsnbicmp_l              6600c410 f   LIBCMT:mbsnbicm.obj
 0001:0000b63b       __mbsnbicmp                6600c63b f   LIBCMT:mbsnbicm.obj
 0001:0000b655       __mbsnbcmp_l               6600c655 f   LIBCMT:mbsnbcmp.obj
 0001:0000b7bf       __mbsnbcmp                 6600c7bf f   LIBCMT:mbsnbcmp.obj
 0001:0000b7dc       __global_unwind2           6600c7dc f   LIBCMT:exsup.obj
 0001:0000b841       __local_unwind2            6600c841 f   LIBCMT:exsup.obj
 0001:0000b8c5       __abnormal_termination     6600c8c5 f   LIBCMT:exsup.obj
 0001:0000b8e8       __NLG_Notify1              6600c8e8 f   LIBCMT:exsup.obj
 0001:0000b8f1       __NLG_Notify               6600c8f1 f   LIBCMT:exsup.obj
 0001:0000b908       __NLG_Dispatch2            6600c908     LIBCMT:exsup.obj
 0001:0000b908       __NLG_Dispatch             6600c908     LIBCMT:exsup.obj
 0001:0000b910       __NLG_Call                 6600c910 f   LIBCMT:exsup.obj
 0001:0000b912       __NLG_Return2              6600c912     LIBCMT:exsup.obj
 0001:0000b913       _strcpy_s                  6600c913 f   LIBCMT:strcpy_s.obj
 0001:0000b97b       ?_Type_info_dtor@type_info@@CAXPAV1@@Z 6600c97b f   LIBCMT:typname.obj
 0001:0000b9f0       _strcmp                    6600c9f0 f   LIBCMT:strcmp.obj
 0001:0000ba78       __msize                    6600ca78 f   LIBCMT:msize.obj
 0001:0000bb20       _memmove                   6600cb20 f   LIBCMT:memmove.obj
 0001:0000be85       ?terminate@@YAXXZ          6600ce85 f   LIBCMT:hooks.obj
 0001:0000bebe       __initp_eh_hooks           6600cebe f   LIBCMT:hooks.obj
 0001:0000becf       __initp_misc_winsig        6600cecf f   LIBCMT:winsig.obj
 0001:0000bf24       ___get_sigabrt             6600cf24 f   LIBCMT:winsig.obj
 0001:0000bf31       _raise                     6600cf31 f   LIBCMT:winsig.obj
 0001:0000c0e1       __initp_misc_rand_s        6600d0e1 f   LIBCMT:rand_s.obj
 0001:0000c0f0       __initp_misc_purevirt      6600d0f0 f   LIBCMT:inithelp.obj
 0001:0000c0ff       ___crtMessageBoxA          6600d0ff f   LIBCMT:crtmbox.obj
 0001:0000c268       _strcat_s                  6600d268 f   LIBCMT:strcat_s.obj
 0001:0000c2dc       _strncpy_s                 6600d2dc f   LIBCMT:strncpy_s.obj
 0001:0000c391       __set_error_mode           6600d391 f   LIBCMT:errmode.obj
 0001:0000c3dc       __freea                    6600d3dc f i LIBCMT:a_map.obj
 0001:0000c7a1       ___crtLCMapStringA         6600d7a1 f   LIBCMT:a_map.obj
 0001:0000c9a0       ___crtGetStringTypeA       6600d9a0 f   LIBCMT:a_str.obj
 0001:0000c9e2       ___free_lc_time            6600d9e2 f   LIBCMT:inittime.obj
 0001:0000cb77       ___free_lconv_num          6600db77 f   LIBCMT:initnum.obj
 0001:0000cbbc       ___free_lconv_mon          6600dbbc f   LIBCMT:initmon.obj
 0001:0000cc4a       ____lc_codepage_func       6600dc4a f   LIBCMT:initctyp.obj
 0001:0000cc70       _strcspn                   6600dc70 f   LIBCMT:strcspn.obj
 0001:0000ccb6       _strncmp                   6600dcb6 f   LIBCMT:strncmp.obj
 0001:0000cd80       _strpbrk                   6600dd80 f   LIBCMT:strpbrk.obj
 0001:0000cdc0       __validdrive               6600ddc0 f   LIBCMT:getcwd.obj
 0001:0000cdf9       __getdcwd_nolock           6600ddf9 f   LIBCMT:getcwd.obj
 0001:0000cf30       __getcwd                   6600df30 f   LIBCMT:getcwd.obj
 0001:0000cf79       _calloc                    6600df79 f   LIBCMT:calloc.obj
 0001:0000cfb9       __mbsicmp_l                6600dfb9 f   LIBCMT:mbsicmp.obj
 0001:0000d1df       __mbsicmp                  6600e1df f   LIBCMT:mbsicmp.obj
 0001:0000d1f6       __mbsrchr_l                6600e1f6 f   LIBCMT:mbsrchr.obj
 0001:0000d2b2       __mbsrchr                  6600e2b2 f   LIBCMT:mbsrchr.obj
 0001:0000d2c9       __set_daylight             6600e2c9 f i LIBCMT:tzset.obj
 0001:0000d2da       __set_dstbias              6600e2da f i LIBCMT:tzset.obj
 0001:0000d2eb       __set_timezone             6600e2eb f i LIBCMT:tzset.obj
 0001:0000da11       ___tzset                   6600ea11 f   LIBCMT:tzset.obj
 0001:0000da60       __isindst                  6600ea60 f   LIBCMT:tzset.obj
 0001:0000daa1       __get_daylight             6600eaa1 f   LIBCMT:timeset.obj
 0001:0000dada       __get_dstbias              6600eada f   LIBCMT:timeset.obj
 0001:0000db13       __get_timezone             6600eb13 f   LIBCMT:timeset.obj
 0001:0000db4c       ___daylight                6600eb4c f   LIBCMT:timeset.obj
 0001:0000db52       ___dstbias                 6600eb52 f   LIBCMT:timeset.obj
 0001:0000db58       ___timezone                6600eb58 f   LIBCMT:timeset.obj
 0001:0000db5e       ___tzname                  6600eb5e f   LIBCMT:timeset.obj
 0001:0000db70       __allmul                   6600eb70 f   LIBCMT:llmul.obj
 0001:0000dba4       __toupper_l                6600eba4 f   LIBCMT:toupper.obj
 0001:0000dcba       _toupper                   6600ecba f   LIBCMT:toupper.obj
 0001:0000dce6       __calloc_impl              6600ece6 f   LIBCMT:calloc_impl.obj
 0001:0000de04       _realloc                   6600ee04 f   LIBCMT:realloc.obj
 0001:0000e01f       __recalloc                 6600f01f f   LIBCMT:recalloc.obj
 0001:0000e0ed       __ismbblead                6600f0ed f   LIBCMT:ismbbyte.obj
 0001:0000e105       ___initconout              6600f105 f   LIBCMT:initcon.obj
 0001:0000e124       ___termcon                 6600f124 f   LIBCMT:initcon.obj
 0001:0000e151       __fptrap                   6600f151 f   LIBCMT:crt0fp.obj
 0001:0000e15a       __chsize_nolock            6600f15a f   LIBCMT:chsize.obj
 0001:0000e310       __lseek_nolock             6600f310 f   LIBCMT:lseek.obj
 0001:0000e385       __setmode_nolock           6600f385 f   LIBCMT:setmode.obj
 0001:0000e441       __get_fmode                6600f441 f   LIBCMT:setmode.obj
 0001:0000e47a       __strnicmp_l               6600f47a f   LIBCMT:strnicmp.obj
 0001:0000e56c       __strnicmp                 6600f56c f   LIBCMT:strnicmp.obj
 0001:0000e5ca       _abort                     6600f5ca f   LIBCMT:abort.obj
 0001:0000e6e1       ___ansicp                  6600f6e1 f   LIBCMT:convrtcp.obj
 0001:0000e72a       ___convertcp               6600f72a f   LIBCMT:convrtcp.obj
 0001:0000e8e0       __alloca_probe_16          6600f8e0 f   LIBCMT:alloca16.obj
 0001:0000e8f6       __alloca_probe_8           6600f8f6     LIBCMT:alloca16.obj
 0001:0000e90c       ___ascii_stricmp           6600f90c f   LIBCMT:stricmp.obj
 0001:0000e945       __stricmp_l                6600f945 f   LIBCMT:stricmp.obj
 0001:0000ea1a       _atol                      6600fa1a f   LIBCMT:atox.obj
 0001:0000ea30       __getenv_helper_nolock     6600fa30 f   LIBCMT:getenv.obj
 0001:0000eab7       __tolower_l                6600fab7 f   LIBCMT:tolower.obj
 0001:0000ebd0       ___ascii_strnicmp          6600fbd0 f   LIBCMT:_strnicm.obj
 0001:0000ec31       __mbsnbicoll_l             6600fc31 f   LIBCMT:mbsnbico.obj
 0001:0000ed1f       __mbsnbicoll               6600fd1f f   LIBCMT:mbsnbico.obj
 0001:0000ed39       ___wtomb_environ           6600fd39 f   LIBCMT:wtombenv.obj
 0001:0000f15e       ___crtCompareStringA       6601015e f   LIBCMT:a_cmp.obj
 0001:0000f1a0       __strnicoll_l              660101a0 f   LIBCMT:strnicol.obj
 0001:0000f346       ___crtsetenv               66010346 f   LIBCMT:setenv.obj
 0001:0000f591       __strdup                   66010591 f   LIBCMT:strdup.obj
 0001:0000f5e6       __mbschr_l                 660105e6 f   LIBCMT:mbschr.obj
 0001:0000f6a2       __mbschr                   660106a2 f   LIBCMT:mbschr.obj
 0001:0000f6ba       _RtlUnwind@16              660106ba f   kernel32:KERNEL32.dll
 0002:00000000       __imp__RegQueryValueExA@24 66011000     advapi32:ADVAPI32.dll
 0002:00000004       \177ADVAPI32_NULL_THUNK_DATA 66011004     advapi32:ADVAPI32.dll
 0002:00000008       __imp__FreeLibrary@4       66011008     kernel32:KERNEL32.dll
 0002:0000000c       __imp__GetTickCount@0      6601100c     kernel32:KERNEL32.dll
 0002:00000010       __imp__GetModuleHandleA@4  66011010     kernel32:KERNEL32.dll
 0002:00000014       __imp__VirtualProtect@16   66011014     kernel32:KERNEL32.dll
 0002:00000018       __imp__WriteProcessMemory@20 66011018     kernel32:KERNEL32.dll
 0002:0000001c       __imp__GetCurrentProcess@0 6601101c     kernel32:KERNEL32.dll
 0002:00000020       __imp__CreateFileA@28      66011020     kernel32:KERNEL32.dll
 0002:00000024       __imp__LoadLibraryA@4      66011024     kernel32:KERNEL32.dll
 0002:00000028       __imp__DeleteFileA@4       66011028     kernel32:KERNEL32.dll
 0002:0000002c       __imp__CreateDirectoryA@8  6601102c     kernel32:KERNEL32.dll
 0002:00000030       __imp__GetModuleFileNameA@12 66011030     kernel32:KERNEL32.dll
 0002:00000034       __imp__DisableThreadLibraryCalls@4 66011034     kernel32:KERNEL32.dll
 0002:00000038       __imp__CompareStringW@24   66011038     kernel32:KERNEL32.dll
 0002:0000003c       __imp__CompareStringA@24   6601103c     kernel32:KERNEL32.dll
 0002:00000040       __imp__GetCommandLineA@0   66011040     kernel32:KERNEL32.dll
 0002:00000044       __imp__GetProcAddress@8    66011044     kernel32:KERNEL32.dll
 0002:00000048       __imp__HeapAlloc@12        66011048     kernel32:KERNEL32.dll
 0002:0000004c       __imp__GetLastError@0      6601104c     kernel32:KERNEL32.dll
 0002:00000050       __imp__FindClose@4         66011050     kernel32:KERNEL32.dll
 0002:00000054       __imp__FileTimeToSystemTime@8 66011054     kernel32:KERNEL32.dll
 0002:00000058       __imp__FileTimeToLocalFileTime@8 66011058     kernel32:KERNEL32.dll
 0002:0000005c       __imp__GetDriveTypeA@4     6601105c     kernel32:KERNEL32.dll
 0002:00000060       __imp__FindFirstFileA@8    66011060     kernel32:KERNEL32.dll
 0002:00000064       __imp__HeapFree@12         66011064     kernel32:KERNEL32.dll
 0002:00000068       __imp__GetCurrentThreadId@0 66011068     kernel32:KERNEL32.dll
 0002:0000006c       __imp__WriteFile@20        6601106c     kernel32:KERNEL32.dll
 0002:00000070       __imp__WideCharToMultiByte@32 66011070     kernel32:KERNEL32.dll
 0002:00000074       __imp__GetConsoleCP@0      66011074     kernel32:KERNEL32.dll
 0002:00000078       __imp__GetConsoleMode@8    66011078     kernel32:KERNEL32.dll
 0002:0000007c       __imp__TerminateProcess@8  6601107c     kernel32:KERNEL32.dll
 0002:00000080       __imp__UnhandledExceptionFilter@4 66011080     kernel32:KERNEL32.dll
 0002:00000084       __imp__SetUnhandledExceptionFilter@4 66011084     kernel32:KERNEL32.dll
 0002:00000088       __imp__IsDebuggerPresent@0 66011088     kernel32:KERNEL32.dll
 0002:0000008c       __imp__EnterCriticalSection@4 6601108c     kernel32:KERNEL32.dll
 0002:00000090       __imp__LeaveCriticalSection@4 66011090     kernel32:KERNEL32.dll
 0002:00000094       __imp__MultiByteToWideChar@24 66011094     kernel32:KERNEL32.dll
 0002:00000098       __imp__ReadFile@20         66011098     kernel32:KERNEL32.dll
 0002:0000009c       __imp__CloseHandle@4       6601109c     kernel32:KERNEL32.dll
 0002:000000a0       __imp__FlushFileBuffers@4  660110a0     kernel32:KERNEL32.dll
 0002:000000a4       __imp__DeleteCriticalSection@4 660110a4     kernel32:KERNEL32.dll
 0002:000000a8       __imp__SetHandleCount@4    660110a8     kernel32:KERNEL32.dll
 0002:000000ac       __imp__GetStdHandle@4      660110ac     kernel32:KERNEL32.dll
 0002:000000b0       __imp__GetFileType@4       660110b0     kernel32:KERNEL32.dll
 0002:000000b4       __imp__GetStartupInfoA@4   660110b4     kernel32:KERNEL32.dll
 0002:000000b8       __imp__RtlUnwind@16        660110b8     kernel32:KERNEL32.dll
 0002:000000bc       __imp__RaiseException@16   660110bc     kernel32:KERNEL32.dll
 0002:000000c0       __imp__VirtualFree@12      660110c0     kernel32:KERNEL32.dll
 0002:000000c4       __imp__VirtualAlloc@16     660110c4     kernel32:KERNEL32.dll
 0002:000000c8       __imp__HeapReAlloc@16      660110c8     kernel32:KERNEL32.dll
 0002:000000cc       __imp__HeapCreate@12       660110cc     kernel32:KERNEL32.dll
 0002:000000d0       __imp__HeapDestroy@4       660110d0     kernel32:KERNEL32.dll
 0002:000000d4       __imp__GetModuleHandleW@4  660110d4     kernel32:KERNEL32.dll
 0002:000000d8       __imp__Sleep@4             660110d8     kernel32:KERNEL32.dll
 0002:000000dc       __imp__ExitProcess@4       660110dc     kernel32:KERNEL32.dll
 0002:000000e0       __imp__GetCPInfo@8         660110e0     kernel32:KERNEL32.dll
 0002:000000e4       __imp__InterlockedIncrement@4 660110e4     kernel32:KERNEL32.dll
 0002:000000e8       __imp__InterlockedDecrement@4 660110e8     kernel32:KERNEL32.dll
 0002:000000ec       __imp__GetACP@0            660110ec     kernel32:KERNEL32.dll
 0002:000000f0       __imp__GetOEMCP@0          660110f0     kernel32:KERNEL32.dll
 0002:000000f4       __imp__IsValidCodePage@4   660110f4     kernel32:KERNEL32.dll
 0002:000000f8       __imp__TlsGetValue@4       660110f8     kernel32:KERNEL32.dll
 0002:000000fc       __imp__TlsAlloc@0          660110fc     kernel32:KERNEL32.dll
 0002:00000100       __imp__TlsSetValue@8       66011100     kernel32:KERNEL32.dll
 0002:00000104       __imp__TlsFree@4           66011104     kernel32:KERNEL32.dll
 0002:00000108       __imp__SetLastError@4      66011108     kernel32:KERNEL32.dll
 0002:0000010c       __imp__GetFullPathNameA@16 6601110c     kernel32:KERNEL32.dll
 0002:00000110       __imp__GetCurrentDirectoryA@8 66011110     kernel32:KERNEL32.dll
 0002:00000114       __imp__FreeEnvironmentStringsA@4 66011114     kernel32:KERNEL32.dll
 0002:00000118       __imp__GetEnvironmentStrings@0 66011118     kernel32:KERNEL32.dll
 0002:0000011c       __imp__FreeEnvironmentStringsW@4 6601111c     kernel32:KERNEL32.dll
 0002:00000120       __imp__GetEnvironmentStringsW@0 66011120     kernel32:KERNEL32.dll
 0002:00000124       __imp__QueryPerformanceCounter@4 66011124     kernel32:KERNEL32.dll
 0002:00000128       __imp__GetCurrentProcessId@0 66011128     kernel32:KERNEL32.dll
 0002:0000012c       __imp__GetSystemTimeAsFileTime@4 6601112c     kernel32:KERNEL32.dll
 0002:00000130       __imp__SetFilePointer@16   66011130     kernel32:KERNEL32.dll
 0002:00000134       __imp__WriteConsoleA@20    66011134     kernel32:KERNEL32.dll
 0002:00000138       __imp__GetConsoleOutputCP@0 66011138     kernel32:KERNEL32.dll
 0002:0000013c       __imp__WriteConsoleW@20    6601113c     kernel32:KERNEL32.dll
 0002:00000140       __imp__SetStdHandle@8      66011140     kernel32:KERNEL32.dll
 0002:00000144       __imp__InitializeCriticalSectionAndSpinCount@8 66011144     kernel32:KERNEL32.dll
 0002:00000148       __imp__HeapSize@12         66011148     kernel32:KERNEL32.dll
 0002:0000014c       __imp__LCMapStringA@24     6601114c     kernel32:KERNEL32.dll
 0002:00000150       __imp__LCMapStringW@24     66011150     kernel32:KERNEL32.dll
 0002:00000154       __imp__GetStringTypeA@20   66011154     kernel32:KERNEL32.dll
 0002:00000158       __imp__GetStringTypeW@16   66011158     kernel32:KERNEL32.dll
 0002:0000015c       __imp__GetLocaleInfoA@16   6601115c     kernel32:KERNEL32.dll
 0002:00000160       __imp__GetTimeZoneInformation@4 66011160     kernel32:KERNEL32.dll
 0002:00000164       __imp__SetEndOfFile@4      66011164     kernel32:KERNEL32.dll
 0002:00000168       __imp__GetProcessHeap@0    66011168     kernel32:KERNEL32.dll
 0002:0000016c       __imp__SetEnvironmentVariableA@8 6601116c     kernel32:KERNEL32.dll
 0002:00000170       \177KERNEL32_NULL_THUNK_DATA 66011170     kernel32:KERNEL32.dll
 0002:00000174       __imp__MessageBoxA@16      66011174     user32:USER32.dll
 0002:00000178       \177USER32_NULL_THUNK_DATA 66011178     user32:USER32.dll
 0002:0000017c       ___xc_a                    6601117c     LIBCMT:crt0init.obj
 0002:00000180       ___xc_z                    66011180     LIBCMT:crt0init.obj
 0002:00000184       ___xi_a                    66011184     LIBCMT:crt0init.obj
 0002:00000198       ___xi_z                    66011198     LIBCMT:crt0init.obj
 0002:0000019c       ___xp_a                    6601119c     LIBCMT:crt0init.obj
 0002:000001a8       ___xp_z                    660111a8     LIBCMT:crt0init.obj
 0002:000001ac       ___xt_a                    660111ac     LIBCMT:crt0init.obj
 0002:000001b0       ___xt_z                    660111b0     LIBCMT:crt0init.obj
 0002:000005b0       ??_C@_0P@GHFPNOJB@bad?5allocation?$AA@ 660115b0     LIBCMT:new.obj
 0002:000005c4       ??_7bad_alloc@std@@6B@     660115c4     LIBCMT:new.obj
 0002:000005cc       ??_C@_03LLEJOLGL@?4?1?2?$AA@ 660115cc     LIBCMT:stati32.obj
 0002:000005d0       ??_C@_02EAOCEIGI@?$DP?$CK?$AA@ 660115d0     LIBCMT:stati32.obj
 0002:000005d4       __pRawDllMain              660115d4     LIBCMT:dllcrt0.obj
 0002:000005d4       __pDefaultRawDllMain       660115d4     LIBCMT:dllcrt0.obj
 0002:000005e0       ??_C@_1O@CEDCILHN@?$AA?$CI?$AAn?$AAu?$AAl?$AAl?$AA?$CJ?$AA?$AA@ 660115e0     LIBCMT:output.obj
 0002:000005f0       ??_C@_06OJHGLDPL@?$CInull?$CJ?$AA@ 660115f0     LIBCMT:output.obj
 0002:000005f8       ___lookuptable             660115f8     LIBCMT:output.obj
 0002:00000678       ??_7exception@std@@6B@     66011678     LIBCMT:stdexcpt.obj
 0002:00000680       ??_C@_0BC@EOODALEL@Unknown?5exception?$AA@ 66011680     LIBCMT:stdexcpt.obj
 0002:00000698       ??_7type_info@@6B@         66011698     LIBCMT:typinfo.obj
 0002:000006bc       ??_C@_0P@MIGLKIOC@CorExitProcess?$AA@ 660116bc     LIBCMT:crt0dat.obj
 0002:000006cc       ??_C@_1BI@BGOHAHKC@?$AAm?$AAs?$AAc?$AAo?$AAr?$AAe?$AAe?$AA?4?$AAd?$AAl?$AAl?$AA?$AA@ 660116cc     LIBCMT:crt0dat.obj
 0002:000006e4       ??_C@_0P@GGKDKEEG@runtime?5error?5?$AA@ 660116e4     LIBCMT:crt0msg.obj
 0002:000006f4       ??_C@_02PCIJFNDE@?$AN?6?$AA@ 660116f4     LIBCMT:crt0msg.obj
 0002:000006f8       ??_C@_0O@MJNIPGOH@TLOSS?5error?$AN?6?$AA@ 660116f8     LIBCMT:crt0msg.obj
 0002:00000708       ??_C@_0N@BONNPDHF@SING?5error?$AN?6?$AA@ 66011708     LIBCMT:crt0msg.obj
 0002:00000718       ??_C@_0P@MBDAJNE@DOMAIN?5error?$AN?6?$AA@ 66011718     LIBCMT:crt0msg.obj
 0002:00000728       ??_C@_0JL@DFDOOABL@R6034?$AN?6An?5application?5has?5made?5a@ 66011728     LIBCMT:crt0msg.obj
 0002:000007c8       ??_C@_0PH@EPAFIJ@R6033?$AN?6?9?5Attempt?5to?5use?5MSIL?5cod@ 660117c8     LIBCMT:crt0msg.obj
 0002:000008c0       ??_C@_0DD@BKEEABMM@R6032?$AN?6?9?5not?5enough?5space?5for?5lo@ 660118c0     LIBCMT:crt0msg.obj
 0002:000008f8       ??_C@_0GD@OFKILIED@R6031?$AN?6?9?5Attempt?5to?5initialize?5t@ 660118f8     LIBCMT:crt0msg.obj
 0002:0000095c       ??_C@_0BP@LPMHJOKI@R6030?$AN?6?9?5CRT?5not?5initialized?$AN?6?$AA@ 6601195c     LIBCMT:crt0msg.obj
 0002:0000097c       ??_C@_0CF@KJDAIALP@R6028?$AN?6?9?5unable?5to?5initialize?5he@ 6601197c     LIBCMT:crt0msg.obj
 0002:000009a4       ??_C@_0DF@GAKBPDFP@R6027?$AN?6?9?5not?5enough?5space?5for?5lo@ 660119a4     LIBCMT:crt0msg.obj
 0002:000009dc       ??_C@_0DF@IBLNNAIG@R6026?$AN?6?9?5not?5enough?5space?5for?5st@ 660119dc     LIBCMT:crt0msg.obj
 0002:00000a14       ??_C@_0CG@IOHKGFNJ@R6025?$AN?6?9?5pure?5virtual?5function?5c@ 66011a14     LIBCMT:crt0msg.obj
 0002:00000a3c       ??_C@_0DF@JIJJFJDC@R6024?$AN?6?9?5not?5enough?5space?5for?5_o@ 66011a3c     LIBCMT:crt0msg.obj
 0002:00000a74       ??_C@_0CJ@EGEJHFME@R6019?$AN?6?9?5unable?5to?5open?5console?5@ 66011a74     LIBCMT:crt0msg.obj
 0002:00000aa0       ??_C@_0CB@GNHNIELH@R6018?$AN?6?9?5unexpected?5heap?5error?$AN?6@ 66011aa0     LIBCMT:crt0msg.obj
 0002:00000ac4       ??_C@_0CN@FOLDKNG@R6017?$AN?6?9?5unexpected?5multithread?5@ 66011ac4     LIBCMT:crt0msg.obj
 0002:00000af4       ??_C@_0CM@FAHFJNHO@R6016?$AN?6?9?5not?5enough?5space?5for?5th@ 66011af4     LIBCMT:crt0msg.obj
 0002:00000b20       ??_C@_0JG@LBKMGKLD@?$AN?6This?5application?5has?5requested@ 66011b20     LIBCMT:crt0msg.obj
 0002:00000bb8       ??_C@_0CM@FLCNIPKK@R6009?$AN?6?9?5not?5enough?5space?5for?5en@ 66011bb8     LIBCMT:crt0msg.obj
 0002:00000be4       ??_C@_0CK@KMMJOAPP@R6008?$AN?6?9?5not?5enough?5space?5for?5ar@ 66011be4     LIBCMT:crt0msg.obj
 0002:00000c10       ??_C@_0CN@LEKKICBM@R6002?$AN?6?9?5floating?5point?5support?5@ 66011c10     LIBCMT:crt0msg.obj
 0002:00000c40       ??_C@_0CF@GOGNBNAK@Microsoft?5Visual?5C?$CL?$CL?5Runtime?5Lib@ 66011c40     LIBCMT:crt0msg.obj
 0002:00000c68       ??_C@_02PHMGELLB@?6?6?$AA@ 66011c68     LIBCMT:crt0msg.obj
 0002:00000c6c       ??_C@_03KHICJKCI@?4?4?4?$AA@ 66011c6c     LIBCMT:crt0msg.obj
 0002:00000c70       ??_C@_0BH@DNAGHKFM@?$DMprogram?5name?5unknown?$DO?$AA@ 66011c70     LIBCMT:crt0msg.obj
 0002:00000c88       ??_C@_0BK@OFGJDLJJ@Runtime?5Error?$CB?6?6Program?3?5?$AA@ 66011c88     LIBCMT:crt0msg.obj
 0002:00000d28       ??_C@_01NEMOKFLO@?$DN?$AA@ 66011d28     LIBCMT:setlocal.obj
 0002:00000d2a       ??_C@_00CNPNBAHC@?$AA@     66011d2a     LIBCMT:setlocal.obj
 0002:00000d2c       ??_C@_0O@NLDKAIKN@EncodePointer?$AA@ 66011d2c     LIBCMT:tidtable.obj
 0002:00000d3c       ??_C@_1BK@DBDEIDLH@?$AAK?$AAE?$AAR?$AAN?$AAE?$AAL?$AA3?$AA2?$AA?4?$AAD?$AAL?$AAL?$AA?$AA@ 66011d3c     LIBCMT:tidtable.obj
 0002:00000d58       ??_C@_0O@KBPMFGHI@DecodePointer?$AA@ 66011d58     LIBCMT:tidtable.obj
 0002:00000d68       ??_C@_07PEJMOBNF@FlsFree?$AA@ 66011d68     LIBCMT:tidtable.obj
 0002:00000d70       ??_C@_0M@JCPCPOEF@FlsSetValue?$AA@ 66011d70     LIBCMT:tidtable.obj
 0002:00000d7c       ??_C@_0M@GDNOONDI@FlsGetValue?$AA@ 66011d7c     LIBCMT:tidtable.obj
 0002:00000d88       ??_C@_08KNHFBNJ@FlsAlloc?$AA@ 66011d88     LIBCMT:tidtable.obj
 0002:00000d94       ??_C@_04PNGHFIJN@?4com?$AA@ 66011d94     LIBCMT:stat.obj
 0002:00000d9c       ??_C@_04NEEFLLOK@?4bat?$AA@ 66011d9c     LIBCMT:stat.obj
 0002:00000da4       ??_C@_04CPCBDHLK@?4cmd?$AA@ 66011da4     LIBCMT:stat.obj
 0002:00000dac       ??_C@_04JLMDILM@?4exe?$AA@ 66011dac     LIBCMT:stat.obj
 0002:00000db8       __XcptActTab               66011db8     LIBCMT:winxfltr.obj
 0002:00000e30       ___lookuptable_s           66011e30     LIBCMT:outputs.obj
 0002:00000e8c       ??_C@_0BI@DFKBFLJE@GetProcessWindowStation?$AA@ 66011e8c     LIBCMT:crtmbox.obj
 0002:00000ea4       ??_C@_0BK@CIDNPOGP@GetUserObjectInformationA?$AA@ 66011ea4     LIBCMT:crtmbox.obj
 0002:00000ec0       ??_C@_0BD@HHGDFDBJ@GetLastActivePopup?$AA@ 66011ec0     LIBCMT:crtmbox.obj
 0002:00000ed4       ??_C@_0BA@HNOPNCHB@GetActiveWindow?$AA@ 66011ed4     LIBCMT:crtmbox.obj
 0002:00000ee4       ??_C@_0M@CHKKJDAI@MessageBoxA?$AA@ 66011ee4     LIBCMT:crtmbox.obj
 0002:00000ef0       ??_C@_0L@NDEGIDAG@USER32?4DLL?$AA@ 66011ef0     LIBCMT:crtmbox.obj
 0002:00000efc       ??_C@_13NOLLCAOD@?$AA?$AA?$AA?$AA@ 66011efc     LIBCMT:a_map.obj
 0002:00000f00       ___newctype                66011f00     LIBCMT:ctype.obj
 0002:00001200       __wctype                   66012200     LIBCMT:ctype.obj
 0002:00001408       ___newclmap                66012408     LIBCMT:ctype.obj
 0002:00001588       ___newcumap                66012588     LIBCMT:ctype.obj
 0002:00001708       ??_C@_08JCCMCCIL@HH?3mm?3ss?$AA@ 66012708     LIBCMT:strftime.obj
 0002:00001714       ??_C@_0BE@CKGJFCPC@dddd?0?5MMMM?5dd?0?5yyyy?$AA@ 66012714     LIBCMT:strftime.obj
 0002:00001728       ??_C@_08BPBNCDIB@MM?1dd?1yy?$AA@ 66012728     LIBCMT:strftime.obj
 0002:00001734       ??_C@_02CJNFDJBF@PM?$AA@   66012734     LIBCMT:strftime.obj
 0002:00001738       ??_C@_02DEDBPAFC@AM?$AA@   66012738     LIBCMT:strftime.obj
 0002:0000173c       ??_C@_08EDHMEBNP@December?$AA@ 6601273c     LIBCMT:strftime.obj
 0002:00001748       ??_C@_08HCHEGEOA@November?$AA@ 66012748     LIBCMT:strftime.obj
 0002:00001754       ??_C@_07JJNFCEND@October?$AA@ 66012754     LIBCMT:strftime.obj
 0002:0000175c       ??_C@_09BHHEALKD@September?$AA@ 6601275c     LIBCMT:strftime.obj
 0002:00001768       ??_C@_06LBBHFDDG@August?$AA@ 66012768     LIBCMT:strftime.obj
 0002:00001770       ??_C@_04MIEPOIFP@July?$AA@ 66012770     LIBCMT:strftime.obj
 0002:00001778       ??_C@_04CNLMGBGM@June?$AA@ 66012778     LIBCMT:strftime.obj
 0002:00001780       ??_C@_05DMJDNLEJ@April?$AA@ 66012780     LIBCMT:strftime.obj
 0002:00001788       ??_C@_05HPCKOFNC@March?$AA@ 66012788     LIBCMT:strftime.obj
 0002:00001790       ??_C@_08GNJGEPFN@February?$AA@ 66012790     LIBCMT:strftime.obj
 0002:0000179c       ??_C@_07CGJPFGJA@January?$AA@ 6601279c     LIBCMT:strftime.obj
 0002:000017a4       ??_C@_03MKABNOCG@Dec?$AA@  660127a4     LIBCMT:strftime.obj
 0002:000017a8       ??_C@_03JPJOFNIA@Nov?$AA@  660127a8     LIBCMT:strftime.obj
 0002:000017ac       ??_C@_03BMAOKBAD@Oct?$AA@  660127ac     LIBCMT:strftime.obj
 0002:000017b0       ??_C@_03GGCAPAJC@Sep?$AA@  660127b0     LIBCMT:strftime.obj
 0002:000017b4       ??_C@_03IFJFEIGA@Aug?$AA@  660127b4     LIBCMT:strftime.obj
 0002:000017b8       ??_C@_03LBGABGKK@Jul?$AA@  660127b8     LIBCMT:strftime.obj
 0002:000017bc       ??_C@_03IDFGHECI@Jun?$AA@  660127bc     LIBCMT:strftime.obj
 0002:000017c0       ??_C@_03CNMDKL@May?$AA@    660127c0     LIBCMT:strftime.obj
 0002:000017c4       ??_C@_03LEOLGMJP@Apr?$AA@  660127c4     LIBCMT:strftime.obj
 0002:000017c8       ??_C@_03ODNJBKGA@Mar?$AA@  660127c8     LIBCMT:strftime.obj
 0002:000017cc       ??_C@_03HJBDCHOM@Feb?$AA@  660127cc     LIBCMT:strftime.obj
 0002:000017d0       ??_C@_03JIHJHPIE@Jan?$AA@  660127d0     LIBCMT:strftime.obj
 0002:000017d4       ??_C@_08INBOOONO@Saturday?$AA@ 660127d4     LIBCMT:strftime.obj
 0002:000017e0       ??_C@_06JECMNKMI@Friday?$AA@ 660127e0     LIBCMT:strftime.obj
 0002:000017e8       ??_C@_08HACCIKIA@Thursday?$AA@ 660127e8     LIBCMT:strftime.obj
 0002:000017f4       ??_C@_09DLIGFAKA@Wednesday?$AA@ 660127f4     LIBCMT:strftime.obj
 0002:00001800       ??_C@_07BAAGCFCM@Tuesday?$AA@ 66012800     LIBCMT:strftime.obj
 0002:00001808       ??_C@_06JLEDEDGH@Monday?$AA@ 66012808     LIBCMT:strftime.obj
 0002:00001810       ??_C@_06OOPIFAJ@Sunday?$AA@ 66012810     LIBCMT:strftime.obj
 0002:00001818       ??_C@_03FEFJNEK@Sat?$AA@   66012818     LIBCMT:strftime.obj
 0002:0000181c       ??_C@_03IDIOELNC@Fri?$AA@  6601281c     LIBCMT:strftime.obj
 0002:00001820       ??_C@_03IOFIKPDN@Thu?$AA@  66012820     LIBCMT:strftime.obj
 0002:00001824       ??_C@_03MHOMLAJA@Wed?$AA@  66012824     LIBCMT:strftime.obj
 0002:00001828       ??_C@_03NAGEINEP@Tue?$AA@  66012828     LIBCMT:strftime.obj
 0002:0000182c       ??_C@_03PDAGKDH@Mon?$AA@   6601282c     LIBCMT:strftime.obj
 0002:00001830       ??_C@_03KOEHGMDN@Sun?$AA@  66012830     LIBCMT:strftime.obj
 0002:00001834       ??_C@_02CLFPBFFP@TZ?$AA@   66012834     LIBCMT:tzset.obj
 0002:00001838       ___dnames                  66012838     LIBCMT:timeset.obj
 0002:00001850       ___mnames                  66012850     LIBCMT:timeset.obj
 0002:00001878       ??_C@_07GPDNMNG@CONOUT$?$AA@ 66012878     LIBCMT:initcon.obj
 0002:00001880       ??_C@_0BK@CFCOFLF@?5Complete?5Object?5Locator?8?$AA@ 66012880     LIBCMT:undname.obj
 0002:0000189c       ??_C@_0BN@MECKDCOJ@?5Class?5Hierarchy?5Descriptor?8?$AA@ 6601289c     LIBCMT:undname.obj
 0002:000018bc       ??_C@_0BD@LGICGFMM@?5Base?5Class?5Array?8?$AA@ 660128bc     LIBCMT:undname.obj
 0002:000018d0       ??_C@_0BM@LDKODKLH@?5Base?5Class?5Descriptor?5at?5?$CI?$AA@ 660128d0     LIBCMT:undname.obj
 0002:000018ec       ??_C@_0BC@DAFEJGAK@?5Type?5Descriptor?8?$AA@ 660128ec     LIBCMT:undname.obj
 0002:00001900       ??_C@_0BM@PMGGMLDN@?$GAlocal?5static?5thread?5guard?8?$AA@ 66012900     LIBCMT:undname.obj
 0002:0000191c       ??_C@_0CL@FGIJHLCE@?$GAmanaged?5vector?5copy?5constructor@ 6601291c     LIBCMT:undname.obj
 0002:00001948       ??_C@_0CJ@GJELGAMM@?$GAvector?5vbase?5copy?5constructor?5i@ 66012948     LIBCMT:undname.obj
 0002:00001974       ??_C@_0CD@CGAJBKEJ@?$GAvector?5copy?5constructor?5iterato@ 66012974     LIBCMT:undname.obj
 0002:00001998       ??_C@_0CB@PDBIFEP@?$GAdynamic?5atexit?5destructor?5for?5?8@ 66012998     LIBCMT:undname.obj
 0002:000019bc       ??_C@_0BL@CLIPGLGB@?$GAdynamic?5initializer?5for?5?8?$AA@ 660129bc     LIBCMT:undname.obj
 0002:000019d8       ??_C@_0CM@FCBBDIGB@?$GAeh?5vector?5vbase?5copy?5constructo@ 660129d8     LIBCMT:undname.obj
 0002:00001a04       ??_C@_0CG@HLDDJMAG@?$GAeh?5vector?5copy?5constructor?5iter@ 66012a04     LIBCMT:undname.obj
 0002:00001a2c       ??_C@_0CF@IMGKMJNO@?$GAmanaged?5vector?5destructor?5itera@ 66012a2c     LIBCMT:undname.obj
 0002:00001a54       ??_C@_0CG@CFDHKGGD@?$GAmanaged?5vector?5constructor?5iter@ 66012a54     LIBCMT:undname.obj
 0002:00001a7c       ??_C@_0BN@CKNJLHMB@?$GAplacement?5delete?$FL?$FN?5closure?8?$AA@ 66012a7c     LIBCMT:undname.obj
 0002:00001a9c       ??_C@_0BL@CNOONJFP@?$GAplacement?5delete?5closure?8?$AA@ 66012a9c     LIBCMT:undname.obj
 0002:00001ab8       ??_C@_0P@HJKNJFNN@?$GAomni?5callsig?8?$AA@ 66012ab8     LIBCMT:undname.obj
 0002:00001ac8       ??_C@_09LBNFPBCA@?5delete?$FL?$FN?$AA@ 66012ac8     LIBCMT:undname.obj
 0002:00001ad4       ??_C@_06FHBGPFGH@?5new?$FL?$FN?$AA@ 66012ad4     LIBCMT:undname.obj
 0002:00001adc       ??_C@_0CE@IIHCMGGL@?$GAlocal?5vftable?5constructor?5closu@ 66012adc     LIBCMT:undname.obj
 0002:00001b00       ??_C@_0BA@KKLDJDLB@?$GAlocal?5vftable?8?$AA@ 66012b00     LIBCMT:undname.obj
 0002:00001b10       ??_C@_05KHLCHHI@?$GARTTI?$AA@ 66012b10     LIBCMT:undname.obj
 0002:00001b18       ??_C@_03KLGMFNMG@?$GAEH?$AA@ 66012b18     LIBCMT:undname.obj
 0002:00001b1c       ??_C@_0BA@KBCDOMBN@?$GAudt?5returning?8?$AA@ 66012b1c     LIBCMT:undname.obj
 0002:00001b2c       ??_C@_0BL@LLKPOHJI@?$GAcopy?5constructor?5closure?8?$AA@ 66012b2c     LIBCMT:undname.obj
 0002:00001b48       ??_C@_0CH@OOJPLCPH@?$GAeh?5vector?5vbase?5constructor?5ite@ 66012b48     LIBCMT:undname.obj
 0002:00001b70       ??_C@_0CA@GCEOPDGL@?$GAeh?5vector?5destructor?5iterator?8?$AA@ 66012b70     LIBCMT:undname.obj
 0002:00001b90       ??_C@_0CB@JONCMFFK@?$GAeh?5vector?5constructor?5iterator?8@ 66012b90     LIBCMT:undname.obj
 0002:00001bb4       ??_C@_0BL@NILFHHPC@?$GAvirtual?5displacement?5map?8?$AA@ 66012bb4     LIBCMT:undname.obj
 0002:00001bd0       ??_C@_0CE@IKBNEHA@?$GAvector?5vbase?5constructor?5iterat@ 66012bd0     LIBCMT:undname.obj
 0002:00001bf4       ??_C@_0BN@LFPFMEDL@?$GAvector?5destructor?5iterator?8?$AA@ 66012bf4     LIBCMT:undname.obj
 0002:00001c14       ??_C@_0BO@PFGOCPJJ@?$GAvector?5constructor?5iterator?8?$AA@ 66012c14     LIBCMT:undname.obj
 0002:00001c34       ??_C@_0BN@IMDCHIKM@?$GAscalar?5deleting?5destructor?8?$AA@ 66012c34     LIBCMT:undname.obj
 0002:00001c54       ??_C@_0BO@OBMKPJIG@?$GAdefault?5constructor?5closure?8?$AA@ 66012c54     LIBCMT:undname.obj
 0002:00001c74       ??_C@_0BN@DEGPLNFK@?$GAvector?5deleting?5destructor?8?$AA@ 66012c74     LIBCMT:undname.obj
 0002:00001c94       ??_C@_0BD@JDLKDPAB@?$GAvbase?5destructor?8?$AA@ 66012c94     LIBCMT:undname.obj
 0002:00001ca8       ??_C@_08OBABFOLI@?$GAstring?8?$AA@ 66012ca8     LIBCMT:undname.obj
 0002:00001cb4       ??_C@_0BF@KDPPACIK@?$GAlocal?5static?5guard?8?$AA@ 66012cb4     LIBCMT:undname.obj
 0002:00001ccc       ??_C@_08LLFFHHDJ@?$GAtypeof?8?$AA@ 66012ccc     LIBCMT:undname.obj
 0002:00001cd8       ??_C@_07FEEIOKP@?$GAvcall?8?$AA@ 66012cd8     LIBCMT:undname.obj
 0002:00001ce0       ??_C@_09BLBHBJP@?$GAvbtable?8?$AA@ 66012ce0     LIBCMT:undname.obj
 0002:00001cec       ??_C@_09IFPLHPGF@?$GAvftable?8?$AA@ 66012cec     LIBCMT:undname.obj
 0002:00001cf8       ??_C@_02MHEGNOJ@?$FO?$DN?$AA@ 66012cf8     LIBCMT:undname.obj
 0002:00001cfc       ??_C@_02DHLNPPGH@?$HM?$DN?$AA@ 66012cfc     LIBCMT:undname.obj
 0002:00001d00       ??_C@_02FGJGFEAB@?$CG?$DN?$AA@ 66012d00     LIBCMT:undname.obj
 0002:00001d04       ??_C@_03CDNPDDLA@?$DM?$DM?$DN?$AA@ 66012d04     LIBCMT:undname.obj
 0002:00001d08       ??_C@_03IKFCCPFF@?$DO?$DO?$DN?$AA@ 66012d08     LIBCMT:undname.obj
 0002:00001d0c       ??_C@_02FENAOKFI@?$CF?$DN?$AA@ 66012d0c     LIBCMT:undname.obj
 0002:00001d10       ??_C@_02FJEHGPIO@?1?$DN?$AA@ 66012d10     LIBCMT:undname.obj
 0002:00001d14       ??_C@_02FKMDLLOA@?9?$DN?$AA@ 66012d14     LIBCMT:undname.obj
 0002:00001d18       ??_C@_02FOEOMHFC@?$CL?$DN?$AA@ 66012d18     LIBCMT:undname.obj
 0002:00001d1c       ??_C@_02FPIMKNGF@?$CK?$DN?$AA@ 66012d1c     LIBCMT:undname.obj
 0002:00001d20       ??_C@_02NONPIBCD@?$HM?$HM?$AA@ 66012d20     LIBCMT:undname.obj
 0002:00001d24       ??_C@_02PPKAJPJL@?$CG?$CG?$AA@ 66012d24     LIBCMT:undname.obj
 0002:00001d28       ??_C@_01DNKMNLPK@?$HM?$AA@ 66012d28     LIBCMT:undname.obj
 0002:00001d2c       ??_C@_01JKBOJNNK@?$FO?$AA@ 66012d2c     LIBCMT:undname.obj
 0002:00001d30       ??_C@_01PJKLJHI@?$HO?$AA@  66012d30     LIBCMT:undname.obj
 0002:00001d34       ??_C@_02HCKGKOFO@?$CI?$CJ?$AA@ 66012d34     LIBCMT:undname.obj
 0002:00001d38       ??_C@_01IHBHIGKO@?0?$AA@   66012d38     LIBCMT:undname.obj
 0002:00001d3c       ??_C@_02EEKDKGMJ@?$DO?$DN?$AA@ 66012d3c     LIBCMT:undname.obj
 0002:00001d40       ??_C@_01PPODPGHN@?$DO?$AA@ 66012d40     LIBCMT:undname.obj
 0002:00001d44       ??_C@_02EHCHHCKH@?$DM?$DN?$AA@ 66012d44     LIBCMT:undname.obj
 0002:00001d48       ??_C@_01MNNFJEPP@?$DM?$AA@ 66012d48     LIBCMT:undname.obj
 0002:00001d4c       ??_C@_01FGNFDNOH@?$CF?$AA@ 66012d4c     LIBCMT:undname.obj
 0002:00001d50       ??_C@_01KMDKNFGN@?1?$AA@   66012d50     LIBCMT:undname.obj
 0002:00001d54       ??_C@_03MNHNFDLC@?9?$DO?$CK?$AA@ 66012d54     LIBCMT:undname.obj
 0002:00001d58       ??_C@_01HNPIGOCE@?$CG?$AA@ 66012d58     LIBCMT:undname.obj
 0002:00001d5c       ??_C@_01MIFGBAGJ@?$CL?$AA@ 66012d5c     LIBCMT:undname.obj
 0002:00001d60       ??_C@_01JOAMLHOP@?9?$AA@   66012d60     LIBCMT:undname.obj
 0002:00001d64       ??_C@_02BAABKJLB@?9?9?$AA@ 66012d64     LIBCMT:undname.obj
 0002:00001d68       ??_C@_02ECNGHCIF@?$CL?$CL?$AA@ 66012d68     LIBCMT:undname.obj
 0002:00001d6c       ??_C@_01NBENCBCI@?$CK?$AA@ 66012d6c     LIBCMT:undname.obj
 0002:00001d70       ??_C@_02HBOOOICD@?9?$DO?$AA@ 66012d70     LIBCMT:undname.obj
 0002:00001d74       ??_C@_08LHJFAFGD@operator?$AA@ 66012d74     LIBCMT:undname.obj
 0002:00001d80       ??_C@_02GPECMEKF@?$FL?$FN?$AA@ 66012d80     LIBCMT:undname.obj
 0002:00001d84       ??_C@_02FDNJECIE@?$CB?$DN?$AA@ 66012d84     LIBCMT:undname.obj
 0002:00001d88       ??_C@_02EGOFBIJA@?$DN?$DN?$AA@ 66012d88     LIBCMT:undname.obj
 0002:00001d8c       ??_C@_01DCLJPIOD@?$CB?$AA@ 66012d8c     LIBCMT:undname.obj
 0002:00001d90       ??_C@_02FODMEDOG@?$DM?$DM?$AA@ 66012d90     LIBCMT:undname.obj
 0002:00001d94       ??_C@_02GPIOPFAK@?$DO?$DO?$AA@ 66012d94     LIBCMT:undname.obj
 0002:00001d98       ??_C@_07FPCDHGMM@?5delete?$AA@ 66012d98     LIBCMT:undname.obj
 0002:00001da0       ??_C@_04NIHEBCM@?5new?$AA@ 66012da0     LIBCMT:undname.obj
 0002:00001da8       ??_C@_0M@GFIIJFMG@__unaligned?$AA@ 66012da8     LIBCMT:undname.obj
 0002:00001db4       ??_C@_0L@PILCLIHE@__restrict?$AA@ 66012db4     LIBCMT:undname.obj
 0002:00001dc0       ??_C@_07JOMMBBKO@__ptr64?$AA@ 66012dc0     LIBCMT:undname.obj
 0002:00001dc8       ??_C@_09HIJEGCPM@__clrcall?$AA@ 66012dc8     LIBCMT:undname.obj
 0002:00001dd4       ??_C@_0L@JMKHOMEK@__fastcall?$AA@ 66012dd4     LIBCMT:undname.obj
 0002:00001de0       ??_C@_0L@NPHFGOKO@__thiscall?$AA@ 66012de0     LIBCMT:undname.obj
 0002:00001dec       ??_C@_09IFJBGAPI@__stdcall?$AA@ 66012dec     LIBCMT:undname.obj
 0002:00001df8       ??_C@_08GHMPAG@__pascal?$AA@ 66012df8     LIBCMT:undname.obj
 0002:00001e04       ??_C@_07KOLFKCDI@__cdecl?$AA@ 66012e04     LIBCMT:undname.obj
 0002:00001e0c       ??_C@_08EHJDFFNH@__based?$CI?$AA@ 66012e0c     LIBCMT:undname.obj
 0002:00001f98       __load_config_used         66012f98     LIBCMT:loadcfg.obj
 0002:00001fe0       ??_R4bad_alloc@std@@6B@    66012fe0     LIBCMT:new.obj
 0002:00001ff4       ??_R3bad_alloc@std@@8      66012ff4     LIBCMT:new.obj
 0002:00002004       ??_R2bad_alloc@std@@8      66013004     LIBCMT:new.obj
 0002:00002010       ??_R1A@?0A@EA@bad_alloc@std@@8 66013010     LIBCMT:new.obj
 0002:0000202c       ??_R1A@?0A@EA@exception@std@@8 6601302c     LIBCMT:new.obj
 0002:00002048       ??_R3exception@std@@8      66013048     LIBCMT:new.obj
 0002:00002058       ??_R2exception@std@@8      66013058     LIBCMT:new.obj
 0002:00002060       ??_R4exception@std@@6B@    66013060     LIBCMT:stdexcpt.obj
 0002:00002074       ??_R4type_info@@6B@        66013074     LIBCMT:typinfo.obj
 0002:00002088       ??_R3type_info@@8          66013088     LIBCMT:typinfo.obj
 0002:00002098       ??_R2type_info@@8          66013098     LIBCMT:typinfo.obj
 0002:000020a0       ??_R1A@?0A@EA@type_info@@8 660130a0     LIBCMT:typinfo.obj
 0002:000020c0       ___safe_se_handler_table   660130c0     <linker-defined>
 0002:000020cc       ___rtc_iaa                 660130cc     LIBCMT:_initsect_.obj
 0002:000020d0       ___rtc_izz                 660130d0     LIBCMT:_initsect_.obj
 0002:000020d4       ___rtc_taa                 660130d4     LIBCMT:_initsect_.obj
 0002:000020d8       ___rtc_tzz                 660130d8     LIBCMT:_initsect_.obj
 0002:000021c4       __TI2?AVbad_alloc@std@@    660131c4     LIBCMT:new.obj
 0002:000021d4       __CTA2?AVbad_alloc@std@@   660131d4     LIBCMT:new.obj
 0002:000021e0       __CT??_R0?AVbad_alloc@std@@@8??0bad_alloc@std@@QAE@ABV01@@Z12 660131e0     LIBCMT:new.obj
 0002:000021fc       __CT??_R0?AVexception@std@@@8??0exception@std@@QAE@ABV01@@Z12 660131fc     LIBCMT:new.obj
 0002:000026ac       __IMPORT_DESCRIPTOR_KERNEL32 660136ac     kernel32:KERNEL32.dll
 0002:000026c0       __IMPORT_DESCRIPTOR_USER32 660136c0     user32:USER32.dll
 0002:000026d4       __IMPORT_DESCRIPTOR_ADVAPI32 660136d4     advapi32:ADVAPI32.dll
 0002:000026e8       __NULL_IMPORT_DESCRIPTOR   660136e8     kernel32:KERNEL32.dll
 0003:00000000       ?addr_storm@@3PAUHINSTANCE__@@A 66014000     dllmain.obj
 0003:00000004       ?addr_d2client@@3PAUHINSTANCE__@@A 66014004     dllmain.obj
 0003:00000008       ?addr_d2common@@3PAUHINSTANCE__@@A 66014008     dllmain.obj
 0003:0000000c       ?addr_d2gfx@@3PAUHINSTANCE__@@A 6601400c     dllmain.obj
 0003:00000010       ?addr_d2win@@3PAUHINSTANCE__@@A 66014010     dllmain.obj
 0003:00000014       ?addr_d2lang@@3PAUHINSTANCE__@@A 66014014     dllmain.obj
 0003:00000018       ?addr_d2cmp@@3PAUHINSTANCE__@@A 66014018     dllmain.obj
 0003:0000001c       ?addr_bnclient@@3PAUHINSTANCE__@@A 6601401c     dllmain.obj
 0003:00000020       ?addr_d2net@@3PAUHINSTANCE__@@A 66014020     dllmain.obj
 0003:00000024       ?addr_fog@@3PAUHINSTANCE__@@A 66014024     dllmain.obj
 0003:00000028       ?addr_d2game@@3PAUHINSTANCE__@@A 66014028     dllmain.obj
 0003:0000002c       ?addr_d2launch@@3PAUHINSTANCE__@@A 6601402c     dllmain.obj
 0003:00000030       ?addr_d2gdi@@3PAUHINSTANCE__@@A 66014030     dllmain.obj
 0003:00000034       ?addr_d2sound@@3PAUHINSTANCE__@@A 66014034     dllmain.obj
 0003:00000038       ?addr_d2multi@@3PAUHINSTANCE__@@A 66014038     dllmain.obj
 0003:0000003c       ?addr_d2mcpclient@@3PAUHINSTANCE__@@A 6601403c     dllmain.obj
 0003:00000040       ___security_cookie         66014040     LIBCMT:gs_cookie.obj
 0003:00000044       ___security_cookie_complement 66014044     LIBCMT:gs_cookie.obj
 0003:00000054       ??_R0?AVbad_alloc@std@@@8  66014054     LIBCMT:new.obj
 0003:00000070       ??_R0?AVexception@std@@@8  66014070     LIBCMT:new.obj
 0003:00000200       __iob                      66014200     LIBCMT:_file.obj
 0003:00000480       __lookuptrailbytes         66014480     LIBCMT:read.obj
 0003:000006a0       ___nullstring              660146a0     LIBCMT:output.obj
 0003:000006a4       ___wnullstring             660146a4     LIBCMT:output.obj
 0003:000006a8       ___badioinfo               660146a8     LIBCMT:ioinit.obj
 0003:000006f0       ??_R0?AVtype_info@@@8      660146f0     LIBCMT:typinfo.obj
 0003:00000708       __amblksiz                 66014708     LIBCMT:heapinit.obj
 0003:0000070c       __aexit_rtn                6601470c     LIBCMT:crt0dat.obj
 0003:000007c8       ___initialmbcinfo          660147c8     LIBCMT:mbctype.obj
 0003:000009e8       __mbctype                  660149e8     LIBCMT:mbctype.obj
 0003:00000af0       __mbcasemap                66014af0     LIBCMT:mbctype.obj
 0003:00000bf0       ___ptmbcinfo               66014bf0     LIBCMT:mbctype.obj
 0003:00000cec       ___globallocalestatus      66014cec     LIBCMT:glstatus.obj
 0003:00000cf0       ___clocalestr              66014cf0     LIBCMT:nlsdata2.obj
 0003:00000cf8       ___initiallocinfo          66014cf8     LIBCMT:nlsdata2.obj
 0003:00000dd0       ___ptlocinfo               66014dd0     LIBCMT:nlsdata2.obj
 0003:00000dd4       ___lc_clike                66014dd4     LIBCMT:nlsdata2.obj
 0003:00000dd8       ___initiallocalestructinfo 66014dd8     LIBCMT:nlsdata2.obj
 0003:00000de0       ___flsindex                66014de0     LIBCMT:tidtable.obj
 0003:00000de4       ___getvalueindex           66014de4     LIBCMT:tidtable.obj
 0003:00000df0       __First_FPE_Indx           66014df0     LIBCMT:winxfltr.obj
 0003:00000df4       __Num_FPE                  66014df4     LIBCMT:winxfltr.obj
 0003:00000df8       __XcptActTabSize           66014df8     LIBCMT:winxfltr.obj
 0003:00000dfc       __XcptActTabCount          66014dfc     LIBCMT:winxfltr.obj
 0003:00000e04       __cfltcvt_tab              66014e04     LIBCMT:cmiscdat.obj
 0003:00000e30       __NLG_Destination          66014e30     LIBCMT:exsup.obj
 0003:00000e50       __pctype                   66014e50     LIBCMT:ctype.obj
 0003:00000e54       __pwctype                  66014e54     LIBCMT:ctype.obj
 0003:00000e58       ___lc_time_c               66014e58     LIBCMT:strftime.obj
 0003:00000f10       ___lc_time_curr            66014f10     LIBCMT:strftime.obj
 0003:00000f14       ___lconv_static_decimal    66014f14     LIBCMT:lconv.obj
 0003:00000f18       ___lconv_c                 66014f18     LIBCMT:lconv.obj
 0003:00000f48       ___lconv                   66014f48     LIBCMT:lconv.obj
 0003:00000f4c       ___mb_cur_max              66014f4c     LIBCMT:nlsdata1.obj
 0003:00000f50       ___decimal_point           66014f50     LIBCMT:nlsdata1.obj
 0003:00000f54       ___decimal_point_length    66014f54     LIBCMT:nlsdata1.obj
 0003:00000f78       __timezone                 66014f78     LIBCMT:timeset.obj
 0003:00000f7c       __daylight                 66014f7c     LIBCMT:timeset.obj
 0003:00000f80       __dstbias                  66014f80     LIBCMT:timeset.obj
 0003:00001008       __tzname                   66015008     LIBCMT:timeset.obj
 0003:00001010       __lpdays                   66015010     LIBCMT:days.obj
 0003:00001044       __days                     66015044     LIBCMT:days.obj
 0003:00001080       __coninpfh                 66015080     LIBCMT:initcon.obj
 0003:00001084       __confh                    66015084     LIBCMT:initcon.obj
 0003:00001088       ___abort_behavior          66015088     LIBCMT:abort.obj
 0003:000018e0       ?d2hackmap_mainmenuFlushFramebuf@@3P6GXXZA 660158e0     dllmain.obj
 0003:000018e4       ?d2hackmap_exit_time@@3HA  660158e4     dllmain.obj
 0003:000018e8       ?d2hackmap_exit_flag@@3HA  660158e8     dllmain.obj
 0003:000018ec       ?d2hackmap_reload_flag@@3HA 660158ec     dllmain.obj
 0003:000018f0       ?d2hackmap_modtime@@3U_FILETIME@@A 660158f0     dllmain.obj
 0003:000018f8       ?logfp@@3PAU_iobuf@@A      660158f8     dllmain.obj
 0003:000018fc       ?d2gfx_flushFramebuf@@3P6GXXZA 660158fc     dllmain.obj
 0003:00001900       ?bnetip@@3PADA             66015900     dllmain.obj
 0003:00001a04       ?d2client_14F0@@3P6GXXZA   66015a04     dllmain.obj
 0003:00001a08       ?mpqpath@@3PADA            66015a08     dllmain.obj
 0003:00001b0c       ?d2win_drawMainMenu@@3P6GXXZA 66015b0c     dllmain.obj
 0003:00001b10       ?d2path@@3PADA             66015b10     dllmain.obj
 0003:00001c14       ?d2win_SetTextFont@@3P6IHH@ZA 66015c14     dllmain.obj
 0003:00001c18       ?d2win_DrawText@@3P6IXPA_WJJHH@ZA 66015c18     dllmain.obj
 0003:00001c1c       ?hInstDLL@@3PAUHINSTANCE__@@A 66015c1c     dllmain.obj
 0003:00002020       ?szPluginPath@@3PADA       66016020     dllmain.obj
 0003:00002124       ?d2hackmap_addr@@3PAUHINSTANCE__@@A 66016124     dllmain.obj
 0003:00002128       ?d2hackmap_path0@@3PADA    66016128     dllmain.obj
 0003:0000222c       ?d2hackmap_loaded@@3HA     6601622c     dllmain.obj
 0003:00002230       ?d2hackmap_path@@3PADA     66016230     dllmain.obj
 0003:00002334       ?d2hackmap_id@@3HA         66016334     dllmain.obj
 0003:00002360       __aenvptr                  66016360     LIBCMT:dllcrt0.obj
 0003:00002364       __wenvptr                  66016364     LIBCMT:dllcrt0.obj
 0003:00002368       ___error_mode              66016368     LIBCMT:dllcrt0.obj
 0003:0000236c       ___app_type                6601636c     LIBCMT:dllcrt0.obj
 0003:00002370       ___pInvalidArgHandler      66016370     LIBCMT:invarg.obj
 0003:00002374       __cflush                   66016374     LIBCMT:_file.obj
 0003:000027f0       __stdbuf                   660167f0     LIBCMT:_sftbuf.obj
 0003:000027f8       ?_pnhHeap@@3P6AHI@ZA       660167f8     LIBCMT:handler.obj
 0003:000027fc       ___sbh_pHeaderDefer        660167fc     LIBCMT:sbheap.obj
 0003:00002800       __crtheap                  66016800     LIBCMT:heapinit.obj
 0003:00002804       __umaskval                 66016804     LIBCMT:crt0dat.obj
 0003:00002808       ___argc                    66016808     LIBCMT:crt0dat.obj
 0003:0000280c       ___argv                    6601680c     LIBCMT:crt0dat.obj
 0003:00002810       ___wargv                   66016810     LIBCMT:crt0dat.obj
 0003:00002814       __environ                  66016814     LIBCMT:crt0dat.obj
 0003:00002818       ___initenv                 66016818     LIBCMT:crt0dat.obj
 0003:0000281c       __wenviron                 6601681c     LIBCMT:crt0dat.obj
 0003:00002820       ___winitenv                66016820     LIBCMT:crt0dat.obj
 0003:00002824       __pgmptr                   66016824     LIBCMT:crt0dat.obj
 0003:00002828       __wpgmptr                  66016828     LIBCMT:crt0dat.obj
 0003:0000282c       __exitflag                 6601682c     LIBCMT:crt0dat.obj
 0003:00002830       __C_Termination_Done       66016830     LIBCMT:crt0dat.obj
 0003:00002834       __C_Exit_Done              66016834     LIBCMT:crt0dat.obj
 0003:00002b4c       __newmode                  66016b4c     LIBCMT:_newmode.obj
 0003:00002b54       ___mbulinfo                66016b54     LIBCMT:mbctype.obj
 0003:00002b60       ___mbcodepage              66016b60     LIBCMT:mbctype.obj
 0003:00002b64       ___ismbcodepage            66016b64     LIBCMT:mbctype.obj
 0003:00002b68       ___mblcid                  66016b68     LIBCMT:mbctype.obj
 0003:00002b6c       ___locale_changed          66016b6c     LIBCMT:setlocal.obj
 0003:00002b70       ___lc_handle               66016b70     LIBCMT:nlsdata2.obj
 0003:00002b88       ___lc_codepage             66016b88     LIBCMT:nlsdata2.obj
 0003:00002b8c       ___lc_collate_cp           66016b8c     LIBCMT:nlsdata2.obj
 0003:00002b90       _gpFlsAlloc                66016b90     LIBCMT:tidtable.obj
 0003:00002b94       _gpFlsGetValue             66016b94     LIBCMT:tidtable.obj
 0003:00002b98       _gpFlsSetValue             66016b98     LIBCMT:tidtable.obj
 0003:00002b9c       _gpFlsFree                 66016b9c     LIBCMT:tidtable.obj
 0003:00002ba0       __maxwait                  66016ba0     LIBCMT:crtheap.obj
 0003:00002cbc       __commode                  66016cbc     LIBCMT:ncommode.obj
 0003:00002cc8       ?__pInconsistency@@3P6AXXZA 66016cc8     LIBCMT:hooks.obj
 0003:00002cec       ___pPurecall               66016cec     LIBCMT:inithelp.obj
 0003:00002d0c       ___lconv_static_null       66016d0c     LIBCMT:lconv.obj
 0003:00002ddc       ?pArgList@UnDecorator@@0PAVReplicator@@A 66016ddc     LIBCMT:undname.obj
 0003:00002de0       ?pZNameList@UnDecorator@@0PAVReplicator@@A 66016de0     LIBCMT:undname.obj
 0003:00002de4       ?pTemplateArgList@UnDecorator@@0PAVReplicator@@A 66016de4     LIBCMT:undname.obj
 0003:00002de8       ?gName@UnDecorator@@0PBDB  66016de8     LIBCMT:undname.obj
 0003:00002dec       ?name@UnDecorator@@0PBDB   66016dec     LIBCMT:undname.obj
 0003:00002df0       ?outputString@UnDecorator@@0PADA 66016df0     LIBCMT:undname.obj
 0003:00002df4       ?maxStringLength@UnDecorator@@0HA 66016df4     LIBCMT:undname.obj
 0003:00002df8       ?disableFlags@UnDecorator@@0KA 66016df8     LIBCMT:undname.obj
 0003:00002dfc       ?m_pGetParameter@UnDecorator@@0P6APADJ@ZA 66016dfc     LIBCMT:undname.obj
 0003:00002e00       ?fExplicitTemplateParams@UnDecorator@@0_NA 66016e00     LIBCMT:undname.obj
 0003:00002e01       ?fGetTemplateArgumentList@UnDecorator@@0_NA 66016e01     LIBCMT:undname.obj
 0003:00002e04       __fmode                    66016e04     LIBCMT:txtmode.obj
 0003:00002e0c       __debugger_hook_dummy      66016e0c     <common>
 0003:00002e10       ___env_initialized         66016e10     <common>
 0003:00002e14       ___onexitend               66016e14     <common>
 0003:00002e18       ___onexitbegin             66016e18     <common>
 0003:00002e1c       ___mbctype_initialized     66016e1c     <common>
 0003:00002e20       __FPinit                   66016e20     <common>
 0003:00002e24       ___dyn_tls_init_callback   66016e24     <common>
 0003:00002e28       ___active_heap             66016e28     <common>
 0003:00002e2c       ___sbh_cntHeaderList       66016e2c     <common>
 0003:00002e30       ___sbh_pHeaderList         66016e30     <common>
 0003:00002e34       ___sbh_threshold           66016e34     <common>
 0003:00002e38       ___sbh_pHeaderScan         66016e38     <common>
 0003:00002e3c       ___sbh_sizeHeaderList      66016e3c     <common>
 0003:00002e40       ___sbh_indGroupDefer       66016e40     <common>
 0003:00002e44       ___sse2_available          66016e44     <common>
 0003:00002e48       __nhandle                  66016e48     <common>
 0003:00002e60       ___pioinfo                 66016e60     <common>
 0003:00002f60       __pDestructExceptionObject 66016f60     <common>
 0003:00002f64       ___piob                    66016f64     <common>
 0003:00002f80       __bufin                    66016f80     <common>
 0003:00003f80       __nstream                  66017f80     <common>
 0003:00003f84       __acmdln                   66017f84     <common>

 entry point at        0001:000036c5

 Static symbols

 0001:00000800       ?parseOriginalCode@@YAHPADH0HPAH@Z 66001800 f   dllmain.obj
 0001:000009c0       ?doPatchCALL@@YAXHHH@Z     660019c0 f   dllmain.obj
 0001:00000a10       ?doPatchVALUE@@YAXHHH@Z    66001a10 f   dllmain.obj
 0001:00001140       ?mainmenuFlushFramebuf@@YAXXZ 66002140 f   dllmain.obj
 0001:00001880       _stat                      66002880 f   dllmain.obj
 0001:000020ce       _flsall                    660030ce f   LIBCMT:fflush.obj
 0001:00002aec       ?strtoxl@@YAKPAUlocaleinfo_struct@@PBDPAPBDHH@Z 66003aec f   LIBCMT:strtol.obj
 0001:00002f5e       _IsRootUNCName             66003f5e f   LIBCMT:stati32.obj
 0001:00002fd8       __fullpath_helper          66003fd8 f   LIBCMT:stati32.obj
 0001:000035cf       ___DllMainCRTStartup       660045cf f   LIBCMT:dllcrt0.obj
 0001:00005484       _write_char                66006484 f   LIBCMT:output.obj
 0001:000054b7       _write_multi_char          660064b7 f   LIBCMT:output.obj
 0001:000054dd       _write_string              660064dd f   LIBCMT:output.obj
 0001:000067f8       __unwind_handler4          660077f8 f   LIBCMT:exsup4.obj
 0001:000069aa       __onexit_nolock            660079aa f   LIBCMT:onexit.obj
 0001:00006b6b       _fastzero_I                66007b6b f   LIBCMT:p4_memset.obj
 0001:00006c51       _has_osfxsr_set            66007c51 f   LIBCMT:cpu_disp.obj
 0001:00007928       __initterm                 66008928 f   LIBCMT:crt0dat.obj
 0001:000079ee       _doexit                    660089ee f   LIBCMT:crt0dat.obj
 0001:00007d71       _fastcopy_I                66008d71 f   LIBCMT:p4_memcpy.obj
 0001:00007edb       ?CPtoLCID@@YAHH@Z          66008edb f   LIBCMT:mbctype.obj
 0001:00007f0a       ?setSBCS@@YAXPAUthreadmbcinfostruct@@@Z 66008f0a f   LIBCMT:mbctype.obj
 0001:00007f6e       ?setSBUpLow@@YAXPAUthreadmbcinfostruct@@@Z 66008f6e f   LIBCMT:mbctype.obj
 0001:000081a5       ?getSystemCP@@YAHH@Z       660091a5 f   LIBCMT:mbctype.obj
 0001:0000882f       __updatetlocinfoEx_nolock  6600982f f   LIBCMT:setlocal.obj
 0001:000098e2       _parse_cmdline             6600a8e2 f   LIBCMT:stdargv.obj
 0001:0000ac05       __tsopen_nolock            6600bc05 f   LIBCMT:open.obj
 0001:0000b7fc       __unwind_handler           6600c7fc f   LIBCMT:exsup.obj
 0001:0000beed       _siglookup                 6600ceed f   LIBCMT:winsig.obj
 0001:0000c3fc       ?__crtLCMapStringA_stat@@YAHPAUlocaleinfo_struct@@KKPBDHPADHHH@Z 6600d3fc f   LIBCMT:a_map.obj
 0001:0000c7e6       ?__crtGetStringTypeA_stat@@YAHPAUlocaleinfo_struct@@KPBDHPAGHHH@Z 6600d7e6 f   LIBCMT:a_str.obj
 0001:0000d2fc       __tzset_nolock             6600e2fc f   LIBCMT:tzset.obj
 0001:0000d642       _cvtdate                   6600e642 f   LIBCMT:tzset.obj
 0001:0000d839       __isindst_nolock           6600e839 f   LIBCMT:tzset.obj
 0001:0000e09a       ?x_ismbbtype_l@@YAHPAUlocaleinfo_struct@@IHH@Z 6600f09a f   LIBCMT:ismbbyte.obj
 0001:0000edd0       ?strncnt@@YAHPBDH@Z        6600fdd0 f   LIBCMT:a_cmp.obj
 0001:0000edee       ?__crtCompareStringA_stat@@YAHPAUlocaleinfo_struct@@KKPBDH1HH@Z 6600fdee f   LIBCMT:a_cmp.obj
 0001:0000f29a       _findenv                   6601029a f   LIBCMT:setenv.obj
 0001:0000f2ec       _copy_environ              660102ec f   LIBCMT:setenv.obj
 0001:0000f6c0       ??__Fnomem@?5???2@YAPAXI@Z@YAXXZ 660106c0 f   LIBCMT:new.obj
