 loadhackmap

 Timestamp is 6812f551 (Thu May 01 12:15:13 2025)

 Preferred load address is 66500000

 Start         Length     Name                   Class
 0001:00000000 0000ec30H .text                   CODE
 0001:0000ec30 00000014H .text$yd                CODE
 0002:00000000 0000017cH .idata$5                DATA
 0002:0000017c 00000004H .CRT$XCA                DATA
 0002:00000180 00000004H .CRT$XCZ                DATA
 0002:00000184 00000004H .CRT$XIA                DATA
 0002:00000188 00000010H .CRT$XIC                DATA
 0002:00000198 00000004H .CRT$XIZ                DATA
 0002:0000019c 00000004H .CRT$XPA                DATA
 0002:000001a0 00000004H .CRT$XPX                DATA
 0002:000001a4 00000004H .CRT$XPXA               DATA
 0002:000001a8 00000004H .CRT$XPZ                DATA
 0002:000001ac 00000004H .CRT$XTA                DATA
 0002:000001b0 00000004H .CRT$XTZ                DATA
 0002:000001b8 00001cb0H .rdata                  DATA
 0002:00001e68 000000dcH .rdata$r                DATA
 0002:00001f50 0000000cH .rdata$sxdata           DATA
 0002:00001f5c 00000004H .rtc$IAA                DATA
 0002:00001f60 00000004H .rtc$IZZ                DATA
 0002:00001f64 00000004H .rtc$TAA                DATA
 0002:00001f68 00000004H .rtc$TZZ                DATA
 0002:00001f70 000005ccH .xdata$x                DATA
 0002:0000253c 0000003cH .idata$2                DATA
 0002:00002578 00000014H .idata$3                DATA
 0002:0000258c 0000017cH .idata$4                DATA
 0002:00002708 000006ceH .idata$6                DATA
 0002:00002de0 0000006bH .edata                  DATA
 0003:00000000 00001090H .data                   DATA
 0003:000010a0 000028a8H .bss                    DATA

  Address         Publics by Value              Rva+Base       Lib:Object

 0000:00000000       __except_list              00000000     <absolute>
 0000:00000003       ___safe_se_handler_count   00000003     <absolute>
 0000:00000000       ___ImageBase               66500000     <linker-defined>
 0001:00000000       ?cp@@YAXPAU_iobuf@@0@Z     66501000 f   dllmain.obj
 0001:00000080       ?load_d2hackmap@@YAXXZ     66501080 f   dllmain.obj
 0001:00000270       ?reload_d2hackmap@@YAXXZ   66501270 f   dllmain.obj
 0001:00000350       ?MenuLoop_Patch@@YAXXZ     66501350 f   dllmain.obj
 0001:00000380       ?GameLoop_Patch@@YAXXZ     66501380 f   dllmain.obj
 0001:000003b0       ?get_dll_addr@@YAPAUHINSTANCE__@@PAD@Z 665013b0 f   dllmain.obj
 0001:00000430       ?installPatch@@YAHP6AXKKH@ZKKH@Z 66501430 f   dllmain.obj
 0001:00000490       ?WriteLocalBYTES@@YAXKPAXH@Z 66501490 f   dllmain.obj
 0001:000004f0       ?PatchCALL@@YAXKKH@Z       665014f0 f   dllmain.obj
 0001:00000540       ?PatchVALUE@@YAXKKH@Z      66501540 f   dllmain.obj
 0001:00000560       ?openMpq_patch@@YGPAXPADKKPAU_SECURITY_ATTRIBUTES@@KKPAX@Z 66501560 f   dllmain.obj
 0001:00000690       ?MyRegQueryValueExA@@YGJPAUHKEY__@@PBDPAK2PAE2@Z 66501690 f   dllmain.obj
 0001:000008b0       ?drawMainMenuMessages@@YAXXZ 665018b0 f   dllmain.obj
 0001:00000930       ?MainMenuFlushFramebufPatch_ASM@@YAXXZ 66501930 f   dllmain.obj
 0001:00000940       ?parseCmdLine@@YAXXZ       66501940 f   dllmain.obj
 0001:00000b70       ?Install@@YAHXZ            66501b70 f   dllmain.obj
 0001:00000dc0       ?Uninstall@@YAXXZ          66501dc0 f   dllmain.obj
 0001:00000e70       _DllMain@12                66501e70 f   dllmain.obj
 0001:00000f20       _QueryInterface@0          66501f20 f   dllmain.obj
 0001:00000f70       _MainMenuMessage@8         66501f70 f   dllmain.obj
 0001:00000fc0       _strchr                    66501fc0 f   LIBCMT:strchr.obj
 0001:00000fc6       ___from_strstr_to_strchr   66501fc6     LIBCMT:strchr.obj
 0001:00001080       _strrchr                   66502080 f   LIBCMT:strrchr.obj
 0001:00001187       __stat64i32                66502187 f   LIBCMT:stati32.obj
 0001:0000155b       __fwrite_nolock            6650255b f   LIBCMT:fwrite.obj
 0001:000016bd       _fwrite                    665026bd f   LIBCMT:fwrite.obj
 0001:0000173f       __fread_nolock_s           6650273f f   LIBCMT:fread.obj
 0001:00001949       _fread_s                   66502949 f   LIBCMT:fread.obj
 0001:000019df       _fread                     665029df f   LIBCMT:fread.obj
 0001:000019fc       @__security_check_cookie@4 665029fc f   LIBCMT:secchk.obj
 0001:00001a10       __alloca_probe             66502a10     LIBCMT:chkstk.obj
 0001:00001a10       __chkstk                   66502a10 f   LIBCMT:chkstk.obj
 0001:00001a3b       __fclose_nolock            66502a3b f   LIBCMT:fclose.obj
 0001:00001ab2       _fclose                    66502ab2 f   LIBCMT:fclose.obj
 0001:00001b2e       __flush                    66502b2e f   LIBCMT:fflush.obj
 0001:00001b96       __fflush_nolock            66502b96 f   LIBCMT:fflush.obj
 0001:00001cb8       _fflush                    66502cb8 f   LIBCMT:fflush.obj
 0001:00001d0b       __flushall                 66502d0b f   LIBCMT:fflush.obj
 0001:00001d14       _fprintf                   66502d14 f   LIBCMT:fprintf.obj
 0001:00001e30       __fsopen                   66502e30 f   LIBCMT:fopen.obj
 0001:00001ef4       _fopen                     66502ef4 f   LIBCMT:fopen.obj
 0001:00001f0b       _sprintf                   66502f0b f   LIBCMT:sprintf.obj
 0001:00001f88       _V6_HeapAlloc              66502f88 f   LIBCMT:malloc.obj
 0001:00001fd7       _malloc                    66502fd7 f   LIBCMT:malloc.obj
 0001:000020b0       _memcpy                    665030b0 f   LIBCMT:memcpy.obj
 0001:00002415       ??3@YAXPAX@Z               66503415 f   LIBCMT:delete.obj
 0001:00002420       ??0bad_alloc@std@@QAE@XZ   66503420 f i LIBCMT:new.obj
 0001:0000243b       ??1bad_alloc@std@@UAE@XZ   6650343b f i LIBCMT:new.obj
 0001:00002446       ??_Ebad_alloc@std@@UAEPAXI@Z 66503446 f i LIBCMT:new.obj
 0001:00002446       ??_Gbad_alloc@std@@UAEPAXI@Z 66503446 f i LIBCMT:new.obj
 0001:0000246d       ??0bad_alloc@std@@QAE@ABV01@@Z 6650346d f i LIBCMT:new.obj
 0001:0000248a       ??2@YAPAXI@Z               6650348a f   LIBCMT:new.obj
 0001:000024f0       _memset                    665034f0 f   LIBCMT:memset.obj
 0001:0000256a       _fputc                     6650356a f   LIBCMT:fputc.obj
 0001:00002676       _free                      66503676 f   LIBCMT:free.obj
 0001:00002704       __CRT_INIT@12              66503704 f   LIBCMT:dllcrt0.obj
 0001:0000292f       __DllMainCRTStartup@12     6650392f f   LIBCMT:dllcrt0.obj
 0001:00002960       _strlen                    66503960 f   LIBCMT:strlen.obj
 0001:000029eb       __fullpath                 665039eb f   LIBCMT:fullpath.obj
 0001:00002af5       __get_errno_from_oserr     66503af5 f   LIBCMT:dosmap.obj
 0001:00002b37       __errno                    66503b37 f   LIBCMT:dosmap.obj
 0001:00002b4a       ___doserrno                66503b4a f   LIBCMT:dosmap.obj
 0001:00002b5d       __dosmaperr                66503b5d f   LIBCMT:dosmap.obj
 0001:00002b80       ___dtoxmode                66503b80 f   LIBCMT:stat.obj
 0001:00002c3d       ___loctotime64_t           66503c3d f   LIBCMT:dtoxtm64.obj
 0001:00002ea8       __getdrive                 66503ea8 f   LIBCMT:drive.obj
 0001:00002f71       ??0_LocaleUpdate@@QAE@PAUlocaleinfo_struct@@@Z 66503f71 f i LIBCMT:mbtolwr.obj
 0001:00002ff8       __mbctolower_l             66503ff8 f   LIBCMT:mbtolwr.obj
 0001:0000309e       __mbctolower               6650409e f   LIBCMT:mbtolwr.obj
 0001:000030b1       __mbspbrk_l                665040b1 f   LIBCMT:mbspbrk.obj
 0001:0000317e       __mbspbrk                  6650417e f   LIBCMT:mbspbrk.obj
 0001:00003195       __initp_misc_invarg        66504195 f   LIBCMT:invarg.obj
 0001:000031a4       __invoke_watson            665041a4 f   LIBCMT:invarg.obj
 0001:000032cc       __invalid_parameter        665042cc f   LIBCMT:invarg.obj
 0001:000032f2       __flsbuf                   665042f2 f   LIBCMT:_flsbuf.obj
 0001:00003456       __write_nolock             66504456 f   LIBCMT:write.obj
 0001:00003b89       __write                    66504b89 f   LIBCMT:write.obj
 0001:00003c65       __fileno                   66504c65 f   LIBCMT:fileno.obj
 0001:00003c97       ___iob_func                66504c97 f   LIBCMT:_file.obj
 0001:00003c9d       ___initstdio               66504c9d f   LIBCMT:_file.obj
 0001:00003d4e       ___endstdio                66504d4e f   LIBCMT:_file.obj
 0001:00003d6e       __lock_file                66504d6e f   LIBCMT:_file.obj
 0001:00003daf       __lock_file2               66504daf f   LIBCMT:_file.obj
 0001:00003de1       __unlock_file              66504de1 f   LIBCMT:_file.obj
 0001:00003e1d       __unlock_file2             66504e1d f   LIBCMT:_file.obj
 0001:00003e4c       __SEH_prolog4              66504e4c f   LIBCMT:sehprolg4.obj
 0001:00003e91       __SEH_epilog4              66504e91 f   LIBCMT:sehprolg4.obj
 0001:00003eb0       __except_handler4          66504eb0 f   LIBCMT:chandler4.obj
 0001:0000403c       __filbuf                   6650503c f   LIBCMT:_filbuf.obj
 0001:00004167       __read_nolock              66505167 f   LIBCMT:read.obj
 0001:00004729       __read                     66505729 f   LIBCMT:read.obj
 0001:00004826       _memcpy_s                  66505826 f   LIBCMT:memcpy_s.obj
 0001:000048a3       ___report_gsfailure        665058a3 f   LIBCMT:gs_report.obj
 0001:000049a9       __close_nolock             665059a9 f   LIBCMT:close.obj
 0001:00004a45       __close                    66505a45 f   LIBCMT:close.obj
 0001:00004b12       __freebuf                  66505b12 f   LIBCMT:_freebuf.obj
 0001:00004b43       __commit                   66505b43 f   LIBCMT:commit.obj
 0001:00004c24       __mtinitlocks              66505c24 f   LIBCMT:mlock.obj
 0001:00004c6f       __mtdeletelocks            66505c6f f   LIBCMT:mlock.obj
 0001:00004cc6       __unlock                   66505cc6 f   LIBCMT:mlock.obj
 0001:00004cdd       __mtinitlocknum            66505cdd f   LIBCMT:mlock.obj
 0001:00004da0       __lock                     66505da0 f   LIBCMT:mlock.obj
 0001:00004dd3       __stbuf                    66505dd3 f   LIBCMT:_sftbuf.obj
 0001:00004e6f       __ftbuf                    66505e6f f   LIBCMT:_sftbuf.obj
 0001:00004f49       __output_l                 66505f49 f   LIBCMT:output.obj
 0001:00005ae1       __ioinit                   66506ae1 f   LIBCMT:ioinit.obj
 0001:00005d35       __ioterm                   66506d35 f   LIBCMT:ioinit.obj
 0001:00005d83       __openfile                 66506d83 f   LIBCMT:_open.obj
 0001:0000604c       __getstream                6650704c f   LIBCMT:stream.obj
 0001:00006184       __local_unwind4            66507184 f   LIBCMT:exsup4.obj
 0001:0000625a       __seh_longjmp_unwind4@4    6650725a f   LIBCMT:exsup4.obj
 0001:00006276       @_EH4_CallFilterFunc@8     66507276 f   LIBCMT:exsup4.obj
 0001:0000628d       @_EH4_TransferToHandler@8  6650728d f   LIBCMT:exsup4.obj
 0001:000062a6       @_EH4_GlobalUnwind@4       665072a6 f   LIBCMT:exsup4.obj
 0001:000062c0       @_EH4_LocalUnwind@16       665072c0 f   LIBCMT:exsup4.obj
 0001:000062d7       ___sbh_find_block          665072d7 f   LIBCMT:sbheap.obj
 0001:00006307       ___sbh_free_block          66507307 f   LIBCMT:sbheap.obj
 0001:0000661d       ___sbh_alloc_new_region    6650761d f   LIBCMT:sbheap.obj
 0001:000066cd       ___sbh_alloc_new_group     665076cd f   LIBCMT:sbheap.obj
 0001:000067d5       ___sbh_resize_block        665077d5 f   LIBCMT:sbheap.obj
 0001:00006ab6       ___sbh_alloc_block         66507ab6 f   LIBCMT:sbheap.obj
 0001:00006d9b       __heap_init                66507d9b f   LIBCMT:heapinit.obj
 0001:00006dcb       __heap_term                66507dcb f   LIBCMT:heapinit.obj
 0001:00006e3f       __crt_waiting_on_module_handle 66507e3f f   LIBCMT:crt0dat.obj
 0001:00006e6f       __amsg_exit                66507e6f f   LIBCMT:crt0dat.obj
 0001:00006e98       ___crtCorExitProcess       66507e98 f   LIBCMT:crt0dat.obj
 0001:00006ec3       ___crtExitProcess          66507ec3 f   LIBCMT:crt0dat.obj
 0001:00006edb       __lockexit                 66507edb f   LIBCMT:crt0dat.obj
 0001:00006ee4       __unlockexit               66507ee4 f   LIBCMT:crt0dat.obj
 0001:00006f0a       __initterm_e               66507f0a f   LIBCMT:crt0dat.obj
 0001:00006f2e       __cinit                    66507f2e f   LIBCMT:crt0dat.obj
 0001:000070df       __exit                     665080df f   LIBCMT:crt0dat.obj
 0001:000070f5       __cexit                    665080f5 f   LIBCMT:crt0dat.obj
 0001:00007104       __init_pointers            66508104 f   LIBCMT:crt0dat.obj
 0001:00007152       __NMSG_WRITE               66508152 f   LIBCMT:crt0msg.obj
 0001:000072fd       __FF_MSGBANNER             665082fd f   LIBCMT:crt0msg.obj
 0001:00007336       __initp_heap_handler       66508336 f   LIBCMT:handler.obj
 0001:00007345       __callnewh                 66508345 f   LIBCMT:handler.obj
 0001:000073f4       __VEC_memcpy               665083f4 f   LIBCMT:p4_memcpy.obj
 0001:00007527       __get_sse2_info            66508527 f   LIBCMT:cpu_disp.obj
 0001:00007589       ___sse2_available_init     66508589 f   LIBCMT:cpu_disp.obj
 0001:00007596       ??0exception@std@@QAE@ABQBDH@Z 66508596 f   LIBCMT:stdexcpt.obj
 0001:000075b3       ??0exception@std@@QAE@ABV01@@Z 665085b3 f   LIBCMT:stdexcpt.obj
 0001:00007610       ??1exception@std@@UAE@XZ   66508610 f   LIBCMT:stdexcpt.obj
 0001:00007626       ?what@exception@std@@UBEPBDXZ 66508626 f   LIBCMT:stdexcpt.obj
 0001:00007633       ??_Eexception@std@@UAEPAXI@Z 66508633 f i LIBCMT:stdexcpt.obj
 0001:00007633       ??_Gexception@std@@UAEPAXI@Z 66508633 f i LIBCMT:stdexcpt.obj
 0001:00007654       ??1type_info@@UAE@XZ       66508654 f   LIBCMT:typinfo.obj
 0001:00007664       ??_Gtype_info@@UAEPAXI@Z   66508664 f i LIBCMT:typinfo.obj
 0001:00007664       ??_Etype_info@@UAEPAXI@Z   66508664 f i LIBCMT:typinfo.obj
 0001:0000773f       ___onexitinit              6650873f f   LIBCMT:onexit.obj
 0001:00007770       __onexit                   66508770 f   LIBCMT:onexit.obj
 0001:000077ac       _atexit                    665087ac f   LIBCMT:onexit.obj
 0001:000077c3       __CxxThrowException@8      665087c3 f   LIBCMT:throw.obj
 0001:00007866       __VEC_memzero              66508866 f   LIBCMT:p4_memset.obj
 0001:000078f5       __encode_pointer           665088f5 f   LIBCMT:tidtable.obj
 0001:00007967       __encoded_null             66508967 f   LIBCMT:tidtable.obj
 0001:00007970       __decode_pointer           66508970 f   LIBCMT:tidtable.obj
 0001:000079e2       ___crtTlsAlloc@4           665089e2 f   LIBCMT:tidtable.obj
 0001:000079eb       ___set_flsgetvalue         665089eb f   LIBCMT:tidtable.obj
 0001:00007a1f       __mtterm                   66508a1f f   LIBCMT:tidtable.obj
 0001:00007a5c       __initptd                  66508a5c f   LIBCMT:tidtable.obj
 0001:00007b43       __getptd_noexit            66508b43 f   LIBCMT:tidtable.obj
 0001:00007bbc       __getptd                   66508bbc f   LIBCMT:tidtable.obj
 0001:00007bd6       __freefls@4                66508bd6 f   LIBCMT:tidtable.obj
 0001:00007d05       __freeptd                  66508d05 f   LIBCMT:tidtable.obj
 0001:00007d73       __mtinit                   66508d73 f   LIBCMT:tidtable.obj
 0001:00007f00       __malloc_crt               66508f00 f   LIBCMT:crtheap.obj
 0001:00007f45       __calloc_crt               66508f45 f   LIBCMT:crtheap.obj
 0001:00007f91       __realloc_crt              66508f91 f   LIBCMT:crtheap.obj
 0001:00007fdf       __recalloc_crt             66508fdf f   LIBCMT:crtheap.obj
 0001:00008031       __setenvp                  66509031 f   LIBCMT:stdenvp.obj
 0001:000082a9       __setargv                  665092a9 f   LIBCMT:stdargv.obj
 0001:00008364       ___crtGetEnvironmentStringsA 66509364 f   LIBCMT:a_env.obj
 0001:0000849b       __RTC_Initialize           6650949b f   LIBCMT:_initsect_.obj
 0001:000084c1       __RTC_Terminate            665094c1 f   LIBCMT:_initsect_.obj
 0001:000084e7       __initp_misc_winxfltr      665094e7 f   LIBCMT:winxfltr.obj
 0001:000084e8       __XcptFilter               665094e8 f   LIBCMT:winxfltr.obj
 0001:00008648       ___CppXcptFilter           66509648 f   LIBCMT:winxfltr.obj
 0001:00008668       ___security_init_cookie    66509668 f   LIBCMT:gs_support.obj
 0001:000086fe       __validdrive               665096fe f   LIBCMT:getcwd.obj
 0001:00008737       __getdcwd_nolock           66509737 f   LIBCMT:getcwd.obj
 0001:0000886e       __getcwd                   6650986e f   LIBCMT:getcwd.obj
 0001:000088b7       _calloc                    665098b7 f   LIBCMT:calloc.obj
 0001:000088f7       __mbsicmp_l                665098f7 f   LIBCMT:mbsicmp.obj
 0001:00008b1d       __mbsicmp                  66509b1d f   LIBCMT:mbsicmp.obj
 0001:00008b34       __mbsrchr_l                66509b34 f   LIBCMT:mbsrchr.obj
 0001:00008bf0       __mbsrchr                  66509bf0 f   LIBCMT:mbsrchr.obj
 0001:00008c07       __set_daylight             66509c07 f i LIBCMT:tzset.obj
 0001:00008c18       __set_dstbias              66509c18 f i LIBCMT:tzset.obj
 0001:00008c29       __set_timezone             66509c29 f i LIBCMT:tzset.obj
 0001:0000934f       ___tzset                   6650a34f f   LIBCMT:tzset.obj
 0001:0000939e       __isindst                  6650a39e f   LIBCMT:tzset.obj
 0001:000093df       __get_daylight             6650a3df f   LIBCMT:timeset.obj
 0001:00009418       __get_dstbias              6650a418 f   LIBCMT:timeset.obj
 0001:00009451       __get_timezone             6650a451 f   LIBCMT:timeset.obj
 0001:0000948a       ___daylight                6650a48a f   LIBCMT:timeset.obj
 0001:00009490       ___dstbias                 6650a490 f   LIBCMT:timeset.obj
 0001:00009496       ___timezone                6650a496 f   LIBCMT:timeset.obj
 0001:0000949c       ___tzname                  6650a49c f   LIBCMT:timeset.obj
 0001:000094b0       __allmul                   6650a4b0 f   LIBCMT:llmul.obj
 0001:000094e4       __toupper_l                6650a4e4 f   LIBCMT:toupper.obj
 0001:000095fa       _toupper                   6650a5fa f   LIBCMT:toupper.obj
 0001:0000984c       ___updatetmbcinfo          6650a84c f   LIBCMT:mbctype.obj
 0001:0000996c       __setmbcp_nolock           6650a96c f   LIBCMT:mbctype.obj
 0001:00009b51       __setmbcp                  6650ab51 f   LIBCMT:mbctype.obj
 0001:00009ceb       ___initmbctable            6650aceb f   LIBCMT:mbctype.obj
 0001:00009d09       ___freetlocinfo            6650ad09 f   LIBCMT:setlocal.obj
 0001:00009e52       ___addlocaleref            6650ae52 f   LIBCMT:setlocal.obj
 0001:00009ee1       ___removelocaleref         6650aee1 f   LIBCMT:setlocal.obj
 0001:00009fb8       ___updatetlocinfo          6650afb8 f   LIBCMT:setlocal.obj
 0001:0000a02e       __freea                    6650b02e f i LIBCMT:a_map.obj
 0001:0000a3f3       ___crtLCMapStringA         6650b3f3 f   LIBCMT:a_map.obj
 0001:0000a440       _strpbrk                   6650b440 f   LIBCMT:strpbrk.obj
 0001:0000a480       __crt_debugger_hook        6650b480 f   LIBCMT:dbghook.obj
 0001:0000a488       __lseeki64_nolock          6650b488 f   LIBCMT:lseeki64.obj
 0001:0000a50d       __lseeki64                 6650b50d f   LIBCMT:lseeki64.obj
 0001:0000a626       __getbuf                   6650b626 f   LIBCMT:_getbuf.obj
 0001:0000a66f       __isatty                   6650b66f f   LIBCMT:isatty.obj
 0001:0000a6d3       __putwch_nolock            6650b6d3 f   LIBCMT:putwch.obj
 0001:0000a798       __mbtowc_l                 6650b798 f   LIBCMT:mbtowc.obj
 0001:0000a8af       _mbtowc                    6650b8af f   LIBCMT:mbtowc.obj
 0001:0000a8c9       __isleadbyte_l             6650b8c9 f i LIBCMT:_wctype.obj
 0001:0000a901       _isleadbyte                6650b901 f i LIBCMT:_wctype.obj
 0001:0000a914       __set_osfhnd               6650b914 f   LIBCMT:osfinfo.obj
 0001:0000a995       __free_osfhnd              6650b995 f   LIBCMT:osfinfo.obj
 0001:0000aa1b       __get_osfhandle            6650ba1b f   LIBCMT:osfinfo.obj
 0001:0000aa92       ___lock_fhandle            6650ba92 f   LIBCMT:osfinfo.obj
 0001:0000ab32       __unlock_fhandle           6650bb32 f   LIBCMT:osfinfo.obj
 0001:0000ab59       __alloc_osfhnd             6650bb59 f   LIBCMT:osfinfo.obj
 0001:0000acf3       __fcloseall                6650bcf3 f   LIBCMT:closeall.obj
 0001:0000ada0       __ValidateImageBase        6650bda0 f   LIBCMT:pesect.obj
 0001:0000ade0       __FindPESection            6650bde0 f   LIBCMT:pesect.obj
 0001:0000ae30       __IsNonwritableInCurrentImage 6650be30 f   LIBCMT:pesect.obj
 0001:0000aeed       __initp_misc_initcrit      6650beed f   LIBCMT:initcrit.obj
 0001:0000aefc       ___crtInitCritSecAndSpinCount 6650befc f   LIBCMT:initcrit.obj
 0001:0000af5c       __initp_misc_cfltcvt_tab   6650bf5c f   LIBCMT:cmiscdat.obj
 0001:0000af7d       __get_printf_count_output  6650bf7d f   LIBCMT:printf.obj
 0001:0000af93       __wctomb_s_l               6650bf93 f   LIBCMT:wctomb.obj
 0001:0000b0ff       _wctomb_s                  6650c0ff f   LIBCMT:wctomb.obj
 0001:0000b120       __aulldvrm                 6650c120 f   LIBCMT:ulldvrm.obj
 0001:0000b8d4       __sopen_helper             6650c8d4 f   LIBCMT:open.obj
 0001:0000b9a0       __sopen_s                  6650c9a0 f   LIBCMT:open.obj
 0001:0000b9c0       __mbsnbicmp_l              6650c9c0 f   LIBCMT:mbsnbicm.obj
 0001:0000bbeb       __mbsnbicmp                6650cbeb f   LIBCMT:mbsnbicm.obj
 0001:0000bc05       __mbsnbcmp_l               6650cc05 f   LIBCMT:mbsnbcmp.obj
 0001:0000bd6f       __mbsnbcmp                 6650cd6f f   LIBCMT:mbsnbcmp.obj
 0001:0000bd8c       __global_unwind2           6650cd8c f   LIBCMT:exsup.obj
 0001:0000bdf1       __local_unwind2            6650cdf1 f   LIBCMT:exsup.obj
 0001:0000be75       __abnormal_termination     6650ce75 f   LIBCMT:exsup.obj
 0001:0000be98       __NLG_Notify1              6650ce98 f   LIBCMT:exsup.obj
 0001:0000bea1       __NLG_Notify               6650cea1 f   LIBCMT:exsup.obj
 0001:0000beb8       __NLG_Dispatch             6650ceb8     LIBCMT:exsup.obj
 0001:0000beb8       __NLG_Dispatch2            6650ceb8     LIBCMT:exsup.obj
 0001:0000bec0       __NLG_Call                 6650cec0 f   LIBCMT:exsup.obj
 0001:0000bec2       __NLG_Return2              6650cec2     LIBCMT:exsup.obj
 0001:0000bed0       _memmove                   6650ced0 f   LIBCMT:memmove.obj
 0001:0000c235       ?terminate@@YAXXZ          6650d235 f   LIBCMT:hooks.obj
 0001:0000c26e       __initp_eh_hooks           6650d26e f   LIBCMT:hooks.obj
 0001:0000c27f       __initp_misc_winsig        6650d27f f   LIBCMT:winsig.obj
 0001:0000c2d4       ___get_sigabrt             6650d2d4 f   LIBCMT:winsig.obj
 0001:0000c2e1       _raise                     6650d2e1 f   LIBCMT:winsig.obj
 0001:0000c491       __initp_misc_rand_s        6650d491 f   LIBCMT:rand_s.obj
 0001:0000c4a0       __initp_misc_purevirt      6650d4a0 f   LIBCMT:inithelp.obj
 0001:0000c4af       ___crtMessageBoxA          6650d4af f   LIBCMT:crtmbox.obj
 0001:0000c618       _strcat_s                  6650d618 f   LIBCMT:strcat_s.obj
 0001:0000c68c       _strncpy_s                 6650d68c f   LIBCMT:strncpy_s.obj
 0001:0000c741       _strcpy_s                  6650d741 f   LIBCMT:strcpy_s.obj
 0001:0000c7a9       __set_error_mode           6650d7a9 f   LIBCMT:errmode.obj
 0001:0000c7f4       ?_Type_info_dtor@type_info@@CAXPAV1@@Z 6650d7f4 f   LIBCMT:typname.obj
 0001:0000c870       _strcmp                    6650d870 f   LIBCMT:strcmp.obj
 0001:0000c8f8       __msize                    6650d8f8 f   LIBCMT:msize.obj
 0001:0000c99b       __calloc_impl              6650d99b f   LIBCMT:calloc_impl.obj
 0001:0000cab9       _realloc                   6650dab9 f   LIBCMT:realloc.obj
 0001:0000ccd4       __recalloc                 6650dcd4 f   LIBCMT:recalloc.obj
 0001:0000cda2       __ismbblead                6650dda2 f   LIBCMT:ismbbyte.obj
 0001:0000cdba       ___ascii_stricmp           6650ddba f   LIBCMT:stricmp.obj
 0001:0000cdf3       __stricmp_l                6650ddf3 f   LIBCMT:stricmp.obj
 0001:0000cec8       _atol                      6650dec8 f   LIBCMT:atox.obj
 0001:0000cede       __getenv_helper_nolock     6650dede f   LIBCMT:getenv.obj
 0001:0000cf65       ____lc_codepage_func       6650df65 f   LIBCMT:initctyp.obj
 0001:0000cf8b       __isctype_l                6650df8b f   LIBCMT:isctype.obj
 0001:0000d1fd       ___crtGetStringTypeA       6650e1fd f   LIBCMT:a_str.obj
 0001:0000d23f       ___free_lc_time            6650e23f f   LIBCMT:inittime.obj
 0001:0000d3d4       ___free_lconv_num          6650e3d4 f   LIBCMT:initnum.obj
 0001:0000d419       ___free_lconv_mon          6650e419 f   LIBCMT:initmon.obj
 0001:0000d4b0       _strcspn                   6650e4b0 f   LIBCMT:strcspn.obj
 0001:0000d4f6       _strncmp                   6650e4f6 f   LIBCMT:strncmp.obj
 0001:0000d5b6       ___ansicp                  6650e5b6 f   LIBCMT:convrtcp.obj
 0001:0000d5ff       ___convertcp               6650e5ff f   LIBCMT:convrtcp.obj
 0001:0000d7c0       __alloca_probe_16          6650e7c0 f   LIBCMT:alloca16.obj
 0001:0000d7d6       __alloca_probe_8           6650e7d6     LIBCMT:alloca16.obj
 0001:0000d7ec       ___initconout              6650e7ec f   LIBCMT:initcon.obj
 0001:0000d80b       ___termcon                 6650e80b f   LIBCMT:initcon.obj
 0001:0000d838       __fptrap                   6650e838 f   LIBCMT:crt0fp.obj
 0001:0000da70       _strtol                    6650ea70 f   LIBCMT:strtol.obj
 0001:0000da9b       __chsize_nolock            6650ea9b f   LIBCMT:chsize.obj
 0001:0000dc51       __lseek_nolock             6650ec51 f   LIBCMT:lseek.obj
 0001:0000dcc6       __setmode_nolock           6650ecc6 f   LIBCMT:setmode.obj
 0001:0000dd82       __get_fmode                6650ed82 f   LIBCMT:setmode.obj
 0001:0000ddbb       __strnicmp_l               6650edbb f   LIBCMT:strnicmp.obj
 0001:0000dead       __strnicmp                 6650eead f   LIBCMT:strnicmp.obj
 0001:0000df0b       _abort                     6650ef0b f   LIBCMT:abort.obj
 0001:0000e022       __tolower_l                6650f022 f   LIBCMT:tolower.obj
 0001:0000e137       __mbsnbicoll_l             6650f137 f   LIBCMT:mbsnbico.obj
 0001:0000e225       __mbsnbicoll               6650f225 f   LIBCMT:mbsnbico.obj
 0001:0000e23f       ___wtomb_environ           6650f23f f   LIBCMT:wtombenv.obj
 0001:0000e2e0       ___ascii_strnicmp          6650f2e0 f   LIBCMT:_strnicm.obj
 0001:0000e6cf       ___crtCompareStringA       6650f6cf f   LIBCMT:a_cmp.obj
 0001:0000e711       __strnicoll_l              6650f711 f   LIBCMT:strnicol.obj
 0001:0000e8b7       ___crtsetenv               6650f8b7 f   LIBCMT:setenv.obj
 0001:0000eb02       __strdup                   6650fb02 f   LIBCMT:strdup.obj
 0001:0000eb57       __mbschr_l                 6650fb57 f   LIBCMT:mbschr.obj
 0001:0000ec13       __mbschr                   6650fc13 f   LIBCMT:mbschr.obj
 0001:0000ec2a       _RtlUnwind@16              6650fc2a f   kernel32:KERNEL32.dll
 0002:00000000       __imp__RegQueryValueExA@24 66510000     advapi32:ADVAPI32.dll
 0002:00000004       \177ADVAPI32_NULL_THUNK_DATA 66510004     advapi32:ADVAPI32.dll
 0002:00000008       __imp__FreeLibrary@4       66510008     kernel32:KERNEL32.dll
 0002:0000000c       __imp__GetTickCount@0      6651000c     kernel32:KERNEL32.dll
 0002:00000010       __imp__GetModuleHandleA@4  66510010     kernel32:KERNEL32.dll
 0002:00000014       __imp__VirtualProtect@16   66510014     kernel32:KERNEL32.dll
 0002:00000018       __imp__WriteProcessMemory@20 66510018     kernel32:KERNEL32.dll
 0002:0000001c       __imp__GetCurrentProcess@0 6651001c     kernel32:KERNEL32.dll
 0002:00000020       __imp__CreateFileA@28      66510020     kernel32:KERNEL32.dll
 0002:00000024       __imp__LoadLibraryA@4      66510024     kernel32:KERNEL32.dll
 0002:00000028       __imp__DeleteFileA@4       66510028     kernel32:KERNEL32.dll
 0002:0000002c       __imp__CreateDirectoryA@8  6651002c     kernel32:KERNEL32.dll
 0002:00000030       __imp__GetModuleFileNameA@12 66510030     kernel32:KERNEL32.dll
 0002:00000034       __imp__DisableThreadLibraryCalls@4 66510034     kernel32:KERNEL32.dll
 0002:00000038       __imp__CompareStringW@24   66510038     kernel32:KERNEL32.dll
 0002:0000003c       __imp__CompareStringA@24   6651003c     kernel32:KERNEL32.dll
 0002:00000040       __imp__GetCommandLineA@0   66510040     kernel32:KERNEL32.dll
 0002:00000044       __imp__GetProcAddress@8    66510044     kernel32:KERNEL32.dll
 0002:00000048       __imp__GetLastError@0      66510048     kernel32:KERNEL32.dll
 0002:0000004c       __imp__FindClose@4         6651004c     kernel32:KERNEL32.dll
 0002:00000050       __imp__FileTimeToSystemTime@8 66510050     kernel32:KERNEL32.dll
 0002:00000054       __imp__FileTimeToLocalFileTime@8 66510054     kernel32:KERNEL32.dll
 0002:00000058       __imp__GetDriveTypeA@4     66510058     kernel32:KERNEL32.dll
 0002:0000005c       __imp__FindFirstFileA@8    6651005c     kernel32:KERNEL32.dll
 0002:00000060       __imp__HeapAlloc@12        66510060     kernel32:KERNEL32.dll
 0002:00000064       __imp__HeapFree@12         66510064     kernel32:KERNEL32.dll
 0002:00000068       __imp__GetCurrentThreadId@0 66510068     kernel32:KERNEL32.dll
 0002:0000006c       __imp__GetFullPathNameA@16 6651006c     kernel32:KERNEL32.dll
 0002:00000070       __imp__GetCurrentDirectoryA@8 66510070     kernel32:KERNEL32.dll
 0002:00000074       __imp__TerminateProcess@8  66510074     kernel32:KERNEL32.dll
 0002:00000078       __imp__UnhandledExceptionFilter@4 66510078     kernel32:KERNEL32.dll
 0002:0000007c       __imp__SetUnhandledExceptionFilter@4 6651007c     kernel32:KERNEL32.dll
 0002:00000080       __imp__IsDebuggerPresent@0 66510080     kernel32:KERNEL32.dll
 0002:00000084       __imp__WriteFile@20        66510084     kernel32:KERNEL32.dll
 0002:00000088       __imp__WideCharToMultiByte@32 66510088     kernel32:KERNEL32.dll
 0002:0000008c       __imp__GetConsoleCP@0      6651008c     kernel32:KERNEL32.dll
 0002:00000090       __imp__GetConsoleMode@8    66510090     kernel32:KERNEL32.dll
 0002:00000094       __imp__EnterCriticalSection@4 66510094     kernel32:KERNEL32.dll
 0002:00000098       __imp__LeaveCriticalSection@4 66510098     kernel32:KERNEL32.dll
 0002:0000009c       __imp__MultiByteToWideChar@24 6651009c     kernel32:KERNEL32.dll
 0002:000000a0       __imp__ReadFile@20         665100a0     kernel32:KERNEL32.dll
 0002:000000a4       __imp__CloseHandle@4       665100a4     kernel32:KERNEL32.dll
 0002:000000a8       __imp__FlushFileBuffers@4  665100a8     kernel32:KERNEL32.dll
 0002:000000ac       __imp__DeleteCriticalSection@4 665100ac     kernel32:KERNEL32.dll
 0002:000000b0       __imp__SetHandleCount@4    665100b0     kernel32:KERNEL32.dll
 0002:000000b4       __imp__GetStdHandle@4      665100b4     kernel32:KERNEL32.dll
 0002:000000b8       __imp__GetFileType@4       665100b8     kernel32:KERNEL32.dll
 0002:000000bc       __imp__GetStartupInfoA@4   665100bc     kernel32:KERNEL32.dll
 0002:000000c0       __imp__RtlUnwind@16        665100c0     kernel32:KERNEL32.dll
 0002:000000c4       __imp__VirtualFree@12      665100c4     kernel32:KERNEL32.dll
 0002:000000c8       __imp__VirtualAlloc@16     665100c8     kernel32:KERNEL32.dll
 0002:000000cc       __imp__HeapReAlloc@16      665100cc     kernel32:KERNEL32.dll
 0002:000000d0       __imp__HeapCreate@12       665100d0     kernel32:KERNEL32.dll
 0002:000000d4       __imp__HeapDestroy@4       665100d4     kernel32:KERNEL32.dll
 0002:000000d8       __imp__GetModuleHandleW@4  665100d8     kernel32:KERNEL32.dll
 0002:000000dc       __imp__Sleep@4             665100dc     kernel32:KERNEL32.dll
 0002:000000e0       __imp__ExitProcess@4       665100e0     kernel32:KERNEL32.dll
 0002:000000e4       __imp__RaiseException@16   665100e4     kernel32:KERNEL32.dll
 0002:000000e8       __imp__TlsGetValue@4       665100e8     kernel32:KERNEL32.dll
 0002:000000ec       __imp__TlsAlloc@0          665100ec     kernel32:KERNEL32.dll
 0002:000000f0       __imp__TlsSetValue@8       665100f0     kernel32:KERNEL32.dll
 0002:000000f4       __imp__TlsFree@4           665100f4     kernel32:KERNEL32.dll
 0002:000000f8       __imp__InterlockedIncrement@4 665100f8     kernel32:KERNEL32.dll
 0002:000000fc       __imp__SetLastError@4      665100fc     kernel32:KERNEL32.dll
 0002:00000100       __imp__InterlockedDecrement@4 66510100     kernel32:KERNEL32.dll
 0002:00000104       __imp__FreeEnvironmentStringsA@4 66510104     kernel32:KERNEL32.dll
 0002:00000108       __imp__GetEnvironmentStrings@0 66510108     kernel32:KERNEL32.dll
 0002:0000010c       __imp__FreeEnvironmentStringsW@4 6651010c     kernel32:KERNEL32.dll
 0002:00000110       __imp__GetEnvironmentStringsW@0 66510110     kernel32:KERNEL32.dll
 0002:00000114       __imp__QueryPerformanceCounter@4 66510114     kernel32:KERNEL32.dll
 0002:00000118       __imp__GetCurrentProcessId@0 66510118     kernel32:KERNEL32.dll
 0002:0000011c       __imp__GetSystemTimeAsFileTime@4 6651011c     kernel32:KERNEL32.dll
 0002:00000120       __imp__GetTimeZoneInformation@4 66510120     kernel32:KERNEL32.dll
 0002:00000124       __imp__GetCPInfo@8         66510124     kernel32:KERNEL32.dll
 0002:00000128       __imp__GetACP@0            66510128     kernel32:KERNEL32.dll
 0002:0000012c       __imp__GetOEMCP@0          6651012c     kernel32:KERNEL32.dll
 0002:00000130       __imp__IsValidCodePage@4   66510130     kernel32:KERNEL32.dll
 0002:00000134       __imp__LCMapStringA@24     66510134     kernel32:KERNEL32.dll
 0002:00000138       __imp__LCMapStringW@24     66510138     kernel32:KERNEL32.dll
 0002:0000013c       __imp__SetFilePointer@16   6651013c     kernel32:KERNEL32.dll
 0002:00000140       __imp__WriteConsoleA@20    66510140     kernel32:KERNEL32.dll
 0002:00000144       __imp__GetConsoleOutputCP@0 66510144     kernel32:KERNEL32.dll
 0002:00000148       __imp__WriteConsoleW@20    66510148     kernel32:KERNEL32.dll
 0002:0000014c       __imp__SetStdHandle@8      6651014c     kernel32:KERNEL32.dll
 0002:00000150       __imp__InitializeCriticalSectionAndSpinCount@8 66510150     kernel32:KERNEL32.dll
 0002:00000154       __imp__HeapSize@12         66510154     kernel32:KERNEL32.dll
 0002:00000158       __imp__GetStringTypeA@20   66510158     kernel32:KERNEL32.dll
 0002:0000015c       __imp__GetStringTypeW@16   6651015c     kernel32:KERNEL32.dll
 0002:00000160       __imp__GetLocaleInfoA@16   66510160     kernel32:KERNEL32.dll
 0002:00000164       __imp__SetEndOfFile@4      66510164     kernel32:KERNEL32.dll
 0002:00000168       __imp__GetProcessHeap@0    66510168     kernel32:KERNEL32.dll
 0002:0000016c       __imp__SetEnvironmentVariableA@8 6651016c     kernel32:KERNEL32.dll
 0002:00000170       \177KERNEL32_NULL_THUNK_DATA 66510170     kernel32:KERNEL32.dll
 0002:00000174       __imp__MessageBoxA@16      66510174     user32:USER32.dll
 0002:00000178       \177USER32_NULL_THUNK_DATA 66510178     user32:USER32.dll
 0002:0000017c       ___xc_a                    6651017c     LIBCMT:crt0init.obj
 0002:00000180       ___xc_z                    66510180     LIBCMT:crt0init.obj
 0002:00000184       ___xi_a                    66510184     LIBCMT:crt0init.obj
 0002:00000198       ___xi_z                    66510198     LIBCMT:crt0init.obj
 0002:0000019c       ___xp_a                    6651019c     LIBCMT:crt0init.obj
 0002:000001a8       ___xp_z                    665101a8     LIBCMT:crt0init.obj
 0002:000001ac       ___xt_a                    665101ac     LIBCMT:crt0init.obj
 0002:000001b0       ___xt_z                    665101b0     LIBCMT:crt0init.obj
 0002:000001b8       ??_C@_0O@JOHAGDPG@SetReloadFlag?$AA@ 665101b8     dllmain.obj
 0002:000001c8       ??_C@_0M@CLFMOBPJ@PatchClient?$AA@ 665101c8     dllmain.obj
 0002:000001d4       ??_C@_0BG@BGIAJCAE@MainMenuFlushFramebuf?$AA@ 665101d4     dllmain.obj
 0002:000001ec       ??_C@_0BG@OPGPBILL@Load?5d2hackmap?5failed?$AA@ 665101ec     dllmain.obj
 0002:00000204       ??_C@_0M@LENPPFMJ@loadhackmap?$AA@ 66510204     dllmain.obj
 0002:00000210       ??_C@_0O@KGIFLBFP@Load?50x?$CFX?5?$CFs?6?$AA@ 66510210     dllmain.obj
 0002:00000220       ??_C@_02JDPG@rb?$AA@       66510220     dllmain.obj
 0002:00000224       ??_C@_0P@KGHBPCIF@copy?5?$CFs?5to?5?$CFs?6?$AA@ 66510224     dllmain.obj
 0002:00000234       ??_C@_0BA@NPBIFBLA@open?5?$CFs?5failed?6?$AA@ 66510234     dllmain.obj
 0002:00000244       ??_C@_03BFHAFKOB@wb?$CL?$AA@ 66510244     dllmain.obj
 0002:00000248       ??_C@_0BK@DFOAKIBC@?$CFsruntime?2d2hackmap?$CFd?4dll?$AA@ 66510248     dllmain.obj
 0002:00000264       ??_C@_0BD@MGKJLPOM@free?5library?5error?$AA@ 66510264     dllmain.obj
 0002:00000278       ??_C@_0BG@HFFGDOHO@d2hackmap?5didn?8t?5exit?$AA@ 66510278     dllmain.obj
 0002:00000290       ??_C@_0BC@EINKLDCC@FreeLibrary?50x?$CFx?6?$AA@ 66510290     dllmain.obj
 0002:000002a4       ??_C@_09CFJFOLBP@d2hackmap?$AA@ 665102a4     dllmain.obj
 0002:000002b0       ??_C@_0O@NMNDOLGB@load?5?$CFs?5error?$AA@ 665102b0     dllmain.obj
 0002:000002c0       ??_C@_0BD@GBICBIIK@Open?5mpq?5file?3?5?$CFs?6?$AA@ 665102c0     dllmain.obj
 0002:000002d4       ??_C@_0BJ@ODCHDKMO@Open?5mpq?5file?3?5?$CFs?5?9?$DO?5?$CFs?6?$AA@ 665102d4     dllmain.obj
 0002:000002f0       ??_C@_05BMGBEOOC@?$CFs?2?$CFs?$AA@ 665102f0     dllmain.obj
 0002:000002f8       ??_C@_07GMNADJEA@?5len?$DN?$CFd?$AA@ 665102f8     dllmain.obj
 0002:00000300       ??_C@_09LHKNMGCJ@?5value?$DN?$CFd?$AA@ 66510300     dllmain.obj
 0002:0000030c       ??_C@_05JEHJOICL@?5?$CC?$CFs?$CC?$AA@ 6651030c     dllmain.obj
 0002:00000314       ??_C@_08KNELJMEI@?5type?$DN?$CFd?$AA@ 66510314     dllmain.obj
 0002:00000320       ??_C@_0BE@DGOBLAHC@RegQueryValueExA?5?$CFs?$AA@ 66510320     dllmain.obj
 0002:00000334       ??_C@_06JFNJILBK@BNETIP?$AA@ 66510334     dllmain.obj
 0002:0000033c       ??_C@_0M@PBEHJCJG@InstallPath?$AA@ 6651033c     dllmain.obj
 0002:00000348       ??_C@_0N@MMLBLOEL@Bnet?5ip?3?5?$CFs?6?$AA@ 66510348     dllmain.obj
 0002:00000358       ??_C@_0O@CJAGNIIN@Mpq?5path?3?5?$CFs?6?$AA@ 66510358     dllmain.obj
 0002:00000368       ??_C@_0BC@MOPMALPA@Install?5path?3?5?$CFs?6?$AA@ 66510368     dllmain.obj
 0002:0000037c       ??_C@_08PFDFOFK@?9bnetip?$DN?$AA@ 6651037c     dllmain.obj
 0002:00000388       ??_C@_09IKLEIFME@?9mpqpath?$DN?$AA@ 66510388     dllmain.obj
 0002:00000394       ??_C@_0BB@EHKPHJKO@patch?5installed?6?$AA@ 66510394     dllmain.obj
 0002:000003a8       ??_C@_09CAHGPDII@D2GFX?4DLL?$AA@ 665103a8     dllmain.obj
 0002:000003b4       ??_C@_09HPAKFDMM@D2WIN?4DLL?$AA@ 665103b4     dllmain.obj
 0002:000003c0       ??_C@_0N@GBCNGFKJ@D2CLIENT?4DLL?$AA@ 665103c0     dllmain.obj
 0002:000003d0       ??_C@_09NJBCKBHH@STORM?4DLL?$AA@ 665103d0     dllmain.obj
 0002:000003dc       ??_C@_02CHHAKFFB@w?$CL?$AA@ 665103dc     dllmain.obj
 0002:000003e0       ??_C@_0BM@JPNILAFG@?$CFsruntime?2loadhackmap?$CFd?4log?$AA@ 665103e0     dllmain.obj
 0002:000003fc       ??_C@_09MANJOFB@?$CFsruntime?$AA@ 665103fc     dllmain.obj
 0002:00000408       ??_C@_0BD@MMEKFINK@Uninstall?5patches?6?$AA@ 66510408     dllmain.obj
 0002:0000041c       ??_C@_0BE@MDNOEDBP@?$CFsdll?2d2hackmap?4dll?$AA@ 6651041c     dllmain.obj
 0002:00000430       ??_C@_03LLEJOLGL@?4?1?2?$AA@ 66510430     LIBCMT:stati32.obj
 0002:00000434       ??_C@_02EAOCEIGI@?$DP?$CK?$AA@ 66510434     LIBCMT:stati32.obj
 0002:00000438       ??_C@_0P@GHFPNOJB@bad?5allocation?$AA@ 66510438     LIBCMT:new.obj
 0002:0000044c       ??_7bad_alloc@std@@6B@     6651044c     LIBCMT:new.obj
 0002:00000454       __pRawDllMain              66510454     LIBCMT:dllcrt0.obj
 0002:00000454       __pDefaultRawDllMain       66510454     LIBCMT:dllcrt0.obj
 0002:00000458       ??_C@_04PNGHFIJN@?4com?$AA@ 66510458     LIBCMT:stat.obj
 0002:00000460       ??_C@_04NEEFLLOK@?4bat?$AA@ 66510460     LIBCMT:stat.obj
 0002:00000468       ??_C@_04CPCBDHLK@?4cmd?$AA@ 66510468     LIBCMT:stat.obj
 0002:00000470       ??_C@_04JLMDILM@?4exe?$AA@ 66510470     LIBCMT:stat.obj
 0002:00000480       ??_C@_1O@CEDCILHN@?$AA?$CI?$AAn?$AAu?$AAl?$AAl?$AA?$CJ?$AA?$AA@ 66510480     LIBCMT:output.obj
 0002:00000490       ??_C@_06OJHGLDPL@?$CInull?$CJ?$AA@ 66510490     LIBCMT:output.obj
 0002:00000498       ___lookuptable             66510498     LIBCMT:output.obj
 0002:00000514       ??_C@_0P@MIGLKIOC@CorExitProcess?$AA@ 66510514     LIBCMT:crt0dat.obj
 0002:00000524       ??_C@_1BI@BGOHAHKC@?$AAm?$AAs?$AAc?$AAo?$AAr?$AAe?$AAe?$AA?4?$AAd?$AAl?$AAl?$AA?$AA@ 66510524     LIBCMT:crt0dat.obj
 0002:0000053c       ??_C@_0P@GGKDKEEG@runtime?5error?5?$AA@ 6651053c     LIBCMT:crt0msg.obj
 0002:0000054c       ??_C@_02PCIJFNDE@?$AN?6?$AA@ 6651054c     LIBCMT:crt0msg.obj
 0002:00000550       ??_C@_0O@MJNIPGOH@TLOSS?5error?$AN?6?$AA@ 66510550     LIBCMT:crt0msg.obj
 0002:00000560       ??_C@_0N@BONNPDHF@SING?5error?$AN?6?$AA@ 66510560     LIBCMT:crt0msg.obj
 0002:00000570       ??_C@_0P@MBDAJNE@DOMAIN?5error?$AN?6?$AA@ 66510570     LIBCMT:crt0msg.obj
 0002:00000580       ??_C@_0JL@DFDOOABL@R6034?$AN?6An?5application?5has?5made?5a@ 66510580     LIBCMT:crt0msg.obj
 0002:00000620       ??_C@_0PH@EPAFIJ@R6033?$AN?6?9?5Attempt?5to?5use?5MSIL?5cod@ 66510620     LIBCMT:crt0msg.obj
 0002:00000718       ??_C@_0DD@BKEEABMM@R6032?$AN?6?9?5not?5enough?5space?5for?5lo@ 66510718     LIBCMT:crt0msg.obj
 0002:00000750       ??_C@_0GD@OFKILIED@R6031?$AN?6?9?5Attempt?5to?5initialize?5t@ 66510750     LIBCMT:crt0msg.obj
 0002:000007b4       ??_C@_0BP@LPMHJOKI@R6030?$AN?6?9?5CRT?5not?5initialized?$AN?6?$AA@ 665107b4     LIBCMT:crt0msg.obj
 0002:000007d4       ??_C@_0CF@KJDAIALP@R6028?$AN?6?9?5unable?5to?5initialize?5he@ 665107d4     LIBCMT:crt0msg.obj
 0002:000007fc       ??_C@_0DF@GAKBPDFP@R6027?$AN?6?9?5not?5enough?5space?5for?5lo@ 665107fc     LIBCMT:crt0msg.obj
 0002:00000834       ??_C@_0DF@IBLNNAIG@R6026?$AN?6?9?5not?5enough?5space?5for?5st@ 66510834     LIBCMT:crt0msg.obj
 0002:0000086c       ??_C@_0CG@IOHKGFNJ@R6025?$AN?6?9?5pure?5virtual?5function?5c@ 6651086c     LIBCMT:crt0msg.obj
 0002:00000894       ??_C@_0DF@JIJJFJDC@R6024?$AN?6?9?5not?5enough?5space?5for?5_o@ 66510894     LIBCMT:crt0msg.obj
 0002:000008cc       ??_C@_0CJ@EGEJHFME@R6019?$AN?6?9?5unable?5to?5open?5console?5@ 665108cc     LIBCMT:crt0msg.obj
 0002:000008f8       ??_C@_0CB@GNHNIELH@R6018?$AN?6?9?5unexpected?5heap?5error?$AN?6@ 665108f8     LIBCMT:crt0msg.obj
 0002:0000091c       ??_C@_0CN@FOLDKNG@R6017?$AN?6?9?5unexpected?5multithread?5@ 6651091c     LIBCMT:crt0msg.obj
 0002:0000094c       ??_C@_0CM@FAHFJNHO@R6016?$AN?6?9?5not?5enough?5space?5for?5th@ 6651094c     LIBCMT:crt0msg.obj
 0002:00000978       ??_C@_0JG@LBKMGKLD@?$AN?6This?5application?5has?5requested@ 66510978     LIBCMT:crt0msg.obj
 0002:00000a10       ??_C@_0CM@FLCNIPKK@R6009?$AN?6?9?5not?5enough?5space?5for?5en@ 66510a10     LIBCMT:crt0msg.obj
 0002:00000a3c       ??_C@_0CK@KMMJOAPP@R6008?$AN?6?9?5not?5enough?5space?5for?5ar@ 66510a3c     LIBCMT:crt0msg.obj
 0002:00000a68       ??_C@_0CN@LEKKICBM@R6002?$AN?6?9?5floating?5point?5support?5@ 66510a68     LIBCMT:crt0msg.obj
 0002:00000a98       ??_C@_0CF@GOGNBNAK@Microsoft?5Visual?5C?$CL?$CL?5Runtime?5Lib@ 66510a98     LIBCMT:crt0msg.obj
 0002:00000ac0       ??_C@_02PHMGELLB@?6?6?$AA@ 66510ac0     LIBCMT:crt0msg.obj
 0002:00000ac4       ??_C@_03KHICJKCI@?4?4?4?$AA@ 66510ac4     LIBCMT:crt0msg.obj
 0002:00000ac8       ??_C@_0BH@DNAGHKFM@?$DMprogram?5name?5unknown?$DO?$AA@ 66510ac8     LIBCMT:crt0msg.obj
 0002:00000ae0       ??_C@_0BK@OFGJDLJJ@Runtime?5Error?$CB?6?6Program?3?5?$AA@ 66510ae0     LIBCMT:crt0msg.obj
 0002:00000b00       ??_7exception@std@@6B@     66510b00     LIBCMT:stdexcpt.obj
 0002:00000b08       ??_C@_0BC@EOODALEL@Unknown?5exception?$AA@ 66510b08     LIBCMT:stdexcpt.obj
 0002:00000b20       ??_7type_info@@6B@         66510b20     LIBCMT:typinfo.obj
 0002:00000b44       ??_C@_0O@NLDKAIKN@EncodePointer?$AA@ 66510b44     LIBCMT:tidtable.obj
 0002:00000b54       ??_C@_1BK@DBDEIDLH@?$AAK?$AAE?$AAR?$AAN?$AAE?$AAL?$AA3?$AA2?$AA?4?$AAD?$AAL?$AAL?$AA?$AA@ 66510b54     LIBCMT:tidtable.obj
 0002:00000b70       ??_C@_0O@KBPMFGHI@DecodePointer?$AA@ 66510b70     LIBCMT:tidtable.obj
 0002:00000b80       ??_C@_07PEJMOBNF@FlsFree?$AA@ 66510b80     LIBCMT:tidtable.obj
 0002:00000b88       ??_C@_0M@JCPCPOEF@FlsSetValue?$AA@ 66510b88     LIBCMT:tidtable.obj
 0002:00000b94       ??_C@_0M@GDNOONDI@FlsGetValue?$AA@ 66510b94     LIBCMT:tidtable.obj
 0002:00000ba0       ??_C@_08KNHFBNJ@FlsAlloc?$AA@ 66510ba0     LIBCMT:tidtable.obj
 0002:00000bb0       __XcptActTab               66510bb0     LIBCMT:winxfltr.obj
 0002:00000c28       ??_C@_02CLFPBFFP@TZ?$AA@   66510c28     LIBCMT:tzset.obj
 0002:00000c2c       ___dnames                  66510c2c     LIBCMT:timeset.obj
 0002:00000c44       ___mnames                  66510c44     LIBCMT:timeset.obj
 0002:00000cf0       ??_C@_01NEMOKFLO@?$DN?$AA@ 66510cf0     LIBCMT:setlocal.obj
 0002:00000cf2       ??_C@_00CNPNBAHC@?$AA@     66510cf2     LIBCMT:setlocal.obj
 0002:00000cf4       ??_C@_13NOLLCAOD@?$AA?$AA?$AA?$AA@ 66510cf4     LIBCMT:a_map.obj
 0002:00000cf8       ___lookuptable_s           66510cf8     LIBCMT:outputs.obj
 0002:00000d54       ??_C@_0BI@DFKBFLJE@GetProcessWindowStation?$AA@ 66510d54     LIBCMT:crtmbox.obj
 0002:00000d6c       ??_C@_0BK@CIDNPOGP@GetUserObjectInformationA?$AA@ 66510d6c     LIBCMT:crtmbox.obj
 0002:00000d88       ??_C@_0BD@HHGDFDBJ@GetLastActivePopup?$AA@ 66510d88     LIBCMT:crtmbox.obj
 0002:00000d9c       ??_C@_0BA@HNOPNCHB@GetActiveWindow?$AA@ 66510d9c     LIBCMT:crtmbox.obj
 0002:00000dac       ??_C@_0M@CHKKJDAI@MessageBoxA?$AA@ 66510dac     LIBCMT:crtmbox.obj
 0002:00000db8       ??_C@_0L@NDEGIDAG@USER32?4DLL?$AA@ 66510db8     LIBCMT:crtmbox.obj
 0002:00000dc8       ___newctype                66510dc8     LIBCMT:ctype.obj
 0002:000010c8       __wctype                   665110c8     LIBCMT:ctype.obj
 0002:000012d0       ___newclmap                665112d0     LIBCMT:ctype.obj
 0002:00001450       ___newcumap                66511450     LIBCMT:ctype.obj
 0002:000015d0       ??_C@_08JCCMCCIL@HH?3mm?3ss?$AA@ 665115d0     LIBCMT:strftime.obj
 0002:000015dc       ??_C@_0BE@CKGJFCPC@dddd?0?5MMMM?5dd?0?5yyyy?$AA@ 665115dc     LIBCMT:strftime.obj
 0002:000015f0       ??_C@_08BPBNCDIB@MM?1dd?1yy?$AA@ 665115f0     LIBCMT:strftime.obj
 0002:000015fc       ??_C@_02CJNFDJBF@PM?$AA@   665115fc     LIBCMT:strftime.obj
 0002:00001600       ??_C@_02DEDBPAFC@AM?$AA@   66511600     LIBCMT:strftime.obj
 0002:00001604       ??_C@_08EDHMEBNP@December?$AA@ 66511604     LIBCMT:strftime.obj
 0002:00001610       ??_C@_08HCHEGEOA@November?$AA@ 66511610     LIBCMT:strftime.obj
 0002:0000161c       ??_C@_07JJNFCEND@October?$AA@ 6651161c     LIBCMT:strftime.obj
 0002:00001624       ??_C@_09BHHEALKD@September?$AA@ 66511624     LIBCMT:strftime.obj
 0002:00001630       ??_C@_06LBBHFDDG@August?$AA@ 66511630     LIBCMT:strftime.obj
 0002:00001638       ??_C@_04MIEPOIFP@July?$AA@ 66511638     LIBCMT:strftime.obj
 0002:00001640       ??_C@_04CNLMGBGM@June?$AA@ 66511640     LIBCMT:strftime.obj
 0002:00001648       ??_C@_05DMJDNLEJ@April?$AA@ 66511648     LIBCMT:strftime.obj
 0002:00001650       ??_C@_05HPCKOFNC@March?$AA@ 66511650     LIBCMT:strftime.obj
 0002:00001658       ??_C@_08GNJGEPFN@February?$AA@ 66511658     LIBCMT:strftime.obj
 0002:00001664       ??_C@_07CGJPFGJA@January?$AA@ 66511664     LIBCMT:strftime.obj
 0002:0000166c       ??_C@_03MKABNOCG@Dec?$AA@  6651166c     LIBCMT:strftime.obj
 0002:00001670       ??_C@_03JPJOFNIA@Nov?$AA@  66511670     LIBCMT:strftime.obj
 0002:00001674       ??_C@_03BMAOKBAD@Oct?$AA@  66511674     LIBCMT:strftime.obj
 0002:00001678       ??_C@_03GGCAPAJC@Sep?$AA@  66511678     LIBCMT:strftime.obj
 0002:0000167c       ??_C@_03IFJFEIGA@Aug?$AA@  6651167c     LIBCMT:strftime.obj
 0002:00001680       ??_C@_03LBGABGKK@Jul?$AA@  66511680     LIBCMT:strftime.obj
 0002:00001684       ??_C@_03IDFGHECI@Jun?$AA@  66511684     LIBCMT:strftime.obj
 0002:00001688       ??_C@_03CNMDKL@May?$AA@    66511688     LIBCMT:strftime.obj
 0002:0000168c       ??_C@_03LEOLGMJP@Apr?$AA@  6651168c     LIBCMT:strftime.obj
 0002:00001690       ??_C@_03ODNJBKGA@Mar?$AA@  66511690     LIBCMT:strftime.obj
 0002:00001694       ??_C@_03HJBDCHOM@Feb?$AA@  66511694     LIBCMT:strftime.obj
 0002:00001698       ??_C@_03JIHJHPIE@Jan?$AA@  66511698     LIBCMT:strftime.obj
 0002:0000169c       ??_C@_08INBOOONO@Saturday?$AA@ 6651169c     LIBCMT:strftime.obj
 0002:000016a8       ??_C@_06JECMNKMI@Friday?$AA@ 665116a8     LIBCMT:strftime.obj
 0002:000016b0       ??_C@_08HACCIKIA@Thursday?$AA@ 665116b0     LIBCMT:strftime.obj
 0002:000016bc       ??_C@_09DLIGFAKA@Wednesday?$AA@ 665116bc     LIBCMT:strftime.obj
 0002:000016c8       ??_C@_07BAAGCFCM@Tuesday?$AA@ 665116c8     LIBCMT:strftime.obj
 0002:000016d0       ??_C@_06JLEDEDGH@Monday?$AA@ 665116d0     LIBCMT:strftime.obj
 0002:000016d8       ??_C@_06OOPIFAJ@Sunday?$AA@ 665116d8     LIBCMT:strftime.obj
 0002:000016e0       ??_C@_03FEFJNEK@Sat?$AA@   665116e0     LIBCMT:strftime.obj
 0002:000016e4       ??_C@_03IDIOELNC@Fri?$AA@  665116e4     LIBCMT:strftime.obj
 0002:000016e8       ??_C@_03IOFIKPDN@Thu?$AA@  665116e8     LIBCMT:strftime.obj
 0002:000016ec       ??_C@_03MHOMLAJA@Wed?$AA@  665116ec     LIBCMT:strftime.obj
 0002:000016f0       ??_C@_03NAGEINEP@Tue?$AA@  665116f0     LIBCMT:strftime.obj
 0002:000016f4       ??_C@_03PDAGKDH@Mon?$AA@   665116f4     LIBCMT:strftime.obj
 0002:000016f8       ??_C@_03KOEHGMDN@Sun?$AA@  665116f8     LIBCMT:strftime.obj
 0002:000016fc       ??_C@_07GPDNMNG@CONOUT$?$AA@ 665116fc     LIBCMT:initcon.obj
 0002:00001704       ??_C@_0BK@CFCOFLF@?5Complete?5Object?5Locator?8?$AA@ 66511704     LIBCMT:undname.obj
 0002:00001720       ??_C@_0BN@MECKDCOJ@?5Class?5Hierarchy?5Descriptor?8?$AA@ 66511720     LIBCMT:undname.obj
 0002:00001740       ??_C@_0BD@LGICGFMM@?5Base?5Class?5Array?8?$AA@ 66511740     LIBCMT:undname.obj
 0002:00001754       ??_C@_0BM@LDKODKLH@?5Base?5Class?5Descriptor?5at?5?$CI?$AA@ 66511754     LIBCMT:undname.obj
 0002:00001770       ??_C@_0BC@DAFEJGAK@?5Type?5Descriptor?8?$AA@ 66511770     LIBCMT:undname.obj
 0002:00001784       ??_C@_0BM@PMGGMLDN@?$GAlocal?5static?5thread?5guard?8?$AA@ 66511784     LIBCMT:undname.obj
 0002:000017a0       ??_C@_0CL@FGIJHLCE@?$GAmanaged?5vector?5copy?5constructor@ 665117a0     LIBCMT:undname.obj
 0002:000017cc       ??_C@_0CJ@GJELGAMM@?$GAvector?5vbase?5copy?5constructor?5i@ 665117cc     LIBCMT:undname.obj
 0002:000017f8       ??_C@_0CD@CGAJBKEJ@?$GAvector?5copy?5constructor?5iterato@ 665117f8     LIBCMT:undname.obj
 0002:0000181c       ??_C@_0CB@PDBIFEP@?$GAdynamic?5atexit?5destructor?5for?5?8@ 6651181c     LIBCMT:undname.obj
 0002:00001840       ??_C@_0BL@CLIPGLGB@?$GAdynamic?5initializer?5for?5?8?$AA@ 66511840     LIBCMT:undname.obj
 0002:0000185c       ??_C@_0CM@FCBBDIGB@?$GAeh?5vector?5vbase?5copy?5constructo@ 6651185c     LIBCMT:undname.obj
 0002:00001888       ??_C@_0CG@HLDDJMAG@?$GAeh?5vector?5copy?5constructor?5iter@ 66511888     LIBCMT:undname.obj
 0002:000018b0       ??_C@_0CF@IMGKMJNO@?$GAmanaged?5vector?5destructor?5itera@ 665118b0     LIBCMT:undname.obj
 0002:000018d8       ??_C@_0CG@CFDHKGGD@?$GAmanaged?5vector?5constructor?5iter@ 665118d8     LIBCMT:undname.obj
 0002:00001900       ??_C@_0BN@CKNJLHMB@?$GAplacement?5delete?$FL?$FN?5closure?8?$AA@ 66511900     LIBCMT:undname.obj
 0002:00001920       ??_C@_0BL@CNOONJFP@?$GAplacement?5delete?5closure?8?$AA@ 66511920     LIBCMT:undname.obj
 0002:0000193c       ??_C@_0P@HJKNJFNN@?$GAomni?5callsig?8?$AA@ 6651193c     LIBCMT:undname.obj
 0002:0000194c       ??_C@_09LBNFPBCA@?5delete?$FL?$FN?$AA@ 6651194c     LIBCMT:undname.obj
 0002:00001958       ??_C@_06FHBGPFGH@?5new?$FL?$FN?$AA@ 66511958     LIBCMT:undname.obj
 0002:00001960       ??_C@_0CE@IIHCMGGL@?$GAlocal?5vftable?5constructor?5closu@ 66511960     LIBCMT:undname.obj
 0002:00001984       ??_C@_0BA@KKLDJDLB@?$GAlocal?5vftable?8?$AA@ 66511984     LIBCMT:undname.obj
 0002:00001994       ??_C@_05KHLCHHI@?$GARTTI?$AA@ 66511994     LIBCMT:undname.obj
 0002:0000199c       ??_C@_03KLGMFNMG@?$GAEH?$AA@ 6651199c     LIBCMT:undname.obj
 0002:000019a0       ??_C@_0BA@KBCDOMBN@?$GAudt?5returning?8?$AA@ 665119a0     LIBCMT:undname.obj
 0002:000019b0       ??_C@_0BL@LLKPOHJI@?$GAcopy?5constructor?5closure?8?$AA@ 665119b0     LIBCMT:undname.obj
 0002:000019cc       ??_C@_0CH@OOJPLCPH@?$GAeh?5vector?5vbase?5constructor?5ite@ 665119cc     LIBCMT:undname.obj
 0002:000019f4       ??_C@_0CA@GCEOPDGL@?$GAeh?5vector?5destructor?5iterator?8?$AA@ 665119f4     LIBCMT:undname.obj
 0002:00001a14       ??_C@_0CB@JONCMFFK@?$GAeh?5vector?5constructor?5iterator?8@ 66511a14     LIBCMT:undname.obj
 0002:00001a38       ??_C@_0BL@NILFHHPC@?$GAvirtual?5displacement?5map?8?$AA@ 66511a38     LIBCMT:undname.obj
 0002:00001a54       ??_C@_0CE@IKBNEHA@?$GAvector?5vbase?5constructor?5iterat@ 66511a54     LIBCMT:undname.obj
 0002:00001a78       ??_C@_0BN@LFPFMEDL@?$GAvector?5destructor?5iterator?8?$AA@ 66511a78     LIBCMT:undname.obj
 0002:00001a98       ??_C@_0BO@PFGOCPJJ@?$GAvector?5constructor?5iterator?8?$AA@ 66511a98     LIBCMT:undname.obj
 0002:00001ab8       ??_C@_0BN@IMDCHIKM@?$GAscalar?5deleting?5destructor?8?$AA@ 66511ab8     LIBCMT:undname.obj
 0002:00001ad8       ??_C@_0BO@OBMKPJIG@?$GAdefault?5constructor?5closure?8?$AA@ 66511ad8     LIBCMT:undname.obj
 0002:00001af8       ??_C@_0BN@DEGPLNFK@?$GAvector?5deleting?5destructor?8?$AA@ 66511af8     LIBCMT:undname.obj
 0002:00001b18       ??_C@_0BD@JDLKDPAB@?$GAvbase?5destructor?8?$AA@ 66511b18     LIBCMT:undname.obj
 0002:00001b2c       ??_C@_08OBABFOLI@?$GAstring?8?$AA@ 66511b2c     LIBCMT:undname.obj
 0002:00001b38       ??_C@_0BF@KDPPACIK@?$GAlocal?5static?5guard?8?$AA@ 66511b38     LIBCMT:undname.obj
 0002:00001b50       ??_C@_08LLFFHHDJ@?$GAtypeof?8?$AA@ 66511b50     LIBCMT:undname.obj
 0002:00001b5c       ??_C@_07FEEIOKP@?$GAvcall?8?$AA@ 66511b5c     LIBCMT:undname.obj
 0002:00001b64       ??_C@_09BLBHBJP@?$GAvbtable?8?$AA@ 66511b64     LIBCMT:undname.obj
 0002:00001b70       ??_C@_09IFPLHPGF@?$GAvftable?8?$AA@ 66511b70     LIBCMT:undname.obj
 0002:00001b7c       ??_C@_02MHEGNOJ@?$FO?$DN?$AA@ 66511b7c     LIBCMT:undname.obj
 0002:00001b80       ??_C@_02DHLNPPGH@?$HM?$DN?$AA@ 66511b80     LIBCMT:undname.obj
 0002:00001b84       ??_C@_02FGJGFEAB@?$CG?$DN?$AA@ 66511b84     LIBCMT:undname.obj
 0002:00001b88       ??_C@_03CDNPDDLA@?$DM?$DM?$DN?$AA@ 66511b88     LIBCMT:undname.obj
 0002:00001b8c       ??_C@_03IKFCCPFF@?$DO?$DO?$DN?$AA@ 66511b8c     LIBCMT:undname.obj
 0002:00001b90       ??_C@_02FENAOKFI@?$CF?$DN?$AA@ 66511b90     LIBCMT:undname.obj
 0002:00001b94       ??_C@_02FJEHGPIO@?1?$DN?$AA@ 66511b94     LIBCMT:undname.obj
 0002:00001b98       ??_C@_02FKMDLLOA@?9?$DN?$AA@ 66511b98     LIBCMT:undname.obj
 0002:00001b9c       ??_C@_02FOEOMHFC@?$CL?$DN?$AA@ 66511b9c     LIBCMT:undname.obj
 0002:00001ba0       ??_C@_02FPIMKNGF@?$CK?$DN?$AA@ 66511ba0     LIBCMT:undname.obj
 0002:00001ba4       ??_C@_02NONPIBCD@?$HM?$HM?$AA@ 66511ba4     LIBCMT:undname.obj
 0002:00001ba8       ??_C@_02PPKAJPJL@?$CG?$CG?$AA@ 66511ba8     LIBCMT:undname.obj
 0002:00001bac       ??_C@_01DNKMNLPK@?$HM?$AA@ 66511bac     LIBCMT:undname.obj
 0002:00001bb0       ??_C@_01JKBOJNNK@?$FO?$AA@ 66511bb0     LIBCMT:undname.obj
 0002:00001bb4       ??_C@_01PJKLJHI@?$HO?$AA@  66511bb4     LIBCMT:undname.obj
 0002:00001bb8       ??_C@_02HCKGKOFO@?$CI?$CJ?$AA@ 66511bb8     LIBCMT:undname.obj
 0002:00001bbc       ??_C@_01IHBHIGKO@?0?$AA@   66511bbc     LIBCMT:undname.obj
 0002:00001bc0       ??_C@_02EEKDKGMJ@?$DO?$DN?$AA@ 66511bc0     LIBCMT:undname.obj
 0002:00001bc4       ??_C@_01PPODPGHN@?$DO?$AA@ 66511bc4     LIBCMT:undname.obj
 0002:00001bc8       ??_C@_02EHCHHCKH@?$DM?$DN?$AA@ 66511bc8     LIBCMT:undname.obj
 0002:00001bcc       ??_C@_01MNNFJEPP@?$DM?$AA@ 66511bcc     LIBCMT:undname.obj
 0002:00001bd0       ??_C@_01FGNFDNOH@?$CF?$AA@ 66511bd0     LIBCMT:undname.obj
 0002:00001bd4       ??_C@_01KMDKNFGN@?1?$AA@   66511bd4     LIBCMT:undname.obj
 0002:00001bd8       ??_C@_03MNHNFDLC@?9?$DO?$CK?$AA@ 66511bd8     LIBCMT:undname.obj
 0002:00001bdc       ??_C@_01HNPIGOCE@?$CG?$AA@ 66511bdc     LIBCMT:undname.obj
 0002:00001be0       ??_C@_01MIFGBAGJ@?$CL?$AA@ 66511be0     LIBCMT:undname.obj
 0002:00001be4       ??_C@_01JOAMLHOP@?9?$AA@   66511be4     LIBCMT:undname.obj
 0002:00001be8       ??_C@_02BAABKJLB@?9?9?$AA@ 66511be8     LIBCMT:undname.obj
 0002:00001bec       ??_C@_02ECNGHCIF@?$CL?$CL?$AA@ 66511bec     LIBCMT:undname.obj
 0002:00001bf0       ??_C@_01NBENCBCI@?$CK?$AA@ 66511bf0     LIBCMT:undname.obj
 0002:00001bf4       ??_C@_02HBOOOICD@?9?$DO?$AA@ 66511bf4     LIBCMT:undname.obj
 0002:00001bf8       ??_C@_08LHJFAFGD@operator?$AA@ 66511bf8     LIBCMT:undname.obj
 0002:00001c04       ??_C@_02GPECMEKF@?$FL?$FN?$AA@ 66511c04     LIBCMT:undname.obj
 0002:00001c08       ??_C@_02FDNJECIE@?$CB?$DN?$AA@ 66511c08     LIBCMT:undname.obj
 0002:00001c0c       ??_C@_02EGOFBIJA@?$DN?$DN?$AA@ 66511c0c     LIBCMT:undname.obj
 0002:00001c10       ??_C@_01DCLJPIOD@?$CB?$AA@ 66511c10     LIBCMT:undname.obj
 0002:00001c14       ??_C@_02FODMEDOG@?$DM?$DM?$AA@ 66511c14     LIBCMT:undname.obj
 0002:00001c18       ??_C@_02GPIOPFAK@?$DO?$DO?$AA@ 66511c18     LIBCMT:undname.obj
 0002:00001c1c       ??_C@_07FPCDHGMM@?5delete?$AA@ 66511c1c     LIBCMT:undname.obj
 0002:00001c24       ??_C@_04NIHEBCM@?5new?$AA@ 66511c24     LIBCMT:undname.obj
 0002:00001c2c       ??_C@_0M@GFIIJFMG@__unaligned?$AA@ 66511c2c     LIBCMT:undname.obj
 0002:00001c38       ??_C@_0L@PILCLIHE@__restrict?$AA@ 66511c38     LIBCMT:undname.obj
 0002:00001c44       ??_C@_07JOMMBBKO@__ptr64?$AA@ 66511c44     LIBCMT:undname.obj
 0002:00001c4c       ??_C@_09HIJEGCPM@__clrcall?$AA@ 66511c4c     LIBCMT:undname.obj
 0002:00001c58       ??_C@_0L@JMKHOMEK@__fastcall?$AA@ 66511c58     LIBCMT:undname.obj
 0002:00001c64       ??_C@_0L@NPHFGOKO@__thiscall?$AA@ 66511c64     LIBCMT:undname.obj
 0002:00001c70       ??_C@_09IFJBGAPI@__stdcall?$AA@ 66511c70     LIBCMT:undname.obj
 0002:00001c7c       ??_C@_08GHMPAG@__pascal?$AA@ 66511c7c     LIBCMT:undname.obj
 0002:00001c88       ??_C@_07KOLFKCDI@__cdecl?$AA@ 66511c88     LIBCMT:undname.obj
 0002:00001c90       ??_C@_08EHJDFFNH@__based?$CI?$AA@ 66511c90     LIBCMT:undname.obj
 0002:00001e20       __load_config_used         66511e20     LIBCMT:loadcfg.obj
 0002:00001e68       ??_R4bad_alloc@std@@6B@    66511e68     LIBCMT:new.obj
 0002:00001e7c       ??_R3bad_alloc@std@@8      66511e7c     LIBCMT:new.obj
 0002:00001e8c       ??_R2bad_alloc@std@@8      66511e8c     LIBCMT:new.obj
 0002:00001e98       ??_R1A@?0A@EA@bad_alloc@std@@8 66511e98     LIBCMT:new.obj
 0002:00001eb4       ??_R1A@?0A@EA@exception@std@@8 66511eb4     LIBCMT:new.obj
 0002:00001ed0       ??_R3exception@std@@8      66511ed0     LIBCMT:new.obj
 0002:00001ee0       ??_R2exception@std@@8      66511ee0     LIBCMT:new.obj
 0002:00001ee8       ??_R4exception@std@@6B@    66511ee8     LIBCMT:stdexcpt.obj
 0002:00001efc       ??_R4type_info@@6B@        66511efc     LIBCMT:typinfo.obj
 0002:00001f10       ??_R3type_info@@8          66511f10     LIBCMT:typinfo.obj
 0002:00001f20       ??_R2type_info@@8          66511f20     LIBCMT:typinfo.obj
 0002:00001f28       ??_R1A@?0A@EA@type_info@@8 66511f28     LIBCMT:typinfo.obj
 0002:00001f50       ___safe_se_handler_table   66511f50     <linker-defined>
 0002:00001f5c       ___rtc_iaa                 66511f5c     LIBCMT:_initsect_.obj
 0002:00001f60       ___rtc_izz                 66511f60     LIBCMT:_initsect_.obj
 0002:00001f64       ___rtc_taa                 66511f64     LIBCMT:_initsect_.obj
 0002:00001f68       ___rtc_tzz                 66511f68     LIBCMT:_initsect_.obj
 0002:00002074       __TI2?AVbad_alloc@std@@    66512074     LIBCMT:new.obj
 0002:00002084       __CTA2?AVbad_alloc@std@@   66512084     LIBCMT:new.obj
 0002:00002090       __CT??_R0?AVbad_alloc@std@@@8??0bad_alloc@std@@QAE@ABV01@@Z12 66512090     LIBCMT:new.obj
 0002:000020ac       __CT??_R0?AVexception@std@@@8??0exception@std@@QAE@ABV01@@Z12 665120ac     LIBCMT:new.obj
 0002:0000253c       __IMPORT_DESCRIPTOR_KERNEL32 6651253c     kernel32:KERNEL32.dll
 0002:00002550       __IMPORT_DESCRIPTOR_USER32 66512550     user32:USER32.dll
 0002:00002564       __IMPORT_DESCRIPTOR_ADVAPI32 66512564     advapi32:ADVAPI32.dll
 0002:00002578       __NULL_IMPORT_DESCRIPTOR   66512578     kernel32:KERNEL32.dll
 0003:00000000       ?addr_storm@@3PAUHINSTANCE__@@A 66513000     dllmain.obj
 0003:00000004       ?addr_d2client@@3PAUHINSTANCE__@@A 66513004     dllmain.obj
 0003:00000008       ?addr_d2common@@3PAUHINSTANCE__@@A 66513008     dllmain.obj
 0003:0000000c       ?addr_d2gfx@@3PAUHINSTANCE__@@A 6651300c     dllmain.obj
 0003:00000010       ?addr_d2win@@3PAUHINSTANCE__@@A 66513010     dllmain.obj
 0003:00000014       ?addr_d2lang@@3PAUHINSTANCE__@@A 66513014     dllmain.obj
 0003:00000018       ?addr_d2cmp@@3PAUHINSTANCE__@@A 66513018     dllmain.obj
 0003:0000001c       ?addr_bnclient@@3PAUHINSTANCE__@@A 6651301c     dllmain.obj
 0003:00000020       ?addr_d2net@@3PAUHINSTANCE__@@A 66513020     dllmain.obj
 0003:00000024       ?addr_fog@@3PAUHINSTANCE__@@A 66513024     dllmain.obj
 0003:00000028       ?addr_d2game@@3PAUHINSTANCE__@@A 66513028     dllmain.obj
 0003:0000002c       ?addr_d2launch@@3PAUHINSTANCE__@@A 6651302c     dllmain.obj
 0003:00000030       ?addr_d2gdi@@3PAUHINSTANCE__@@A 66513030     dllmain.obj
 0003:00000034       ?addr_d2sound@@3PAUHINSTANCE__@@A 66513034     dllmain.obj
 0003:00000038       ?addr_d2multi@@3PAUHINSTANCE__@@A 66513038     dllmain.obj
 0003:0000003c       ?addr_d2mcpclient@@3PAUHINSTANCE__@@A 6651303c     dllmain.obj
 0003:00000040       ___security_cookie         66513040     LIBCMT:gs_cookie.obj
 0003:00000044       ___security_cookie_complement 66513044     LIBCMT:gs_cookie.obj
 0003:00000054       ??_R0?AVbad_alloc@std@@@8  66513054     LIBCMT:new.obj
 0003:00000070       ??_R0?AVexception@std@@@8  66513070     LIBCMT:new.obj
 0003:00000200       __iob                      66513200     LIBCMT:_file.obj
 0003:00000480       __lookuptrailbytes         66513480     LIBCMT:read.obj
 0003:000006a0       ___nullstring              665136a0     LIBCMT:output.obj
 0003:000006a4       ___wnullstring             665136a4     LIBCMT:output.obj
 0003:000006a8       ___badioinfo               665136a8     LIBCMT:ioinit.obj
 0003:000006e8       __amblksiz                 665136e8     LIBCMT:heapinit.obj
 0003:000006ec       __aexit_rtn                665136ec     LIBCMT:crt0dat.obj
 0003:000007b0       ??_R0?AVtype_info@@@8      665137b0     LIBCMT:typinfo.obj
 0003:000007c8       ___flsindex                665137c8     LIBCMT:tidtable.obj
 0003:000007cc       ___getvalueindex           665137cc     LIBCMT:tidtable.obj
 0003:000007d0       __First_FPE_Indx           665137d0     LIBCMT:winxfltr.obj
 0003:000007d4       __Num_FPE                  665137d4     LIBCMT:winxfltr.obj
 0003:000007d8       __XcptActTabSize           665137d8     LIBCMT:winxfltr.obj
 0003:000007dc       __XcptActTabCount          665137dc     LIBCMT:winxfltr.obj
 0003:000007f8       __timezone                 665137f8     LIBCMT:timeset.obj
 0003:000007fc       __daylight                 665137fc     LIBCMT:timeset.obj
 0003:00000800       __dstbias                  66513800     LIBCMT:timeset.obj
 0003:00000888       __tzname                   66513888     LIBCMT:timeset.obj
 0003:00000890       __lpdays                   66513890     LIBCMT:days.obj
 0003:000008c4       __days                     665138c4     LIBCMT:days.obj
 0003:00000900       ___initialmbcinfo          66513900     LIBCMT:mbctype.obj
 0003:00000b20       __mbctype                  66513b20     LIBCMT:mbctype.obj
 0003:00000c28       __mbcasemap                66513c28     LIBCMT:mbctype.obj
 0003:00000d28       ___ptmbcinfo               66513d28     LIBCMT:mbctype.obj
 0003:00000e24       ___globallocalestatus      66513e24     LIBCMT:glstatus.obj
 0003:00000e28       ___clocalestr              66513e28     LIBCMT:nlsdata2.obj
 0003:00000e30       ___initiallocinfo          66513e30     LIBCMT:nlsdata2.obj
 0003:00000f08       ___ptlocinfo               66513f08     LIBCMT:nlsdata2.obj
 0003:00000f0c       ___lc_clike                66513f0c     LIBCMT:nlsdata2.obj
 0003:00000f10       ___initiallocalestructinfo 66513f10     LIBCMT:nlsdata2.obj
 0003:00000f24       __cfltcvt_tab              66513f24     LIBCMT:cmiscdat.obj
 0003:00000f50       __NLG_Destination          66513f50     LIBCMT:exsup.obj
 0003:00000f70       __pctype                   66513f70     LIBCMT:ctype.obj
 0003:00000f74       __pwctype                  66513f74     LIBCMT:ctype.obj
 0003:00000f78       ___lc_time_c               66513f78     LIBCMT:strftime.obj
 0003:00001030       ___lc_time_curr            66514030     LIBCMT:strftime.obj
 0003:00001034       ___lconv_static_decimal    66514034     LIBCMT:lconv.obj
 0003:00001038       ___lconv_c                 66514038     LIBCMT:lconv.obj
 0003:00001068       ___lconv                   66514068     LIBCMT:lconv.obj
 0003:0000106c       ___mb_cur_max              6651406c     LIBCMT:nlsdata1.obj
 0003:00001070       ___decimal_point           66514070     LIBCMT:nlsdata1.obj
 0003:00001074       ___decimal_point_length    66514074     LIBCMT:nlsdata1.obj
 0003:00001080       __coninpfh                 66514080     LIBCMT:initcon.obj
 0003:00001084       __confh                    66514084     LIBCMT:initcon.obj
 0003:00001088       ___abort_behavior          66514088     LIBCMT:abort.obj
 0003:000012a0       ?d2hackmap_mainmenuFlushFramebuf@@3P6GXXZA 665142a0     dllmain.obj
 0003:000012a4       ?d2hackmap_exit_flag@@3HA  665142a4     dllmain.obj
 0003:000012a8       ?d2win_drawMainMenu@@3P6GXXZA 665142a8     dllmain.obj
 0003:000012ac       ?logfp@@3PAU_iobuf@@A      665142ac     dllmain.obj
 0003:000012b0       ?d2hackmap_modtime@@3U_FILETIME@@A 665142b0     dllmain.obj
 0003:000012b8       ?d2win_SetTextFont@@3P6IHH@ZA 665142b8     dllmain.obj
 0003:000012bc       ?d2hackmap_reload_flag@@3HA 665142bc     dllmain.obj
 0003:000012c0       ?d2path@@3PADA             665142c0     dllmain.obj
 0003:000013c4       ?d2client_14F0@@3P6GXXZA   665143c4     dllmain.obj
 0003:000013c8       ?mpqpath@@3PADA            665143c8     dllmain.obj
 0003:000014cc       ?d2hackmap_exit_time@@3HA  665144cc     dllmain.obj
 0003:000014d0       ?d2win_DrawText@@3P6IXPA_WJJHH@ZA 665144d0     dllmain.obj
 0003:000014d4       ?d2gfx_flushFramebuf@@3P6GXXZA 665144d4     dllmain.obj
 0003:000014d8       ?bnetip@@3PADA             665144d8     dllmain.obj
 0003:000015dc       ?hInstDLL@@3PAUHINSTANCE__@@A 665145dc     dllmain.obj
 0003:000019e0       ?szPluginPath@@3PADA       665149e0     dllmain.obj
 0003:00001ae4       ?d2hackmap_addr@@3PAUHINSTANCE__@@A 66514ae4     dllmain.obj
 0003:00001ae8       ?d2hackmap_path0@@3PADA    66514ae8     dllmain.obj
 0003:00001bec       ?d2hackmap_loaded@@3HA     66514bec     dllmain.obj
 0003:00001bf0       ?d2hackmap_path@@3PADA     66514bf0     dllmain.obj
 0003:00001cf4       ?d2hackmap_id@@3HA         66514cf4     dllmain.obj
 0003:00001d18       __aenvptr                  66514d18     LIBCMT:dllcrt0.obj
 0003:00001d1c       __wenvptr                  66514d1c     LIBCMT:dllcrt0.obj
 0003:00001d20       ___error_mode              66514d20     LIBCMT:dllcrt0.obj
 0003:00001d24       ___app_type                66514d24     LIBCMT:dllcrt0.obj
 0003:00001d28       ___pInvalidArgHandler      66514d28     LIBCMT:invarg.obj
 0003:00001d2c       __cflush                   66514d2c     LIBCMT:_file.obj
 0003:000021a8       __stdbuf                   665151a8     LIBCMT:_sftbuf.obj
 0003:000021b0       ___sbh_pHeaderDefer        665151b0     LIBCMT:sbheap.obj
 0003:000021b4       __crtheap                  665151b4     LIBCMT:heapinit.obj
 0003:000021b8       __umaskval                 665151b8     LIBCMT:crt0dat.obj
 0003:000021bc       ___argc                    665151bc     LIBCMT:crt0dat.obj
 0003:000021c0       ___argv                    665151c0     LIBCMT:crt0dat.obj
 0003:000021c4       ___wargv                   665151c4     LIBCMT:crt0dat.obj
 0003:000021c8       __environ                  665151c8     LIBCMT:crt0dat.obj
 0003:000021cc       ___initenv                 665151cc     LIBCMT:crt0dat.obj
 0003:000021d0       __wenviron                 665151d0     LIBCMT:crt0dat.obj
 0003:000021d4       ___winitenv                665151d4     LIBCMT:crt0dat.obj
 0003:000021d8       __pgmptr                   665151d8     LIBCMT:crt0dat.obj
 0003:000021dc       __wpgmptr                  665151dc     LIBCMT:crt0dat.obj
 0003:000021e0       __exitflag                 665151e0     LIBCMT:crt0dat.obj
 0003:000021e4       __C_Termination_Done       665151e4     LIBCMT:crt0dat.obj
 0003:000021e8       __C_Exit_Done              665151e8     LIBCMT:crt0dat.obj
 0003:00002504       ?_pnhHeap@@3P6AHI@ZA       66515504     LIBCMT:handler.obj
 0003:00002508       __newmode                  66515508     LIBCMT:_newmode.obj
 0003:0000250c       _gpFlsAlloc                6651550c     LIBCMT:tidtable.obj
 0003:00002510       _gpFlsGetValue             66515510     LIBCMT:tidtable.obj
 0003:00002514       _gpFlsSetValue             66515514     LIBCMT:tidtable.obj
 0003:00002518       _gpFlsFree                 66515518     LIBCMT:tidtable.obj
 0003:0000251c       __maxwait                  6651551c     LIBCMT:crtheap.obj
 0003:000026ec       ___mbulinfo                665156ec     LIBCMT:mbctype.obj
 0003:000026f8       ___mbcodepage              665156f8     LIBCMT:mbctype.obj
 0003:000026fc       ___ismbcodepage            665156fc     LIBCMT:mbctype.obj
 0003:00002700       ___mblcid                  66515700     LIBCMT:mbctype.obj
 0003:00002704       ___locale_changed          66515704     LIBCMT:setlocal.obj
 0003:00002708       ___lc_handle               66515708     LIBCMT:nlsdata2.obj
 0003:00002720       ___lc_codepage             66515720     LIBCMT:nlsdata2.obj
 0003:00002724       ___lc_collate_cp           66515724     LIBCMT:nlsdata2.obj
 0003:00002734       __commode                  66515734     LIBCMT:ncommode.obj
 0003:00002738       ?__pInconsistency@@3P6AXXZA 66515738     LIBCMT:hooks.obj
 0003:0000275c       ___pPurecall               6651575c     LIBCMT:inithelp.obj
 0003:00002780       ___lconv_static_null       66515780     LIBCMT:lconv.obj
 0003:00002798       ?pArgList@UnDecorator@@0PAVReplicator@@A 66515798     LIBCMT:undname.obj
 0003:0000279c       ?pZNameList@UnDecorator@@0PAVReplicator@@A 6651579c     LIBCMT:undname.obj
 0003:000027a0       ?pTemplateArgList@UnDecorator@@0PAVReplicator@@A 665157a0     LIBCMT:undname.obj
 0003:000027a4       ?gName@UnDecorator@@0PBDB  665157a4     LIBCMT:undname.obj
 0003:000027a8       ?name@UnDecorator@@0PBDB   665157a8     LIBCMT:undname.obj
 0003:000027ac       ?outputString@UnDecorator@@0PADA 665157ac     LIBCMT:undname.obj
 0003:000027b0       ?maxStringLength@UnDecorator@@0HA 665157b0     LIBCMT:undname.obj
 0003:000027b4       ?disableFlags@UnDecorator@@0KA 665157b4     LIBCMT:undname.obj
 0003:000027b8       ?m_pGetParameter@UnDecorator@@0P6APADJ@ZA 665157b8     LIBCMT:undname.obj
 0003:000027bc       ?fExplicitTemplateParams@UnDecorator@@0_NA 665157bc     LIBCMT:undname.obj
 0003:000027bd       ?fGetTemplateArgumentList@UnDecorator@@0_NA 665157bd     LIBCMT:undname.obj
 0003:000027c0       __fmode                    665157c0     LIBCMT:txtmode.obj
 0003:000027c8       __debugger_hook_dummy      665157c8     <common>
 0003:000027cc       ___sse2_available          665157cc     <common>
 0003:000027d0       ___env_initialized         665157d0     <common>
 0003:000027d4       ___onexitend               665157d4     <common>
 0003:000027d8       ___onexitbegin             665157d8     <common>
 0003:000027dc       ___mbctype_initialized     665157dc     <common>
 0003:000027e0       __FPinit                   665157e0     <common>
 0003:000027e4       ___dyn_tls_init_callback   665157e4     <common>
 0003:000027e8       ___active_heap             665157e8     <common>
 0003:000027ec       ___sbh_cntHeaderList       665157ec     <common>
 0003:000027f0       ___sbh_pHeaderList         665157f0     <common>
 0003:000027f4       ___sbh_threshold           665157f4     <common>
 0003:000027f8       ___sbh_pHeaderScan         665157f8     <common>
 0003:000027fc       ___sbh_sizeHeaderList      665157fc     <common>
 0003:00002800       ___sbh_indGroupDefer       66515800     <common>
 0003:00002804       __nhandle                  66515804     <common>
 0003:00002820       ___pioinfo                 66515820     <common>
 0003:00002920       __pDestructExceptionObject 66515920     <common>
 0003:00002924       ___piob                    66515924     <common>
 0003:00002940       __bufin                    66515940     <common>
 0003:00003940       __nstream                  66516940     <common>
 0003:00003944       __acmdln                   66516944     <common>

 entry point at        0001:0000292f

 Static symbols

 0001:00000910       ?mainmenuFlushFramebuf@@YAXXZ 66501910 f   dllmain.obj
 0001:000010ad       _IsRootUNCName             665020ad f   LIBCMT:stati32.obj
 0001:00001127       __fullpath_helper          66502127 f   LIBCMT:stati32.obj
 0001:00001bde       _flsall                    66502bde f   LIBCMT:fflush.obj
 0001:00002839       ___DllMainCRTStartup       66503839 f   LIBCMT:dllcrt0.obj
 0001:00004ea3       _write_char                66505ea3 f   LIBCMT:output.obj
 0001:00004ed6       _write_multi_char          66505ed6 f   LIBCMT:output.obj
 0001:00004efc       _write_string              66505efc f   LIBCMT:output.obj
 0001:00006214       __unwind_handler4          66507214 f   LIBCMT:exsup4.obj
 0001:00006eed       __initterm                 66507eed f   LIBCMT:crt0dat.obj
 0001:00006fb3       _doexit                    66507fb3 f   LIBCMT:crt0dat.obj
 0001:0000736d       _fastcopy_I                6650836d f   LIBCMT:p4_memcpy.obj
 0001:000074d7       _has_osfxsr_set            665084d7 f   LIBCMT:cpu_disp.obj
 0001:00007685       __onexit_nolock            66508685 f   LIBCMT:onexit.obj
 0001:0000780f       _fastzero_I                6650880f f   LIBCMT:p4_memset.obj
 0001:0000810f       _parse_cmdline             6650910f f   LIBCMT:stdargv.obj
 0001:00008c3a       __tzset_nolock             66509c3a f   LIBCMT:tzset.obj
 0001:00008f80       _cvtdate                   66509f80 f   LIBCMT:tzset.obj
 0001:00009177       __isindst_nolock           6650a177 f   LIBCMT:tzset.obj
 0001:00009626       ?CPtoLCID@@YAHH@Z          6650a626 f   LIBCMT:mbctype.obj
 0001:00009655       ?setSBCS@@YAXPAUthreadmbcinfostruct@@@Z 6650a655 f   LIBCMT:mbctype.obj
 0001:000096b9       ?setSBUpLow@@YAXPAUthreadmbcinfostruct@@@Z 6650a6b9 f   LIBCMT:mbctype.obj
 0001:000098f0       ?getSystemCP@@YAHH@Z       6650a8f0 f   LIBCMT:mbctype.obj
 0001:00009f7a       __updatetlocinfoEx_nolock  6650af7a f   LIBCMT:setlocal.obj
 0001:0000a04e       ?__crtLCMapStringA_stat@@YAHPAUlocaleinfo_struct@@KKPBDHPADHHH@Z 6650b04e f   LIBCMT:a_map.obj
 0001:0000b1b5       __tsopen_nolock            6650c1b5 f   LIBCMT:open.obj
 0001:0000bdac       __unwind_handler           6650cdac f   LIBCMT:exsup.obj
 0001:0000c29d       _siglookup                 6650d29d f   LIBCMT:winsig.obj
 0001:0000cd4f       ?x_ismbbtype_l@@YAHPAUlocaleinfo_struct@@IHH@Z 6650dd4f f   LIBCMT:ismbbyte.obj
 0001:0000d043       ?__crtGetStringTypeA_stat@@YAHPAUlocaleinfo_struct@@KPBDHPAGHHH@Z 6650e043 f   LIBCMT:a_str.obj
 0001:0000d841       ?strtoxl@@YAKPAUlocaleinfo_struct@@PBDPAPBDHH@Z 6650e841 f   LIBCMT:strtol.obj
 0001:0000e341       ?strncnt@@YAHPBDH@Z        6650f341 f   LIBCMT:a_cmp.obj
 0001:0000e35f       ?__crtCompareStringA_stat@@YAHPAUlocaleinfo_struct@@KKPBDH1HH@Z 6650f35f f   LIBCMT:a_cmp.obj
 0001:0000e80b       _findenv                   6650f80b f   LIBCMT:setenv.obj
 0001:0000e85d       _copy_environ              6650f85d f   LIBCMT:setenv.obj
 0001:0000ec30       ??__Fnomem@?5???2@YAPAXI@Z@YAXXZ 6650fc30 f   LIBCMT:new.obj
